Running 30s test @ http://127.0.0.1:18082/file1m
  2 threads and 50 connections
  Thread calibration: mean lat.: 10.964ms, rate sampling interval: 88ms
  Thread calibration: mean lat.: 8.891ms, rate sampling interval: 87ms
  Thread Stats   Avg      Stdev     Max   +/- Stdev
    Latency     8.78ms   13.21ms  49.06ms   88.33%
    Req/Sec    23.98     54.76   215.00     85.87%
  Latency Distribution (HdrHistogram - Recorded Latency)
 50.000%    3.97ms
 75.000%    5.18ms
 90.000%   43.39ms
 99.000%   47.04ms
 99.900%   48.64ms
 99.990%   49.09ms
 99.999%   49.09ms
100.000%   49.09ms

  Detailed Percentile spectrum:
       Value   Percentile   TotalCount 1/(1-Percentile)

       1.969     0.000000            1         1.00
       2.719     0.100000           97         1.11
       3.033     0.200000          191         1.25
       3.339     0.300000          286         1.43
       3.639     0.400000          381         1.67
       3.969     0.500000          476         2.00
       4.123     0.550000          525         2.22
       4.291     0.600000          571         2.50
       4.495     0.650000          619         2.86
       4.747     0.700000          666         3.33
       5.199     0.750000          714         4.00
       5.515     0.775000          740         4.44
       5.835     0.800000          762         5.00
       6.211     0.825000          785         5.71
       6.839     0.850000          809         6.67
       8.679     0.875000          833         8.00
      43.135     0.887500          845         8.89
      43.391     0.900000          856        10.00
      43.871     0.912500          868        11.43
      44.063     0.925000          880        13.33
      44.351     0.937500          893        16.00
      44.767     0.943750          898        17.78
      45.183     0.950000          904        20.00
      45.311     0.956250          910        22.86
      45.567     0.962500          916        26.67
      45.823     0.968750          922        32.00
      45.887     0.971875          925        35.56
      45.951     0.975000          929        40.00
      46.047     0.978125          931        45.71
      46.367     0.981250          934        53.33
      46.751     0.984375          937        64.00
      46.847     0.985938          939        71.11
      46.911     0.987500          940        80.00
      47.039     0.989062          941        91.43
      47.199     0.990625          943       106.67
      47.295     0.992188          944       128.00
      47.423     0.992969          945       142.22
      47.871     0.993750          946       160.00
      47.871     0.994531          946       182.86
      48.031     0.995313          947       213.33
      48.351     0.996094          948       256.00
      48.351     0.996484          948       284.44
      48.479     0.996875          949       320.00
      48.479     0.997266          949       365.71
      48.479     0.997656          949       426.67
      48.639     0.998047          950       512.00
      48.639     0.998242          950       568.89
      48.639     0.998437          950       640.00
      48.639     0.998633          950       731.43
      48.639     0.998828          950       853.33
      49.087     0.999023          951      1024.00
      49.087     1.000000          951          inf
#[Mean    =        8.785, StdDeviation   =       13.208]
#[Max     =       49.056, Total count    =          951]
#[Buckets =           27, SubBuckets     =         2048]
----------------------------------------------------------
  1502 requests in 30.01s, 1.47GB read
Requests/sec:     50.05
Transfer/sec:     50.06MB

--- metrics ---
requests=1502
duration_s=30.007048
bytes=1575178942
rps=50.05
p50_ms=3.969
p95_ms=45.151
p99_ms=47.039
p999_ms=48.639
err_connect=0
err_read=0
err_write=0
err_status=0
err_timeout=0
--- end ---
