Running 1m test @ http://127.0.0.1:8082/file50k
  2 threads and 100 connections
  Thread calibration: mean lat.: 247.779ms, rate sampling interval: 637ms
  Thread calibration: mean lat.: 247.529ms, rate sampling interval: 637ms
  Thread Stats   Avg      Stdev     Max   +/- Stdev
    Latency   246.12ms   59.18ms 334.85ms   69.66%
    Req/Sec   149.39     11.48   157.00     79.49%
  Latency Distribution (HdrHistogram - Recorded Latency)
 50.000%  249.47ms
 75.000%  291.84ms
 90.000%  318.46ms
 99.000%  332.80ms
 99.900%  333.82ms
 99.990%  334.85ms
 99.999%  335.10ms
100.000%  335.10ms

  Detailed Percentile spectrum:
       Value   Percentile   TotalCount 1/(1-Percentile)

       1.260     0.000000            2         1.00
     181.247     0.100000         1499         1.11
     198.271     0.200000         2990         1.25
     215.423     0.300000         4478         1.43
     232.447     0.400000         5964         1.67
     249.471     0.500000         7451         2.00
     257.919     0.550000         8200         2.22
     266.495     0.600000         8946         2.50
     275.199     0.650000         9699         2.86
     283.647     0.700000        10448         3.33
     291.839     0.750000        11179         4.00
     296.703     0.775000        11572         4.44
     301.055     0.800000        11936         5.00
     304.895     0.825000        12317         5.71
     308.991     0.850000        12673         6.67
     314.367     0.875000        13061         8.00
     315.647     0.887500        13235         8.89
     318.463     0.900000        13426        10.00
     319.743     0.912500        13604        11.43
     322.559     0.925000        13836        13.33
     323.839     0.937500        13977        16.00
     325.631     0.943750        14082        17.78
     326.143     0.950000        14160        20.00
     326.911     0.956250        14258        22.86
     329.215     0.962500        14346        26.67
     329.983     0.968750        14461        32.00
     330.239     0.971875        14503        35.56
     330.495     0.975000        14537        40.00
     331.007     0.978125        14575        45.71
     331.775     0.981250        14630        53.33
     332.287     0.984375        14698        64.00
     332.287     0.985938        14698        71.11
     332.543     0.987500        14734        80.00
     332.799     0.989062        14776        91.43
     332.799     0.990625        14776       106.67
     333.055     0.992188        14807       128.00
     333.055     0.992969        14807       142.22
     333.055     0.993750        14807       160.00
     333.311     0.994531        14843       182.86
     333.311     0.995313        14843       213.33
     333.311     0.996094        14843       256.00
     333.567     0.996484        14867       284.44
     333.567     0.996875        14867       320.00
     333.567     0.997266        14867       365.71
     333.567     0.997656        14867       426.67
     333.823     0.998047        14889       512.00
     333.823     0.998242        14889       568.89
     333.823     0.998437        14889       640.00
     333.823     0.998633        14889       731.43
     333.823     0.998828        14889       853.33
     333.823     0.999023        14889      1024.00
     333.823     0.999121        14889      1137.78
     333.823     0.999219        14889      1280.00
     334.079     0.999316        14892      1462.86
     334.079     0.999414        14892      1706.67
     334.335     0.999512        14895      2048.00
     334.335     0.999561        14895      2275.56
     334.335     0.999609        14895      2560.00
     334.335     0.999658        14895      2925.71
     334.591     0.999707        14896      3413.33
     334.847     0.999756        14899      4096.00
     334.847     0.999780        14899      4551.11
     334.847     0.999805        14899      5120.00
     334.847     0.999829        14899      5851.43
     334.847     0.999854        14899      6826.67
     334.847     0.999878        14899      8192.00
     334.847     0.999890        14899      9102.22
     334.847     0.999902        14899     10240.00
     334.847     0.999915        14899     11702.86
     334.847     0.999927        14899     13653.33
     335.103     0.999939        14900     16384.00
     335.103     1.000000        14900          inf
#[Mean    =      246.121, StdDeviation   =       59.179]
#[Max     =      334.848, Total count    =        14900]
#[Buckets =           27, SubBuckets     =         2048]
----------------------------------------------------------
  17904 requests in 1.00m, 0.86GB read
Requests/sec:    298.38
Transfer/sec:     14.61MB

--- metrics ---
requests=17904
duration_s=60.004744
bytes=919477824
rps=298.38
p50_ms=249.471
p95_ms=326.143
p99_ms=332.799
p999_ms=333.823
err_connect=0
err_read=0
err_write=0
err_status=0
err_timeout=0
--- end ---
