Running 1m test @ http://127.0.0.1:8081/file50k
  2 threads and 100 connections
  Thread calibration: mean lat.: 1.354ms, rate sampling interval: 10ms
  Thread calibration: mean lat.: 2.745ms, rate sampling interval: 10ms
  Thread Stats   Avg      Stdev     Max   +/- Stdev
    Latency     1.92ms    0.93ms  10.85ms   73.11%
    Req/Sec   159.31    537.40     5.55k    97.57%
  Latency Distribution (HdrHistogram - Recorded Latency)
 50.000%    1.68ms
 75.000%    2.39ms
 90.000%    3.26ms
 99.000%    4.48ms
 99.900%    8.01ms
 99.990%   10.30ms
 99.999%   10.85ms
100.000%   10.85ms

  Detailed Percentile spectrum:
       Value   Percentile   TotalCount 1/(1-Percentile)

       0.236     0.000000            1         1.00
       0.977     0.100000         1490         1.11
       1.194     0.200000         2981         1.25
       1.372     0.300000         4479         1.43
       1.530     0.400000         5962         1.67
       1.682     0.500000         7458         2.00
       1.767     0.550000         8204         2.22
       1.865     0.600000         8945         2.50
       2.003     0.650000         9686         2.86
       2.175     0.700000        10433         3.33
       2.389     0.750000        11177         4.00
       2.503     0.775000        11550         4.44
       2.635     0.800000        11920         5.00
       2.781     0.825000        12294         5.71
       2.929     0.850000        12667         6.67
       3.091     0.875000        13038         8.00
       3.175     0.887500        13226         8.89
       3.261     0.900000        13418        10.00
       3.343     0.912500        13598        11.43
       3.443     0.925000        13783        13.33
       3.549     0.937500        13971        16.00
       3.607     0.943750        14062        17.78
       3.677     0.950000        14157        20.00
       3.751     0.956250        14253        22.86
       3.827     0.962500        14343        26.67
       3.917     0.968750        14435        32.00
       3.969     0.971875        14482        35.56
       4.029     0.975000        14530        40.00
       4.077     0.978125        14577        45.71
       4.167     0.981250        14621        53.33
       4.259     0.984375        14669        64.00
       4.323     0.985938        14691        71.11
       4.387     0.987500        14714        80.00
       4.459     0.989062        14738        91.43
       4.555     0.990625        14762       106.67
       4.683     0.992188        14786       128.00
       4.707     0.992969        14796       142.22
       4.839     0.993750        14807       160.00
       4.935     0.994531        14819       182.86
       5.043     0.995313        14831       213.33
       5.239     0.996094        14842       256.00
       5.335     0.996484        14848       284.44
       5.779     0.996875        14854       320.00
       6.163     0.997266        14860       365.71
       6.659     0.997656        14866       426.67
       6.991     0.998047        14871       512.00
       7.203     0.998242        14874       568.89
       7.427     0.998437        14877       640.00
       7.631     0.998633        14880       731.43
       7.819     0.998828        14883       853.33
       8.151     0.999023        14886      1024.00
       8.175     0.999121        14887      1137.78
       8.439     0.999219        14889      1280.00
       8.639     0.999316        14890      1462.86
       8.871     0.999414        14892      1706.67
       8.935     0.999512        14893      2048.00
       8.991     0.999561        14894      2275.56
       9.095     0.999609        14895      2560.00
       9.095     0.999658        14895      2925.71
       9.495     0.999707        14896      3413.33
       9.615     0.999756        14897      4096.00
       9.615     0.999780        14897      4551.11
       9.919     0.999805        14898      5120.00
       9.919     0.999829        14898      5851.43
       9.919     0.999854        14898      6826.67
      10.303     0.999878        14899      8192.00
      10.303     0.999890        14899      9102.22
      10.303     0.999902        14899     10240.00
      10.303     0.999915        14899     11702.86
      10.303     0.999927        14899     13653.33
      10.855     0.999939        14900     16384.00
      10.855     1.000000        14900          inf
#[Mean    =        1.924, StdDeviation   =        0.925]
#[Max     =       10.848, Total count    =        14900]
#[Buckets =           27, SubBuckets     =         2048]
----------------------------------------------------------
  17855 requests in 1.00m, 0.85GB read
Requests/sec:    297.56
Transfer/sec:     14.57MB

--- metrics ---
requests=17855
duration_s=60.004000
bytes=916979235
rps=297.56
p50_ms=1.682
p95_ms=3.677
p99_ms=4.479
p999_ms=8.007
err_connect=0
err_read=0
err_write=0
err_status=0
err_timeout=0
--- end ---
