Running 1m test @ http://127.0.0.1:8081/json
  2 threads and 100 connections
  Thread calibration: mean lat.: 1.269ms, rate sampling interval: 10ms
  Thread calibration: mean lat.: 1.179ms, rate sampling interval: 10ms
  Thread Stats   Avg      Stdev     Max   +/- Stdev
    Latency     1.23ms  510.28us   3.87ms   65.18%
    Req/Sec     1.05k   161.19     1.67k    82.36%
  Latency Distribution (HdrHistogram - Recorded Latency)
 50.000%    1.15ms
 75.000%    1.59ms
 90.000%    1.98ms
 99.000%    2.44ms
 99.900%    2.70ms
 99.990%    3.19ms
 99.999%    3.80ms
100.000%    3.87ms

  Detailed Percentile spectrum:
       Value   Percentile   TotalCount 1/(1-Percentile)

       0.136     0.000000            1         1.00
       0.623     0.100000         9988         1.11
       0.765     0.200000        19936         1.25
       0.886     0.300000        29874         1.43
       1.011     0.400000        39802         1.67
       1.150     0.500000        49783         2.00
       1.226     0.550000        54791         2.22
       1.307     0.600000        59729         2.50
       1.392     0.650000        64706         2.86
       1.482     0.700000        69673         3.33
       1.586     0.750000        74651         4.00
       1.641     0.775000        77125         4.44
       1.699     0.800000        79603         5.00
       1.763     0.825000        82095         5.71
       1.828     0.850000        84580         6.67
       1.900     0.875000        87096         8.00
       1.937     0.887500        88331         8.89
       1.976     0.900000        89563        10.00
       2.017     0.912500        90814        11.43
       2.059     0.925000        92040        13.33
       2.105     0.937500        93302        16.00
       2.129     0.943750        93924        17.78
       2.155     0.950000        94546        20.00
       2.185     0.956250        95168        22.86
       2.217     0.962500        95791        26.67
       2.253     0.968750        96420        32.00
       2.271     0.971875        96704        35.56
       2.291     0.975000        97029        40.00
       2.317     0.978125        97339        45.71
       2.345     0.981250        97649        53.33
       2.377     0.984375        97956        64.00
       2.393     0.985938        98114        71.11
       2.409     0.987500        98257        80.00
       2.431     0.989062        98426        91.43
       2.449     0.990625        98581       106.67
       2.473     0.992188        98735       128.00
       2.483     0.992969        98808       142.22
       2.497     0.993750        98883       160.00
       2.511     0.994531        98956       182.86
       2.531     0.995313        99042       213.33
       2.551     0.996094        99113       256.00
       2.561     0.996484        99151       284.44
       2.573     0.996875        99192       320.00
       2.585     0.997266        99230       365.71
       2.601     0.997656        99267       426.67
       2.621     0.998047        99309       512.00
       2.637     0.998242        99327       568.89
       2.649     0.998437        99348       640.00
       2.661     0.998633        99364       731.43
       2.685     0.998828        99387       853.33
       2.701     0.999023        99404      1024.00
       2.711     0.999121        99413      1137.78
       2.737     0.999219        99424      1280.00
       2.749     0.999316        99432      1462.86
       2.773     0.999414        99445      1706.67
       2.795     0.999512        99452      2048.00
       2.809     0.999561        99457      2275.56
       2.825     0.999609        99462      2560.00
       2.841     0.999658        99466      2925.71
       2.863     0.999707        99471      3413.33
       2.871     0.999756        99476      4096.00
       2.915     0.999780        99479      4551.11
       2.941     0.999805        99481      5120.00
       2.967     0.999829        99483      5851.43
       3.025     0.999854        99486      6826.67
       3.103     0.999878        99488      8192.00
       3.189     0.999890        99490      9102.22
       3.271     0.999902        99491     10240.00
       3.341     0.999915        99492     11702.86
       3.411     0.999927        99493     13653.33
       3.413     0.999939        99494     16384.00
       3.549     0.999945        99495     18204.44
       3.641     0.999951        99496     20480.00
       3.641     0.999957        99496     23405.71
       3.659     0.999963        99497     27306.67
       3.659     0.999969        99497     32768.00
       3.695     0.999973        99498     36408.89
       3.695     0.999976        99498     40960.00
       3.695     0.999979        99498     46811.43
       3.797     0.999982        99499     54613.33
       3.797     0.999985        99499     65536.00
       3.797     0.999986        99499     72817.78
       3.797     0.999988        99499     81920.00
       3.797     0.999989        99499     93622.86
       3.869     0.999991        99500    109226.67
       3.869     1.000000        99500          inf
#[Mean    =        1.228, StdDeviation   =        0.510]
#[Max     =        3.868, Total count    =        99500]
#[Buckets =           27, SubBuckets     =         2048]
----------------------------------------------------------
  119805 requests in 1.00m, 134.02MB read
Requests/sec:   1996.65
Transfer/sec:      2.23MB

--- metrics ---
requests=119805
duration_s=60.003037
bytes=140531265
rps=1996.65
p50_ms=1.150
p95_ms=2.155
p99_ms=2.441
p999_ms=2.697
err_connect=0
err_read=0
err_write=0
err_status=0
err_timeout=0
--- end ---
