Running 1m test @ http://127.0.0.1:8080/file1m
  2 threads and 50 connections
  Thread calibration: mean lat.: 4.727ms, rate sampling interval: 10ms
  Thread calibration: mean lat.: 4.590ms, rate sampling interval: 10ms
  Thread Stats   Avg      Stdev     Max   +/- Stdev
    Latency     4.59ms    7.08ms  46.08ms   96.90%
    Req/Sec    26.00     70.10   454.00     86.97%
  Latency Distribution (HdrHistogram - Recorded Latency)
 50.000%    3.29ms
 75.000%    3.84ms
 90.000%    4.51ms
 99.000%   44.22ms
 99.900%   45.66ms
 99.990%   46.11ms
 99.999%   46.11ms
100.000%   46.11ms

  Detailed Percentile spectrum:
       Value   Percentile   TotalCount 1/(1-Percentile)

       1.310     0.000000            1         1.00
       2.471     0.100000          246         1.11
       2.695     0.200000          492         1.25
       2.929     0.300000          736         1.43
       3.115     0.400000          985         1.67
       3.289     0.500000         1226         2.00
       3.393     0.550000         1349         2.22
       3.487     0.600000         1472         2.50
       3.605     0.650000         1594         2.86
       3.707     0.700000         1720         3.33
       3.837     0.750000         1840         4.00
       3.917     0.775000         1901         4.44
       3.981     0.800000         1962         5.00
       4.061     0.825000         2024         5.71
       4.195     0.850000         2086         6.67
       4.323     0.875000         2146         8.00
       4.423     0.887500         2178         8.89
       4.511     0.900000         2209        10.00
       4.595     0.912500         2238        11.43
       4.735     0.925000         2269        13.33
       4.891     0.937500         2299        16.00
       4.975     0.943750         2315        17.78
       5.087     0.950000         2330        20.00
       5.231     0.956250         2345        22.86
       5.487     0.962500         2361        26.67
       6.107     0.968750         2376        32.00
      43.039     0.971875         2384        35.56
      43.263     0.975000         2391        40.00
      43.519     0.978125         2400        45.71
      43.679     0.981250         2407        53.33
      43.871     0.984375         2415        64.00
      43.967     0.985938         2419        71.11
      44.095     0.987500         2423        80.00
      44.191     0.989062         2426        91.43
      44.319     0.990625         2430       106.67
      44.543     0.992188         2434       128.00
      44.575     0.992969         2436       142.22
      44.607     0.993750         2437       160.00
      44.639     0.994531         2439       182.86
      44.703     0.995313         2441       213.33
      44.895     0.996094         2443       256.00
      44.927     0.996484         2444       284.44
      45.023     0.996875         2445       320.00
      45.119     0.997266         2447       365.71
      45.119     0.997656         2447       426.67
      45.183     0.998047         2448       512.00
      45.183     0.998242         2448       568.89
      45.503     0.998437         2449       640.00
      45.503     0.998633         2449       731.43
      45.663     0.998828         2451       853.33
      45.663     0.999023         2451      1024.00
      45.663     0.999121         2451      1137.78
      45.663     0.999219         2451      1280.00
      45.663     0.999316         2451      1462.86
      45.663     0.999414         2451      1706.67
      45.663     0.999512         2451      2048.00
      45.663     0.999561         2451      2275.56
      46.111     0.999609         2452      2560.00
      46.111     1.000000         2452          inf
#[Mean    =        4.591, StdDeviation   =        7.080]
#[Max     =       46.080, Total count    =         2452]
#[Buckets =           27, SubBuckets     =         2048]
----------------------------------------------------------
  3002 requests in 1.00m, 2.93GB read
Requests/sec:     50.03
Transfer/sec:     50.04MB

--- metrics ---
requests=3002
duration_s=60.006190
bytes=3148260442
rps=50.03
p50_ms=3.289
p95_ms=5.071
p99_ms=44.223
p999_ms=45.663
err_connect=0
err_read=0
err_write=0
err_status=0
err_timeout=0
--- end ---
