Running 1m test @ http://127.0.0.1:8083/file1m
  2 threads and 50 connections
  Thread calibration: mean lat.: 2.843ms, rate sampling interval: 10ms
  Thread calibration: mean lat.: 2.801ms, rate sampling interval: 10ms
  Thread Stats   Avg      Stdev     Max   +/- Stdev
    Latency     2.83ms  579.08us   4.78ms   64.57%
    Req/Sec    25.82     68.80   333.00     87.26%
  Latency Distribution (HdrHistogram - Recorded Latency)
 50.000%    2.80ms
 75.000%    3.21ms
 90.000%    3.64ms
 99.000%    4.22ms
 99.900%    4.64ms
 99.990%    4.78ms
 99.999%    4.78ms
100.000%    4.78ms

  Detailed Percentile spectrum:
       Value   Percentile   TotalCount 1/(1-Percentile)

       1.555     0.000000            1         1.00
       2.073     0.100000          246         1.11
       2.295     0.200000          491         1.25
       2.475     0.300000          738         1.43
       2.641     0.400000          982         1.67
       2.795     0.500000         1227         2.00
       2.859     0.550000         1352         2.22
       2.933     0.600000         1470         2.50
       3.001     0.650000         1594         2.86
       3.103     0.700000         1717         3.33
       3.215     0.750000         1838         4.00
       3.285     0.775000         1899         4.44
       3.351     0.800000         1964         5.00
       3.423     0.825000         2025         5.71
       3.489     0.850000         2083         6.67
       3.547     0.875000         2146         8.00
       3.587     0.887500         2175         8.89
       3.645     0.900000         2205        10.00
       3.693     0.912500         2236        11.43
       3.735     0.925000         2267        13.33
       3.799     0.937500         2297        16.00
       3.829     0.943750         2313        17.78
       3.855     0.950000         2328        20.00
       3.885     0.956250         2344        22.86
       3.921     0.962500         2359        26.67
       3.985     0.968750         2374        32.00
       4.011     0.971875         2382        35.56
       4.029     0.975000         2389        40.00
       4.073     0.978125         2397        45.71
       4.115     0.981250         2406        53.33
       4.131     0.984375         2412        64.00
       4.155     0.985938         2416        71.11
       4.191     0.987500         2420        80.00
       4.223     0.989062         2426        91.43
       4.235     0.990625         2429       106.67
       4.263     0.992188         2431       128.00
       4.275     0.992969         2433       142.22
       4.295     0.993750         2435       160.00
       4.319     0.994531         2437       182.86
       4.383     0.995313         2439       213.33
       4.395     0.996094         2441       256.00
       4.407     0.996484         2442       284.44
       4.431     0.996875         2443       320.00
       4.435     0.997266         2444       365.71
       4.439     0.997656         2445       426.67
       4.515     0.998047         2446       512.00
       4.515     0.998242         2446       568.89
       4.527     0.998437         2447       640.00
       4.527     0.998633         2447       731.43
       4.635     0.998828         2448       853.33
       4.635     0.999023         2448      1024.00
       4.635     0.999121         2448      1137.78
       4.747     0.999219         2449      1280.00
       4.747     0.999316         2449      1462.86
       4.747     0.999414         2449      1706.67
       4.747     0.999512         2449      2048.00
       4.747     0.999561         2449      2275.56
       4.779     0.999609         2450      2560.00
       4.779     1.000000         2450          inf
#[Mean    =        2.829, StdDeviation   =        0.579]
#[Max     =        4.776, Total count    =         2450]
#[Buckets =           27, SubBuckets     =         2048]
----------------------------------------------------------
  3002 requests in 1.00m, 2.93GB read
Requests/sec:     50.03
Transfer/sec:     50.04MB

--- metrics ---
requests=3002
duration_s=60.004127
bytes=3148632690
rps=50.03
p50_ms=2.795
p95_ms=3.855
p99_ms=4.223
p999_ms=4.635
err_connect=0
err_read=0
err_write=0
err_status=0
err_timeout=0
--- end ---
