Running 1m test @ http://127.0.0.1:8081/json
  2 threads and 100 connections
  Thread calibration: mean lat.: 1.795ms, rate sampling interval: 10ms
  Thread calibration: mean lat.: 1.197ms, rate sampling interval: 10ms
  Thread Stats   Avg      Stdev     Max   +/- Stdev
    Latency     1.47ms  718.93us   5.08ms   69.22%
    Req/Sec     1.05k     1.34k    5.55k    89.61%
  Latency Distribution (HdrHistogram - Recorded Latency)
 50.000%    1.35ms
 75.000%    1.87ms
 90.000%    2.46ms
 99.000%    3.61ms
 99.900%    4.14ms
 99.990%    4.41ms
 99.999%    4.88ms
100.000%    5.08ms

  Detailed Percentile spectrum:
       Value   Percentile   TotalCount 1/(1-Percentile)

       0.175     0.000000            1         1.00
       0.674     0.100000         9993         1.11
       0.830     0.200000        19957         1.25
       0.988     0.300000        29888         1.43
       1.162     0.400000        39836         1.67
       1.347     0.500000        49760         2.00
       1.438     0.550000        54770         2.22
       1.532     0.600000        59744         2.50
       1.630     0.650000        64706         2.86
       1.740     0.700000        69680         3.33
       1.865     0.750000        74633         4.00
       1.939     0.775000        77141         4.44
       2.024     0.800000        79627         5.00
       2.129     0.825000        82126         5.71
       2.235     0.850000        84586         6.67
       2.337     0.875000        87072         8.00
       2.395     0.887500        88334         8.89
       2.461     0.900000        89561        10.00
       2.549     0.912500        90818        11.43
       2.649     0.925000        92055        13.33
       2.767     0.937500        93283        16.00
       2.827     0.943750        93914        17.78
       2.895     0.950000        94533        20.00
       2.969     0.956250        95158        22.86
       3.049     0.962500        95786        26.67
       3.135     0.968750        96395        32.00
       3.185     0.971875        96712        35.56
       3.235     0.975000        97019        40.00
       3.289     0.978125        97327        45.71
       3.355     0.981250        97636        53.33
       3.431     0.984375        97949        64.00
       3.475     0.985938        98107        71.11
       3.523     0.987500        98260        80.00
       3.579     0.989062        98412        91.43
       3.639     0.990625        98571       106.67
       3.699     0.992188        98723       128.00
       3.731     0.992969        98802       142.22
       3.767     0.993750        98879       160.00
       3.809     0.994531        98956       182.86
       3.855     0.995313        99034       213.33
       3.897     0.996094        99117       256.00
       3.921     0.996484        99153       284.44
       3.951     0.996875        99190       320.00
       3.983     0.997266        99231       365.71
       4.011     0.997656        99267       426.67
       4.047     0.998047        99307       512.00
       4.063     0.998242        99326       568.89
       4.081     0.998437        99347       640.00
       4.103     0.998633        99366       731.43
       4.123     0.998828        99386       853.33
       4.147     0.999023        99404      1024.00
       4.159     0.999121        99413      1137.78
       4.179     0.999219        99424      1280.00
       4.191     0.999316        99432      1462.86
       4.211     0.999414        99443      1706.67
       4.231     0.999512        99453      2048.00
       4.247     0.999561        99458      2275.56
       4.263     0.999609        99462      2560.00
       4.283     0.999658        99466      2925.71
       4.299     0.999707        99471      3413.33
       4.331     0.999756        99477      4096.00
       4.339     0.999780        99479      4551.11
       4.343     0.999805        99481      5120.00
       4.371     0.999829        99483      5851.43
       4.379     0.999854        99486      6826.67
       4.395     0.999878        99488      8192.00
       4.415     0.999890        99491      9102.22
       4.415     0.999902        99491     10240.00
       4.423     0.999915        99492     11702.86
       4.427     0.999927        99493     13653.33
       4.459     0.999939        99494     16384.00
       4.483     0.999945        99495     18204.44
       4.663     0.999951        99496     20480.00
       4.663     0.999957        99496     23405.71
       4.771     0.999963        99497     27306.67
       4.771     0.999969        99497     32768.00
       4.839     0.999973        99498     36408.89
       4.839     0.999976        99498     40960.00
       4.839     0.999979        99498     46811.43
       4.879     0.999982        99499     54613.33
       4.879     0.999985        99499     65536.00
       4.879     0.999986        99499     72817.78
       4.879     0.999988        99499     81920.00
       4.879     0.999989        99499     93622.86
       5.079     0.999991        99500    109226.67
       5.079     1.000000        99500          inf
#[Mean    =        1.471, StdDeviation   =        0.719]
#[Max     =        5.076, Total count    =        99500]
#[Buckets =           27, SubBuckets     =         2048]
----------------------------------------------------------
  118904 requests in 1.00m, 133.01MB read
Requests/sec:   1981.67
Transfer/sec:      2.22MB

--- metrics ---
requests=118904
duration_s=60.001903
bytes=139474392
rps=1981.67
p50_ms=1.347
p95_ms=2.895
p99_ms=3.613
p999_ms=4.143
err_connect=0
err_read=0
err_write=0
err_status=0
err_timeout=0
--- end ---
