Running 1m test @ http://127.0.0.1:18080/file1m
  2 threads and 50 connections
  Thread calibration: mean lat.: 5.478ms, rate sampling interval: 10ms
  Thread calibration: mean lat.: 5.947ms, rate sampling interval: 10ms
  Thread Stats   Avg      Stdev     Max   +/- Stdev
    Latency     5.12ms    8.49ms  46.72ms   95.51%
    Req/Sec    25.91     70.09   444.00     86.85%
  Latency Distribution (HdrHistogram - Recorded Latency)
 50.000%    3.27ms
 75.000%    3.82ms
 90.000%    4.61ms
 99.000%   44.70ms
 99.900%   45.69ms
 99.990%   46.75ms
 99.999%   46.75ms
100.000%   46.75ms

  Detailed Percentile spectrum:
       Value   Percentile   TotalCount 1/(1-Percentile)

       1.459     0.000000            1         1.00
       2.355     0.100000          249         1.11
       2.669     0.200000          492         1.25
       2.879     0.300000          738         1.43
       3.093     0.400000          981         1.67
       3.269     0.500000         1226         2.00
       3.373     0.550000         1350         2.22
       3.467     0.600000         1473         2.50
       3.595     0.650000         1597         2.86
       3.703     0.700000         1719         3.33
       3.819     0.750000         1839         4.00
       3.915     0.775000         1902         4.44
       4.023     0.800000         1962         5.00
       4.123     0.825000         2024         5.71
       4.263     0.850000         2086         6.67
       4.431     0.875000         2146         8.00
       4.531     0.887500         2179         8.89
       4.607     0.900000         2207        10.00
       4.739     0.912500         2238        11.43
       4.875     0.925000         2270        13.33
       5.055     0.937500         2299        16.00
       5.199     0.943750         2315        17.78
       5.435     0.950000         2330        20.00
      42.751     0.956250         2345        22.86
      43.359     0.962500         2361        26.67
      43.743     0.968750         2377        32.00
      43.839     0.971875         2385        35.56
      43.935     0.975000         2391        40.00
      44.031     0.978125         2399        45.71
      44.223     0.981250         2408        53.33
      44.511     0.984375         2415        64.00
      44.543     0.985938         2418        71.11
      44.639     0.987500         2423        80.00
      44.703     0.989062         2428        91.43
      44.831     0.990625         2431       106.67
      44.895     0.992188         2433       128.00
      44.927     0.992969         2435       142.22
      44.959     0.993750         2437       160.00
      45.023     0.994531         2440       182.86
      45.119     0.995313         2441       213.33
      45.215     0.996094         2443       256.00
      45.407     0.996484         2444       284.44
      45.439     0.996875         2446       320.00
      45.439     0.997266         2446       365.71
      45.567     0.997656         2448       426.67
      45.567     0.998047         2448       512.00
      45.567     0.998242         2448       568.89
      45.663     0.998437         2449       640.00
      45.663     0.998633         2449       731.43
      45.695     0.998828         2450       853.33
      45.695     0.999023         2450      1024.00
      45.695     0.999121         2450      1137.78
      45.759     0.999219         2451      1280.00
      45.759     0.999316         2451      1462.86
      45.759     0.999414         2451      1706.67
      45.759     0.999512         2451      2048.00
      45.759     0.999561         2451      2275.56
      46.751     0.999609         2452      2560.00
      46.751     1.000000         2452          inf
#[Mean    =        5.119, StdDeviation   =        8.485]
#[Max     =       46.720, Total count    =         2452]
#[Buckets =           27, SubBuckets     =         2048]
----------------------------------------------------------
  3002 requests in 1.00m, 2.93GB read
Requests/sec:     50.03
Transfer/sec:     50.04MB

--- metrics ---
requests=3002
duration_s=60.005090
bytes=3148260442
rps=50.03
p50_ms=3.269
p95_ms=5.419
p99_ms=44.703
p999_ms=45.695
err_connect=0
err_read=0
err_write=0
err_status=0
err_timeout=0
--- end ---
