Running 1m test @ http://127.0.0.1:8084/file1m
  2 threads and 50 connections
  Thread calibration: mean lat.: 2.865ms, rate sampling interval: 10ms
  Thread calibration: mean lat.: 2.880ms, rate sampling interval: 10ms
  Thread Stats   Avg      Stdev     Max   +/- Stdev
    Latency     2.88ms  497.49us   5.00ms   68.12%
    Req/Sec    25.94     69.39   333.00     87.12%
  Latency Distribution (HdrHistogram - Recorded Latency)
 50.000%    2.88ms
 75.000%    3.21ms
 90.000%    3.53ms
 99.000%    4.07ms
 99.900%    4.62ms
 99.990%    5.00ms
 99.999%    5.00ms
100.000%    5.00ms

  Detailed Percentile spectrum:
       Value   Percentile   TotalCount 1/(1-Percentile)

       1.224     0.000000            1         1.00
       2.255     0.100000          248         1.11
       2.461     0.200000          494         1.25
       2.617     0.300000          739         1.43
       2.741     0.400000          981         1.67
       2.877     0.500000         1228         2.00
       2.939     0.550000         1350         2.22
       3.003     0.600000         1470         2.50
       3.067     0.650000         1594         2.86
       3.139     0.700000         1716         3.33
       3.209     0.750000         1841         4.00
       3.247     0.775000         1899         4.44
       3.285     0.800000         1964         5.00
       3.345     0.825000         2023         5.71
       3.399     0.850000         2083         6.67
       3.461     0.875000         2146         8.00
       3.495     0.887500         2176         8.89
       3.529     0.900000         2205        10.00
       3.571     0.912500         2238        11.43
       3.613     0.925000         2268        13.33
       3.657     0.937500         2298        16.00
       3.685     0.943750         2313        17.78
       3.701     0.950000         2328        20.00
       3.749     0.956250         2344        22.86
       3.775     0.962500         2359        26.67
       3.805     0.968750         2374        32.00
       3.833     0.971875         2382        35.56
       3.855     0.975000         2390        40.00
       3.881     0.978125         2398        45.71
       3.907     0.981250         2405        53.33
       3.953     0.984375         2412        64.00
       3.963     0.985938         2416        71.11
       4.013     0.987500         2420        80.00
       4.063     0.989062         2424        91.43
       4.091     0.990625         2428       106.67
       4.119     0.992188         2431       128.00
       4.155     0.992969         2434       142.22
       4.199     0.993750         2435       160.00
       4.215     0.994531         2437       182.86
       4.315     0.995313         2439       213.33
       4.399     0.996094         2441       256.00
       4.411     0.996484         2442       284.44
       4.419     0.996875         2443       320.00
       4.439     0.997266         2444       365.71
       4.515     0.997656         2445       426.67
       4.583     0.998047         2446       512.00
       4.583     0.998242         2446       568.89
       4.591     0.998437         2447       640.00
       4.591     0.998633         2447       731.43
       4.623     0.998828         2448       853.33
       4.623     0.999023         2448      1024.00
       4.623     0.999121         2448      1137.78
       4.851     0.999219         2449      1280.00
       4.851     0.999316         2449      1462.86
       4.851     0.999414         2449      1706.67
       4.851     0.999512         2449      2048.00
       4.851     0.999561         2449      2275.56
       4.999     0.999609         2450      2560.00
       4.999     1.000000         2450          inf
#[Mean    =        2.883, StdDeviation   =        0.497]
#[Max     =        4.996, Total count    =         2450]
#[Buckets =           27, SubBuckets     =         2048]
----------------------------------------------------------
  3002 requests in 1.00m, 2.93GB read
Requests/sec:     50.03
Transfer/sec:     50.04MB

--- metrics ---
requests=3002
duration_s=60.004756
bytes=3148242430
rps=50.03
p50_ms=2.877
p95_ms=3.701
p99_ms=4.073
p999_ms=4.623
err_connect=0
err_read=0
err_write=0
err_status=0
err_timeout=0
--- end ---
