Running 1m test @ http://127.0.0.1:8084/file1m
  2 threads and 50 connections
  Thread calibration: mean lat.: 2.927ms, rate sampling interval: 10ms
  Thread calibration: mean lat.: 2.983ms, rate sampling interval: 10ms
  Thread Stats   Avg      Stdev     Max   +/- Stdev
    Latency     2.91ms  532.39us   5.22ms   69.10%
    Req/Sec    25.94     69.28   333.00     87.19%
  Latency Distribution (HdrHistogram - Recorded Latency)
 50.000%    2.92ms
 75.000%    3.25ms
 90.000%    3.58ms
 99.000%    4.20ms
 99.900%    4.85ms
 99.990%    5.23ms
 99.999%    5.23ms
100.000%    5.23ms

  Detailed Percentile spectrum:
       Value   Percentile   TotalCount 1/(1-Percentile)

       1.306     0.000000            1         1.00
       2.213     0.100000          245         1.11
       2.451     0.200000          493         1.25
       2.629     0.300000          735         1.43
       2.779     0.400000          981         1.67
       2.921     0.500000         1226         2.00
       2.995     0.550000         1350         2.22
       3.057     0.600000         1475         2.50
       3.115     0.650000         1596         2.86
       3.177     0.700000         1715         3.33
       3.251     0.750000         1838         4.00
       3.301     0.775000         1900         4.44
       3.337     0.800000         1962         5.00
       3.387     0.825000         2024         5.71
       3.439     0.850000         2083         6.67
       3.501     0.875000         2144         8.00
       3.547     0.887500         2175         8.89
       3.575     0.900000         2205        10.00
       3.617     0.912500         2237        11.43
       3.657     0.925000         2267        13.33
       3.713     0.937500         2300        16.00
       3.741     0.943750         2313        17.78
       3.775     0.950000         2329        20.00
       3.797     0.956250         2344        22.86
       3.837     0.962500         2359        26.67
       3.907     0.968750         2374        32.00
       3.925     0.971875         2383        35.56
       3.961     0.975000         2389        40.00
       3.989     0.978125         2397        45.71
       4.031     0.981250         2405        53.33
       4.083     0.984375         2412        64.00
       4.111     0.985938         2417        71.11
       4.139     0.987500         2420        80.00
       4.171     0.989062         2424        91.43
       4.219     0.990625         2428       106.67
       4.275     0.992188         2432       128.00
       4.291     0.992969         2434       142.22
       4.303     0.993750         2435       160.00
       4.323     0.994531         2438       182.86
       4.327     0.995313         2440       213.33
       4.371     0.996094         2441       256.00
       4.387     0.996484         2442       284.44
       4.431     0.996875         2444       320.00
       4.431     0.997266         2444       365.71
       4.523     0.997656         2445       426.67
       4.583     0.998047         2446       512.00
       4.583     0.998242         2446       568.89
       4.591     0.998437         2447       640.00
       4.591     0.998633         2447       731.43
       4.847     0.998828         2448       853.33
       4.847     0.999023         2448      1024.00
       4.847     0.999121         2448      1137.78
       4.907     0.999219         2449      1280.00
       4.907     0.999316         2449      1462.86
       4.907     0.999414         2449      1706.67
       4.907     0.999512         2449      2048.00
       4.907     0.999561         2449      2275.56
       5.227     0.999609         2450      2560.00
       5.227     1.000000         2450          inf
#[Mean    =        2.907, StdDeviation   =        0.532]
#[Max     =        5.224, Total count    =         2450]
#[Buckets =           27, SubBuckets     =         2048]
----------------------------------------------------------
  3002 requests in 1.00m, 2.93GB read
Requests/sec:     50.03
Transfer/sec:     50.04MB

--- metrics ---
requests=3002
duration_s=60.003841
bytes=3148242430
rps=50.03
p50_ms=2.921
p95_ms=3.775
p99_ms=4.195
p999_ms=4.847
err_connect=0
err_read=0
err_write=0
err_status=0
err_timeout=0
--- end ---
