Running 1m test @ http://127.0.0.1:8082/file1m
  2 threads and 50 connections
  Thread calibration: mean lat.: 925.284ms, rate sampling interval: 1990ms
  Thread calibration: mean lat.: 78.193ms, rate sampling interval: 193ms
  Thread Stats   Avg      Stdev     Max   +/- Stdev
    Latency   502.54ms  446.43ms   1.00s    59.43%
    Req/Sec    24.52     45.54   130.00     83.04%
  Latency Distribution (HdrHistogram - Recorded Latency)
 50.000%   98.69ms
 75.000%  965.12ms
 90.000%  988.16ms
 99.000%    1.00s 
 99.900%    1.00s 
 99.990%    1.00s 
 99.999%    1.00s 
100.000%    1.00s 

  Detailed Percentile spectrum:
       Value   Percentile   TotalCount 1/(1-Percentile)

       2.963     0.000000            1         1.00
      60.895     0.100000          245         1.11
      70.271     0.200000          494         1.25
      79.487     0.300000          736         1.43
      88.959     0.400000          981         1.67
      98.687     0.500000         1225         2.00
     935.423     0.550000         1351         2.22
     942.591     0.600000         1470         2.50
     950.783     0.650000         1601         2.86
     957.951     0.700000         1718         3.33
     965.119     0.750000         1840         4.00
     969.727     0.775000         1906         4.44
     973.311     0.800000         1962         5.00
     976.895     0.825000         2030         5.71
     980.991     0.850000         2091         6.67
     984.063     0.875000         2146         8.00
     986.111     0.887500         2175         8.89
     988.159     0.900000         2212        10.00
     989.695     0.912500         2242        11.43
     992.255     0.925000         2275        13.33
     993.791     0.937500         2302        16.00
     994.303     0.943750         2316        17.78
     995.327     0.950000         2333        20.00
     995.839     0.956250         2344        22.86
     997.887     0.962500         2362        26.67
     998.399     0.968750         2378        32.00
     998.911     0.971875         2382        35.56
     999.423     0.975000         2394        40.00
     999.935     0.978125         2402        45.71
    1000.447     0.981250         2417        53.33
    1000.447     0.984375         2417        64.00
    1000.447     0.985938         2417        71.11
    1000.959     0.987500         2429        80.00
    1000.959     0.989062         2429        91.43
    1000.959     0.990625         2429       106.67
    1001.471     0.992188         2440       128.00
    1001.471     0.992969         2440       142.22
    1001.471     0.993750         2440       160.00
    1001.471     0.994531         2440       182.86
    1001.471     0.995313         2440       213.33
    1001.983     0.996094         2446       256.00
    1001.983     0.996484         2446       284.44
    1001.983     0.996875         2446       320.00
    1001.983     0.997266         2446       365.71
    1001.983     0.997656         2446       426.67
    1001.983     0.998047         2446       512.00
    1001.983     0.998242         2446       568.89
    1002.495     0.998437         2450       640.00
    1002.495     1.000000         2450          inf
#[Mean    =      502.538, StdDeviation   =      446.426]
#[Max     =     1001.984, Total count    =         2450]
#[Buckets =           27, SubBuckets     =         2048]
----------------------------------------------------------
  2953 requests in 1.00m, 2.88GB read
Requests/sec:     49.17
Transfer/sec:     49.18MB

--- metrics ---
requests=2953
duration_s=60.052086
bytes=3096911502
rps=49.17
p50_ms=98.687
p95_ms=995.327
p99_ms=1000.959
p999_ms=1002.495
err_connect=0
err_read=0
err_write=0
err_status=0
err_timeout=0
--- end ---
