Running 1m test @ http://127.0.0.1:8080/file1m
  2 threads and 50 connections
  Thread calibration: mean lat.: 4.253ms, rate sampling interval: 10ms
  Thread calibration: mean lat.: 4.538ms, rate sampling interval: 10ms
  Thread Stats   Avg      Stdev     Max   +/- Stdev
    Latency     4.43ms    6.45ms  46.50ms   97.47%
    Req/Sec    26.04     70.42   400.00     87.07%
  Latency Distribution (HdrHistogram - Recorded Latency)
 50.000%    3.30ms
 75.000%    3.81ms
 90.000%    4.74ms
 99.000%   44.26ms
 99.900%   46.14ms
 99.990%   46.53ms
 99.999%   46.53ms
100.000%   46.53ms

  Detailed Percentile spectrum:
       Value   Percentile   TotalCount 1/(1-Percentile)

       1.602     0.000000            1         1.00
       2.499     0.100000          247         1.11
       2.773     0.200000          495         1.25
       2.979     0.300000          736         1.43
       3.141     0.400000          984         1.67
       3.303     0.500000         1227         2.00
       3.391     0.550000         1350         2.22
       3.501     0.600000         1473         2.50
       3.599     0.650000         1597         2.86
       3.695     0.700000         1720         3.33
       3.809     0.750000         1840         4.00
       3.899     0.775000         1901         4.44
       4.013     0.800000         1962         5.00
       4.135     0.825000         2023         5.71
       4.319     0.850000         2086         6.67
       4.519     0.875000         2148         8.00
       4.631     0.887500         2177         8.89
       4.739     0.900000         2207        10.00
       4.855     0.912500         2238        11.43
       5.007     0.925000         2269        13.33
       5.143     0.937500         2301        16.00
       5.243     0.943750         2315        17.78
       5.387     0.950000         2330        20.00
       5.495     0.956250         2345        22.86
       5.623     0.962500         2361        26.67
       5.823     0.968750         2376        32.00
       6.007     0.971875         2384        35.56
      42.271     0.975000         2391        40.00
      43.071     0.978125         2399        45.71
      43.487     0.981250         2408        53.33
      43.679     0.984375         2414        64.00
      43.903     0.985938         2418        71.11
      44.095     0.987500         2422        80.00
      44.255     0.989062         2428        91.43
      44.351     0.990625         2430       106.67
      44.447     0.992188         2433       128.00
      44.607     0.992969         2435       142.22
      44.799     0.993750         2438       160.00
      44.831     0.994531         2439       182.86
      44.895     0.995313         2442       213.33
      44.991     0.996094         2443       256.00
      45.407     0.996484         2445       284.44
      45.407     0.996875         2445       320.00
      45.503     0.997266         2446       365.71
      45.631     0.997656         2447       426.67
      45.791     0.998047         2448       512.00
      45.791     0.998242         2448       568.89
      45.951     0.998437         2449       640.00
      45.951     0.998633         2449       731.43
      46.143     0.998828         2450       853.33
      46.143     0.999023         2450      1024.00
      46.143     0.999121         2450      1137.78
      46.431     0.999219         2451      1280.00
      46.431     0.999316         2451      1462.86
      46.431     0.999414         2451      1706.67
      46.431     0.999512         2451      2048.00
      46.431     0.999561         2451      2275.56
      46.527     0.999609         2452      2560.00
      46.527     1.000000         2452          inf
#[Mean    =        4.427, StdDeviation   =        6.445]
#[Max     =       46.496, Total count    =         2452]
#[Buckets =           27, SubBuckets     =         2048]
----------------------------------------------------------
  3002 requests in 1.00m, 2.93GB read
Requests/sec:     50.03
Transfer/sec:     50.04MB

--- metrics ---
requests=3002
duration_s=60.004395
bytes=3148260442
rps=50.03
p50_ms=3.303
p95_ms=5.383
p99_ms=44.255
p999_ms=46.143
err_connect=0
err_read=0
err_write=0
err_status=0
err_timeout=0
--- end ---
