Running 1m test @ http://127.0.0.1:8081/file1m
  2 threads and 50 connections
  Thread calibration: mean lat.: 3.044ms, rate sampling interval: 10ms
  Thread calibration: mean lat.: 3.039ms, rate sampling interval: 10ms
  Thread Stats   Avg      Stdev     Max   +/- Stdev
    Latency     2.94ms    0.93ms   7.53ms   70.00%
    Req/Sec    25.87     69.34   333.00     87.33%
  Latency Distribution (HdrHistogram - Recorded Latency)
 50.000%    2.91ms
 75.000%    3.51ms
 90.000%    4.09ms
 99.000%    5.56ms
 99.900%    6.45ms
 99.990%    7.53ms
 99.999%    7.53ms
100.000%    7.53ms

  Detailed Percentile spectrum:
       Value   Percentile   TotalCount 1/(1-Percentile)

       0.672     0.000000            1         1.00
       1.763     0.100000          245         1.11
       2.167     0.200000          493         1.25
       2.451     0.300000          736         1.43
       2.707     0.400000          983         1.67
       2.909     0.500000         1226         2.00
       3.027     0.550000         1348         2.22
       3.133     0.600000         1470         2.50
       3.235     0.650000         1594         2.86
       3.367     0.700000         1716         3.33
       3.507     0.750000         1838         4.00
       3.589     0.775000         1901         4.44
       3.655     0.800000         1961         5.00
       3.727     0.825000         2025         5.71
       3.843     0.850000         2085         6.67
       3.955     0.875000         2144         8.00
       4.035     0.887500         2175         8.89
       4.093     0.900000         2205        10.00
       4.183     0.912500         2237        11.43
       4.271     0.925000         2268        13.33
       4.403     0.937500         2298        16.00
       4.475     0.943750         2313        17.78
       4.535     0.950000         2329        20.00
       4.639     0.956250         2344        22.86
       4.715     0.962500         2360        26.67
       4.795     0.968750         2374        32.00
       4.895     0.971875         2383        35.56
       4.967     0.975000         2389        40.00
       5.087     0.978125         2398        45.71
       5.211     0.981250         2405        53.33
       5.279     0.984375         2412        64.00
       5.331     0.985938         2416        71.11
       5.395     0.987500         2420        80.00
       5.499     0.989062         2424        91.43
       5.599     0.990625         2429       106.67
       5.627     0.992188         2431       128.00
       5.647     0.992969         2433       142.22
       5.747     0.993750         2435       160.00
       5.811     0.994531         2437       182.86
       5.903     0.995313         2439       213.33
       5.947     0.996094         2441       256.00
       5.951     0.996484         2442       284.44
       5.967     0.996875         2443       320.00
       5.975     0.997266         2444       365.71
       5.991     0.997656         2445       426.67
       6.067     0.998047         2446       512.00
       6.067     0.998242         2446       568.89
       6.203     0.998437         2447       640.00
       6.203     0.998633         2447       731.43
       6.455     0.998828         2448       853.33
       6.455     0.999023         2448      1024.00
       6.455     0.999121         2448      1137.78
       6.867     0.999219         2449      1280.00
       6.867     0.999316         2449      1462.86
       6.867     0.999414         2449      1706.67
       6.867     0.999512         2449      2048.00
       6.867     0.999561         2449      2275.56
       7.535     0.999609         2450      2560.00
       7.535     1.000000         2450          inf
#[Mean    =        2.940, StdDeviation   =        0.932]
#[Max     =        7.532, Total count    =         2450]
#[Buckets =           27, SubBuckets     =         2048]
----------------------------------------------------------
  3002 requests in 1.00m, 2.93GB read
Requests/sec:     50.03
Transfer/sec:     50.04MB

--- metrics ---
requests=3002
duration_s=60.004228
bytes=3148302470
rps=50.03
p50_ms=2.909
p95_ms=4.535
p99_ms=5.563
p999_ms=6.455
err_connect=0
err_read=0
err_write=0
err_status=0
err_timeout=0
--- end ---
