Running 1m test @ http://127.0.0.1:8083/file50k
  2 threads and 100 connections
  Thread calibration: mean lat.: 1.335ms, rate sampling interval: 10ms
  Thread calibration: mean lat.: 2.377ms, rate sampling interval: 10ms
  Thread Stats   Avg      Stdev     Max   +/- Stdev
    Latency     1.78ms  789.32us   5.57ms   68.43%
    Req/Sec   158.88    582.68     5.55k    97.97%
  Latency Distribution (HdrHistogram - Recorded Latency)
 50.000%    1.62ms
 75.000%    2.22ms
 90.000%    2.96ms
 99.000%    3.94ms
 99.900%    4.87ms
 99.990%    5.43ms
 99.999%    5.57ms
100.000%    5.57ms

  Detailed Percentile spectrum:
       Value   Percentile   TotalCount 1/(1-Percentile)

       0.368     0.000000            1         1.00
       0.870     0.100000         1490         1.11
       1.095     0.200000         2981         1.25
       1.283     0.300000         4476         1.43
       1.455     0.400000         5960         1.67
       1.620     0.500000         7453         2.00
       1.708     0.550000         8202         2.22
       1.810     0.600000         8946         2.50
       1.937     0.650000         9690         2.86
       2.067     0.700000        10430         3.33
       2.219     0.750000        11184         4.00
       2.303     0.775000        11554         4.44
       2.397     0.800000        11920         5.00
       2.527     0.825000        12293         5.71
       2.685     0.850000        12665         6.67
       2.833     0.875000        13038         8.00
       2.907     0.887500        13230         8.89
       2.961     0.900000        13411        10.00
       3.033     0.912500        13599        11.43
       3.111     0.925000        13783        13.33
       3.195     0.937500        13969        16.00
       3.241     0.943750        14062        17.78
       3.297     0.950000        14155        20.00
       3.351     0.956250        14249        22.86
       3.411     0.962500        14342        26.67
       3.469     0.968750        14436        32.00
       3.507     0.971875        14481        35.56
       3.557     0.975000        14530        40.00
       3.609     0.978125        14575        45.71
       3.671     0.981250        14623        53.33
       3.741     0.984375        14671        64.00
       3.773     0.985938        14691        71.11
       3.835     0.987500        14715        80.00
       3.885     0.989062        14738        91.43
       3.963     0.990625        14761       106.67
       4.033     0.992188        14784       128.00
       4.059     0.992969        14796       142.22
       4.079     0.993750        14808       160.00
       4.175     0.994531        14819       182.86
       4.231     0.995313        14831       213.33
       4.343     0.996094        14842       256.00
       4.395     0.996484        14848       284.44
       4.427     0.996875        14855       320.00
       4.463     0.997266        14860       365.71
       4.519     0.997656        14866       426.67
       4.631     0.998047        14871       512.00
       4.635     0.998242        14874       568.89
       4.731     0.998437        14877       640.00
       4.771     0.998633        14880       731.43
       4.819     0.998828        14883       853.33
       4.887     0.999023        14886      1024.00
       4.891     0.999121        14887      1137.78
       4.907     0.999219        14889      1280.00
       4.959     0.999316        14890      1462.86
       5.047     0.999414        14892      1706.67
       5.059     0.999512        14893      2048.00
       5.159     0.999561        14894      2275.56
       5.167     0.999609        14895      2560.00
       5.167     0.999658        14895      2925.71
       5.199     0.999707        14896      3413.33
       5.247     0.999756        14897      4096.00
       5.247     0.999780        14897      4551.11
       5.307     0.999805        14898      5120.00
       5.307     0.999829        14898      5851.43
       5.307     0.999854        14898      6826.67
       5.435     0.999878        14899      8192.00
       5.435     0.999890        14899      9102.22
       5.435     0.999902        14899     10240.00
       5.435     0.999915        14899     11702.86
       5.435     0.999927        14899     13653.33
       5.575     0.999939        14900     16384.00
       5.575     1.000000        14900          inf
#[Mean    =        1.776, StdDeviation   =        0.789]
#[Max     =        5.572, Total count    =        14900]
#[Buckets =           27, SubBuckets     =         2048]
----------------------------------------------------------
  17853 requests in 1.00m, 0.86GB read
Requests/sec:    297.54
Transfer/sec:     14.60MB

--- metrics ---
requests=17853
duration_s=60.002494
bytes=918804645
rps=297.54
p50_ms=1.620
p95_ms=3.297
p99_ms=3.943
p999_ms=4.867
err_connect=0
err_read=0
err_write=0
err_status=0
err_timeout=0
--- end ---
