Running 30s test @ http://127.0.0.1:18083/json
  2 threads and 100 connections
  Thread calibration: mean lat.: 3.903ms, rate sampling interval: 13ms
  Thread calibration: mean lat.: 1.771ms, rate sampling interval: 10ms
  Thread Stats   Avg      Stdev     Max   +/- Stdev
    Latency     2.85ms    1.86ms  12.13ms   72.66%
    Req/Sec     1.05k     1.03k    4.17k    62.69%
  Latency Distribution (HdrHistogram - Recorded Latency)
 50.000%    2.26ms
 75.000%    3.93ms
 90.000%    5.67ms
 99.000%    8.30ms
 99.900%    9.71ms
 99.990%   11.28ms
 99.999%   12.14ms
100.000%   12.14ms

  Detailed Percentile spectrum:
       Value   Percentile   TotalCount 1/(1-Percentile)

       0.273     0.000000            1         1.00
       0.978     0.100000         3961         1.11
       1.259     0.200000         7910         1.25
       1.543     0.300000        11854         1.43
       1.860     0.400000        15805         1.67
       2.261     0.500000        19758         2.00
       2.519     0.550000        21727         2.22
       2.815     0.600000        23716         2.50
       3.143     0.650000        25676         2.86
       3.511     0.700000        27650         3.33
       3.931     0.750000        29629         4.00
       4.147     0.775000        30629         4.44
       4.399     0.800000        31601         5.00
       4.667     0.825000        32596         5.71
       4.959     0.850000        33580         6.67
       5.295     0.875000        34564         8.00
       5.471     0.887500        35058         8.89
       5.671     0.900000        35557        10.00
       5.871     0.912500        36044        11.43
       6.071     0.925000        36543        13.33
       6.335     0.937500        37035        16.00
       6.483     0.943750        37282        17.78
       6.643     0.950000        37530        20.00
       6.807     0.956250        37775        22.86
       6.967     0.962500        38023        26.67
       7.167     0.968750        38266        32.00
       7.291     0.971875        38390        35.56
       7.415     0.975000        38516        40.00
       7.531     0.978125        38637        45.71
       7.695     0.981250        38761        53.33
       7.863     0.984375        38882        64.00
       7.995     0.985938        38944        71.11
       8.107     0.987500        39007        80.00
       8.215     0.989062        39067        91.43
       8.367     0.990625        39130       106.67
       8.535     0.992188        39192       128.00
       8.623     0.992969        39223       142.22
       8.727     0.993750        39256       160.00
       8.807     0.994531        39283       182.86
       8.911     0.995313        39318       213.33
       8.999     0.996094        39345       256.00
       9.071     0.996484        39361       284.44
       9.151     0.996875        39376       320.00
       9.215     0.997266        39391       365.71
       9.295     0.997656        39407       426.67
       9.415     0.998047        39422       512.00
       9.471     0.998242        39431       568.89
       9.527     0.998437        39438       640.00
       9.567     0.998633        39446       731.43
       9.615     0.998828        39454       853.33
       9.719     0.999023        39461      1024.00
       9.791     0.999121        39465      1137.78
       9.839     0.999219        39469      1280.00
       9.887     0.999316        39472      1462.86
       9.967     0.999414        39477      1706.67
      10.095     0.999512        39480      2048.00
      10.159     0.999561        39482      2275.56
      10.295     0.999609        39484      2560.00
      10.335     0.999658        39486      2925.71
      10.519     0.999707        39488      3413.33
      10.591     0.999756        39490      4096.00
      10.711     0.999780        39491      4551.11
      10.951     0.999805        39492      5120.00
      11.039     0.999829        39493      5851.43
      11.175     0.999854        39494      6826.67
      11.279     0.999878        39495      8192.00
      11.279     0.999890        39495      9102.22
      11.423     0.999902        39496     10240.00
      11.423     0.999915        39496     11702.86
      11.471     0.999927        39497     13653.33
      11.471     0.999939        39497     16384.00
      11.471     0.999945        39497     18204.44
      11.831     0.999951        39498     20480.00
      11.831     0.999957        39498     23405.71
      11.831     0.999963        39498     27306.67
      11.831     0.999969        39498     32768.00
      11.831     0.999973        39498     36408.89
      12.135     0.999976        39499     40960.00
      12.135     1.000000        39499          inf
#[Mean    =        2.851, StdDeviation   =        1.864]
#[Max     =       12.128, Total count    =        39499]
#[Buckets =           27, SubBuckets     =         2048]
----------------------------------------------------------
  58902 requests in 30.00s, 65.05MB read
Requests/sec:   1963.24
Transfer/sec:      2.17MB

--- metrics ---
requests=58902
duration_s=30.002441
bytes=68208516
rps=1963.24
p50_ms=2.261
p95_ms=6.639
p99_ms=8.295
p999_ms=9.711
err_connect=0
err_read=0
err_write=0
err_status=0
err_timeout=0
--- end ---
