Running 1m test @ http://127.0.0.1:8081/json
  2 threads and 100 connections
  Thread calibration: mean lat.: 1.289ms, rate sampling interval: 10ms
  Thread calibration: mean lat.: 1.325ms, rate sampling interval: 10ms
  Thread Stats   Avg      Stdev     Max   +/- Stdev
    Latency     1.21ms  585.59us  26.88ms   80.94%
    Req/Sec     1.05k   139.16     1.70k    77.02%
  Latency Distribution (HdrHistogram - Recorded Latency)
 50.000%    1.14ms
 75.000%    1.49ms
 90.000%    1.84ms
 99.000%    2.44ms
 99.900%    2.72ms
 99.990%   21.55ms
 99.999%   26.80ms
100.000%   26.90ms

  Detailed Percentile spectrum:
       Value   Percentile   TotalCount 1/(1-Percentile)

       0.150     0.000000            1         1.00
       0.656     0.100000         9960         1.11
       0.786     0.200000        19900         1.25
       0.901     0.300000        29892         1.43
       1.015     0.400000        39845         1.67
       1.136     0.500000        49807         2.00
       1.201     0.550000        54728         2.22
       1.270     0.600000        59714         2.50
       1.340     0.650000        64678         2.86
       1.414     0.700000        69674         3.33
       1.492     0.750000        74673         4.00
       1.536     0.775000        77145         4.44
       1.583     0.800000        79629         5.00
       1.636     0.825000        82104         5.71
       1.693     0.850000        84614         6.67
       1.757     0.875000        87073         8.00
       1.795     0.887500        88327         8.89
       1.837     0.900000        89568        10.00
       1.885     0.912500        90812        11.43
       1.936     0.925000        92048        13.33
       1.997     0.937500        93303        16.00
       2.031     0.943750        93909        17.78
       2.073     0.950000        94526        20.00
       2.119     0.956250        95167        22.86
       2.171     0.962500        95784        26.67
       2.223     0.968750        96396        32.00
       2.251     0.971875        96705        35.56
       2.277     0.975000        97015        40.00
       2.307     0.978125        97338        45.71
       2.339     0.981250        97647        53.33
       2.373     0.984375        97947        64.00
       2.391     0.985938        98120        71.11
       2.409     0.987500        98264        80.00
       2.427     0.989062        98425        91.43
       2.447     0.990625        98570       106.67
       2.469     0.992188        98728       128.00
       2.481     0.992969        98811       142.22
       2.495     0.993750        98881       160.00
       2.511     0.994531        98961       182.86
       2.529     0.995313        99039       213.33
       2.555     0.996094        99116       256.00
       2.567     0.996484        99159       284.44
       2.581     0.996875        99193       320.00
       2.597     0.997266        99228       365.71
       2.617     0.997656        99267       426.67
       2.633     0.998047        99306       512.00
       2.647     0.998242        99329       568.89
       2.663     0.998437        99345       640.00
       2.677     0.998633        99364       731.43
       2.699     0.998828        99385       853.33
       2.725     0.999023        99403      1024.00
       2.773     0.999121        99413      1137.78
       2.877     0.999219        99423      1280.00
       3.619     0.999316        99432      1462.86
       4.795     0.999414        99442      1706.67
       7.795     0.999512        99452      2048.00
       9.015     0.999561        99457      2275.56
      11.463     0.999609        99462      2560.00
      12.855     0.999658        99466      2925.71
      14.103     0.999707        99471      3413.33
      16.559     0.999756        99476      4096.00
      17.503     0.999780        99479      4551.11
      18.143     0.999805        99481      5120.00
      18.511     0.999829        99483      5851.43
      19.407     0.999854        99486      6826.67
      19.679     0.999878        99488      8192.00
      21.551     0.999890        99490      9102.22
      21.935     0.999902        99491     10240.00
      22.367     0.999915        99492     11702.86
      22.655     0.999927        99493     13653.33
      23.215     0.999939        99494     16384.00
      23.423     0.999945        99495     18204.44
      23.599     0.999951        99496     20480.00
      23.599     0.999957        99496     23405.71
      25.871     0.999963        99497     27306.67
      25.871     0.999969        99497     32768.00
      26.431     0.999973        99498     36408.89
      26.431     0.999976        99498     40960.00
      26.431     0.999979        99498     46811.43
      26.799     0.999982        99499     54613.33
      26.799     0.999985        99499     65536.00
      26.799     0.999986        99499     72817.78
      26.799     0.999988        99499     81920.00
      26.799     0.999989        99499     93622.86
      26.895     0.999991        99500    109226.67
      26.895     1.000000        99500          inf
#[Mean    =        1.208, StdDeviation   =        0.586]
#[Max     =       26.880, Total count    =        99500]
#[Buckets =           27, SubBuckets     =         2048]
----------------------------------------------------------
  119804 requests in 1.00m, 134.02MB read
Requests/sec:   1996.65
Transfer/sec:      2.23MB

--- metrics ---
requests=119804
duration_s=60.002607
bytes=140530092
rps=1996.65
p50_ms=1.136
p95_ms=2.073
p99_ms=2.439
p999_ms=2.723
err_connect=0
err_read=0
err_write=0
err_status=0
err_timeout=0
--- end ---
