Running 1m test @ http://127.0.0.1:8081/file1m
  2 threads and 50 connections
  Thread calibration: mean lat.: 2.999ms, rate sampling interval: 10ms
  Thread calibration: mean lat.: 2.951ms, rate sampling interval: 10ms
  Thread Stats   Avg      Stdev     Max   +/- Stdev
    Latency     2.90ms  573.18us   5.12ms   66.90%
    Req/Sec    26.03     69.91   333.00     87.08%
  Latency Distribution (HdrHistogram - Recorded Latency)
 50.000%    2.87ms
 75.000%    3.26ms
 90.000%    3.67ms
 99.000%    4.34ms
 99.900%    4.88ms
 99.990%    5.13ms
 99.999%    5.13ms
100.000%    5.13ms

  Detailed Percentile spectrum:
       Value   Percentile   TotalCount 1/(1-Percentile)

       1.518     0.000000            1         1.00
       2.139     0.100000          245         1.11
       2.385     0.200000          492         1.25
       2.583     0.300000          735         1.43
       2.735     0.400000          989         1.67
       2.865     0.500000         1230         2.00
       2.947     0.550000         1348         2.22
       3.029     0.600000         1472         2.50
       3.107     0.650000         1595         2.86
       3.183     0.700000         1719         3.33
       3.257     0.750000         1838         4.00
       3.323     0.775000         1902         4.44
       3.365     0.800000         1961         5.00
       3.431     0.825000         2026         5.71
       3.491     0.850000         2084         6.67
       3.563     0.875000         2145         8.00
       3.617     0.887500         2175         8.89
       3.667     0.900000         2205        10.00
       3.725     0.912500         2237        11.43
       3.785     0.925000         2267        13.33
       3.861     0.937500         2298        16.00
       3.899     0.943750         2313        17.78
       3.931     0.950000         2328        20.00
       3.955     0.956250         2343        22.86
       4.001     0.962500         2360        26.67
       4.037     0.968750         2374        32.00
       4.059     0.971875         2383        35.56
       4.087     0.975000         2389        40.00
       4.131     0.978125         2398        45.71
       4.159     0.981250         2406        53.33
       4.231     0.984375         2413        64.00
       4.255     0.985938         2417        71.11
       4.283     0.987500         2420        80.00
       4.311     0.989062         2424        91.43
       4.347     0.990625         2429       106.67
       4.363     0.992188         2431       128.00
       4.387     0.992969         2433       142.22
       4.419     0.993750         2436       160.00
       4.423     0.994531         2437       182.86
       4.455     0.995313         2439       213.33
       4.491     0.996094         2441       256.00
       4.551     0.996484         2442       284.44
       4.575     0.996875         2443       320.00
       4.607     0.997266         2444       365.71
       4.639     0.997656         2445       426.67
       4.647     0.998047         2446       512.00
       4.647     0.998242         2446       568.89
       4.743     0.998437         2447       640.00
       4.743     0.998633         2447       731.43
       4.875     0.998828         2448       853.33
       4.875     0.999023         2448      1024.00
       4.875     0.999121         2448      1137.78
       4.939     0.999219         2449      1280.00
       4.939     0.999316         2449      1462.86
       4.939     0.999414         2449      1706.67
       4.939     0.999512         2449      2048.00
       4.939     0.999561         2449      2275.56
       5.127     0.999609         2450      2560.00
       5.127     1.000000         2450          inf
#[Mean    =        2.900, StdDeviation   =        0.573]
#[Max     =        5.124, Total count    =         2450]
#[Buckets =           27, SubBuckets     =         2048]
----------------------------------------------------------
  3002 requests in 1.00m, 2.93GB read
Requests/sec:     50.03
Transfer/sec:     50.04MB

--- metrics ---
requests=3002
duration_s=60.004267
bytes=3148302470
rps=50.03
p50_ms=2.865
p95_ms=3.931
p99_ms=4.339
p999_ms=4.875
err_connect=0
err_read=0
err_write=0
err_status=0
err_timeout=0
--- end ---
