Running 1m test @ http://127.0.0.1:8081/file50k
  2 threads and 100 connections
  Thread calibration: mean lat.: 1.337ms, rate sampling interval: 10ms
  Thread calibration: mean lat.: 1.336ms, rate sampling interval: 10ms
  Thread Stats   Avg      Stdev     Max   +/- Stdev
    Latency     1.33ms  393.62us   2.84ms   67.02%
    Req/Sec   158.77     95.61   333.00     70.23%
  Latency Distribution (HdrHistogram - Recorded Latency)
 50.000%    1.31ms
 75.000%    1.58ms
 90.000%    1.85ms
 99.000%    2.32ms
 99.900%    2.57ms
 99.990%    2.81ms
 99.999%    2.84ms
100.000%    2.84ms

  Detailed Percentile spectrum:
       Value   Percentile   TotalCount 1/(1-Percentile)

       0.329     0.000000            1         1.00
       0.818     0.100000         1493         1.11
       0.968     0.200000         2987         1.25
       1.092     0.300000         4475         1.43
       1.205     0.400000         5967         1.67
       1.309     0.500000         7450         2.00
       1.364     0.550000         8198         2.22
       1.416     0.600000         8943         2.50
       1.468     0.650000         9686         2.86
       1.524     0.700000        10430         3.33
       1.582     0.750000        11175         4.00
       1.617     0.775000        11555         4.44
       1.653     0.800000        11920         5.00
       1.692     0.825000        12299         5.71
       1.732     0.850000        12676         6.67
       1.787     0.875000        13040         8.00
       1.816     0.887500        13225         8.89
       1.850     0.900000        13412        10.00
       1.887     0.912500        13600        11.43
       1.928     0.925000        13786        13.33
       1.971     0.937500        13972        16.00
       1.992     0.943750        14064        17.78
       2.024     0.950000        14155        20.00
       2.057     0.956250        14249        22.86
       2.089     0.962500        14344        26.67
       2.139     0.968750        14436        32.00
       2.157     0.971875        14483        35.56
       2.179     0.975000        14530        40.00
       2.203     0.978125        14580        45.71
       2.225     0.981250        14623        53.33
       2.251     0.984375        14669        64.00
       2.271     0.985938        14694        71.11
       2.285     0.987500        14715        80.00
       2.309     0.989062        14742        91.43
       2.335     0.990625        14762       106.67
       2.367     0.992188        14785       128.00
       2.381     0.992969        14796       142.22
       2.399     0.993750        14807       160.00
       2.413     0.994531        14819       182.86
       2.431     0.995313        14831       213.33
       2.459     0.996094        14842       256.00
       2.477     0.996484        14849       284.44
       2.485     0.996875        14854       320.00
       2.493     0.997266        14860       365.71
       2.519     0.997656        14867       426.67
       2.529     0.998047        14871       512.00
       2.545     0.998242        14874       568.89
       2.555     0.998437        14879       640.00
       2.557     0.998633        14881       731.43
       2.569     0.998828        14883       853.33
       2.575     0.999023        14886      1024.00
       2.585     0.999121        14887      1137.78
       2.593     0.999219        14889      1280.00
       2.599     0.999316        14890      1462.86
       2.601     0.999414        14892      1706.67
       2.603     0.999512        14893      2048.00
       2.637     0.999561        14894      2275.56
       2.687     0.999609        14895      2560.00
       2.687     0.999658        14895      2925.71
       2.727     0.999707        14896      3413.33
       2.729     0.999756        14897      4096.00
       2.729     0.999780        14897      4551.11
       2.755     0.999805        14898      5120.00
       2.755     0.999829        14898      5851.43
       2.755     0.999854        14898      6826.67
       2.809     0.999878        14899      8192.00
       2.809     0.999890        14899      9102.22
       2.809     0.999902        14899     10240.00
       2.809     0.999915        14899     11702.86
       2.809     0.999927        14899     13653.33
       2.843     0.999939        14900     16384.00
       2.843     1.000000        14900          inf
#[Mean    =        1.327, StdDeviation   =        0.394]
#[Max     =        2.842, Total count    =        14900]
#[Buckets =           27, SubBuckets     =         2048]
----------------------------------------------------------
  18002 requests in 1.00m, 0.86GB read
Requests/sec:    300.02
Transfer/sec:     14.69MB

--- metrics ---
requests=18002
duration_s=60.002633
bytes=924528714
rps=300.02
p50_ms=1.309
p95_ms=2.024
p99_ms=2.323
p999_ms=2.571
err_connect=0
err_read=0
err_write=0
err_status=0
err_timeout=0
--- end ---
