Running 1m test @ http://127.0.0.1:8082/json
  2 threads and 100 connections
  Thread calibration: mean lat.: 269.370ms, rate sampling interval: 889ms
  Thread calibration: mean lat.: 261.684ms, rate sampling interval: 875ms
  Thread Stats   Avg      Stdev     Max   +/- Stdev
    Latency     2.04s   903.96ms   3.68s    56.18%
    Req/Sec     0.94k    41.59     1.02k    65.77%
  Latency Distribution (HdrHistogram - Recorded Latency)
 50.000%    1.84s 
 75.000%    2.87s 
 90.000%    3.40s 
 99.000%    3.61s 
 99.900%    3.67s 
 99.990%    3.68s 
 99.999%    3.69s 
100.000%    3.69s 

  Detailed Percentile spectrum:
       Value   Percentile   TotalCount 1/(1-Percentile)

     464.383     0.000000            2         1.00
     940.031     0.100000         9316         1.11
    1087.487     0.200000        18681         1.25
    1488.895     0.300000        27946         1.43
    1686.527     0.400000        37264         1.67
    1838.079     0.500000        46591         2.00
    2056.191     0.550000        51235         2.22
    2295.807     0.600000        55898         2.50
    2469.887     0.650000        60580         2.86
    2660.351     0.700000        65209         3.33
    2867.199     0.750000        69856         4.00
    2920.447     0.775000        72191         4.44
    3014.655     0.800000        74530         5.00
    3135.487     0.825000        76889         5.71
    3299.327     0.850000        79189         6.67
    3383.295     0.875000        81618         8.00
    3391.487     0.887500        82979         8.89
    3397.631     0.900000        84086        10.00
    3403.775     0.912500        85228        11.43
    3409.919     0.925000        86336        13.33
    3418.111     0.937500        87539        16.00
    3422.207     0.943750        88027        17.78
    3428.351     0.950000        88576        20.00
    3442.687     0.956250        89099        22.86
    3479.551     0.962500        89672        26.67
    3526.655     0.968750        90255        32.00
    3543.039     0.971875        90560        35.56
    3555.327     0.975000        90820        40.00
    3569.663     0.978125        91117        45.71
    3579.903     0.981250        91399        53.33
    3592.191     0.984375        91705        64.00
    3598.335     0.985938        91855        71.11
    3604.479     0.987500        92022        80.00
    3608.575     0.989062        92132        91.43
    3614.719     0.990625        92301       106.67
    3620.863     0.992188        92445       128.00
    3624.959     0.992969        92503       142.22
    3629.055     0.993750        92572       160.00
    3633.151     0.994531        92638       182.86
    3639.295     0.995313        92732       213.33
    3643.391     0.996094        92809       256.00
    3645.439     0.996484        92842       284.44
    3647.487     0.996875        92877       320.00
    3649.535     0.997266        92902       365.71
    3651.583     0.997656        92926       426.67
    3655.679     0.998047        92966       512.00
    3657.727     0.998242        92986       568.89
    3659.775     0.998437        93002       640.00
    3661.823     0.998633        93016       731.43
    3663.871     0.998828        93033       853.33
    3667.967     0.999023        93068      1024.00
    3667.967     0.999121        93068      1137.78
    3670.015     0.999219        93083      1280.00
    3670.015     0.999316        93083      1462.86
    3672.063     0.999414        93095      1706.67
    3674.111     0.999512        93105      2048.00
    3674.111     0.999561        93105      2275.56
    3674.111     0.999609        93105      2560.00
    3676.159     0.999658        93112      2925.71
    3678.207     0.999707        93118      3413.33
    3680.255     0.999756        93125      4096.00
    3680.255     0.999780        93125      4551.11
    3680.255     0.999805        93125      5120.00
    3682.303     0.999829        93131      5851.43
    3682.303     0.999854        93131      6826.67
    3682.303     0.999878        93131      8192.00
    3682.303     0.999890        93131      9102.22
    3684.351     0.999902        93139     10240.00
    3684.351     0.999915        93139     11702.86
    3684.351     0.999927        93139     13653.33
    3684.351     0.999939        93139     16384.00
    3684.351     0.999945        93139     18204.44
    3684.351     0.999951        93139     20480.00
    3684.351     0.999957        93139     23405.71
    3684.351     0.999963        93139     27306.67
    3684.351     0.999969        93139     32768.00
    3684.351     0.999973        93139     36408.89
    3684.351     0.999976        93139     40960.00
    3686.399     0.999979        93141     46811.43
    3686.399     1.000000        93141          inf
#[Mean    =     2042.574, StdDeviation   =      903.955]
#[Max     =     3684.352, Total count    =        93141]
#[Buckets =           27, SubBuckets     =         2048]
----------------------------------------------------------
  110721 requests in 1.00m, 123.65MB read
Requests/sec:   1845.33
Transfer/sec:      2.06MB

--- metrics ---
requests=110721
duration_s=60.000515
bytes=129654291
rps=1845.33
p50_ms=1838.079
p95_ms=3428.351
p99_ms=3612.671
p999_ms=3665.919
err_connect=0
err_read=0
err_write=0
err_status=0
err_timeout=0
--- end ---
