Running 1m test @ http://127.0.0.1:8080/json
  2 threads and 100 connections
  Thread calibration: mean lat.: 1.308ms, rate sampling interval: 10ms
  Thread calibration: mean lat.: 1.303ms, rate sampling interval: 10ms
  Thread Stats   Avg      Stdev     Max   +/- Stdev
    Latency     1.30ms  486.71us   5.22ms   67.48%
    Req/Sec     1.05k   134.73     1.67k    75.20%
  Latency Distribution (HdrHistogram - Recorded Latency)
 50.000%    1.24ms
 75.000%    1.60ms
 90.000%    1.97ms
 99.000%    2.59ms
 99.900%    3.05ms
 99.990%    4.12ms
 99.999%    5.09ms
100.000%    5.22ms

  Detailed Percentile spectrum:
       Value   Percentile   TotalCount 1/(1-Percentile)

       0.146     0.000000            1         1.00
       0.720     0.100000        10009         1.11
       0.862     0.200000        19931         1.25
       0.988     0.300000        29865         1.43
       1.113     0.400000        39832         1.67
       1.240     0.500000        49818         2.00
       1.304     0.550000        54752         2.22
       1.373     0.600000        59746         2.50
       1.444     0.650000        64723         2.86
       1.518     0.700000        69658         3.33
       1.604     0.750000        74654         4.00
       1.652     0.775000        77142         4.44
       1.702     0.800000        79628         5.00
       1.759     0.825000        82124         5.71
       1.820     0.850000        84612         6.67
       1.889     0.875000        87075         8.00
       1.927     0.887500        88317         8.89
       1.969     0.900000        89581        10.00
       2.016     0.912500        90805        11.43
       2.065     0.925000        92047        13.33
       2.125     0.937500        93328        16.00
       2.155     0.943750        93913        17.78
       2.191     0.950000        94550        20.00
       2.231     0.956250        95147        22.86
       2.283     0.962500        95777        26.67
       2.341     0.968750        96398        32.00
       2.373     0.971875        96717        35.56
       2.403     0.975000        97023        40.00
       2.435     0.978125        97342        45.71
       2.471     0.981250        97647        53.33
       2.509     0.984375        97950        64.00
       2.527     0.985938        98101        71.11
       2.549     0.987500        98270        80.00
       2.573     0.989062        98414        91.43
       2.599     0.990625        98583       106.67
       2.629     0.992188        98729       128.00
       2.643     0.992969        98801       142.22
       2.667     0.993750        98896       160.00
       2.685     0.994531        98965       182.86
       2.705     0.995313        99035       213.33
       2.731     0.996094        99112       256.00
       2.749     0.996484        99151       284.44
       2.769     0.996875        99191       320.00
       2.793     0.997266        99230       365.71
       2.831     0.997656        99268       426.67
       2.875     0.998047        99306       512.00
       2.897     0.998242        99327       568.89
       2.921     0.998437        99345       640.00
       2.959     0.998633        99364       731.43
       3.015     0.998828        99384       853.33
       3.047     0.999023        99403      1024.00
       3.083     0.999121        99413      1137.78
       3.127     0.999219        99423      1280.00
       3.165     0.999316        99432      1462.86
       3.195     0.999414        99442      1706.67
       3.279     0.999512        99453      2048.00
       3.347     0.999561        99457      2275.56
       3.399     0.999609        99462      2560.00
       3.449     0.999658        99467      2925.71
       3.533     0.999707        99471      3413.33
       3.595     0.999756        99476      4096.00
       3.637     0.999780        99479      4551.11
       3.685     0.999805        99481      5120.00
       3.737     0.999829        99483      5851.43
       3.801     0.999854        99486      6826.67
       3.815     0.999878        99488      8192.00
       4.123     0.999890        99490      9102.22
       4.231     0.999902        99491     10240.00
       4.303     0.999915        99492     11702.86
       4.383     0.999927        99493     13653.33
       4.443     0.999939        99494     16384.00
       4.491     0.999945        99495     18204.44
       4.747     0.999951        99496     20480.00
       4.747     0.999957        99496     23405.71
       5.055     0.999963        99497     27306.67
       5.055     0.999969        99497     32768.00
       5.063     0.999973        99498     36408.89
       5.063     0.999976        99498     40960.00
       5.063     0.999979        99498     46811.43
       5.087     0.999982        99499     54613.33
       5.087     0.999985        99499     65536.00
       5.087     0.999986        99499     72817.78
       5.087     0.999988        99499     81920.00
       5.087     0.999989        99499     93622.86
       5.223     0.999991        99500    109226.67
       5.223     1.000000        99500          inf
#[Mean    =        1.298, StdDeviation   =        0.487]
#[Max     =        5.220, Total count    =        99500]
#[Buckets =           27, SubBuckets     =         2048]
----------------------------------------------------------
  119803 requests in 1.00m, 132.31MB read
Requests/sec:   1996.65
Transfer/sec:      2.21MB

--- metrics ---
requests=119803
duration_s=60.001970
bytes=138731874
rps=1996.65
p50_ms=1.240
p95_ms=2.191
p99_ms=2.587
p999_ms=3.045
err_connect=0
err_read=0
err_write=0
err_status=0
err_timeout=0
--- end ---
