Running 1m test @ http://127.0.0.1:8080/file1m
  2 threads and 50 connections
  Thread calibration: mean lat.: 4.555ms, rate sampling interval: 11ms
  Thread calibration: mean lat.: 5.001ms, rate sampling interval: 12ms
  Thread Stats   Avg      Stdev     Max   +/- Stdev
    Latency     4.61ms    2.77ms  46.91ms   95.84%
    Req/Sec    25.36     68.91   363.00     88.09%
  Latency Distribution (HdrHistogram - Recorded Latency)
 50.000%    4.38ms
 75.000%    4.97ms
 90.000%    5.90ms
 99.000%    9.45ms
 99.900%   45.63ms
 99.990%   46.94ms
 99.999%   46.94ms
100.000%   46.94ms

  Detailed Percentile spectrum:
       Value   Percentile   TotalCount 1/(1-Percentile)

       0.847     0.000000            1         1.00
       3.111     0.100000          246         1.11
       3.637     0.200000          490         1.25
       3.921     0.300000          735         1.43
       4.163     0.400000          984         1.67
       4.375     0.500000         1227         2.00
       4.467     0.550000         1350         2.22
       4.571     0.600000         1472         2.50
       4.683     0.650000         1593         2.86
       4.807     0.700000         1719         3.33
       4.971     0.750000         1840         4.00
       5.055     0.775000         1899         4.44
       5.147     0.800000         1961         5.00
       5.299     0.825000         2024         5.71
       5.479     0.850000         2083         6.67
       5.667     0.875000         2144         8.00
       5.799     0.887500         2175         8.89
       5.899     0.900000         2205        10.00
       6.079     0.912500         2236        11.43
       6.227     0.925000         2267        13.33
       6.379     0.937500         2297        16.00
       6.499     0.943750         2315        17.78
       6.611     0.950000         2328        20.00
       6.815     0.956250         2343        22.86
       7.039     0.962500         2359        26.67
       7.287     0.968750         2374        32.00
       7.411     0.971875         2382        35.56
       7.603     0.975000         2389        40.00
       7.803     0.978125         2397        45.71
       8.391     0.981250         2405        53.33
       8.671     0.984375         2412        64.00
       8.967     0.985938         2416        71.11
       9.119     0.987500         2420        80.00
       9.303     0.989062         2424        91.43
       9.495     0.990625         2428       106.67
       9.647     0.992188         2431       128.00
       9.695     0.992969         2433       142.22
       9.975     0.993750         2435       160.00
      10.047     0.994531         2437       182.86
      10.271     0.995313         2439       213.33
      16.447     0.996094         2441       256.00
      44.287     0.996484         2442       284.44
      44.575     0.996875         2443       320.00
      45.247     0.997266         2444       365.71
      45.343     0.997656         2446       426.67
      45.343     0.998047         2446       512.00
      45.343     0.998242         2446       568.89
      45.471     0.998437         2447       640.00
      45.471     0.998633         2447       731.43
      45.631     0.998828         2448       853.33
      45.631     0.999023         2448      1024.00
      45.631     0.999121         2448      1137.78
      46.239     0.999219         2449      1280.00
      46.239     0.999316         2449      1462.86
      46.239     0.999414         2449      1706.67
      46.239     0.999512         2449      2048.00
      46.239     0.999561         2449      2275.56
      46.943     0.999609         2450      2560.00
      46.943     1.000000         2450          inf
#[Mean    =        4.612, StdDeviation   =        2.772]
#[Max     =       46.912, Total count    =         2450]
#[Buckets =           27, SubBuckets     =         2048]
----------------------------------------------------------
  3002 requests in 1.00m, 2.93GB read
Requests/sec:     50.03
Transfer/sec:     50.03MB

--- metrics ---
requests=3002
duration_s=60.006822
bytes=3148280440
rps=50.03
p50_ms=4.375
p95_ms=6.611
p99_ms=9.455
p999_ms=45.631
err_connect=0
err_read=0
err_write=0
err_status=0
err_timeout=0
--- end ---
