Running 1m test @ http://127.0.0.1:8083/json
  2 threads and 100 connections
  Thread calibration: mean lat.: 1.215ms, rate sampling interval: 10ms
  Thread calibration: mean lat.: 1.111ms, rate sampling interval: 10ms
  Thread Stats   Avg      Stdev     Max   +/- Stdev
    Latency     1.16ms  506.89us   4.94ms   65.97%
    Req/Sec     1.05k   138.65     1.67k    80.86%
  Latency Distribution (HdrHistogram - Recorded Latency)
 50.000%    1.09ms
 75.000%    1.50ms
 90.000%    1.87ms
 99.000%    2.43ms
 99.900%    2.92ms
 99.990%    4.12ms
 99.999%    4.46ms
100.000%    4.95ms

  Detailed Percentile spectrum:
       Value   Percentile   TotalCount 1/(1-Percentile)

       0.084     0.000000            1         1.00
       0.549     0.100000         9984         1.11
       0.695     0.200000        19901         1.25
       0.822     0.300000        29879         1.43
       0.951     0.400000        39844         1.67
       1.086     0.500000        49817         2.00
       1.156     0.550000        54725         2.22
       1.231     0.600000        59714         2.50
       1.314     0.650000        64696         2.86
       1.403     0.700000        69670         3.33
       1.499     0.750000        74665         4.00
       1.550     0.775000        77129         4.44
       1.606     0.800000        79633         5.00
       1.666     0.825000        82114         5.71
       1.728     0.850000        84611         6.67
       1.795     0.875000        87063         8.00
       1.832     0.887500        88337         8.89
       1.870     0.900000        89551        10.00
       1.913     0.912500        90805        11.43
       1.956     0.925000        92047        13.33
       2.005     0.937500        93300        16.00
       2.033     0.943750        93911        17.78
       2.065     0.950000        94540        20.00
       2.099     0.956250        95148        22.86
       2.139     0.962500        95785        26.67
       2.183     0.968750        96407        32.00
       2.207     0.971875        96718        35.56
       2.237     0.975000        97018        40.00
       2.269     0.978125        97336        45.71
       2.305     0.981250        97649        53.33
       2.345     0.984375        97958        64.00
       2.365     0.985938        98111        71.11
       2.389     0.987500        98259        80.00
       2.419     0.989062        98415        91.43
       2.451     0.990625        98573       106.67
       2.483     0.992188        98723       128.00
       2.507     0.992969        98801       142.22
       2.531     0.993750        98882       160.00
       2.553     0.994531        98956       182.86
       2.585     0.995313        99037       213.33
       2.619     0.996094        99114       256.00
       2.643     0.996484        99152       284.44
       2.669     0.996875        99191       320.00
       2.697     0.997266        99228       365.71
       2.725     0.997656        99267       426.67
       2.773     0.998047        99306       512.00
       2.793     0.998242        99326       568.89
       2.819     0.998437        99346       640.00
       2.855     0.998633        99365       731.43
       2.883     0.998828        99385       853.33
       2.929     0.999023        99404      1024.00
       2.951     0.999121        99413      1137.78
       2.985     0.999219        99423      1280.00
       3.015     0.999316        99432      1462.86
       3.081     0.999414        99442      1706.67
       3.161     0.999512        99452      2048.00
       3.199     0.999561        99457      2275.56
       3.273     0.999609        99462      2560.00
       3.451     0.999658        99466      2925.71
       3.581     0.999707        99471      3413.33
       3.749     0.999756        99476      4096.00
       3.761     0.999780        99479      4551.11
       3.797     0.999805        99482      5120.00
       3.805     0.999829        99483      5851.43
       3.927     0.999854        99486      6826.67
       4.075     0.999878        99488      8192.00
       4.123     0.999890        99490      9102.22
       4.139     0.999902        99491     10240.00
       4.187     0.999915        99492     11702.86
       4.227     0.999927        99493     13653.33
       4.267     0.999939        99494     16384.00
       4.275     0.999945        99495     18204.44
       4.315     0.999951        99496     20480.00
       4.315     0.999957        99496     23405.71
       4.323     0.999963        99498     27306.67
       4.323     0.999969        99498     32768.00
       4.323     0.999973        99498     36408.89
       4.323     0.999976        99498     40960.00
       4.323     0.999979        99498     46811.43
       4.459     0.999982        99499     54613.33
       4.459     0.999985        99499     65536.00
       4.459     0.999986        99499     72817.78
       4.459     0.999988        99499     81920.00
       4.459     0.999989        99499     93622.86
       4.947     0.999991        99500    109226.67
       4.947     1.000000        99500          inf
#[Mean    =        1.155, StdDeviation   =        0.507]
#[Max     =        4.944, Total count    =        99500]
#[Buckets =           27, SubBuckets     =         2048]
----------------------------------------------------------
  119802 requests in 1.00m, 146.13MB read
Requests/sec:   1996.60
Transfer/sec:      2.44MB

--- metrics ---
requests=119802
duration_s=60.002887
bytes=153226258
rps=1996.60
p50_ms=1.086
p95_ms=2.065
p99_ms=2.435
p999_ms=2.925
err_connect=0
err_read=0
err_write=0
err_status=0
err_timeout=0
--- end ---
