Running 1m test @ http://127.0.0.1:8083/file50k
  2 threads and 100 connections
  Thread calibration: mean lat.: 1.270ms, rate sampling interval: 10ms
  Thread calibration: mean lat.: 1.261ms, rate sampling interval: 10ms
  Thread Stats   Avg      Stdev     Max   +/- Stdev
    Latency     1.28ms  395.63us   2.66ms   66.11%
    Req/Sec   158.20     94.10   333.00     71.16%
  Latency Distribution (HdrHistogram - Recorded Latency)
 50.000%    1.26ms
 75.000%    1.54ms
 90.000%    1.80ms
 99.000%    2.26ms
 99.900%    2.48ms
 99.990%    2.65ms
 99.999%    2.66ms
100.000%    2.66ms

  Detailed Percentile spectrum:
       Value   Percentile   TotalCount 1/(1-Percentile)

       0.286     0.000000            1         1.00
       0.764     0.100000         1493         1.11
       0.908     0.200000         2991         1.25
       1.037     0.300000         4470         1.43
       1.154     0.400000         5962         1.67
       1.264     0.500000         7451         2.00
       1.316     0.550000         8198         2.22
       1.370     0.600000         8941         2.50
       1.427     0.650000         9692         2.86
       1.486     0.700000        10433         3.33
       1.545     0.750000        11185         4.00
       1.574     0.775000        11548         4.44
       1.607     0.800000        11926         5.00
       1.647     0.825000        12296         5.71
       1.687     0.850000        12670         6.67
       1.737     0.875000        13045         8.00
       1.763     0.887500        13228         8.89
       1.796     0.900000        13417        10.00
       1.832     0.912500        13601        11.43
       1.871     0.925000        13783        13.33
       1.912     0.937500        13969        16.00
       1.936     0.943750        14062        17.78
       1.967     0.950000        14157        20.00
       1.995     0.956250        14253        22.86
       2.027     0.962500        14348        26.67
       2.063     0.968750        14436        32.00
       2.083     0.971875        14487        35.56
       2.103     0.975000        14532        40.00
       2.131     0.978125        14577        45.71
       2.161     0.981250        14623        53.33
       2.193     0.984375        14669        64.00
       2.213     0.985938        14691        71.11
       2.233     0.987500        14714        80.00
       2.245     0.989062        14741        91.43
       2.265     0.990625        14762       106.67
       2.289     0.992188        14785       128.00
       2.307     0.992969        14796       142.22
       2.319     0.993750        14808       160.00
       2.343     0.994531        14819       182.86
       2.363     0.995313        14833       213.33
       2.377     0.996094        14843       256.00
       2.385     0.996484        14848       284.44
       2.393     0.996875        14855       320.00
       2.407     0.997266        14860       365.71
       2.425     0.997656        14868       426.67
       2.435     0.998047        14872       512.00
       2.441     0.998242        14874       568.89
       2.451     0.998437        14877       640.00
       2.465     0.998633        14882       731.43
       2.471     0.998828        14883       853.33
       2.485     0.999023        14886      1024.00
       2.487     0.999121        14887      1137.78
       2.505     0.999219        14889      1280.00
       2.507     0.999316        14890      1462.86
       2.529     0.999414        14892      1706.67
       2.547     0.999512        14893      2048.00
       2.549     0.999561        14894      2275.56
       2.551     0.999609        14895      2560.00
       2.551     0.999658        14895      2925.71
       2.559     0.999707        14896      3413.33
       2.583     0.999756        14897      4096.00
       2.583     0.999780        14897      4551.11
       2.617     0.999805        14898      5120.00
       2.617     0.999829        14898      5851.43
       2.617     0.999854        14898      6826.67
       2.653     0.999878        14899      8192.00
       2.653     0.999890        14899      9102.22
       2.653     0.999902        14899     10240.00
       2.653     0.999915        14899     11702.86
       2.653     0.999927        14899     13653.33
       2.659     0.999939        14900     16384.00
       2.659     1.000000        14900          inf
#[Mean    =        1.276, StdDeviation   =        0.396]
#[Max     =        2.658, Total count    =        14900]
#[Buckets =           27, SubBuckets     =         2048]
----------------------------------------------------------
  18002 requests in 1.00m, 0.86GB read
Requests/sec:    300.02
Transfer/sec:     14.73MB

--- metrics ---
requests=18002
duration_s=60.002650
bytes=926472930
rps=300.02
p50_ms=1.264
p95_ms=1.967
p99_ms=2.255
p999_ms=2.485
err_connect=0
err_read=0
err_write=0
err_status=0
err_timeout=0
--- end ---
