Running 1m test @ http://127.0.0.1:8082/file50k
  2 threads and 100 connections
  Thread calibration: mean lat.: 247.133ms, rate sampling interval: 636ms
  Thread calibration: mean lat.: 246.979ms, rate sampling interval: 637ms
  Thread Stats   Avg      Stdev     Max   +/- Stdev
    Latency   247.23ms   58.99ms 334.59ms   69.95%
    Req/Sec   149.64     11.45   157.00     79.49%
  Latency Distribution (HdrHistogram - Recorded Latency)
 50.000%  251.13ms
 75.000%  293.12ms
 90.000%  318.46ms
 99.000%  333.31ms
 99.900%  334.08ms
 99.990%  334.85ms
 99.999%  334.85ms
100.000%  334.85ms

  Detailed Percentile spectrum:
       Value   Percentile   TotalCount 1/(1-Percentile)

       1.176     0.000000            1         1.00
     182.527     0.100000         1497         1.11
     200.063     0.200000         2984         1.25
     217.215     0.300000         4472         1.43
     234.367     0.400000         5966         1.67
     251.135     0.500000         7458         2.00
     259.199     0.550000         8197         2.22
     268.287     0.600000         8953         2.50
     276.223     0.650000         9712         2.86
     284.671     0.700000        10444         3.33
     293.119     0.750000        11191         4.00
     297.215     0.775000        11556         4.44
     301.311     0.800000        11920         5.00
     305.663     0.825000        12308         5.71
     309.503     0.850000        12666         6.67
     313.599     0.875000        13038         8.00
     315.903     0.887500        13229         8.89
     318.463     0.900000        13417        10.00
     319.999     0.912500        13624        11.43
     322.559     0.925000        13818        13.33
     324.095     0.937500        13978        16.00
     326.399     0.943750        14104        17.78
     326.911     0.950000        14185        20.00
     327.423     0.956250        14250        22.86
     328.959     0.962500        14357        26.67
     329.471     0.968750        14448        32.00
     329.727     0.971875        14498        35.56
     329.983     0.975000        14536        40.00
     330.495     0.978125        14584        45.71
     332.543     0.981250        14631        53.33
     332.799     0.984375        14679        64.00
     333.055     0.985938        14738        71.11
     333.055     0.987500        14738        80.00
     333.055     0.989062        14738        91.43
     333.311     0.990625        14790       106.67
     333.311     0.992188        14790       128.00
     333.567     0.992969        14838       142.22
     333.567     0.993750        14838       160.00
     333.567     0.994531        14838       182.86
     333.567     0.995313        14838       213.33
     333.823     0.996094        14872       256.00
     333.823     0.996484        14872       284.44
     333.823     0.996875        14872       320.00
     333.823     0.997266        14872       365.71
     333.823     0.997656        14872       426.67
     333.823     0.998047        14872       512.00
     334.079     0.998242        14885       568.89
     334.079     0.998437        14885       640.00
     334.079     0.998633        14885       731.43
     334.079     0.998828        14885       853.33
     334.335     0.999023        14893      1024.00
     334.335     0.999121        14893      1137.78
     334.335     0.999219        14893      1280.00
     334.335     0.999316        14893      1462.86
     334.335     0.999414        14893      1706.67
     334.335     0.999512        14893      2048.00
     334.591     0.999561        14898      2275.56
     334.591     0.999609        14898      2560.00
     334.591     0.999658        14898      2925.71
     334.591     0.999707        14898      3413.33
     334.591     0.999756        14898      4096.00
     334.591     0.999780        14898      4551.11
     334.591     0.999805        14898      5120.00
     334.591     0.999829        14898      5851.43
     334.591     0.999854        14898      6826.67
     334.847     0.999878        14900      8192.00
     334.847     1.000000        14900          inf
#[Mean    =      247.233, StdDeviation   =       58.993]
#[Max     =      334.592, Total count    =        14900]
#[Buckets =           27, SubBuckets     =         2048]
----------------------------------------------------------
  17904 requests in 1.00m, 0.86GB read
Requests/sec:    298.38
Transfer/sec:     14.61MB

--- metrics ---
requests=17904
duration_s=60.003414
bytes=919477824
rps=298.38
p50_ms=251.135
p95_ms=326.911
p99_ms=333.311
p999_ms=334.079
err_connect=0
err_read=0
err_write=0
err_status=0
err_timeout=0
--- end ---
