Running 1m test @ http://127.0.0.1:8084/file50k
  2 threads and 100 connections
  Thread calibration: mean lat.: 1.392ms, rate sampling interval: 10ms
  Thread calibration: mean lat.: 1.394ms, rate sampling interval: 10ms
  Thread Stats   Avg      Stdev     Max   +/- Stdev
    Latency     1.39ms  381.13us   3.01ms   67.11%
    Req/Sec   158.95     95.60   333.00     70.65%
  Latency Distribution (HdrHistogram - Recorded Latency)
 50.000%    1.38ms
 75.000%    1.65ms
 90.000%    1.88ms
 99.000%    2.36ms
 99.900%    2.66ms
 99.990%    2.96ms
 99.999%    3.02ms
100.000%    3.02ms

  Detailed Percentile spectrum:
       Value   Percentile   TotalCount 1/(1-Percentile)

       0.296     0.000000            1         1.00
       0.892     0.100000         1490         1.11
       1.048     0.200000         2988         1.25
       1.170     0.300000         4472         1.43
       1.280     0.400000         5960         1.67
       1.383     0.500000         7450         2.00
       1.433     0.550000         8206         2.22
       1.482     0.600000         8948         2.50
       1.533     0.650000         9698         2.86
       1.587     0.700000        10440         3.33
       1.648     0.750000        11183         4.00
       1.680     0.775000        11552         4.44
       1.713     0.800000        11920         5.00
       1.750     0.825000        12301         5.71
       1.790     0.850000        12673         6.67
       1.830     0.875000        13041         8.00
       1.854     0.887500        13226         8.89
       1.882     0.900000        13417        10.00
       1.913     0.912500        13598        11.43
       1.947     0.925000        13786        13.33
       1.989     0.937500        13973        16.00
       2.010     0.943750        14064        17.78
       2.040     0.950000        14156        20.00
       2.073     0.956250        14256        22.86
       2.101     0.962500        14343        26.67
       2.143     0.968750        14436        32.00
       2.169     0.971875        14482        35.56
       2.187     0.975000        14528        40.00
       2.217     0.978125        14577        45.71
       2.245     0.981250        14622        53.33
       2.277     0.984375        14668        64.00
       2.293     0.985938        14692        71.11
       2.321     0.987500        14715        80.00
       2.345     0.989062        14739        91.43
       2.371     0.990625        14761       106.67
       2.397     0.992188        14784       128.00
       2.427     0.992969        14796       142.22
       2.443     0.993750        14808       160.00
       2.463     0.994531        14819       182.86
       2.487     0.995313        14831       213.33
       2.509     0.996094        14843       256.00
       2.541     0.996484        14848       284.44
       2.559     0.996875        14855       320.00
       2.565     0.997266        14862       365.71
       2.579     0.997656        14866       426.67
       2.613     0.998047        14871       512.00
       2.627     0.998242        14876       568.89
       2.629     0.998437        14877       640.00
       2.639     0.998633        14880       731.43
       2.653     0.998828        14883       853.33
       2.673     0.999023        14886      1024.00
       2.677     0.999121        14887      1137.78
       2.693     0.999219        14890      1280.00
       2.693     0.999316        14890      1462.86
       2.723     0.999414        14893      1706.67
       2.723     0.999512        14893      2048.00
       2.743     0.999561        14894      2275.56
       2.777     0.999609        14895      2560.00
       2.777     0.999658        14895      2925.71
       2.797     0.999707        14896      3413.33
       2.881     0.999756        14897      4096.00
       2.881     0.999780        14897      4551.11
       2.883     0.999805        14898      5120.00
       2.883     0.999829        14898      5851.43
       2.883     0.999854        14898      6826.67
       2.959     0.999878        14899      8192.00
       2.959     0.999890        14899      9102.22
       2.959     0.999902        14899     10240.00
       2.959     0.999915        14899     11702.86
       2.959     0.999927        14899     13653.33
       3.015     0.999939        14900     16384.00
       3.015     1.000000        14900          inf
#[Mean    =        1.392, StdDeviation   =        0.381]
#[Max     =        3.014, Total count    =        14900]
#[Buckets =           27, SubBuckets     =         2048]
----------------------------------------------------------
  18002 requests in 1.00m, 0.86GB read
Requests/sec:    300.02
Transfer/sec:     14.69MB

--- metrics ---
requests=18002
duration_s=60.002604
bytes=924168674
rps=300.02
p50_ms=1.383
p95_ms=2.040
p99_ms=2.357
p999_ms=2.661
err_connect=0
err_read=0
err_write=0
err_status=0
err_timeout=0
--- end ---
