Running 1m test @ http://127.0.0.1:8084/json
  2 threads and 100 connections
  Thread calibration: mean lat.: 1.196ms, rate sampling interval: 10ms
  Thread calibration: mean lat.: 1.226ms, rate sampling interval: 10ms
  Thread Stats   Avg      Stdev     Max   +/- Stdev
    Latency     1.22ms  467.41us   4.66ms   67.36%
    Req/Sec     1.05k   157.71     1.67k    83.22%
  Latency Distribution (HdrHistogram - Recorded Latency)
 50.000%    1.16ms
 75.000%    1.53ms
 90.000%    1.86ms
 99.000%    2.48ms
 99.900%    2.73ms
 99.990%    3.73ms
 99.999%    4.54ms
100.000%    4.67ms

  Detailed Percentile spectrum:
       Value   Percentile   TotalCount 1/(1-Percentile)

       0.138     0.000000            1         1.00
       0.668     0.100000         9955         1.11
       0.801     0.200000        19909         1.25
       0.923     0.300000        29906         1.43
       1.041     0.400000        39804         1.67
       1.165     0.500000        49800         2.00
       1.229     0.550000        54737         2.22
       1.295     0.600000        59716         2.50
       1.368     0.650000        64709         2.86
       1.443     0.700000        69696         3.33
       1.527     0.750000        74654         4.00
       1.573     0.775000        77163         4.44
       1.622     0.800000        79649         5.00
       1.671     0.825000        82134         5.71
       1.723     0.850000        84601         6.67
       1.783     0.875000        87067         8.00
       1.818     0.887500        88342         8.89
       1.859     0.900000        89574        10.00
       1.901     0.912500        90806        11.43
       1.949     0.925000        92050        13.33
       2.004     0.937500        93288        16.00
       2.038     0.943750        93918        17.78
       2.073     0.950000        94536        20.00
       2.113     0.956250        95169        22.86
       2.159     0.962500        95786        26.67
       2.221     0.968750        96394        32.00
       2.257     0.971875        96718        35.56
       2.291     0.975000        97019        40.00
       2.327     0.978125        97337        45.71
       2.365     0.981250        97638        53.33
       2.405     0.984375        97960        64.00
       2.427     0.985938        98110        71.11
       2.447     0.987500        98274        80.00
       2.467     0.989062        98419        91.43
       2.491     0.990625        98574       106.67
       2.519     0.992188        98730       128.00
       2.533     0.992969        98809       142.22
       2.547     0.993750        98882       160.00
       2.561     0.994531        98956       182.86
       2.583     0.995313        99038       213.33
       2.603     0.996094        99120       256.00
       2.611     0.996484        99152       284.44
       2.623     0.996875        99192       320.00
       2.635     0.997266        99231       365.71
       2.645     0.997656        99268       426.67
       2.661     0.998047        99308       512.00
       2.671     0.998242        99330       568.89
       2.681     0.998437        99348       640.00
       2.693     0.998633        99365       731.43
       2.711     0.998828        99384       853.33
       2.737     0.999023        99403      1024.00
       2.751     0.999121        99414      1137.78
       2.765     0.999219        99424      1280.00
       2.781     0.999316        99432      1462.86
       2.805     0.999414        99443      1706.67
       2.843     0.999512        99452      2048.00
       2.861     0.999561        99457      2275.56
       2.897     0.999609        99462      2560.00
       2.909     0.999658        99466      2925.71
       2.963     0.999707        99471      3413.33
       3.043     0.999756        99476      4096.00
       3.063     0.999780        99479      4551.11
       3.183     0.999805        99481      5120.00
       3.211     0.999829        99483      5851.43
       3.391     0.999854        99486      6826.67
       3.419     0.999878        99488      8192.00
       3.735     0.999890        99490      9102.22
       3.739     0.999902        99491     10240.00
       3.969     0.999915        99492     11702.86
       3.997     0.999927        99493     13653.33
       4.099     0.999939        99494     16384.00
       4.131     0.999945        99495     18204.44
       4.263     0.999951        99496     20480.00
       4.263     0.999957        99496     23405.71
       4.315     0.999963        99497     27306.67
       4.315     0.999969        99497     32768.00
       4.391     0.999973        99498     36408.89
       4.391     0.999976        99498     40960.00
       4.391     0.999979        99498     46811.43
       4.543     0.999982        99499     54613.33
       4.543     0.999985        99499     65536.00
       4.543     0.999986        99499     72817.78
       4.543     0.999988        99499     81920.00
       4.543     0.999989        99499     93622.86
       4.667     0.999991        99500    109226.67
       4.667     1.000000        99500          inf
#[Mean    =        1.223, StdDeviation   =        0.467]
#[Max     =        4.664, Total count    =        99500]
#[Buckets =           27, SubBuckets     =         2048]
----------------------------------------------------------
  119803 requests in 1.00m, 129.56MB read
Requests/sec:   1996.66
Transfer/sec:      2.16MB

--- metrics ---
requests=119803
duration_s=60.001715
bytes=135856602
rps=1996.66
p50_ms=1.165
p95_ms=2.073
p99_ms=2.481
p999_ms=2.735
err_connect=0
err_read=0
err_write=0
err_status=0
err_timeout=0
--- end ---
