Running 1m test @ http://127.0.0.1:8082/file50k
  2 threads and 100 connections
  Thread calibration: mean lat.: 245.746ms, rate sampling interval: 634ms
  Thread calibration: mean lat.: 245.780ms, rate sampling interval: 634ms
  Thread Stats   Avg      Stdev     Max   +/- Stdev
    Latency   245.73ms   58.88ms 333.06ms   68.68%
    Req/Sec   149.56     12.19   157.00     80.13%
  Latency Distribution (HdrHistogram - Recorded Latency)
 50.000%  248.96ms
 75.000%  291.84ms
 90.000%  317.44ms
 99.000%  332.03ms
 99.900%  332.80ms
 99.990%  333.31ms
 99.999%  333.31ms
100.000%  333.31ms

  Detailed Percentile spectrum:
       Value   Percentile   TotalCount 1/(1-Percentile)

       1.121     0.000000            1         1.00
     180.735     0.100000         1494         1.11
     197.631     0.200000         2992         1.25
     214.655     0.300000         4476         1.43
     231.679     0.400000         5974         1.67
     248.959     0.500000         7454         2.00
     258.047     0.550000         8204         2.22
     265.983     0.600000         8953         2.50
     274.943     0.650000         9692         2.86
     283.903     0.700000        10447         3.33
     291.839     0.750000        11188         4.00
     296.447     0.775000        11567         4.44
     301.055     0.800000        11928         5.00
     304.895     0.825000        12301         5.71
     309.503     0.850000        12676         6.67
     313.087     0.875000        13043         8.00
     314.879     0.887500        13238         8.89
     317.439     0.900000        13414        10.00
     318.719     0.912500        13597        11.43
     321.791     0.925000        13818        13.33
     323.071     0.937500        13978        16.00
     325.119     0.943750        14090        17.78
     325.631     0.950000        14196        20.00
     326.143     0.956250        14260        22.86
     328.447     0.962500        14363        26.67
     328.959     0.968750        14491        32.00
     328.959     0.971875        14491        35.56
     329.215     0.975000        14537        40.00
     329.727     0.978125        14575        45.71
     331.263     0.981250        14629        53.33
     331.775     0.984375        14721        64.00
     331.775     0.985938        14721        71.11
     331.775     0.987500        14721        80.00
     332.031     0.989062        14792        91.43
     332.031     0.990625        14792       106.67
     332.031     0.992188        14792       128.00
     332.287     0.992969        14840       142.22
     332.287     0.993750        14840       160.00
     332.287     0.994531        14840       182.86
     332.287     0.995313        14840       213.33
     332.543     0.996094        14874       256.00
     332.543     0.996484        14874       284.44
     332.543     0.996875        14874       320.00
     332.543     0.997266        14874       365.71
     332.543     0.997656        14874       426.67
     332.543     0.998047        14874       512.00
     332.543     0.998242        14874       568.89
     332.799     0.998437        14891       640.00
     332.799     0.998633        14891       731.43
     332.799     0.998828        14891       853.33
     332.799     0.999023        14891      1024.00
     332.799     0.999121        14891      1137.78
     332.799     0.999219        14891      1280.00
     332.799     0.999316        14891      1462.86
     333.055     0.999414        14897      1706.67
     333.055     0.999512        14897      2048.00
     333.055     0.999561        14897      2275.56
     333.055     0.999609        14897      2560.00
     333.055     0.999658        14897      2925.71
     333.055     0.999707        14897      3413.33
     333.055     0.999756        14897      4096.00
     333.055     0.999780        14897      4551.11
     333.311     0.999805        14900      5120.00
     333.311     1.000000        14900          inf
#[Mean    =      245.732, StdDeviation   =       58.876]
#[Max     =      333.056, Total count    =        14900]
#[Buckets =           27, SubBuckets     =         2048]
----------------------------------------------------------
  17904 requests in 1.00m, 0.86GB read
Requests/sec:    298.38
Transfer/sec:     14.61MB

--- metrics ---
requests=17904
duration_s=60.004862
bytes=919477824
rps=298.38
p50_ms=248.959
p95_ms=325.631
p99_ms=332.031
p999_ms=332.799
err_connect=0
err_read=0
err_write=0
err_status=0
err_timeout=0
--- end ---
