Running 1m test @ http://127.0.0.1:8080/json
  2 threads and 100 connections
  Thread calibration: mean lat.: 1.651ms, rate sampling interval: 10ms
  Thread calibration: mean lat.: 1.349ms, rate sampling interval: 10ms
  Thread Stats   Avg      Stdev     Max   +/- Stdev
    Latency     1.46ms  590.21us   6.67ms   71.10%
    Req/Sec     1.05k     1.34k    5.55k    89.63%
  Latency Distribution (HdrHistogram - Recorded Latency)
 50.000%    1.38ms
 75.000%    1.79ms
 90.000%    2.24ms
 99.000%    3.27ms
 99.900%    4.58ms
 99.990%    5.84ms
 99.999%    6.54ms
100.000%    6.68ms

  Detailed Percentile spectrum:
       Value   Percentile   TotalCount 1/(1-Percentile)

       0.253     0.000000            1         1.00
       0.792     0.100000         9956         1.11
       0.956     0.200000        19927         1.25
       1.100     0.300000        29872         1.43
       1.237     0.400000        39807         1.67
       1.379     0.500000        49787         2.00
       1.454     0.550000        54754         2.22
       1.528     0.600000        59704         2.50
       1.608     0.650000        64747         2.86
       1.695     0.700000        69651         3.33
       1.791     0.750000        74653         4.00
       1.842     0.775000        77157         4.44
       1.897     0.800000        79612         5.00
       1.961     0.825000        82095         5.71
       2.034     0.850000        84577         6.67
       2.125     0.875000        87094         8.00
       2.175     0.887500        88347         8.89
       2.237     0.900000        89573        10.00
       2.303     0.912500        90813        11.43
       2.375     0.925000        92042        13.33
       2.453     0.937500        93297        16.00
       2.491     0.943750        93908        17.78
       2.529     0.950000        94536        20.00
       2.569     0.956250        95170        22.86
       2.611     0.962500        95779        26.67
       2.677     0.968750        96401        32.00
       2.719     0.971875        96712        35.56
       2.777     0.975000        97016        40.00
       2.847     0.978125        97329        45.71
       2.931     0.981250        97637        53.33
       3.033     0.984375        97952        64.00
       3.085     0.985938        98105        71.11
       3.147     0.987500        98261        80.00
       3.215     0.989062        98413        91.43
       3.299     0.990625        98571       106.67
       3.409     0.992188        98723       128.00
       3.473     0.992969        98801       142.22
       3.541     0.993750        98879       160.00
       3.619     0.994531        98958       182.86
       3.703     0.995313        99036       213.33
       3.797     0.996094        99113       256.00
       3.863     0.996484        99151       284.44
       3.949     0.996875        99191       320.00
       4.011     0.997266        99229       365.71
       4.111     0.997656        99267       426.67
       4.251     0.998047        99307       512.00
       4.279     0.998242        99326       568.89
       4.359     0.998437        99346       640.00
       4.439     0.998633        99364       731.43
       4.487     0.998828        99384       853.33
       4.583     0.999023        99403      1024.00
       4.651     0.999121        99413      1137.78
       4.759     0.999219        99424      1280.00
       4.827     0.999316        99432      1462.86
       4.891     0.999414        99442      1706.67
       4.943     0.999512        99453      2048.00
       5.007     0.999561        99457      2275.56
       5.059     0.999609        99462      2560.00
       5.111     0.999658        99466      2925.71
       5.255     0.999707        99471      3413.33
       5.375     0.999756        99476      4096.00
       5.407     0.999780        99480      4551.11
       5.415     0.999805        99481      5120.00
       5.543     0.999829        99483      5851.43
       5.707     0.999854        99486      6826.67
       5.775     0.999878        99488      8192.00
       5.839     0.999890        99490      9102.22
       5.867     0.999902        99491     10240.00
       5.875     0.999915        99492     11702.86
       5.979     0.999927        99493     13653.33
       6.031     0.999939        99494     16384.00
       6.099     0.999945        99495     18204.44
       6.183     0.999951        99496     20480.00
       6.183     0.999957        99496     23405.71
       6.323     0.999963        99497     27306.67
       6.323     0.999969        99497     32768.00
       6.363     0.999973        99498     36408.89
       6.363     0.999976        99498     40960.00
       6.363     0.999979        99498     46811.43
       6.539     0.999982        99499     54613.33
       6.539     0.999985        99499     65536.00
       6.539     0.999986        99499     72817.78
       6.539     0.999988        99499     81920.00
       6.539     0.999989        99499     93622.86
       6.675     0.999991        99500    109226.67
       6.675     1.000000        99500          inf
#[Mean    =        1.463, StdDeviation   =        0.590]
#[Max     =        6.672, Total count    =        99500]
#[Buckets =           27, SubBuckets     =         2048]
----------------------------------------------------------
  118903 requests in 1.00m, 131.31MB read
Requests/sec:   1981.65
Transfer/sec:      2.19MB

--- metrics ---
requests=118903
duration_s=60.001883
bytes=137689674
rps=1981.65
p50_ms=1.379
p95_ms=2.529
p99_ms=3.265
p999_ms=4.579
err_connect=0
err_read=0
err_write=0
err_status=0
err_timeout=0
--- end ---
