Running 1m test @ http://127.0.0.1:8082/file1m
  2 threads and 50 connections
  Thread calibration: mean lat.: 953.096ms, rate sampling interval: 2027ms
  Thread calibration: mean lat.: 953.962ms, rate sampling interval: 2030ms
  Thread Stats   Avg      Stdev     Max   +/- Stdev
    Latency   962.17ms  195.94ms   1.07s    96.00%
    Req/Sec    24.00      0.00    24.00    100.00%
  Latency Distribution (HdrHistogram - Recorded Latency)
 50.000%    1.00s 
 75.000%    1.01s 
 90.000%    1.02s 
 99.000%    1.06s 
 99.900%    1.07s 
 99.990%    1.07s 
 99.999%    1.07s 
100.000%    1.07s 

  Detailed Percentile spectrum:
       Value   Percentile   TotalCount 1/(1-Percentile)

       3.993     0.000000            1         1.00
     971.263     0.100000          253         1.11
     981.503     0.200000          498         1.25
     989.695     0.300000          750         1.43
     996.863     0.400000         1003         1.67
    1003.519     0.500000         1240         2.00
    1006.591     0.550000         1372         2.22
    1008.639     0.600000         1504         2.50
    1010.175     0.650000         1630         2.86
    1011.199     0.700000         1715         3.33
    1013.247     0.750000         1876         4.00
    1013.759     0.775000         1901         4.44
    1015.295     0.800000         1971         5.00
    1016.831     0.825000         2039         5.71
    1018.367     0.850000         2086         6.67
    1020.415     0.875000         2149         8.00
    1021.439     0.887500         2176         8.89
    1022.975     0.900000         2210        10.00
    1024.511     0.912500         2237        11.43
    1027.071     0.925000         2270        13.33
    1031.679     0.937500         2299        16.00
    1034.239     0.943750         2313        17.78
    1037.311     0.950000         2330        20.00
    1040.383     0.956250         2344        22.86
    1042.431     0.962500         2359        26.67
    1044.479     0.968750         2375        32.00
    1045.503     0.971875         2383        35.56
    1046.015     0.975000         2390        40.00
    1047.551     0.978125         2398        45.71
    1048.575     0.981250         2406        53.33
    1050.623     0.984375         2412        64.00
    1051.647     0.985938         2417        71.11
    1052.671     0.987500         2420        80.00
    1055.743     0.989062         2425        91.43
    1057.791     0.990625         2431       106.67
    1057.791     0.992188         2431       128.00
    1058.815     0.992969         2433       142.22
    1059.839     0.993750         2436       160.00
    1060.863     0.994531         2439       182.86
    1060.863     0.995313         2439       213.33
    1062.911     0.996094         2443       256.00
    1062.911     0.996484         2443       284.44
    1062.911     0.996875         2443       320.00
    1063.935     0.997266         2446       365.71
    1063.935     0.997656         2446       426.67
    1063.935     0.998047         2446       512.00
    1063.935     0.998242         2446       568.89
    1064.959     0.998437         2447       640.00
    1064.959     0.998633         2447       731.43
    1065.983     0.998828         2449       853.33
    1065.983     0.999023         2449      1024.00
    1065.983     0.999121         2449      1137.78
    1065.983     0.999219         2449      1280.00
    1065.983     0.999316         2449      1462.86
    1065.983     0.999414         2449      1706.67
    1065.983     0.999512         2449      2048.00
    1065.983     0.999561         2449      2275.56
    1067.007     0.999609         2450      2560.00
    1067.007     1.000000         2450          inf
#[Mean    =      962.167, StdDeviation   =      195.942]
#[Max     =     1065.984, Total count    =         2450]
#[Buckets =           27, SubBuckets     =         2048]
----------------------------------------------------------
  2954 requests in 1.00m, 2.89GB read
Requests/sec:     49.23
Transfer/sec:     49.24MB

--- metrics ---
requests=2954
duration_s=60.004161
bytes=3097960236
rps=49.23
p50_ms=1003.519
p95_ms=1037.311
p99_ms=1056.767
p999_ms=1065.983
err_connect=0
err_read=0
err_write=0
err_status=0
err_timeout=0
--- end ---
