Running 1m test @ http://127.0.0.1:8082/file1m
  2 threads and 50 connections
  Thread calibration: mean lat.: 627.399ms, rate sampling interval: 4333ms
  Thread calibration: mean lat.: 392.285ms, rate sampling interval: 2525ms
  Thread Stats   Avg      Stdev     Max   +/- Stdev
    Latency    26.07ms   16.61ms  69.82ms   56.78%
    Req/Sec    24.30      4.12    29.00     73.33%
  Latency Distribution (HdrHistogram - Recorded Latency)
 50.000%   25.39ms
 75.000%   40.00ms
 90.000%   48.93ms
 99.000%   59.68ms
 99.900%   68.99ms
 99.990%   69.89ms
 99.999%   69.89ms
100.000%   69.89ms

  Detailed Percentile spectrum:
       Value   Percentile   TotalCount 1/(1-Percentile)

       2.091     0.000000            1         1.00
       3.819     0.100000          245         1.11
       7.731     0.200000          490         1.25
      13.615     0.300000          736         1.43
      19.455     0.400000          980         1.67
      25.391     0.500000         1227         2.00
      28.223     0.550000         1348         2.22
      31.247     0.600000         1470         2.50
      34.175     0.650000         1593         2.86
      37.087     0.700000         1716         3.33
      39.999     0.750000         1841         4.00
      41.599     0.775000         1899         4.44
      42.943     0.800000         1960         5.00
      44.479     0.825000         2023         5.71
      45.983     0.850000         2086         6.67
      47.487     0.875000         2145         8.00
      48.127     0.887500         2175         8.89
      48.927     0.900000         2205        10.00
      49.951     0.912500         2236        11.43
      50.655     0.925000         2267        13.33
      51.711     0.937500         2297        16.00
      52.159     0.943750         2313        17.78
      52.767     0.950000         2328        20.00
      53.247     0.956250         2343        22.86
      53.951     0.962500         2361        26.67
      54.751     0.968750         2374        32.00
      55.103     0.971875         2382        35.56
      55.583     0.975000         2389        40.00
      56.223     0.978125         2397        45.71
      56.703     0.981250         2405        53.33
      57.023     0.984375         2412        64.00
      57.567     0.985938         2417        71.11
      58.175     0.987500         2420        80.00
      59.231     0.989062         2424        91.43
      60.095     0.990625         2428       106.67
      61.055     0.992188         2431       128.00
      61.567     0.992969         2433       142.22
      62.047     0.993750         2435       160.00
      63.359     0.994531         2437       182.86
      64.351     0.995313         2439       213.33
      64.703     0.996094         2441       256.00
      65.183     0.996484         2442       284.44
      66.367     0.996875         2443       320.00
      66.751     0.997266         2444       365.71
      66.943     0.997656         2445       426.67
      67.327     0.998047         2446       512.00
      67.327     0.998242         2446       568.89
      68.159     0.998437         2447       640.00
      68.159     0.998633         2447       731.43
      68.991     0.998828         2448       853.33
      68.991     0.999023         2448      1024.00
      68.991     0.999121         2448      1137.78
      69.631     0.999219         2449      1280.00
      69.631     0.999316         2449      1462.86
      69.631     0.999414         2449      1706.67
      69.631     0.999512         2449      2048.00
      69.631     0.999561         2449      2275.56
      69.887     0.999609         2450      2560.00
      69.887     1.000000         2450          inf
#[Mean    =       26.067, StdDeviation   =       16.614]
#[Max     =       69.824, Total count    =         2450]
#[Buckets =           27, SubBuckets     =         2048]
----------------------------------------------------------
  2976 requests in 1.00m, 2.91GB read
  Socket errors: connect 0, read 0, write 0, timeout 25
Requests/sec:     49.49
Transfer/sec:     49.50MB

--- metrics ---
requests=2976
duration_s=60.130689
bytes=3121032384
rps=49.49
p50_ms=25.391
p95_ms=52.767
p99_ms=59.679
p999_ms=68.991
err_connect=0
err_read=0
err_write=0
err_status=0
err_timeout=25
--- end ---
