Running 1m test @ http://127.0.0.1:8084/file50k
  2 threads and 100 connections
  Thread calibration: mean lat.: 1.370ms, rate sampling interval: 10ms
  Thread calibration: mean lat.: 1.353ms, rate sampling interval: 10ms
  Thread Stats   Avg      Stdev     Max   +/- Stdev
    Latency     1.35ms  386.82us   4.70ms   67.39%
    Req/Sec   158.97     96.00   333.00     70.02%
  Latency Distribution (HdrHistogram - Recorded Latency)
 50.000%    1.34ms
 75.000%    1.60ms
 90.000%    1.84ms
 99.000%    2.34ms
 99.900%    2.66ms
 99.990%    3.32ms
 99.999%    4.71ms
100.000%    4.71ms

  Detailed Percentile spectrum:
       Value   Percentile   TotalCount 1/(1-Percentile)

       0.411     0.000000            1         1.00
       0.849     0.100000         1496         1.11
       0.998     0.200000         2983         1.25
       1.120     0.300000         4482         1.43
       1.233     0.400000         5960         1.67
       1.338     0.500000         7457         2.00
       1.390     0.550000         8207         2.22
       1.435     0.600000         8946         2.50
       1.489     0.650000         9701         2.86
       1.542     0.700000        10435         3.33
       1.600     0.750000        11176         4.00
       1.635     0.775000        11552         4.44
       1.667     0.800000        11920         5.00
       1.702     0.825000        12295         5.71
       1.740     0.850000        12668         6.67
       1.783     0.875000        13039         8.00
       1.813     0.887500        13228         8.89
       1.843     0.900000        13412        10.00
       1.876     0.912500        13606        11.43
       1.921     0.925000        13788        13.33
       1.963     0.937500        13969        16.00
       1.989     0.943750        14065        17.78
       2.013     0.950000        14155        20.00
       2.049     0.956250        14251        22.86
       2.087     0.962500        14346        26.67
       2.127     0.968750        14436        32.00
       2.151     0.971875        14484        35.56
       2.179     0.975000        14531        40.00
       2.203     0.978125        14577        45.71
       2.229     0.981250        14624        53.33
       2.263     0.984375        14668        64.00
       2.281     0.985938        14694        71.11
       2.305     0.987500        14715        80.00
       2.327     0.989062        14739        91.43
       2.357     0.990625        14761       106.67
       2.401     0.992188        14784       128.00
       2.423     0.992969        14796       142.22
       2.439     0.993750        14810       160.00
       2.459     0.994531        14819       182.86
       2.493     0.995313        14831       213.33
       2.523     0.996094        14842       256.00
       2.535     0.996484        14848       284.44
       2.567     0.996875        14854       320.00
       2.585     0.997266        14860       365.71
       2.595     0.997656        14866       426.67
       2.601     0.998047        14871       512.00
       2.605     0.998242        14874       568.89
       2.619     0.998437        14877       640.00
       2.633     0.998633        14880       731.43
       2.651     0.998828        14883       853.33
       2.675     0.999023        14886      1024.00
       2.677     0.999121        14887      1137.78
       2.697     0.999219        14889      1280.00
       2.731     0.999316        14890      1462.86
       2.765     0.999414        14892      1706.67
       2.789     0.999512        14893      2048.00
       2.807     0.999561        14894      2275.56
       2.843     0.999609        14895      2560.00
       2.843     0.999658        14895      2925.71
       2.871     0.999707        14896      3413.33
       2.999     0.999756        14897      4096.00
       2.999     0.999780        14897      4551.11
       3.023     0.999805        14898      5120.00
       3.023     0.999829        14898      5851.43
       3.023     0.999854        14898      6826.67
       3.321     0.999878        14899      8192.00
       3.321     0.999890        14899      9102.22
       3.321     0.999902        14899     10240.00
       3.321     0.999915        14899     11702.86
       3.321     0.999927        14899     13653.33
       4.707     0.999939        14900     16384.00
       4.707     1.000000        14900          inf
#[Mean    =        1.349, StdDeviation   =        0.387]
#[Max     =        4.704, Total count    =        14900]
#[Buckets =           27, SubBuckets     =         2048]
----------------------------------------------------------
  18002 requests in 1.00m, 0.86GB read
Requests/sec:    300.02
Transfer/sec:     14.69MB

--- metrics ---
requests=18002
duration_s=60.002219
bytes=924168674
rps=300.02
p50_ms=1.338
p95_ms=2.013
p99_ms=2.341
p999_ms=2.665
err_connect=0
err_read=0
err_write=0
err_status=0
err_timeout=0
--- end ---
