Running 1m test @ http://127.0.0.1:8080/file1m
  2 threads and 50 connections
  Thread calibration: mean lat.: 4.000ms, rate sampling interval: 10ms
  Thread calibration: mean lat.: 5.130ms, rate sampling interval: 10ms
  Thread Stats   Avg      Stdev     Max   +/- Stdev
    Latency     4.53ms    7.22ms  46.37ms   96.78%
    Req/Sec    26.01     69.98   555.00     86.84%
  Latency Distribution (HdrHistogram - Recorded Latency)
 50.000%    3.13ms
 75.000%    3.61ms
 90.000%    4.55ms
 99.000%   44.13ms
 99.900%   45.76ms
 99.990%   46.40ms
 99.999%   46.40ms
100.000%   46.40ms

  Detailed Percentile spectrum:
       Value   Percentile   TotalCount 1/(1-Percentile)

       1.490     0.000000            1         1.00
       2.433     0.100000          247         1.11
       2.645     0.200000          491         1.25
       2.833     0.300000          737         1.43
       2.991     0.400000          984         1.67
       3.131     0.500000         1226         2.00
       3.221     0.550000         1349         2.22
       3.295     0.600000         1471         2.50
       3.379     0.650000         1595         2.86
       3.489     0.700000         1718         3.33
       3.611     0.750000         1840         4.00
       3.693     0.775000         1902         4.44
       3.777     0.800000         1961         5.00
       3.915     0.825000         2023         5.71
       4.107     0.850000         2085         6.67
       4.303     0.875000         2145         8.00
       4.439     0.887500         2178         8.89
       4.551     0.900000         2207        10.00
       4.659     0.912500         2237        11.43
       4.787     0.925000         2269        13.33
       4.919     0.937500         2301        16.00
       4.987     0.943750         2314        17.78
       5.083     0.950000         2329        20.00
       5.171     0.956250         2345        22.86
       5.339     0.962500         2360        26.67
      42.687     0.968750         2375        32.00
      43.071     0.971875         2383        35.56
      43.231     0.975000         2391        40.00
      43.423     0.978125         2398        45.71
      43.647     0.981250         2407        53.33
      43.775     0.984375         2413        64.00
      43.903     0.985938         2418        71.11
      44.031     0.987500         2421        80.00
      44.127     0.989062         2426        91.43
      44.223     0.990625         2429       106.67
      44.351     0.992188         2432       128.00
      44.447     0.992969         2435       142.22
      44.479     0.993750         2436       160.00
      44.607     0.994531         2438       182.86
      44.767     0.995313         2441       213.33
      44.831     0.996094         2442       256.00
      44.895     0.996484         2445       284.44
      44.895     0.996875         2445       320.00
      44.895     0.997266         2445       365.71
      45.247     0.997656         2446       426.67
      45.663     0.998047         2447       512.00
      45.663     0.998242         2447       568.89
      45.759     0.998437         2450       640.00
      45.759     0.998633         2450       731.43
      45.759     0.998828         2450       853.33
      45.759     0.999023         2450      1024.00
      45.759     0.999121         2450      1137.78
      45.759     0.999219         2450      1280.00
      45.759     0.999316         2450      1462.86
      45.759     0.999414         2450      1706.67
      45.759     0.999512         2450      2048.00
      45.759     0.999561         2450      2275.56
      46.399     0.999609         2451      2560.00
      46.399     1.000000         2451          inf
#[Mean    =        4.526, StdDeviation   =        7.215]
#[Max     =       46.368, Total count    =         2451]
#[Buckets =           27, SubBuckets     =         2048]
----------------------------------------------------------
  3002 requests in 1.00m, 2.93GB read
Requests/sec:     50.03
Transfer/sec:     50.04MB

--- metrics ---
requests=3002
duration_s=60.004253
bytes=3148260442
rps=50.03
p50_ms=3.131
p95_ms=5.083
p99_ms=44.127
p999_ms=45.759
err_connect=0
err_read=0
err_write=0
err_status=0
err_timeout=0
--- end ---
