Running 1m test @ http://127.0.0.1:8080/file50k
  2 threads and 100 connections
  Thread calibration: mean lat.: 1.547ms, rate sampling interval: 10ms
  Thread calibration: mean lat.: 3.204ms, rate sampling interval: 10ms
  Thread Stats   Avg      Stdev     Max   +/- Stdev
    Latency     2.34ms    1.24ms   8.49ms   73.13%
    Req/Sec   156.95    557.68     5.55k    97.77%
  Latency Distribution (HdrHistogram - Recorded Latency)
 50.000%    1.90ms
 75.000%    3.08ms
 90.000%    4.20ms
 99.000%    5.97ms
 99.900%    7.24ms
 99.990%    8.30ms
 99.999%    8.49ms
100.000%    8.49ms

  Detailed Percentile spectrum:
       Value   Percentile   TotalCount 1/(1-Percentile)

       0.451     0.000000            1         1.00
       1.121     0.100000         1490         1.11
       1.350     0.200000         2980         1.25
       1.530     0.300000         4478         1.43
       1.710     0.400000         5965         1.67
       1.898     0.500000         7452         2.00
       2.028     0.550000         8196         2.22
       2.213     0.600000         8942         2.50
       2.443     0.650000         9689         2.86
       2.739     0.700000        10432         3.33
       3.075     0.750000        11177         4.00
       3.241     0.775000        11549         4.44
       3.397     0.800000        11922         5.00
       3.577     0.825000        12295         5.71
       3.759     0.850000        12665         6.67
       3.953     0.875000        13039         8.00
       4.069     0.887500        13225         8.89
       4.199     0.900000        13412        10.00
       4.323     0.912500        13599        11.43
       4.487     0.925000        13785        13.33
       4.663     0.937500        13969        16.00
       4.759     0.943750        14063        17.78
       4.855     0.950000        14156        20.00
       4.947     0.956250        14249        22.86
       5.055     0.962500        14342        26.67
       5.195     0.968750        14438        32.00
       5.271     0.971875        14481        35.56
       5.363     0.975000        14530        40.00
       5.471     0.978125        14576        45.71
       5.571     0.981250        14621        53.33
       5.675     0.984375        14669        64.00
       5.723     0.985938        14691        71.11
       5.831     0.987500        14714        80.00
       5.927     0.989062        14738        91.43
       6.015     0.990625        14762       106.67
       6.139     0.992188        14784       128.00
       6.183     0.992969        14796       142.22
       6.259     0.993750        14807       160.00
       6.375     0.994531        14819       182.86
       6.443     0.995313        14831       213.33
       6.575     0.996094        14842       256.00
       6.623     0.996484        14848       284.44
       6.723     0.996875        14854       320.00
       6.775     0.997266        14860       365.71
       6.899     0.997656        14866       426.67
       7.007     0.998047        14871       512.00
       7.063     0.998242        14874       568.89
       7.115     0.998437        14877       640.00
       7.155     0.998633        14880       731.43
       7.207     0.998828        14883       853.33
       7.243     0.999023        14886      1024.00
       7.483     0.999121        14887      1137.78
       7.671     0.999219        14889      1280.00
       7.683     0.999316        14890      1462.86
       7.979     0.999414        14892      1706.67
       8.015     0.999512        14893      2048.00
       8.035     0.999561        14894      2275.56
       8.063     0.999609        14895      2560.00
       8.063     0.999658        14895      2925.71
       8.207     0.999707        14896      3413.33
       8.239     0.999756        14897      4096.00
       8.239     0.999780        14897      4551.11
       8.271     0.999805        14898      5120.00
       8.271     0.999829        14898      5851.43
       8.271     0.999854        14898      6826.67
       8.295     0.999878        14899      8192.00
       8.295     0.999890        14899      9102.22
       8.295     0.999902        14899     10240.00
       8.295     0.999915        14899     11702.86
       8.295     0.999927        14899     13653.33
       8.495     0.999939        14900     16384.00
       8.495     1.000000        14900          inf
#[Mean    =        2.342, StdDeviation   =        1.235]
#[Max     =        8.488, Total count    =        14900]
#[Buckets =           27, SubBuckets     =         2048]
----------------------------------------------------------
  17852 requests in 1.00m, 0.85GB read
Requests/sec:    297.52
Transfer/sec:     14.57MB

--- metrics ---
requests=17852
duration_s=60.002426
bytes=916575236
rps=297.52
p50_ms=1.898
p95_ms=4.855
p99_ms=5.971
p999_ms=7.235
err_connect=0
err_read=0
err_write=0
err_status=0
err_timeout=0
--- end ---
