Running 1m test @ http://127.0.0.1:8082/file1m
  2 threads and 50 connections
  Thread calibration: mean lat.: 950.548ms, rate sampling interval: 2006ms
  Thread calibration: mean lat.: 951.666ms, rate sampling interval: 2010ms
  Thread Stats   Avg      Stdev     Max   +/- Stdev
    Latency   953.50ms  193.43ms   1.01s    96.00%
    Req/Sec    24.00      0.00    24.00    100.00%
  Latency Distribution (HdrHistogram - Recorded Latency)
 50.000%  993.28ms
 75.000%  999.42ms
 90.000%    1.00s 
 99.000%    1.01s 
 99.900%    1.01s 
 99.990%    1.01s 
 99.999%    1.01s 
100.000%    1.01s 

  Detailed Percentile spectrum:
       Value   Percentile   TotalCount 1/(1-Percentile)

       3.003     0.000000            1         1.00
     982.015     0.100000          267         1.11
     985.087     0.200000          522         1.25
     987.647     0.300000          760         1.43
     990.207     0.400000          983         1.67
     993.279     0.500000         1266         2.00
     994.303     0.550000         1375         2.22
     995.839     0.600000         1517         2.50
     996.863     0.650000         1614         2.86
     997.887     0.700000         1731         3.33
     999.423     0.750000         1881         4.00
     999.935     0.775000         1930         4.44
    1000.447     0.800000         1989         5.00
    1000.959     0.825000         2058         5.71
    1001.471     0.850000         2109         6.67
    1001.983     0.875000         2179         8.00
    1001.983     0.887500         2179         8.89
    1002.495     0.900000         2241        10.00
    1002.495     0.912500         2241        11.43
    1003.007     0.925000         2277        13.33
    1003.519     0.937500         2315        16.00
    1003.519     0.943750         2315        17.78
    1004.031     0.950000         2352        20.00
    1004.031     0.956250         2352        22.86
    1004.543     0.962500         2379        26.67
    1004.543     0.968750         2379        32.00
    1005.055     0.971875         2397        35.56
    1005.055     0.975000         2397        40.00
    1005.055     0.978125         2397        45.71
    1005.567     0.981250         2417        53.33
    1005.567     0.984375         2417        64.00
    1005.567     0.985938         2417        71.11
    1006.079     0.987500         2437        80.00
    1006.079     0.989062         2437        91.43
    1006.079     0.990625         2437       106.67
    1006.079     0.992188         2437       128.00
    1006.079     0.992969         2437       142.22
    1006.079     0.993750         2437       160.00
    1006.079     0.994531         2437       182.86
    1006.591     0.995313         2447       213.33
    1006.591     0.996094         2447       256.00
    1006.591     0.996484         2447       284.44
    1006.591     0.996875         2447       320.00
    1006.591     0.997266         2447       365.71
    1006.591     0.997656         2447       426.67
    1006.591     0.998047         2447       512.00
    1006.591     0.998242         2447       568.89
    1006.591     0.998437         2447       640.00
    1006.591     0.998633         2447       731.43
    1007.103     0.998828         2449       853.33
    1007.103     0.999023         2449      1024.00
    1007.103     0.999121         2449      1137.78
    1007.103     0.999219         2449      1280.00
    1007.103     0.999316         2449      1462.86
    1007.103     0.999414         2449      1706.67
    1007.103     0.999512         2449      2048.00
    1007.103     0.999561         2449      2275.56
    1007.615     0.999609         2450      2560.00
    1007.615     1.000000         2450          inf
#[Mean    =      953.496, StdDeviation   =      193.426]
#[Max     =     1007.104, Total count    =         2450]
#[Buckets =           27, SubBuckets     =         2048]
----------------------------------------------------------
  2954 requests in 1.00m, 2.89GB read
Requests/sec:     49.23
Transfer/sec:     49.23MB

--- metrics ---
requests=2954
duration_s=60.009361
bytes=3097960236
rps=49.23
p50_ms=993.279
p95_ms=1004.031
p99_ms=1006.079
p999_ms=1007.103
err_connect=0
err_read=0
err_write=0
err_status=0
err_timeout=0
--- end ---
