Running 1m test @ http://127.0.0.1:8084/file1m
  2 threads and 50 connections
  Thread calibration: mean lat.: 2.956ms, rate sampling interval: 10ms
  Thread calibration: mean lat.: 2.943ms, rate sampling interval: 10ms
  Thread Stats   Avg      Stdev     Max   +/- Stdev
    Latency     3.01ms  539.56us   6.24ms   70.41%
    Req/Sec    25.80     69.16   333.00     87.33%
  Latency Distribution (HdrHistogram - Recorded Latency)
 50.000%    3.02ms
 75.000%    3.35ms
 90.000%    3.66ms
 99.000%    4.35ms
 99.900%    5.42ms
 99.990%    6.24ms
 99.999%    6.24ms
100.000%    6.24ms

  Detailed Percentile spectrum:
       Value   Percentile   TotalCount 1/(1-Percentile)

       1.058     0.000000            1         1.00
       2.335     0.100000          245         1.11
       2.561     0.200000          492         1.25
       2.749     0.300000          740         1.43
       2.899     0.400000          982         1.67
       3.019     0.500000         1225         2.00
       3.075     0.550000         1349         2.22
       3.137     0.600000         1470         2.50
       3.201     0.650000         1593         2.86
       3.265     0.700000         1717         3.33
       3.351     0.750000         1839         4.00
       3.395     0.775000         1900         4.44
       3.435     0.800000         1966         5.00
       3.479     0.825000         2022         5.71
       3.527     0.850000         2083         6.67
       3.593     0.875000         2144         8.00
       3.633     0.887500         2176         8.89
       3.663     0.900000         2205        10.00
       3.703     0.912500         2238        11.43
       3.749     0.925000         2270        13.33
       3.787     0.937500         2297        16.00
       3.825     0.943750         2313        17.78
       3.857     0.950000         2329        20.00
       3.893     0.956250         2343        22.86
       3.951     0.962500         2359        26.67
       4.001     0.968750         2374        32.00
       4.029     0.971875         2382        35.56
       4.063     0.975000         2389        40.00
       4.107     0.978125         2397        45.71
       4.179     0.981250         2405        53.33
       4.231     0.984375         2412        64.00
       4.275     0.985938         2417        71.11
       4.303     0.987500         2420        80.00
       4.323     0.989062         2424        91.43
       4.403     0.990625         2429       106.67
       4.459     0.992188         2431       128.00
       4.503     0.992969         2433       142.22
       4.603     0.993750         2435       160.00
       4.623     0.994531         2437       182.86
       4.699     0.995313         2439       213.33
       4.735     0.996094         2441       256.00
       4.823     0.996484         2442       284.44
       4.939     0.996875         2443       320.00
       5.063     0.997266         2444       365.71
       5.087     0.997656         2445       426.67
       5.255     0.998047         2446       512.00
       5.255     0.998242         2446       568.89
       5.271     0.998437         2447       640.00
       5.271     0.998633         2447       731.43
       5.419     0.998828         2448       853.33
       5.419     0.999023         2448      1024.00
       5.419     0.999121         2448      1137.78
       6.127     0.999219         2449      1280.00
       6.127     0.999316         2449      1462.86
       6.127     0.999414         2449      1706.67
       6.127     0.999512         2449      2048.00
       6.127     0.999561         2449      2275.56
       6.243     0.999609         2450      2560.00
       6.243     1.000000         2450          inf
#[Mean    =        3.012, StdDeviation   =        0.540]
#[Max     =        6.240, Total count    =         2450]
#[Buckets =           27, SubBuckets     =         2048]
----------------------------------------------------------
  3002 requests in 1.00m, 2.93GB read
Requests/sec:     50.03
Transfer/sec:     50.04MB

--- metrics ---
requests=3002
duration_s=60.004655
bytes=3148242430
rps=50.03
p50_ms=3.019
p95_ms=3.857
p99_ms=4.351
p999_ms=5.419
err_connect=0
err_read=0
err_write=0
err_status=0
err_timeout=0
--- end ---
