Running 1m test @ http://127.0.0.1:8080/file50k
  2 threads and 100 connections
  Thread calibration: mean lat.: 1.484ms, rate sampling interval: 10ms
  Thread calibration: mean lat.: 1.486ms, rate sampling interval: 10ms
  Thread Stats   Avg      Stdev     Max   +/- Stdev
    Latency     1.50ms  391.61us   4.46ms   67.15%
    Req/Sec   158.64     95.99   333.00     70.64%
  Latency Distribution (HdrHistogram - Recorded Latency)
 50.000%    1.48ms
 75.000%    1.75ms
 90.000%    2.01ms
 99.000%    2.49ms
 99.900%    2.91ms
 99.990%    3.90ms
 99.999%    4.46ms
100.000%    4.46ms

  Detailed Percentile spectrum:
       Value   Percentile   TotalCount 1/(1-Percentile)

       0.547     0.000000            1         1.00
       0.998     0.100000         1494         1.11
       1.141     0.200000         2983         1.25
       1.263     0.300000         4479         1.43
       1.370     0.400000         5963         1.67
       1.477     0.500000         7454         2.00
       1.528     0.550000         8210         2.22
       1.579     0.600000         8957         2.50
       1.632     0.650000         9692         2.86
       1.687     0.700000        10434         3.33
       1.748     0.750000        11175         4.00
       1.780     0.775000        11554         4.44
       1.818     0.800000        11931         5.00
       1.859     0.825000        12299         5.71
       1.900     0.850000        12665         6.67
       1.948     0.875000        13042         8.00
       1.979     0.887500        13224         8.89
       2.010     0.900000        13411        10.00
       2.049     0.912500        13601        11.43
       2.087     0.925000        13785        13.33
       2.133     0.937500        13971        16.00
       2.155     0.943750        14068        17.78
       2.185     0.950000        14156        20.00
       2.213     0.956250        14255        22.86
       2.247     0.962500        14346        26.67
       2.287     0.968750        14437        32.00
       2.309     0.971875        14484        35.56
       2.329     0.975000        14535        40.00
       2.355     0.978125        14579        45.71
       2.383     0.981250        14621        53.33
       2.419     0.984375        14670        64.00
       2.435     0.985938        14691        71.11
       2.457     0.987500        14715        80.00
       2.485     0.989062        14739        91.43
       2.509     0.990625        14765       106.67
       2.531     0.992188        14784       128.00
       2.553     0.992969        14799       142.22
       2.563     0.993750        14808       160.00
       2.589     0.994531        14819       182.86
       2.623     0.995313        14832       213.33
       2.639     0.996094        14842       256.00
       2.667     0.996484        14848       284.44
       2.687     0.996875        14854       320.00
       2.699     0.997266        14860       365.71
       2.733     0.997656        14866       426.67
       2.751     0.998047        14872       512.00
       2.757     0.998242        14874       568.89
       2.771     0.998437        14877       640.00
       2.809     0.998633        14880       731.43
       2.879     0.998828        14883       853.33
       2.919     0.999023        14886      1024.00
       2.971     0.999121        14887      1137.78
       3.013     0.999219        14889      1280.00
       3.161     0.999316        14890      1462.86
       3.305     0.999414        14892      1706.67
       3.395     0.999512        14893      2048.00
       3.439     0.999561        14894      2275.56
       3.525     0.999609        14895      2560.00
       3.525     0.999658        14895      2925.71
       3.593     0.999707        14896      3413.33
       3.619     0.999756        14897      4096.00
       3.619     0.999780        14897      4551.11
       3.635     0.999805        14898      5120.00
       3.635     0.999829        14898      5851.43
       3.635     0.999854        14898      6826.67
       3.899     0.999878        14899      8192.00
       3.899     0.999890        14899      9102.22
       3.899     0.999902        14899     10240.00
       3.899     0.999915        14899     11702.86
       3.899     0.999927        14899     13653.33
       4.459     0.999939        14900     16384.00
       4.459     1.000000        14900          inf
#[Mean    =        1.496, StdDeviation   =        0.392]
#[Max     =        4.456, Total count    =        14900]
#[Buckets =           27, SubBuckets     =         2048]
----------------------------------------------------------
  18002 requests in 1.00m, 0.86GB read
Requests/sec:    300.02
Transfer/sec:     14.69MB

--- metrics ---
requests=18002
duration_s=60.002472
bytes=924276686
rps=300.02
p50_ms=1.477
p95_ms=2.185
p99_ms=2.495
p999_ms=2.911
err_connect=0
err_read=0
err_write=0
err_status=0
err_timeout=0
--- end ---
