Running 1m test @ http://127.0.0.1:8080/file50k
  2 threads and 100 connections
  Thread calibration: mean lat.: 1.478ms, rate sampling interval: 10ms
  Thread calibration: mean lat.: 1.457ms, rate sampling interval: 10ms
  Thread Stats   Avg      Stdev     Max   +/- Stdev
    Latency     1.48ms  398.04us   3.58ms   66.75%
    Req/Sec   158.81     95.83   333.00     70.86%
  Latency Distribution (HdrHistogram - Recorded Latency)
 50.000%    1.47ms
 75.000%    1.75ms
 90.000%    2.01ms
 99.000%    2.48ms
 99.900%    2.86ms
 99.990%    3.53ms
 99.999%    3.58ms
100.000%    3.58ms

  Detailed Percentile spectrum:
       Value   Percentile   TotalCount 1/(1-Percentile)

       0.513     0.000000            1         1.00
       0.965     0.100000         1496         1.11
       1.117     0.200000         2980         1.25
       1.248     0.300000         4481         1.43
       1.365     0.400000         5971         1.67
       1.470     0.500000         7452         2.00
       1.520     0.550000         8196         2.22
       1.576     0.600000         8946         2.50
       1.633     0.650000         9691         2.86
       1.691     0.700000        10436         3.33
       1.749     0.750000        11190         4.00
       1.781     0.775000        11553         4.44
       1.815     0.800000        11925         5.00
       1.853     0.825000        12293         5.71
       1.895     0.850000        12670         6.67
       1.950     0.875000        13041         8.00
       1.978     0.887500        13228         8.89
       2.010     0.900000        13414        10.00
       2.044     0.912500        13600        11.43
       2.085     0.925000        13789        13.33
       2.131     0.937500        13969        16.00
       2.155     0.943750        14071        17.78
       2.181     0.950000        14165        20.00
       2.207     0.956250        14255        22.86
       2.235     0.962500        14343        26.67
       2.273     0.968750        14438        32.00
       2.293     0.971875        14484        35.56
       2.315     0.975000        14530        40.00
       2.339     0.978125        14575        45.71
       2.369     0.981250        14623        53.33
       2.403     0.984375        14668        64.00
       2.423     0.985938        14696        71.11
       2.437     0.987500        14714        80.00
       2.463     0.989062        14738        91.43
       2.491     0.990625        14762       106.67
       2.529     0.992188        14785       128.00
       2.543     0.992969        14796       142.22
       2.555     0.993750        14807       160.00
       2.573     0.994531        14819       182.86
       2.601     0.995313        14831       213.33
       2.625     0.996094        14842       256.00
       2.643     0.996484        14848       284.44
       2.659     0.996875        14854       320.00
       2.687     0.997266        14860       365.71
       2.705     0.997656        14866       426.67
       2.715     0.998047        14871       512.00
       2.731     0.998242        14874       568.89
       2.741     0.998437        14877       640.00
       2.753     0.998633        14880       731.43
       2.825     0.998828        14883       853.33
       2.877     0.999023        14886      1024.00
       2.883     0.999121        14887      1137.78
       2.907     0.999219        14889      1280.00
       2.917     0.999316        14890      1462.86
       2.947     0.999414        14892      1706.67
       2.993     0.999512        14893      2048.00
       2.999     0.999561        14894      2275.56
       3.019     0.999609        14895      2560.00
       3.019     0.999658        14895      2925.71
       3.105     0.999707        14896      3413.33
       3.131     0.999756        14897      4096.00
       3.131     0.999780        14897      4551.11
       3.343     0.999805        14898      5120.00
       3.343     0.999829        14898      5851.43
       3.343     0.999854        14898      6826.67
       3.525     0.999878        14899      8192.00
       3.525     0.999890        14899      9102.22
       3.525     0.999902        14899     10240.00
       3.525     0.999915        14899     11702.86
       3.525     0.999927        14899     13653.33
       3.579     0.999939        14900     16384.00
       3.579     1.000000        14900          inf
#[Mean    =        1.485, StdDeviation   =        0.398]
#[Max     =        3.578, Total count    =        14900]
#[Buckets =           27, SubBuckets     =         2048]
----------------------------------------------------------
  18002 requests in 1.00m, 0.86GB read
Requests/sec:    300.02
Transfer/sec:     14.69MB

--- metrics ---
requests=18002
duration_s=60.003036
bytes=924276686
rps=300.02
p50_ms=1.470
p95_ms=2.181
p99_ms=2.483
p999_ms=2.857
err_connect=0
err_read=0
err_write=0
err_status=0
err_timeout=0
--- end ---
