Running 1m test @ http://127.0.0.1:8080/file50k
  2 threads and 100 connections
  Thread calibration: mean lat.: 1.556ms, rate sampling interval: 10ms
  Thread calibration: mean lat.: 3.495ms, rate sampling interval: 10ms
  Thread Stats   Avg      Stdev     Max   +/- Stdev
    Latency     2.38ms    1.24ms   8.58ms   72.01%
    Req/Sec   157.16    550.24     5.55k    97.69%
  Latency Distribution (HdrHistogram - Recorded Latency)
 50.000%    1.92ms
 75.000%    3.15ms
 90.000%    4.26ms
 99.000%    5.99ms
 99.900%    7.24ms
 99.990%    8.16ms
 99.999%    8.58ms
100.000%    8.58ms

  Detailed Percentile spectrum:
       Value   Percentile   TotalCount 1/(1-Percentile)

       0.417     0.000000            1         1.00
       1.128     0.100000         1492         1.11
       1.364     0.200000         2988         1.25
       1.555     0.300000         4474         1.43
       1.736     0.400000         5960         1.67
       1.924     0.500000         7454         2.00
       2.059     0.550000         8198         2.22
       2.245     0.600000         8945         2.50
       2.497     0.650000         9687         2.86
       2.815     0.700000        10432         3.33
       3.151     0.750000        11177         4.00
       3.307     0.775000        11552         4.44
       3.473     0.800000        11922         5.00
       3.645     0.825000        12293         5.71
       3.829     0.850000        12667         6.67
       4.035     0.875000        13045         8.00
       4.143     0.887500        13227         8.89
       4.263     0.900000        13413        10.00
       4.383     0.912500        13598        11.43
       4.515     0.925000        13784        13.33
       4.683     0.937500        13972        16.00
       4.763     0.943750        14063        17.78
       4.847     0.950000        14156        20.00
       4.955     0.956250        14253        22.86
       5.067     0.962500        14342        26.67
       5.191     0.968750        14439        32.00
       5.259     0.971875        14483        35.56
       5.339     0.975000        14529        40.00
       5.463     0.978125        14576        45.71
       5.571     0.981250        14621        53.33
       5.667     0.984375        14669        64.00
       5.723     0.985938        14692        71.11
       5.811     0.987500        14716        80.00
       5.939     0.989062        14740        91.43
       6.019     0.990625        14761       106.67
       6.159     0.992188        14784       128.00
       6.227     0.992969        14798       142.22
       6.271     0.993750        14807       160.00
       6.347     0.994531        14820       182.86
       6.507     0.995313        14831       213.33
       6.587     0.996094        14842       256.00
       6.635     0.996484        14848       284.44
       6.723     0.996875        14855       320.00
       6.775     0.997266        14860       365.71
       6.843     0.997656        14866       426.67
       6.939     0.998047        14871       512.00
       6.951     0.998242        14874       568.89
       7.039     0.998437        14877       640.00
       7.099     0.998633        14880       731.43
       7.187     0.998828        14883       853.33
       7.263     0.999023        14886      1024.00
       7.399     0.999121        14887      1137.78
       7.571     0.999219        14890      1280.00
       7.571     0.999316        14890      1462.86
       7.683     0.999414        14892      1706.67
       7.715     0.999512        14893      2048.00
       7.763     0.999561        14894      2275.56
       7.851     0.999609        14895      2560.00
       7.851     0.999658        14895      2925.71
       7.855     0.999707        14896      3413.33
       7.899     0.999756        14897      4096.00
       7.899     0.999780        14897      4551.11
       8.015     0.999805        14898      5120.00
       8.015     0.999829        14898      5851.43
       8.015     0.999854        14898      6826.67
       8.163     0.999878        14899      8192.00
       8.163     0.999890        14899      9102.22
       8.163     0.999902        14899     10240.00
       8.163     0.999915        14899     11702.86
       8.163     0.999927        14899     13653.33
       8.583     0.999939        14900     16384.00
       8.583     1.000000        14900          inf
#[Mean    =        2.375, StdDeviation   =        1.243]
#[Max     =        8.576, Total count    =        14900]
#[Buckets =           27, SubBuckets     =         2048]
----------------------------------------------------------
  17854 requests in 1.00m, 0.85GB read
Requests/sec:    297.55
Transfer/sec:     14.57MB

--- metrics ---
requests=17854
duration_s=60.003365
bytes=916677922
rps=297.55
p50_ms=1.924
p95_ms=4.847
p99_ms=5.995
p999_ms=7.243
err_connect=0
err_read=0
err_write=0
err_status=0
err_timeout=0
--- end ---
