Running 1m test @ http://127.0.0.1:8083/file50k
  2 threads and 100 connections
  Thread calibration: mean lat.: 1.350ms, rate sampling interval: 10ms
  Thread calibration: mean lat.: 2.441ms, rate sampling interval: 10ms
  Thread Stats   Avg      Stdev     Max   +/- Stdev
    Latency     1.82ms  831.16us   5.57ms   68.40%
    Req/Sec   158.73    577.87     5.55k    97.92%
  Latency Distribution (HdrHistogram - Recorded Latency)
 50.000%    1.64ms
 75.000%    2.30ms
 90.000%    3.09ms
 99.000%    4.03ms
 99.900%    5.14ms
 99.990%    5.57ms
 99.999%    5.57ms
100.000%    5.57ms

  Detailed Percentile spectrum:
       Value   Percentile   TotalCount 1/(1-Percentile)

       0.254     0.000000            1         1.00
       0.886     0.100000         1490         1.11
       1.119     0.200000         2983         1.25
       1.301     0.300000         4474         1.43
       1.477     0.400000         5961         1.67
       1.638     0.500000         7450         2.00
       1.732     0.550000         8199         2.22
       1.852     0.600000         8942         2.50
       1.983     0.650000         9691         2.86
       2.137     0.700000        10430         3.33
       2.303     0.750000        11180         4.00
       2.405     0.775000        11550         4.44
       2.507     0.800000        11921         5.00
       2.633     0.825000        12293         5.71
       2.767     0.850000        12668         6.67
       2.919     0.875000        13042         8.00
       3.001     0.887500        13229         8.89
       3.091     0.900000        13412        10.00
       3.179     0.912500        13598        11.43
       3.261     0.925000        13784        13.33
       3.357     0.937500        13974        16.00
       3.401     0.943750        14065        17.78
       3.443     0.950000        14155        20.00
       3.491     0.956250        14250        22.86
       3.553     0.962500        14342        26.67
       3.605     0.968750        14436        32.00
       3.641     0.971875        14481        35.56
       3.679     0.975000        14533        40.00
       3.731     0.978125        14575        45.71
       3.779     0.981250        14621        53.33
       3.829     0.984375        14670        64.00
       3.883     0.985938        14691        71.11
       3.935     0.987500        14714        80.00
       3.993     0.989062        14738        91.43
       4.063     0.990625        14761       106.67
       4.179     0.992188        14785       128.00
       4.223     0.992969        14796       142.22
       4.267     0.993750        14808       160.00
       4.331     0.994531        14820       182.86
       4.451     0.995313        14831       213.33
       4.527     0.996094        14842       256.00
       4.615     0.996484        14848       284.44
       4.679     0.996875        14854       320.00
       4.731     0.997266        14860       365.71
       4.915     0.997656        14866       426.67
       4.967     0.998047        14871       512.00
       5.003     0.998242        14876       568.89
       5.031     0.998437        14877       640.00
       5.063     0.998633        14880       731.43
       5.079     0.998828        14883       853.33
       5.139     0.999023        14886      1024.00
       5.195     0.999121        14887      1137.78
       5.243     0.999219        14889      1280.00
       5.299     0.999316        14890      1462.86
       5.431     0.999414        14892      1706.67
       5.447     0.999512        14893      2048.00
       5.455     0.999561        14895      2275.56
       5.455     0.999609        14895      2560.00
       5.455     0.999658        14895      2925.71
       5.523     0.999707        14896      3413.33
       5.551     0.999756        14897      4096.00
       5.551     0.999780        14897      4551.11
       5.571     0.999805        14899      5120.00
       5.571     0.999829        14899      5851.43
       5.571     0.999854        14899      6826.67
       5.571     0.999878        14899      8192.00
       5.571     0.999890        14899      9102.22
       5.571     0.999902        14899     10240.00
       5.571     0.999915        14899     11702.86
       5.571     0.999927        14899     13653.33
       5.575     0.999939        14900     16384.00
       5.575     1.000000        14900          inf
#[Mean    =        1.825, StdDeviation   =        0.831]
#[Max     =        5.572, Total count    =        14900]
#[Buckets =           27, SubBuckets     =         2048]
----------------------------------------------------------
  17852 requests in 1.00m, 0.86GB read
Requests/sec:    297.52
Transfer/sec:     14.60MB

--- metrics ---
requests=17852
duration_s=60.003168
bytes=918753180
rps=297.52
p50_ms=1.638
p95_ms=3.443
p99_ms=4.029
p999_ms=5.139
err_connect=0
err_read=0
err_write=0
err_status=0
err_timeout=0
--- end ---
