Running 1m test @ http://127.0.0.1:8080/file50k
  2 threads and 100 connections
  Thread calibration: mean lat.: 1.556ms, rate sampling interval: 10ms
  Thread calibration: mean lat.: 3.326ms, rate sampling interval: 10ms
  Thread Stats   Avg      Stdev     Max   +/- Stdev
    Latency     2.37ms    1.22ms   8.40ms   71.30%
    Req/Sec   157.12    557.88     5.55k    97.77%
  Latency Distribution (HdrHistogram - Recorded Latency)
 50.000%    1.94ms
 75.000%    3.17ms
 90.000%    4.21ms
 99.000%    5.87ms
 99.900%    6.89ms
 99.990%    8.31ms
 99.999%    8.41ms
100.000%    8.41ms

  Detailed Percentile spectrum:
       Value   Percentile   TotalCount 1/(1-Percentile)

       0.518     0.000000            1         1.00
       1.125     0.100000         1491         1.11
       1.351     0.200000         2982         1.25
       1.554     0.300000         4483         1.43
       1.744     0.400000         5963         1.67
       1.943     0.500000         7451         2.00
       2.081     0.550000         8197         2.22
       2.267     0.600000         8941         2.50
       2.499     0.650000         9685         2.86
       2.809     0.700000        10430         3.33
       3.171     0.750000        11176         4.00
       3.321     0.775000        11548         4.44
       3.473     0.800000        11921         5.00
       3.623     0.825000        12294         5.71
       3.799     0.850000        12666         6.67
       3.993     0.875000        13042         8.00
       4.095     0.887500        13225         8.89
       4.211     0.900000        13410        10.00
       4.339     0.912500        13597        11.43
       4.455     0.925000        13784        13.33
       4.607     0.937500        13970        16.00
       4.699     0.943750        14062        17.78
       4.795     0.950000        14157        20.00
       4.923     0.956250        14249        22.86
       5.031     0.962500        14345        26.67
       5.139     0.968750        14436        32.00
       5.227     0.971875        14481        35.56
       5.291     0.975000        14529        40.00
       5.379     0.978125        14576        45.71
       5.463     0.981250        14622        53.33
       5.571     0.984375        14670        64.00
       5.623     0.985938        14692        71.11
       5.707     0.987500        14716        80.00
       5.803     0.989062        14738        91.43
       5.911     0.990625        14761       106.67
       6.047     0.992188        14784       128.00
       6.127     0.992969        14796       142.22
       6.159     0.993750        14809       160.00
       6.215     0.994531        14819       182.86
       6.351     0.995313        14831       213.33
       6.411     0.996094        14842       256.00
       6.443     0.996484        14848       284.44
       6.495     0.996875        14855       320.00
       6.555     0.997266        14860       365.71
       6.627     0.997656        14866       426.67
       6.711     0.998047        14871       512.00
       6.771     0.998242        14874       568.89
       6.795     0.998437        14877       640.00
       6.847     0.998633        14880       731.43
       6.875     0.998828        14883       853.33
       7.019     0.999023        14886      1024.00
       7.031     0.999121        14887      1137.78
       7.075     0.999219        14889      1280.00
       7.203     0.999316        14890      1462.86
       7.395     0.999414        14892      1706.67
       7.507     0.999512        14893      2048.00
       7.531     0.999561        14894      2275.56
       7.855     0.999609        14895      2560.00
       7.855     0.999658        14895      2925.71
       8.027     0.999707        14896      3413.33
       8.115     0.999756        14897      4096.00
       8.115     0.999780        14897      4551.11
       8.135     0.999805        14898      5120.00
       8.135     0.999829        14898      5851.43
       8.135     0.999854        14898      6826.67
       8.311     0.999878        14899      8192.00
       8.311     0.999890        14899      9102.22
       8.311     0.999902        14899     10240.00
       8.311     0.999915        14899     11702.86
       8.311     0.999927        14899     13653.33
       8.407     0.999939        14900     16384.00
       8.407     1.000000        14900          inf
#[Mean    =        2.369, StdDeviation   =        1.224]
#[Max     =        8.400, Total count    =        14900]
#[Buckets =           27, SubBuckets     =         2048]
----------------------------------------------------------
  17853 requests in 1.00m, 0.85GB read
Requests/sec:    297.54
Transfer/sec:     14.57MB

--- metrics ---
requests=17853
duration_s=60.002783
bytes=916626579
rps=297.54
p50_ms=1.943
p95_ms=4.795
p99_ms=5.871
p999_ms=6.887
err_connect=0
err_read=0
err_write=0
err_status=0
err_timeout=0
--- end ---
