Running 1m test @ http://127.0.0.1:8083/file1m
  2 threads and 50 connections
  Thread calibration: mean lat.: 3.273ms, rate sampling interval: 10ms
  Thread calibration: mean lat.: 3.228ms, rate sampling interval: 10ms
  Thread Stats   Avg      Stdev     Max   +/- Stdev
    Latency     3.09ms    0.90ms   6.52ms   65.80%
    Req/Sec    25.70     68.86   333.00     87.32%
  Latency Distribution (HdrHistogram - Recorded Latency)
 50.000%    3.05ms
 75.000%    3.70ms
 90.000%    4.32ms
 99.000%    5.21ms
 99.900%    5.76ms
 99.990%    6.52ms
 99.999%    6.52ms
100.000%    6.52ms

  Detailed Percentile spectrum:
       Value   Percentile   TotalCount 1/(1-Percentile)

       0.861     0.000000            1         1.00
       1.909     0.100000          246         1.11
       2.327     0.200000          490         1.25
       2.619     0.300000          736         1.43
       2.827     0.400000          982         1.67
       3.049     0.500000         1225         2.00
       3.151     0.550000         1350         2.22
       3.259     0.600000         1472         2.50
       3.397     0.650000         1593         2.86
       3.541     0.700000         1715         3.33
       3.699     0.750000         1838         4.00
       3.791     0.775000         1899         4.44
       3.881     0.800000         1960         5.00
       3.989     0.825000         2023         5.71
       4.099     0.850000         2084         6.67
       4.207     0.875000         2144         8.00
       4.271     0.887500         2178         8.89
       4.319     0.900000         2205        10.00
       4.367     0.912500         2236        11.43
       4.471     0.925000         2267        13.33
       4.547     0.937500         2297        16.00
       4.599     0.943750         2314        17.78
       4.655     0.950000         2328        20.00
       4.695     0.956250         2346        22.86
       4.759     0.962500         2359        26.67
       4.819     0.968750         2375        32.00
       4.863     0.971875         2382        35.56
       4.895     0.975000         2389        40.00
       4.939     0.978125         2397        45.71
       4.999     0.981250         2405        53.33
       5.055     0.984375         2412        64.00
       5.099     0.985938         2416        71.11
       5.143     0.987500         2420        80.00
       5.187     0.989062         2424        91.43
       5.219     0.990625         2431       106.67
       5.219     0.992188         2431       128.00
       5.247     0.992969         2433       142.22
       5.267     0.993750         2435       160.00
       5.323     0.994531         2437       182.86
       5.403     0.995313         2439       213.33
       5.459     0.996094         2441       256.00
       5.499     0.996484         2442       284.44
       5.539     0.996875         2443       320.00
       5.547     0.997266         2444       365.71
       5.663     0.997656         2445       426.67
       5.675     0.998047         2446       512.00
       5.675     0.998242         2446       568.89
       5.679     0.998437         2447       640.00
       5.679     0.998633         2447       731.43
       5.755     0.998828         2448       853.33
       5.755     0.999023         2448      1024.00
       5.755     0.999121         2448      1137.78
       5.931     0.999219         2449      1280.00
       5.931     0.999316         2449      1462.86
       5.931     0.999414         2449      1706.67
       5.931     0.999512         2449      2048.00
       5.931     0.999561         2449      2275.56
       6.523     0.999609         2450      2560.00
       6.523     1.000000         2450          inf
#[Mean    =        3.094, StdDeviation   =        0.902]
#[Max     =        6.520, Total count    =         2450]
#[Buckets =           27, SubBuckets     =         2048]
----------------------------------------------------------
  3002 requests in 1.00m, 2.93GB read
Requests/sec:     50.03
Transfer/sec:     50.04MB

--- metrics ---
requests=3002
duration_s=60.005092
bytes=3148632690
rps=50.03
p50_ms=3.049
p95_ms=4.655
p99_ms=5.211
p999_ms=5.755
err_connect=0
err_read=0
err_write=0
err_status=0
err_timeout=0
--- end ---
