Running 1m test @ http://127.0.0.1:8081/file50k
  2 threads and 100 connections
  Thread calibration: mean lat.: 1.452ms, rate sampling interval: 10ms
  Thread calibration: mean lat.: 2.428ms, rate sampling interval: 10ms
  Thread Stats   Avg      Stdev     Max   +/- Stdev
    Latency     1.89ms    0.86ms   8.20ms   72.91%
    Req/Sec   159.04    566.05     5.55k    97.79%
  Latency Distribution (HdrHistogram - Recorded Latency)
 50.000%    1.68ms
 75.000%    2.28ms
 90.000%    3.14ms
 99.000%    4.60ms
 99.900%    5.51ms
 99.990%    7.02ms
 99.999%    8.21ms
100.000%    8.21ms

  Detailed Percentile spectrum:
       Value   Percentile   TotalCount 1/(1-Percentile)

       0.311     0.000000            1         1.00
       0.981     0.100000         1491         1.11
       1.194     0.200000         2988         1.25
       1.367     0.300000         4473         1.43
       1.523     0.400000         5961         1.67
       1.678     0.500000         7455         2.00
       1.760     0.550000         8202         2.22
       1.854     0.600000         8941         2.50
       1.969     0.650000         9688         2.86
       2.117     0.700000        10435         3.33
       2.283     0.750000        11175         4.00
       2.371     0.775000        11548         4.44
       2.485     0.800000        11928         5.00
       2.613     0.825000        12294         5.71
       2.773     0.850000        12668         6.67
       2.963     0.875000        13044         8.00
       3.055     0.887500        13227         8.89
       3.145     0.900000        13413        10.00
       3.255     0.912500        13597        11.43
       3.379     0.925000        13784        13.33
       3.503     0.937500        13969        16.00
       3.577     0.943750        14063        17.78
       3.663     0.950000        14156        20.00
       3.739     0.956250        14252        22.86
       3.851     0.962500        14344        26.67
       3.961     0.968750        14436        32.00
       4.027     0.971875        14482        35.56
       4.103     0.975000        14528        40.00
       4.171     0.978125        14576        45.71
       4.275     0.981250        14621        53.33
       4.355     0.984375        14670        64.00
       4.399     0.985938        14692        71.11
       4.455     0.987500        14716        80.00
       4.527     0.989062        14740        91.43
       4.651     0.990625        14763       106.67
       4.747     0.992188        14785       128.00
       4.787     0.992969        14797       142.22
       4.827     0.993750        14808       160.00
       4.879     0.994531        14819       182.86
       4.919     0.995313        14831       213.33
       5.035     0.996094        14842       256.00
       5.067     0.996484        14849       284.44
       5.107     0.996875        14854       320.00
       5.143     0.997266        14860       365.71
       5.203     0.997656        14866       426.67
       5.251     0.998047        14871       512.00
       5.279     0.998242        14874       568.89
       5.311     0.998437        14877       640.00
       5.343     0.998633        14881       731.43
       5.443     0.998828        14883       853.33
       5.507     0.999023        14886      1024.00
       5.555     0.999121        14887      1137.78
       5.603     0.999219        14889      1280.00
       5.691     0.999316        14890      1462.86
       5.787     0.999414        14892      1706.67
       5.835     0.999512        14893      2048.00
       5.927     0.999561        14894      2275.56
       6.007     0.999609        14895      2560.00
       6.007     0.999658        14895      2925.71
       6.011     0.999707        14896      3413.33
       6.023     0.999756        14897      4096.00
       6.023     0.999780        14897      4551.11
       6.131     0.999805        14898      5120.00
       6.131     0.999829        14898      5851.43
       6.131     0.999854        14898      6826.67
       7.023     0.999878        14899      8192.00
       7.023     0.999890        14899      9102.22
       7.023     0.999902        14899     10240.00
       7.023     0.999915        14899     11702.86
       7.023     0.999927        14899     13653.33
       8.207     0.999939        14900     16384.00
       8.207     1.000000        14900          inf
#[Mean    =        1.887, StdDeviation   =        0.864]
#[Max     =        8.200, Total count    =        14900]
#[Buckets =           27, SubBuckets     =         2048]
----------------------------------------------------------
  17853 requests in 1.00m, 0.85GB read
Requests/sec:    297.53
Transfer/sec:     14.57MB

--- metrics ---
requests=17853
duration_s=60.003299
bytes=916876521
rps=297.53
p50_ms=1.678
p95_ms=3.663
p99_ms=4.603
p999_ms=5.507
err_connect=0
err_read=0
err_write=0
err_status=0
err_timeout=0
--- end ---
