Running 1m test @ http://127.0.0.1:8080/json
  2 threads and 100 connections
  Thread calibration: mean lat.: 1.355ms, rate sampling interval: 10ms
  Thread calibration: mean lat.: 1.907ms, rate sampling interval: 10ms
  Thread Stats   Avg      Stdev     Max   +/- Stdev
    Latency     1.63ms  774.86us   7.65ms   73.15%
    Req/Sec     1.06k     1.34k    5.55k    89.71%
  Latency Distribution (HdrHistogram - Recorded Latency)
 50.000%    1.49ms
 75.000%    2.00ms
 90.000%    2.60ms
 99.000%    4.22ms
 99.900%    5.62ms
 99.990%    7.09ms
 99.999%    7.58ms
100.000%    7.65ms

  Detailed Percentile spectrum:
       Value   Percentile   TotalCount 1/(1-Percentile)

       0.206     0.000000            1         1.00
       0.797     0.100000         9966         1.11
       0.983     0.200000        19909         1.25
       1.154     0.300000        29856         1.43
       1.316     0.400000        39814         1.67
       1.490     0.500000        49778         2.00
       1.583     0.550000        54746         2.22
       1.677     0.600000        59730         2.50
       1.772     0.650000        64707         2.86
       1.880     0.700000        69681         3.33
       2.004     0.750000        74643         4.00
       2.079     0.775000        77169         4.44
       2.159     0.800000        79625         5.00
       2.255     0.825000        82132         5.71
       2.361     0.850000        84617         6.67
       2.473     0.875000        87104         8.00
       2.533     0.887500        88325         8.89
       2.597     0.900000        89577        10.00
       2.681     0.912500        90802        11.43
       2.789     0.925000        92040        13.33
       2.927     0.937500        93286        16.00
       3.005     0.943750        93913        17.78
       3.087     0.950000        94536        20.00
       3.177     0.956250        95150        22.86
       3.283     0.962500        95778        26.67
       3.411     0.968750        96393        32.00
       3.493     0.971875        96705        35.56
       3.581     0.975000        97018        40.00
       3.675     0.978125        97331        45.71
       3.777     0.981250        97638        53.33
       3.903     0.984375        97948        64.00
       3.973     0.985938        98101        71.11
       4.061     0.987500        98258        80.00
       4.159     0.989062        98418        91.43
       4.275     0.990625        98570       106.67
       4.403     0.992188        98723       128.00
       4.491     0.992969        98803       142.22
       4.575     0.993750        98884       160.00
       4.663     0.994531        98957       182.86
       4.747     0.995313        99036       213.33
       4.847     0.996094        99115       256.00
       4.895     0.996484        99151       284.44
       4.943     0.996875        99193       320.00
       5.027     0.997266        99228       365.71
       5.111     0.997656        99267       426.67
       5.215     0.998047        99306       512.00
       5.271     0.998242        99326       568.89
       5.343     0.998437        99347       640.00
       5.403     0.998633        99365       731.43
       5.511     0.998828        99384       853.33
       5.647     0.999023        99403      1024.00
       5.719     0.999121        99413      1137.78
       5.803     0.999219        99423      1280.00
       5.895     0.999316        99433      1462.86
       6.039     0.999414        99443      1706.67
       6.159     0.999512        99452      2048.00
       6.315     0.999561        99457      2275.56
       6.427     0.999609        99462      2560.00
       6.491     0.999658        99466      2925.71
       6.567     0.999707        99471      3413.33
       6.651     0.999756        99477      4096.00
       6.695     0.999780        99479      4551.11
       6.723     0.999805        99481      5120.00
       6.771     0.999829        99484      5851.43
       6.915     0.999854        99486      6826.67
       6.955     0.999878        99488      8192.00
       7.091     0.999890        99490      9102.22
       7.107     0.999902        99491     10240.00
       7.119     0.999915        99492     11702.86
       7.351     0.999927        99493     13653.33
       7.383     0.999939        99494     16384.00
       7.415     0.999945        99495     18204.44
       7.475     0.999951        99496     20480.00
       7.475     0.999957        99496     23405.71
       7.499     0.999963        99497     27306.67
       7.499     0.999969        99497     32768.00
       7.507     0.999973        99498     36408.89
       7.507     0.999976        99498     40960.00
       7.507     0.999979        99498     46811.43
       7.579     0.999982        99499     54613.33
       7.579     0.999985        99499     65536.00
       7.579     0.999986        99499     72817.78
       7.579     0.999988        99499     81920.00
       7.579     0.999989        99499     93622.86
       7.651     0.999991        99500    109226.67
       7.651     1.000000        99500          inf
#[Mean    =        1.628, StdDeviation   =        0.775]
#[Max     =        7.648, Total count    =        99500]
#[Buckets =           27, SubBuckets     =         2048]
----------------------------------------------------------
  118902 requests in 1.00m, 131.31MB read
Requests/sec:   1981.63
Transfer/sec:      2.19MB

--- metrics ---
requests=118902
duration_s=60.002237
bytes=137688516
rps=1981.63
p50_ms=1.490
p95_ms=3.087
p99_ms=4.219
p999_ms=5.619
err_connect=0
err_read=0
err_write=0
err_status=0
err_timeout=0
--- end ---
