Running 30s test @ http://127.0.0.1:8080/file1m
  2 threads and 50 connections
  Thread calibration: mean lat.: 5.723ms, rate sampling interval: 21ms
  Thread calibration: mean lat.: 23.507ms, rate sampling interval: 69ms
  Thread Stats   Avg      Stdev     Max   +/- Stdev
    Latency    14.44ms   12.43ms  49.86ms   74.11%
    Req/Sec    24.32     70.89   380.00     90.03%
  Latency Distribution (HdrHistogram - Recorded Latency)
 50.000%    9.80ms
 75.000%   25.71ms
 90.000%   32.43ms
 99.000%   44.64ms
 99.900%   48.35ms
 99.990%   49.89ms
 99.999%   49.89ms
100.000%   49.89ms

  Detailed Percentile spectrum:
       Value   Percentile   TotalCount 1/(1-Percentile)

       1.501     0.000000            1         1.00
       2.419     0.100000           95         1.11
       2.849     0.200000          190         1.25
       3.383     0.300000          285         1.43
       5.087     0.400000          381         1.67
       9.799     0.500000          476         2.00
      12.783     0.550000          523         2.22
      15.903     0.600000          570         2.50
      19.247     0.650000          618         2.86
      22.799     0.700000          665         3.33
      25.711     0.750000          713         4.00
      27.183     0.775000          738         4.44
      28.287     0.800000          760         5.00
      29.455     0.825000          786         5.71
      30.383     0.850000          808         6.67
      31.791     0.875000          832         8.00
      32.159     0.887500          844         8.89
      32.431     0.900000          855        10.00
      32.959     0.912500          867        11.43
      33.375     0.925000          879        13.33
      34.047     0.937500          891        16.00
      34.495     0.943750          898        17.78
      34.687     0.950000          903        20.00
      35.615     0.956250          909        22.86
      36.159     0.962500          915        26.67
      37.567     0.968750          921        32.00
      37.823     0.971875          924        35.56
      43.263     0.975000          928        40.00
      43.583     0.978125          930        45.71
      43.807     0.981250          933        53.33
      43.999     0.984375          936        64.00
      44.191     0.985938          937        71.11
      44.319     0.987500          939        80.00
      44.543     0.989062          940        91.43
      44.671     0.990625          942       106.67
      44.767     0.992188          943       128.00
      44.799     0.992969          944       142.22
      44.927     0.993750          945       160.00
      44.927     0.994531          945       182.86
      46.463     0.995313          946       213.33
      47.551     0.996094          947       256.00
      47.551     0.996484          947       284.44
      48.255     0.996875          948       320.00
      48.255     0.997266          948       365.71
      48.255     0.997656          948       426.67
      48.351     0.998047          949       512.00
      48.351     0.998242          949       568.89
      48.351     0.998437          949       640.00
      48.351     0.998633          949       731.43
      48.351     0.998828          949       853.33
      49.887     0.999023          950      1024.00
      49.887     1.000000          950          inf
#[Mean    =       14.440, StdDeviation   =       12.427]
#[Max     =       49.856, Total count    =          950]
#[Buckets =           27, SubBuckets     =         2048]
----------------------------------------------------------
  1478 requests in 30.01s, 1.45GB read
Requests/sec:     49.25
Transfer/sec:     49.32MB

--- metrics ---
requests=1478
duration_s=30.009112
bytes=1551844646
rps=49.25
p50_ms=9.799
p95_ms=34.687
p99_ms=44.639
p999_ms=48.351
err_connect=0
err_read=0
err_write=0
err_status=0
err_timeout=0
--- end ---
