Running 1m test @ http://127.0.0.1:8081/file1m
  2 threads and 50 connections
  Thread calibration: mean lat.: 2.955ms, rate sampling interval: 10ms
  Thread calibration: mean lat.: 2.978ms, rate sampling interval: 10ms
  Thread Stats   Avg      Stdev     Max   +/- Stdev
    Latency     2.87ms  543.88us   4.86ms   67.10%
    Req/Sec    26.04     69.81   333.00     87.09%
  Latency Distribution (HdrHistogram - Recorded Latency)
 50.000%    2.84ms
 75.000%    3.23ms
 90.000%    3.61ms
 99.000%    4.20ms
 99.900%    4.72ms
 99.990%    4.86ms
 99.999%    4.86ms
100.000%    4.86ms

  Detailed Percentile spectrum:
       Value   Percentile   TotalCount 1/(1-Percentile)

       1.508     0.000000            1         1.00
       2.171     0.100000          245         1.11
       2.393     0.200000          492         1.25
       2.557     0.300000          736         1.43
       2.701     0.400000          981         1.67
       2.843     0.500000         1226         2.00
       2.913     0.550000         1351         2.22
       2.987     0.600000         1471         2.50
       3.057     0.650000         1593         2.86
       3.137     0.700000         1715         3.33
       3.227     0.750000         1839         4.00
       3.281     0.775000         1899         4.44
       3.329     0.800000         1960         5.00
       3.403     0.825000         2024         5.71
       3.463     0.850000         2084         6.67
       3.525     0.875000         2144         8.00
       3.565     0.887500         2175         8.89
       3.607     0.900000         2205        10.00
       3.655     0.912500         2237        11.43
       3.711     0.925000         2267        13.33
       3.769     0.937500         2298        16.00
       3.791     0.943750         2313        17.78
       3.823     0.950000         2328        20.00
       3.859     0.956250         2344        22.86
       3.897     0.962500         2360        26.67
       3.941     0.968750         2377        32.00
       3.963     0.971875         2383        35.56
       4.003     0.975000         2391        40.00
       4.013     0.978125         2397        45.71
       4.043     0.981250         2405        53.33
       4.073     0.984375         2412        64.00
       4.127     0.985938         2416        71.11
       4.163     0.987500         2420        80.00
       4.191     0.989062         2424        91.43
       4.231     0.990625         2428       106.67
       4.279     0.992188         2431       128.00
       4.307     0.992969         2433       142.22
       4.351     0.993750         2435       160.00
       4.395     0.994531         2437       182.86
       4.419     0.995313         2439       213.33
       4.463     0.996094         2441       256.00
       4.483     0.996484         2442       284.44
       4.515     0.996875         2443       320.00
       4.523     0.997266         2444       365.71
       4.551     0.997656         2445       426.67
       4.591     0.998047         2446       512.00
       4.591     0.998242         2446       568.89
       4.615     0.998437         2447       640.00
       4.615     0.998633         2447       731.43
       4.719     0.998828         2448       853.33
       4.719     0.999023         2448      1024.00
       4.719     0.999121         2448      1137.78
       4.755     0.999219         2449      1280.00
       4.755     0.999316         2449      1462.86
       4.755     0.999414         2449      1706.67
       4.755     0.999512         2449      2048.00
       4.755     0.999561         2449      2275.56
       4.859     0.999609         2450      2560.00
       4.859     1.000000         2450          inf
#[Mean    =        2.873, StdDeviation   =        0.544]
#[Max     =        4.856, Total count    =         2450]
#[Buckets =           27, SubBuckets     =         2048]
----------------------------------------------------------
  3002 requests in 1.00m, 2.93GB read
Requests/sec:     50.03
Transfer/sec:     50.04MB

--- metrics ---
requests=3002
duration_s=60.004952
bytes=3148302470
rps=50.03
p50_ms=2.843
p95_ms=3.823
p99_ms=4.199
p999_ms=4.719
err_connect=0
err_read=0
err_write=0
err_status=0
err_timeout=0
--- end ---
