Running 1m test @ http://127.0.0.1:8083/file1m
  2 threads and 50 connections
  Thread calibration: mean lat.: 2.597ms, rate sampling interval: 10ms
  Thread calibration: mean lat.: 2.625ms, rate sampling interval: 10ms
  Thread Stats   Avg      Stdev     Max   +/- Stdev
    Latency     2.66ms  471.20us   4.42ms   66.04%
    Req/Sec    25.79     68.37   333.00     87.09%
  Latency Distribution (HdrHistogram - Recorded Latency)
 50.000%    2.64ms
 75.000%    2.97ms
 90.000%    3.29ms
 99.000%    3.83ms
 99.900%    4.30ms
 99.990%    4.42ms
 99.999%    4.42ms
100.000%    4.42ms

  Detailed Percentile spectrum:
       Value   Percentile   TotalCount 1/(1-Percentile)

       1.595     0.000000            1         1.00
       2.059     0.100000          246         1.11
       2.249     0.200000          491         1.25
       2.383     0.300000          739         1.43
       2.505     0.400000          987         1.67
       2.645     0.500000         1227         2.00
       2.699     0.550000         1349         2.22
       2.749     0.600000         1473         2.50
       2.813     0.650000         1596         2.86
       2.889     0.700000         1717         3.33
       2.973     0.750000         1839         4.00
       3.019     0.775000         1900         4.44
       3.073     0.800000         1960         5.00
       3.129     0.825000         2023         5.71
       3.179     0.850000         2086         6.67
       3.229     0.875000         2144         8.00
       3.257     0.887500         2177         8.89
       3.291     0.900000         2206        10.00
       3.335     0.912500         2236        11.43
       3.375     0.925000         2267        13.33
       3.435     0.937500         2297        16.00
       3.459     0.943750         2313        17.78
       3.493     0.950000         2328        20.00
       3.517     0.956250         2343        22.86
       3.557     0.962500         2361        26.67
       3.593     0.968750         2374        32.00
       3.623     0.971875         2382        35.56
       3.655     0.975000         2389        40.00
       3.679     0.978125         2398        45.71
       3.711     0.981250         2405        53.33
       3.735     0.984375         2412        64.00
       3.755     0.985938         2416        71.11
       3.783     0.987500         2421        80.00
       3.815     0.989062         2424        91.43
       3.847     0.990625         2428       106.67
       3.881     0.992188         2431       128.00
       3.885     0.992969         2433       142.22
       3.899     0.993750         2435       160.00
       3.963     0.994531         2437       182.86
       3.979     0.995313         2439       213.33
       3.995     0.996094         2441       256.00
       4.015     0.996484         2442       284.44
       4.047     0.996875         2443       320.00
       4.083     0.997266         2444       365.71
       4.085     0.997656         2445       426.67
       4.135     0.998047         2446       512.00
       4.135     0.998242         2446       568.89
       4.267     0.998437         2447       640.00
       4.267     0.998633         2447       731.43
       4.295     0.998828         2448       853.33
       4.295     0.999023         2448      1024.00
       4.295     0.999121         2448      1137.78
       4.331     0.999219         2449      1280.00
       4.331     0.999316         2449      1462.86
       4.331     0.999414         2449      1706.67
       4.331     0.999512         2449      2048.00
       4.331     0.999561         2449      2275.56
       4.419     0.999609         2450      2560.00
       4.419     1.000000         2450          inf
#[Mean    =        2.662, StdDeviation   =        0.471]
#[Max     =        4.416, Total count    =         2450]
#[Buckets =           27, SubBuckets     =         2048]
----------------------------------------------------------
  3002 requests in 1.00m, 2.93GB read
Requests/sec:     50.03
Transfer/sec:     50.04MB

--- metrics ---
requests=3002
duration_s=60.004169
bytes=3148632690
rps=50.03
p50_ms=2.645
p95_ms=3.493
p99_ms=3.831
p999_ms=4.295
err_connect=0
err_read=0
err_write=0
err_status=0
err_timeout=0
--- end ---
