Running 1m test @ http://127.0.0.1:8084/json
  2 threads and 100 connections
  Thread calibration: mean lat.: 1.215ms, rate sampling interval: 10ms
  Thread calibration: mean lat.: 1.654ms, rate sampling interval: 10ms
  Thread Stats   Avg      Stdev     Max   +/- Stdev
    Latency     1.44ms  658.53us   5.68ms   69.92%
    Req/Sec     1.05k     1.36k    5.55k    89.47%
  Latency Distribution (HdrHistogram - Recorded Latency)
 50.000%    1.32ms
 75.000%    1.83ms
 90.000%    2.36ms
 99.000%    3.29ms
 99.900%    4.01ms
 99.990%    4.84ms
 99.999%    5.54ms
100.000%    5.68ms

  Detailed Percentile spectrum:
       Value   Percentile   TotalCount 1/(1-Percentile)

       0.138     0.000000            1         1.00
       0.708     0.100000         9965         1.11
       0.857     0.200000        19963         1.25
       0.994     0.300000        29875         1.43
       1.146     0.400000        39838         1.67
       1.317     0.500000        49755         2.00
       1.410     0.550000        54764         2.22
       1.512     0.600000        59724         2.50
       1.617     0.650000        64693         2.86
       1.723     0.700000        69653         3.33
       1.831     0.750000        74640         4.00
       1.888     0.775000        77122         4.44
       1.955     0.800000        79634         5.00
       2.033     0.825000        82121         5.71
       2.127     0.850000        84575         6.67
       2.239     0.875000        87087         8.00
       2.297     0.887500        88316         8.89
       2.361     0.900000        89558        10.00
       2.435     0.912500        90819        11.43
       2.517     0.925000        92055        13.33
       2.615     0.937500        93301        16.00
       2.665     0.943750        93906        17.78
       2.723     0.950000        94528        20.00
       2.779     0.956250        95147        22.86
       2.843     0.962500        95787        26.67
       2.915     0.968750        96402        32.00
       2.955     0.971875        96704        35.56
       2.999     0.975000        97020        40.00
       3.045     0.978125        97324        45.71
       3.097     0.981250        97645        53.33
       3.159     0.984375        97952        64.00
       3.189     0.985938        98101        71.11
       3.227     0.987500        98264        80.00
       3.267     0.989062        98412        91.43
       3.315     0.990625        98572       106.67
       3.371     0.992188        98725       128.00
       3.403     0.992969        98802       142.22
       3.441     0.993750        98882       160.00
       3.481     0.994531        98956       182.86
       3.529     0.995313        99034       213.33
       3.597     0.996094        99112       256.00
       3.627     0.996484        99152       284.44
       3.659     0.996875        99191       320.00
       3.699     0.997266        99229       365.71
       3.751     0.997656        99267       426.67
       3.811     0.998047        99307       512.00
       3.843     0.998242        99326       568.89
       3.877     0.998437        99345       640.00
       3.933     0.998633        99364       731.43
       3.973     0.998828        99384       853.33
       4.015     0.999023        99403      1024.00
       4.037     0.999121        99413      1137.78
       4.057     0.999219        99423      1280.00
       4.107     0.999316        99432      1462.86
       4.159     0.999414        99442      1706.67
       4.247     0.999512        99453      2048.00
       4.283     0.999561        99457      2275.56
       4.327     0.999609        99463      2560.00
       4.351     0.999658        99466      2925.71
       4.407     0.999707        99471      3413.33
       4.451     0.999756        99476      4096.00
       4.531     0.999780        99479      4551.11
       4.539     0.999805        99481      5120.00
       4.563     0.999829        99483      5851.43
       4.751     0.999854        99486      6826.67
       4.791     0.999878        99488      8192.00
       4.835     0.999890        99491      9102.22
       4.835     0.999902        99491     10240.00
       4.859     0.999915        99492     11702.86
       4.983     0.999927        99493     13653.33
       5.015     0.999939        99494     16384.00
       5.067     0.999945        99495     18204.44
       5.195     0.999951        99496     20480.00
       5.195     0.999957        99496     23405.71
       5.247     0.999963        99497     27306.67
       5.247     0.999969        99497     32768.00
       5.451     0.999973        99498     36408.89
       5.451     0.999976        99498     40960.00
       5.451     0.999979        99498     46811.43
       5.539     0.999982        99499     54613.33
       5.539     0.999985        99499     65536.00
       5.539     0.999986        99499     72817.78
       5.539     0.999988        99499     81920.00
       5.539     0.999989        99499     93622.86
       5.683     0.999991        99500    109226.67
       5.683     1.000000        99500          inf
#[Mean    =        1.439, StdDeviation   =        0.659]
#[Max     =        5.680, Total count    =        99500]
#[Buckets =           27, SubBuckets     =         2048]
----------------------------------------------------------
  118904 requests in 1.00m, 128.59MB read
Requests/sec:   1981.63
Transfer/sec:      2.14MB

--- metrics ---
requests=118904
duration_s=60.003006
bytes=134837136
rps=1981.63
p50_ms=1.317
p95_ms=2.723
p99_ms=3.293
p999_ms=4.013
err_connect=0
err_read=0
err_write=0
err_status=0
err_timeout=0
--- end ---
