Running 1m test @ http://127.0.0.1:8080/file1m
  2 threads and 50 connections
  Thread calibration: mean lat.: 6.326ms, rate sampling interval: 10ms
  Thread calibration: mean lat.: 5.650ms, rate sampling interval: 10ms
  Thread Stats   Avg      Stdev     Max   +/- Stdev
    Latency     5.15ms    8.37ms  46.82ms   95.63%
    Req/Sec    25.88     69.22   444.00     86.64%
  Latency Distribution (HdrHistogram - Recorded Latency)
 50.000%    3.31ms
 75.000%    3.91ms
 90.000%    4.92ms
 99.000%   44.64ms
 99.900%   46.62ms
 99.990%   46.85ms
 99.999%   46.85ms
100.000%   46.85ms

  Detailed Percentile spectrum:
       Value   Percentile   TotalCount 1/(1-Percentile)

       1.539     0.000000            1         1.00
       2.409     0.100000          246         1.11
       2.705     0.200000          492         1.25
       2.913     0.300000          739         1.43
       3.105     0.400000          982         1.67
       3.305     0.500000         1230         2.00
       3.399     0.550000         1350         2.22
       3.503     0.600000         1472         2.50
       3.621     0.650000         1594         2.86
       3.741     0.700000         1716         3.33
       3.917     0.750000         1841         4.00
       4.007     0.775000         1900         4.44
       4.143     0.800000         1961         5.00
       4.335     0.825000         2023         5.71
       4.483     0.850000         2084         6.67
       4.707     0.875000         2145         8.00
       4.819     0.887500         2177         8.89
       4.919     0.900000         2208        10.00
       5.063     0.912500         2237        11.43
       5.279     0.925000         2270        13.33
       5.519     0.937500         2298        16.00
       5.703     0.943750         2314        17.78
       5.911     0.950000         2329        20.00
       8.059     0.956250         2344        22.86
      43.199     0.962500         2361        26.67
      43.487     0.968750         2375        32.00
      43.679     0.971875         2383        35.56
      43.807     0.975000         2391        40.00
      43.935     0.978125         2400        45.71
      44.063     0.981250         2408        53.33
      44.191     0.984375         2414        64.00
      44.223     0.985938         2417        71.11
      44.383     0.987500         2421        80.00
      44.607     0.989062         2425        91.43
      44.703     0.990625         2429       106.67
      44.927     0.992188         2433       128.00
      44.959     0.992969         2434       142.22
      45.343     0.993750         2436       160.00
      45.407     0.994531         2438       182.86
      45.695     0.995313         2441       213.33
      45.727     0.996094         2442       256.00
      45.823     0.996484         2443       284.44
      46.079     0.996875         2444       320.00
      46.175     0.997266         2445       365.71
      46.239     0.997656         2446       426.67
      46.527     0.998047         2447       512.00
      46.527     0.998242         2447       568.89
      46.623     0.998437         2449       640.00
      46.623     0.998633         2449       731.43
      46.623     0.998828         2449       853.33
      46.623     0.999023         2449      1024.00
      46.623     0.999121         2449      1137.78
      46.751     0.999219         2450      1280.00
      46.751     0.999316         2450      1462.86
      46.751     0.999414         2450      1706.67
      46.751     0.999512         2450      2048.00
      46.751     0.999561         2450      2275.56
      46.847     0.999609         2451      2560.00
      46.847     1.000000         2451          inf
#[Mean    =        5.151, StdDeviation   =        8.369]
#[Max     =       46.816, Total count    =         2451]
#[Buckets =           27, SubBuckets     =         2048]
----------------------------------------------------------
  3002 requests in 1.00m, 2.93GB read
Requests/sec:     50.03
Transfer/sec:     50.04MB

--- metrics ---
requests=3002
duration_s=60.004561
bytes=3148260442
rps=50.03
p50_ms=3.305
p95_ms=5.895
p99_ms=44.639
p999_ms=46.623
err_connect=0
err_read=0
err_write=0
err_status=0
err_timeout=0
--- end ---
