Running 1m test @ http://127.0.0.1:8084/json
  2 threads and 100 connections
  Thread calibration: mean lat.: 1.319ms, rate sampling interval: 10ms
  Thread calibration: mean lat.: 1.620ms, rate sampling interval: 10ms
  Thread Stats   Avg      Stdev     Max   +/- Stdev
    Latency     1.47ms  736.01us  22.88ms   77.65%
    Req/Sec     1.05k     1.33k    5.55k    89.65%
  Latency Distribution (HdrHistogram - Recorded Latency)
 50.000%    1.37ms
 75.000%    1.84ms
 90.000%    2.33ms
 99.000%    3.23ms
 99.900%    4.30ms
 99.990%   20.99ms
 99.999%   22.53ms
100.000%   22.90ms

  Detailed Percentile spectrum:
       Value   Percentile   TotalCount 1/(1-Percentile)

       0.147     0.000000            1         1.00
       0.738     0.100000         9956         1.11
       0.908     0.200000        19924         1.25
       1.057     0.300000        29891         1.43
       1.209     0.400000        39856         1.67
       1.371     0.500000        49788         2.00
       1.455     0.550000        54725         2.22
       1.542     0.600000        59714         2.50
       1.633     0.650000        64684         2.86
       1.731     0.700000        69677         3.33
       1.838     0.750000        74648         4.00
       1.900     0.775000        77118         4.44
       1.967     0.800000        79630         5.00
       2.039     0.825000        82125         5.71
       2.117     0.850000        84575         6.67
       2.211     0.875000        87082         8.00
       2.267     0.887500        88346         8.89
       2.329     0.900000        89551        10.00
       2.401     0.912500        90809        11.43
       2.475     0.925000        92043        13.33
       2.549     0.937500        93302        16.00
       2.597     0.943750        93928        17.78
       2.647     0.950000        94539        20.00
       2.709     0.956250        95151        22.86
       2.781     0.962500        95779        26.67
       2.855     0.968750        96403        32.00
       2.895     0.971875        96712        35.56
       2.939     0.975000        97021        40.00
       2.989     0.978125        97325        45.71
       3.039     0.981250        97640        53.33
       3.091     0.984375        97947        64.00
       3.125     0.985938        98105        71.11
       3.167     0.987500        98258        80.00
       3.205     0.989062        98417        91.43
       3.249     0.990625        98573       106.67
       3.299     0.992188        98724       128.00
       3.331     0.992969        98805       142.22
       3.363     0.993750        98882       160.00
       3.403     0.994531        98956       182.86
       3.451     0.995313        99034       213.33
       3.515     0.996094        99113       256.00
       3.575     0.996484        99154       284.44
       3.621     0.996875        99190       320.00
       3.683     0.997266        99229       365.71
       3.745     0.997656        99267       426.67
       3.821     0.998047        99307       512.00
       3.855     0.998242        99326       568.89
       3.895     0.998437        99345       640.00
       3.993     0.998633        99365       731.43
       4.107     0.998828        99384       853.33
       4.315     0.999023        99403      1024.00
       4.499     0.999121        99413      1137.78
       4.731     0.999219        99423      1280.00
       4.879     0.999316        99432      1462.86
       5.275     0.999414        99442      1706.67
       8.775     0.999512        99452      2048.00
      13.295     0.999561        99457      2275.56
      17.759     0.999609        99462      2560.00
      18.351     0.999658        99466      2925.71
      18.879     0.999707        99472      3413.33
      18.943     0.999756        99476      4096.00
      19.311     0.999780        99479      4551.11
      19.455     0.999805        99481      5120.00
      19.615     0.999829        99483      5851.43
      19.871     0.999854        99486      6826.67
      19.999     0.999878        99488      8192.00
      20.991     0.999890        99491      9102.22
      20.991     0.999902        99491     10240.00
      21.263     0.999915        99493     11702.86
      21.263     0.999927        99493     13653.33
      21.279     0.999939        99495     16384.00
      21.279     0.999945        99495     18204.44
      21.551     0.999951        99496     20480.00
      21.551     0.999957        99496     23405.71
      22.127     0.999963        99497     27306.67
      22.127     0.999969        99497     32768.00
      22.399     0.999973        99498     36408.89
      22.399     0.999976        99498     40960.00
      22.399     0.999979        99498     46811.43
      22.527     0.999982        99499     54613.33
      22.527     0.999985        99499     65536.00
      22.527     0.999986        99499     72817.78
      22.527     0.999988        99499     81920.00
      22.527     0.999989        99499     93622.86
      22.895     0.999991        99500    109226.67
      22.895     1.000000        99500          inf
#[Mean    =        1.472, StdDeviation   =        0.736]
#[Max     =       22.880, Total count    =        99500]
#[Buckets =           27, SubBuckets     =         2048]
----------------------------------------------------------
  118902 requests in 1.00m, 128.59MB read
Requests/sec:   1981.64
Transfer/sec:      2.14MB

--- metrics ---
requests=118902
duration_s=60.001896
bytes=134834868
rps=1981.64
p50_ms=1.371
p95_ms=2.647
p99_ms=3.229
p999_ms=4.299
err_connect=0
err_read=0
err_write=0
err_status=0
err_timeout=0
--- end ---
