Running 1m test @ http://127.0.0.1:8082/file50k
  2 threads and 100 connections
  Thread calibration: mean lat.: 139.755ms, rate sampling interval: 679ms
  Thread calibration: mean lat.: 235.899ms, rate sampling interval: 645ms
  Thread Stats   Avg      Stdev     Max   +/- Stdev
    Latency   189.53ms  110.05ms 349.70ms   39.46%
    Req/Sec   149.93     10.00   172.00     87.33%
  Latency Distribution (HdrHistogram - Recorded Latency)
 50.000%  193.66ms
 75.000%  299.52ms
 90.000%  338.17ms
 99.000%  343.55ms
 99.900%  345.60ms
 99.990%  349.95ms
 99.999%  349.95ms
100.000%  349.95ms

  Detailed Percentile spectrum:
       Value   Percentile   TotalCount 1/(1-Percentile)

       1.407     0.000000            1         1.00
      58.975     0.100000         1491         1.11
      66.175     0.200000         2992         1.25
      73.087     0.300000         4482         1.43
     151.167     0.400000         5960         1.67
     193.663     0.500000         7454         2.00
     214.527     0.550000         8196         2.22
     235.647     0.600000         8941         2.50
     256.639     0.650000         9690         2.86
     277.759     0.700000        10439         3.33
     299.519     0.750000        11177         4.00
     308.735     0.775000        11555         4.44
     320.767     0.800000        11936         5.00
     330.239     0.825000        12296         5.71
     334.591     0.850000        12678         6.67
     336.383     0.875000        13042         8.00
     337.407     0.887500        13274         8.89
     338.175     0.900000        13491        10.00
     338.687     0.912500        13624        11.43
     339.455     0.925000        13823        13.33
     340.223     0.937500        14003        16.00
     340.479     0.943750        14072        17.78
     340.991     0.950000        14185        20.00
     341.247     0.956250        14249        22.86
     341.759     0.962500        14388        26.67
     342.015     0.968750        14470        32.00
     342.271     0.971875        14530        35.56
     342.271     0.975000        14530        40.00
     342.527     0.978125        14606        45.71
     342.783     0.981250        14663        53.33
     343.039     0.984375        14710        64.00
     343.039     0.985938        14710        71.11
     343.295     0.987500        14742        80.00
     343.295     0.989062        14742        91.43
     343.551     0.990625        14768       106.67
     343.807     0.992188        14793       128.00
     344.063     0.992969        14819       142.22
     344.063     0.993750        14819       160.00
     344.063     0.994531        14819       182.86
     344.319     0.995313        14843       213.33
     344.319     0.996094        14843       256.00
     344.575     0.996484        14857       284.44
     344.575     0.996875        14857       320.00
     344.831     0.997266        14869       365.71
     344.831     0.997656        14869       426.67
     345.087     0.998047        14874       512.00
     345.087     0.998242        14874       568.89
     345.343     0.998437        14881       640.00
     345.343     0.998633        14881       731.43
     345.599     0.998828        14885       853.33
     345.855     0.999023        14888      1024.00
     345.855     0.999121        14888      1137.78
     346.111     0.999219        14892      1280.00
     346.111     0.999316        14892      1462.86
     346.111     0.999414        14892      1706.67
     346.623     0.999512        14896      2048.00
     346.623     0.999561        14896      2275.56
     346.623     0.999609        14896      2560.00
     346.623     0.999658        14896      2925.71
     346.623     0.999707        14896      3413.33
     347.647     0.999756        14897      4096.00
     347.647     0.999780        14897      4551.11
     348.927     0.999805        14898      5120.00
     348.927     0.999829        14898      5851.43
     348.927     0.999854        14898      6826.67
     349.951     0.999878        14900      8192.00
     349.951     1.000000        14900          inf
#[Mean    =      189.533, StdDeviation   =      110.045]
#[Max     =      349.696, Total count    =        14900]
#[Buckets =           27, SubBuckets     =         2048]
----------------------------------------------------------
  17789 requests in 1.00m, 0.85GB read
Requests/sec:    296.46
Transfer/sec:     14.52MB

--- metrics ---
requests=17789
duration_s=60.004638
bytes=913571884
rps=296.46
p50_ms=193.663
p95_ms=340.991
p99_ms=343.551
p999_ms=345.599
err_connect=0
err_read=0
err_write=0
err_status=0
err_timeout=0
--- end ---
