Running 1m test @ http://127.0.0.1:8081/file1m
  2 threads and 50 connections
  Thread calibration: mean lat.: 533.430ms, rate sampling interval: 4100ms
  Thread calibration: mean lat.: 532.609ms, rate sampling interval: 4087ms
  Thread Stats   Avg      Stdev     Max   +/- Stdev
    Latency     5.24ms   14.34ms 280.06ms   96.33%
    Req/Sec    24.50      1.19    28.00     91.67%
  Latency Distribution (HdrHistogram - Recorded Latency)
 50.000%    3.04ms
 75.000%    3.60ms
 90.000%    4.34ms
 99.000%   46.14ms
 99.900%  191.62ms
 99.990%  280.32ms
 99.999%  280.32ms
100.000%  280.32ms

  Detailed Percentile spectrum:
       Value   Percentile   TotalCount 1/(1-Percentile)

       1.358     0.000000            1         1.00
       2.259     0.100000          245         1.11
       2.483     0.200000          490         1.25
       2.685     0.300000          738         1.43
       2.857     0.400000          981         1.67
       3.043     0.500000         1226         2.00
       3.137     0.550000         1351         2.22
       3.227     0.600000         1471         2.50
       3.329     0.650000         1593         2.86
       3.453     0.700000         1716         3.33
       3.595     0.750000         1839         4.00
       3.699     0.775000         1900         4.44
       3.785     0.800000         1962         5.00
       3.881     0.825000         2022         5.71
       3.997     0.850000         2084         6.67
       4.151     0.875000         2145         8.00
       4.259     0.887500         2177         8.89
       4.339     0.900000         2207        10.00
       4.591     0.912500         2236        11.43
       5.051     0.925000         2267        13.33
       8.391     0.937500         2297        16.00
      11.095     0.943750         2313        17.78
      14.287     0.950000         2328        20.00
      16.911     0.956250         2343        22.86
      19.407     0.962500         2359        26.67
      21.455     0.968750         2374        32.00
      23.551     0.971875         2382        35.56
      24.351     0.975000         2389        40.00
      25.919     0.978125         2397        45.71
      28.959     0.981250         2405        53.33
      31.791     0.984375         2412        64.00
      34.911     0.985938         2416        71.11
      38.015     0.987500         2420        80.00
      45.119     0.989062         2424        91.43
      52.511     0.990625         2428       106.67
      60.223     0.992188         2431       128.00
      72.703     0.992969         2433       142.22
      87.487     0.993750         2435       160.00
     120.191     0.994531         2437       182.86
     132.735     0.995313         2439       213.33
     137.983     0.996094         2441       256.00
     169.087     0.996484         2442       284.44
     169.343     0.996875         2443       320.00
     173.183     0.997266         2444       365.71
     177.535     0.997656         2445       426.67
     188.159     0.998047         2446       512.00
     188.159     0.998242         2446       568.89
     189.311     0.998437         2447       640.00
     189.311     0.998633         2447       731.43
     191.615     0.998828         2448       853.33
     191.615     0.999023         2448      1024.00
     191.615     0.999121         2448      1137.78
     194.943     0.999219         2449      1280.00
     194.943     0.999316         2449      1462.86
     194.943     0.999414         2449      1706.67
     194.943     0.999512         2449      2048.00
     194.943     0.999561         2449      2275.56
     280.319     0.999609         2450      2560.00
     280.319     1.000000         2450          inf
#[Mean    =        5.242, StdDeviation   =       14.336]
#[Max     =      280.064, Total count    =         2450]
#[Buckets =           27, SubBuckets     =         2048]
----------------------------------------------------------
  3002 requests in 1.00m, 2.93GB read
  Socket errors: connect 0, read 0, write 0, timeout 50
Requests/sec:     50.03
Transfer/sec:     50.04MB

--- metrics ---
requests=3002
duration_s=60.005124
bytes=3148302470
rps=50.03
p50_ms=3.043
p95_ms=14.287
p99_ms=46.143
p999_ms=191.615
err_connect=0
err_read=0
err_write=0
err_status=0
err_timeout=50
--- end ---
