Running 1m test @ http://127.0.0.1:8080/file1m
  2 threads and 50 connections
  Thread calibration: mean lat.: 6.641ms, rate sampling interval: 30ms
  Thread calibration: mean lat.: 22.492ms, rate sampling interval: 68ms
  Thread Stats   Avg      Stdev     Max   +/- Stdev
    Latency    13.83ms   11.99ms  57.82ms   76.16%
    Req/Sec    24.76     71.57   373.00     89.08%
  Latency Distribution (HdrHistogram - Recorded Latency)
 50.000%    8.98ms
 75.000%   24.77ms
 90.000%   31.47ms
 99.000%   43.87ms
 99.900%   51.68ms
 99.990%   57.85ms
 99.999%   57.85ms
100.000%   57.85ms

  Detailed Percentile spectrum:
       Value   Percentile   TotalCount 1/(1-Percentile)

       1.650     0.000000            1         1.00
       2.465     0.100000          245         1.11
       2.865     0.200000          491         1.25
       3.341     0.300000          735         1.43
       4.727     0.400000          980         1.67
       8.983     0.500000         1225         2.00
      11.335     0.550000         1348         2.22
      14.527     0.600000         1471         2.50
      18.303     0.650000         1593         2.86
      21.487     0.700000         1715         3.33
      24.767     0.750000         1838         4.00
      26.079     0.775000         1899         4.44
      27.503     0.800000         1961         5.00
      28.527     0.825000         2022         5.71
      29.567     0.850000         2084         6.67
      30.479     0.875000         2146         8.00
      31.007     0.887500         2180         8.89
      31.471     0.900000         2206        10.00
      31.887     0.912500         2236        11.43
      32.495     0.925000         2267        13.33
      33.023     0.937500         2297        16.00
      33.471     0.943750         2315        17.78
      33.727     0.950000         2328        20.00
      34.111     0.956250         2343        22.86
      34.943     0.962500         2360        26.67
      35.807     0.968750         2374        32.00
      36.383     0.971875         2382        35.56
      37.023     0.975000         2389        40.00
      39.263     0.978125         2397        45.71
      42.783     0.981250         2406        53.33
      43.135     0.984375         2412        64.00
      43.231     0.985938         2416        71.11
      43.391     0.987500         2420        80.00
      43.711     0.989062         2425        91.43
      43.999     0.990625         2430       106.67
      44.031     0.992188         2431       128.00
      44.159     0.992969         2434       142.22
      44.191     0.993750         2435       160.00
      44.255     0.994531         2437       182.86
      44.863     0.995313         2439       213.33
      45.119     0.996094         2441       256.00
      45.151     0.996484         2442       284.44
      45.951     0.996875         2443       320.00
      48.703     0.997266         2444       365.71
      50.239     0.997656         2445       426.67
      51.071     0.998047         2446       512.00
      51.071     0.998242         2446       568.89
      51.135     0.998437         2447       640.00
      51.135     0.998633         2447       731.43
      51.679     0.998828         2448       853.33
      51.679     0.999023         2448      1024.00
      51.679     0.999121         2448      1137.78
      57.151     0.999219         2449      1280.00
      57.151     0.999316         2449      1462.86
      57.151     0.999414         2449      1706.67
      57.151     0.999512         2449      2048.00
      57.151     0.999561         2449      2275.56
      57.855     0.999609         2450      2560.00
      57.855     1.000000         2450          inf
#[Mean    =       13.832, StdDeviation   =       11.991]
#[Max     =       57.824, Total count    =         2450]
#[Buckets =           27, SubBuckets     =         2048]
----------------------------------------------------------
  2979 requests in 1.00m, 2.91GB read
Requests/sec:     49.64
Transfer/sec:     49.65MB

--- metrics ---
requests=2979
duration_s=60.008992
bytes=3124139859
rps=49.64
p50_ms=8.983
p95_ms=33.727
p99_ms=43.871
p999_ms=51.679
err_connect=0
err_read=0
err_write=0
err_status=0
err_timeout=0
--- end ---
