Running 1m test @ http://127.0.0.1:8083/json
  2 threads and 100 connections
  Thread calibration: mean lat.: 1.150ms, rate sampling interval: 10ms
  Thread calibration: mean lat.: 2.186ms, rate sampling interval: 10ms
  Thread Stats   Avg      Stdev     Max   +/- Stdev
    Latency     2.03ms    1.84ms  27.70ms   87.59%
    Req/Sec     1.05k     1.34k    5.55k    89.39%
  Latency Distribution (HdrHistogram - Recorded Latency)
 50.000%    1.47ms
 75.000%    2.31ms
 90.000%    4.45ms
 99.000%    8.69ms
 99.900%   14.49ms
 99.990%   23.38ms
 99.999%   27.52ms
100.000%   27.71ms

  Detailed Percentile spectrum:
       Value   Percentile   TotalCount 1/(1-Percentile)

       0.101     0.000000            1         1.00
       0.569     0.100000         9975         1.11
       0.827     0.200000        19914         1.25
       1.047     0.300000        29856         1.43
       1.254     0.400000        39809         1.67
       1.466     0.500000        49764         2.00
       1.584     0.550000        54726         2.22
       1.725     0.600000        59711         2.50
       1.886     0.650000        64687         2.86
       2.071     0.700000        69666         3.33
       2.311     0.750000        74665         4.00
       2.467     0.775000        77117         4.44
       2.667     0.800000        79602         5.00
       2.943     0.825000        82101         5.71
       3.291     0.850000        84586         6.67
       3.781     0.875000        87070         8.00
       4.091     0.887500        88309         8.89
       4.447     0.900000        89555        10.00
       4.815     0.912500        90804        11.43
       5.223     0.925000        92042        13.33
       5.687     0.937500        93296        16.00
       5.895     0.943750        93908        17.78
       6.119     0.950000        94532        20.00
       6.343     0.956250        95155        22.86
       6.615     0.962500        95778        26.67
       6.923     0.968750        96394        32.00
       7.103     0.971875        96703        35.56
       7.295     0.975000        97013        40.00
       7.527     0.978125        97327        45.71
       7.783     0.981250        97637        53.33
       8.071     0.984375        97946        64.00
       8.223     0.985938        98102        71.11
       8.383     0.987500        98257        80.00
       8.575     0.989062        98419        91.43
       8.775     0.990625        98571       106.67
       8.975     0.992188        98723       128.00
       9.095     0.992969        98801       142.22
       9.247     0.993750        98882       160.00
       9.407     0.994531        98956       182.86
       9.647     0.995313        99034       213.33
       9.943     0.996094        99112       256.00
      10.127     0.996484        99151       284.44
      10.463     0.996875        99190       320.00
      10.831     0.997266        99228       365.71
      11.279     0.997656        99267       426.67
      12.247     0.998047        99306       512.00
      12.599     0.998242        99326       568.89
      12.879     0.998437        99346       640.00
      13.335     0.998633        99364       731.43
      14.063     0.998828        99384       853.33
      14.719     0.999023        99403      1024.00
      14.959     0.999121        99413      1137.78
      15.663     0.999219        99423      1280.00
      16.735     0.999316        99432      1462.86
      17.423     0.999414        99442      1706.67
      18.031     0.999512        99452      2048.00
      18.383     0.999561        99457      2275.56
      18.943     0.999609        99462      2560.00
      19.599     0.999658        99466      2925.71
      20.575     0.999707        99471      3413.33
      21.135     0.999756        99476      4096.00
      21.615     0.999780        99479      4551.11
      22.095     0.999805        99481      5120.00
      22.543     0.999829        99483      5851.43
      23.007     0.999854        99486      6826.67
      23.151     0.999878        99488      8192.00
      23.375     0.999890        99490      9102.22
      23.519     0.999902        99492     10240.00
      23.519     0.999915        99492     11702.86
      23.535     0.999927        99494     13653.33
      23.535     0.999939        99494     16384.00
      23.599     0.999945        99495     18204.44
      23.839     0.999951        99496     20480.00
      23.839     0.999957        99496     23405.71
      23.903     0.999963        99497     27306.67
      23.903     0.999969        99497     32768.00
      27.359     0.999973        99498     36408.89
      27.359     0.999976        99498     40960.00
      27.359     0.999979        99498     46811.43
      27.519     0.999982        99499     54613.33
      27.519     0.999985        99499     65536.00
      27.519     0.999986        99499     72817.78
      27.519     0.999988        99499     81920.00
      27.519     0.999989        99499     93622.86
      27.711     0.999991        99500    109226.67
      27.711     1.000000        99500          inf
#[Mean    =        2.029, StdDeviation   =        1.841]
#[Max     =       27.696, Total count    =        99500]
#[Buckets =           27, SubBuckets     =         2048]
----------------------------------------------------------
  118902 requests in 1.00m, 145.03MB read
Requests/sec:   1981.63
Transfer/sec:      2.42MB

--- metrics ---
requests=118902
duration_s=60.002093
bytes=152075158
rps=1981.63
p50_ms=1.466
p95_ms=6.119
p99_ms=8.687
p999_ms=14.495
err_connect=0
err_read=0
err_write=0
err_status=0
err_timeout=0
--- end ---
