Running 1m test @ http://127.0.0.1:8080/file1m
  2 threads and 50 connections
  Thread calibration: mean lat.: 621.413ms, rate sampling interval: 4632ms
  Thread calibration: mean lat.: 676.587ms, rate sampling interval: 5193ms
  Thread Stats   Avg      Stdev     Max   +/- Stdev
    Latency     7.46ms   15.26ms 238.98ms   93.11%
    Req/Sec    24.32      1.75    27.00     89.47%
  Latency Distribution (HdrHistogram - Recorded Latency)
 50.000%    3.47ms
 75.000%    4.48ms
 90.000%   11.03ms
 99.000%   76.80ms
 99.900%  187.90ms
 99.990%  239.10ms
 99.999%  239.10ms
100.000%  239.10ms

  Detailed Percentile spectrum:
       Value   Percentile   TotalCount 1/(1-Percentile)

       1.453     0.000000            1         1.00
       2.407     0.100000          248         1.11
       2.721     0.200000          491         1.25
       2.969     0.300000          736         1.43
       3.213     0.400000          984         1.67
       3.467     0.500000         1227         2.00
       3.601     0.550000         1350         2.22
       3.747     0.600000         1473         2.50
       3.921     0.650000         1594         2.86
       4.187     0.700000         1717         3.33
       4.479     0.750000         1840         4.00
       4.679     0.775000         1902         4.44
       4.911     0.800000         1963         5.00
       5.287     0.825000         2023         5.71
       5.771     0.850000         2085         6.67
       7.711     0.875000         2146         8.00
       9.391     0.887500         2177         8.89
      11.031     0.900000         2207        10.00
      12.751     0.912500         2238        11.43
      18.703     0.925000         2269        13.33
      29.935     0.937500         2299        16.00
      42.623     0.943750         2315        17.78
      43.423     0.950000         2330        20.00
      43.679     0.956250         2346        22.86
      44.095     0.962500         2361        26.67
      44.415     0.968750         2376        32.00
      44.895     0.971875         2384        35.56
      45.247     0.975000         2391        40.00
      46.399     0.978125         2399        45.71
      47.839     0.981250         2407        53.33
      55.743     0.984375         2414        64.00
      58.175     0.985938         2418        71.11
      62.847     0.987500         2422        80.00
      76.351     0.989062         2426        91.43
      77.567     0.990625         2430       106.67
      79.167     0.992188         2433       128.00
      85.631     0.992969         2435       142.22
      87.615     0.993750         2437       160.00
      94.527     0.994531         2439       182.86
      97.919     0.995313         2441       213.33
     103.359     0.996094         2443       256.00
     115.391     0.996484         2444       284.44
     125.311     0.996875         2445       320.00
     139.647     0.997266         2446       365.71
     140.031     0.997656         2447       426.67
     143.999     0.998047         2448       512.00
     143.999     0.998242         2448       568.89
     157.311     0.998437         2449       640.00
     157.311     0.998633         2449       731.43
     187.903     0.998828         2450       853.33
     187.903     0.999023         2450      1024.00
     187.903     0.999121         2450      1137.78
     197.503     0.999219         2451      1280.00
     197.503     0.999316         2451      1462.86
     197.503     0.999414         2451      1706.67
     197.503     0.999512         2451      2048.00
     197.503     0.999561         2451      2275.56
     239.103     0.999609         2452      2560.00
     239.103     1.000000         2452          inf
#[Mean    =        7.455, StdDeviation   =       15.264]
#[Max     =      238.976, Total count    =         2452]
#[Buckets =           27, SubBuckets     =         2048]
----------------------------------------------------------
  3002 requests in 1.00m, 2.93GB read
  Socket errors: connect 0, read 0, write 0, timeout 33
Requests/sec:     50.03
Transfer/sec:     50.04MB

--- metrics ---
requests=3002
duration_s=60.005450
bytes=3148260442
rps=50.03
p50_ms=3.467
p95_ms=43.391
p99_ms=76.799
p999_ms=187.903
err_connect=0
err_read=0
err_write=0
err_status=0
err_timeout=33
--- end ---
