Running 1m test @ http://127.0.0.1:8080/file50k
  2 threads and 100 connections
  Thread calibration: mean lat.: 1.564ms, rate sampling interval: 10ms
  Thread calibration: mean lat.: 1.565ms, rate sampling interval: 10ms
  Thread Stats   Avg      Stdev     Max   +/- Stdev
    Latency     1.53ms  391.23us   3.65ms   66.83%
    Req/Sec   157.88     95.29   333.00     70.84%
  Latency Distribution (HdrHistogram - Recorded Latency)
 50.000%    1.52ms
 75.000%    1.79ms
 90.000%    2.05ms
 99.000%    2.52ms
 99.900%    2.88ms
 99.990%    3.62ms
 99.999%    3.65ms
100.000%    3.65ms

  Detailed Percentile spectrum:
       Value   Percentile   TotalCount 1/(1-Percentile)

       0.276     0.000000            1         1.00
       1.024     0.100000         1493         1.11
       1.181     0.200000         2993         1.25
       1.305     0.300000         4470         1.43
       1.414     0.400000         5963         1.67
       1.521     0.500000         7452         2.00
       1.572     0.550000         8204         2.22
       1.622     0.600000         8952         2.50
       1.674     0.650000         9687         2.86
       1.732     0.700000        10442         3.33
       1.794     0.750000        11180         4.00
       1.826     0.775000        11550         4.44
       1.860     0.800000        11921         5.00
       1.899     0.825000        12302         5.71
       1.939     0.850000        12669         6.67
       1.988     0.875000        13038         8.00
       2.016     0.887500        13226         8.89
       2.045     0.900000        13414        10.00
       2.075     0.912500        13599        11.43
       2.109     0.925000        13792        13.33
       2.147     0.937500        13977        16.00
       2.173     0.943750        14071        17.78
       2.199     0.950000        14165        20.00
       2.229     0.956250        14252        22.86
       2.263     0.962500        14344        26.67
       2.299     0.968750        14435        32.00
       2.319     0.971875        14481        35.56
       2.343     0.975000        14528        40.00
       2.377     0.978125        14575        45.71
       2.403     0.981250        14621        53.33
       2.439     0.984375        14668        64.00
       2.457     0.985938        14694        71.11
       2.479     0.987500        14715        80.00
       2.497     0.989062        14738        91.43
       2.529     0.990625        14761       106.67
       2.569     0.992188        14786       128.00
       2.589     0.992969        14798       142.22
       2.597     0.993750        14807       160.00
       2.623     0.994531        14821       182.86
       2.651     0.995313        14833       213.33
       2.665     0.996094        14844       256.00
       2.691     0.996484        14848       284.44
       2.709     0.996875        14854       320.00
       2.747     0.997266        14860       365.71
       2.785     0.997656        14866       426.67
       2.797     0.998047        14871       512.00
       2.811     0.998242        14874       568.89
       2.821     0.998437        14877       640.00
       2.855     0.998633        14880       731.43
       2.875     0.998828        14883       853.33
       2.891     0.999023        14887      1024.00
       2.891     0.999121        14887      1137.78
       2.917     0.999219        14889      1280.00
       2.921     0.999316        14890      1462.86
       2.931     0.999414        14892      1706.67
       2.945     0.999512        14893      2048.00
       2.975     0.999561        14894      2275.56
       3.001     0.999609        14895      2560.00
       3.001     0.999658        14895      2925.71
       3.031     0.999707        14896      3413.33
       3.205     0.999756        14897      4096.00
       3.205     0.999780        14897      4551.11
       3.395     0.999805        14898      5120.00
       3.395     0.999829        14898      5851.43
       3.395     0.999854        14898      6826.67
       3.625     0.999878        14899      8192.00
       3.625     0.999890        14899      9102.22
       3.625     0.999902        14899     10240.00
       3.625     0.999915        14899     11702.86
       3.625     0.999927        14899     13653.33
       3.651     0.999939        14900     16384.00
       3.651     1.000000        14900          inf
#[Mean    =        1.533, StdDeviation   =        0.391]
#[Max     =        3.650, Total count    =        14900]
#[Buckets =           27, SubBuckets     =         2048]
----------------------------------------------------------
  18002 requests in 1.00m, 0.86GB read
Requests/sec:    300.02
Transfer/sec:     14.69MB

--- metrics ---
requests=18002
duration_s=60.002947
bytes=924276686
rps=300.02
p50_ms=1.521
p95_ms=2.199
p99_ms=2.515
p999_ms=2.881
err_connect=0
err_read=0
err_write=0
err_status=0
err_timeout=0
--- end ---
