Running 1m test @ http://127.0.0.1:8083/file50k
  2 threads and 100 connections
  Thread calibration: mean lat.: 1.337ms, rate sampling interval: 10ms
  Thread calibration: mean lat.: 2.314ms, rate sampling interval: 10ms
  Thread Stats   Avg      Stdev     Max   +/- Stdev
    Latency     1.82ms  846.44us   5.73ms   69.52%
    Req/Sec   158.46    566.86     5.55k    97.84%
  Latency Distribution (HdrHistogram - Recorded Latency)
 50.000%    1.64ms
 75.000%    2.26ms
 90.000%    3.10ms
 99.000%    4.27ms
 99.900%    5.36ms
 99.990%    5.64ms
 99.999%    5.73ms
100.000%    5.73ms

  Detailed Percentile spectrum:
       Value   Percentile   TotalCount 1/(1-Percentile)

       0.338     0.000000            1         1.00
       0.894     0.100000         1498         1.11
       1.107     0.200000         2982         1.25
       1.303     0.300000         4470         1.43
       1.472     0.400000         5962         1.67
       1.638     0.500000         7458         2.00
       1.716     0.550000         8195         2.22
       1.818     0.600000         8941         2.50
       1.942     0.650000         9687         2.86
       2.079     0.700000        10436         3.33
       2.255     0.750000        11178         4.00
       2.355     0.775000        11549         4.44
       2.471     0.800000        11926         5.00
       2.617     0.825000        12300         5.71
       2.783     0.850000        12665         6.67
       2.943     0.875000        13040         8.00
       3.015     0.887500        13226         8.89
       3.103     0.900000        13411        10.00
       3.185     0.912500        13598        11.43
       3.271     0.925000        13786        13.33
       3.363     0.937500        13970        16.00
       3.419     0.943750        14063        17.78
       3.473     0.950000        14155        20.00
       3.525     0.956250        14250        22.86
       3.589     0.962500        14342        26.67
       3.687     0.968750        14435        32.00
       3.747     0.971875        14482        35.56
       3.817     0.975000        14528        40.00
       3.899     0.978125        14576        45.71
       3.971     0.981250        14621        53.33
       4.063     0.984375        14668        64.00
       4.115     0.985938        14691        71.11
       4.171     0.987500        14715        80.00
       4.251     0.989062        14739        91.43
       4.303     0.990625        14764       106.67
       4.363     0.992188        14785       128.00
       4.407     0.992969        14796       142.22
       4.463     0.993750        14807       160.00
       4.531     0.994531        14819       182.86
       4.639     0.995313        14831       213.33
       4.751     0.996094        14842       256.00
       4.843     0.996484        14848       284.44
       4.967     0.996875        14854       320.00
       5.059     0.997266        14860       365.71
       5.135     0.997656        14866       426.67
       5.199     0.998047        14872       512.00
       5.223     0.998242        14874       568.89
       5.243     0.998437        14877       640.00
       5.283     0.998633        14881       731.43
       5.339     0.998828        14883       853.33
       5.363     0.999023        14886      1024.00
       5.407     0.999121        14887      1137.78
       5.431     0.999219        14889      1280.00
       5.479     0.999316        14890      1462.86
       5.511     0.999414        14892      1706.67
       5.559     0.999512        14893      2048.00
       5.571     0.999561        14894      2275.56
       5.583     0.999609        14896      2560.00
       5.583     0.999658        14896      2925.71
       5.583     0.999707        14896      3413.33
       5.587     0.999756        14897      4096.00
       5.587     0.999780        14897      4551.11
       5.595     0.999805        14898      5120.00
       5.595     0.999829        14898      5851.43
       5.595     0.999854        14898      6826.67
       5.639     0.999878        14899      8192.00
       5.639     0.999890        14899      9102.22
       5.639     0.999902        14899     10240.00
       5.639     0.999915        14899     11702.86
       5.639     0.999927        14899     13653.33
       5.731     0.999939        14900     16384.00
       5.731     1.000000        14900          inf
#[Mean    =        1.821, StdDeviation   =        0.846]
#[Max     =        5.728, Total count    =        14900]
#[Buckets =           27, SubBuckets     =         2048]
----------------------------------------------------------
  17852 requests in 1.00m, 0.86GB read
Requests/sec:    297.52
Transfer/sec:     14.60MB

--- metrics ---
requests=17852
duration_s=60.002792
bytes=918753180
rps=297.52
p50_ms=1.638
p95_ms=3.473
p99_ms=4.271
p999_ms=5.355
err_connect=0
err_read=0
err_write=0
err_status=0
err_timeout=0
--- end ---
