Running 1m test @ http://127.0.0.1:8081/file1m
  2 threads and 50 connections
  Thread calibration: mean lat.: 3.038ms, rate sampling interval: 10ms
  Thread calibration: mean lat.: 3.109ms, rate sampling interval: 10ms
  Thread Stats   Avg      Stdev     Max   +/- Stdev
    Latency     3.04ms  594.07us   5.04ms   67.71%
    Req/Sec    26.06     69.90   333.00     87.18%
  Latency Distribution (HdrHistogram - Recorded Latency)
 50.000%    3.01ms
 75.000%    3.41ms
 90.000%    3.87ms
 99.000%    4.44ms
 99.900%    4.77ms
 99.990%    5.04ms
 99.999%    5.04ms
100.000%    5.04ms

  Detailed Percentile spectrum:
       Value   Percentile   TotalCount 1/(1-Percentile)

       1.396     0.000000            1         1.00
       2.305     0.100000          245         1.11
       2.527     0.200000          492         1.25
       2.699     0.300000          736         1.43
       2.853     0.400000          980         1.67
       3.005     0.500000         1225         2.00
       3.081     0.550000         1348         2.22
       3.153     0.600000         1472         2.50
       3.227     0.650000         1593         2.86
       3.311     0.700000         1717         3.33
       3.409     0.750000         1839         4.00
       3.463     0.775000         1899         4.44
       3.541     0.800000         1962         5.00
       3.607     0.825000         2022         5.71
       3.691     0.850000         2083         6.67
       3.777     0.875000         2144         8.00
       3.821     0.887500         2175         8.89
       3.869     0.900000         2205        10.00
       3.931     0.912500         2238        11.43
       3.999     0.925000         2267        13.33
       4.063     0.937500         2297        16.00
       4.091     0.943750         2313        17.78
       4.127     0.950000         2330        20.00
       4.171     0.956250         2345        22.86
       4.227     0.962500         2362        26.67
       4.259     0.968750         2374        32.00
       4.291     0.971875         2383        35.56
       4.315     0.975000         2389        40.00
       4.327     0.978125         2397        45.71
       4.347     0.981250         2406        53.33
       4.375     0.984375         2412        64.00
       4.383     0.985938         2416        71.11
       4.415     0.987500         2420        80.00
       4.439     0.989062         2424        91.43
       4.459     0.990625         2429       106.67
       4.483     0.992188         2431       128.00
       4.495     0.992969         2433       142.22
       4.547     0.993750         2435       160.00
       4.583     0.994531         2437       182.86
       4.587     0.995313         2439       213.33
       4.627     0.996094         2441       256.00
       4.635     0.996484         2442       284.44
       4.651     0.996875         2443       320.00
       4.683     0.997266         2444       365.71
       4.715     0.997656         2445       426.67
       4.731     0.998047         2446       512.00
       4.731     0.998242         2446       568.89
       4.771     0.998437         2448       640.00
       4.771     0.998633         2448       731.43
       4.771     0.998828         2448       853.33
       4.771     0.999023         2448      1024.00
       4.771     0.999121         2448      1137.78
       4.839     0.999219         2449      1280.00
       4.839     0.999316         2449      1462.86
       4.839     0.999414         2449      1706.67
       4.839     0.999512         2449      2048.00
       4.839     0.999561         2449      2275.56
       5.039     0.999609         2450      2560.00
       5.039     1.000000         2450          inf
#[Mean    =        3.043, StdDeviation   =        0.594]
#[Max     =        5.036, Total count    =         2450]
#[Buckets =           27, SubBuckets     =         2048]
----------------------------------------------------------
  3002 requests in 1.00m, 2.93GB read
Requests/sec:     50.03
Transfer/sec:     50.04MB

--- metrics ---
requests=3002
duration_s=60.003905
bytes=3148302470
rps=50.03
p50_ms=3.005
p95_ms=4.127
p99_ms=4.443
p999_ms=4.771
err_connect=0
err_read=0
err_write=0
err_status=0
err_timeout=0
--- end ---
