Running 1m test @ http://127.0.0.1:8082/file1m
  2 threads and 50 connections
  Thread calibration: mean lat.: 924.401ms, rate sampling interval: 1991ms
  Thread calibration: mean lat.: 73.653ms, rate sampling interval: 182ms
  Thread Stats   Avg      Stdev     Max   +/- Stdev
    Latency   499.72ms  448.18ms   1.00s    61.10%
    Req/Sec    24.57     47.30   138.00     84.23%
  Latency Distribution (HdrHistogram - Recorded Latency)
 50.000%   92.67ms
 75.000%  964.61ms
 90.000%  988.16ms
 99.000%    1.00s 
 99.900%    1.00s 
 99.990%    1.00s 
 99.999%    1.00s 
100.000%    1.00s 

  Detailed Percentile spectrum:
       Value   Percentile   TotalCount 1/(1-Percentile)

       3.393     0.000000            1         1.00
      56.991     0.100000          245         1.11
      65.919     0.200000          490         1.25
      74.879     0.300000          737         1.43
      83.647     0.400000          980         1.67
      92.671     0.500000         1226         2.00
     932.863     0.550000         1348         2.22
     941.055     0.600000         1472         2.50
     948.735     0.650000         1604         2.86
     957.439     0.700000         1723         3.33
     964.607     0.750000         1842         4.00
     967.679     0.775000         1900         4.44
     972.287     0.800000         1961         5.00
     976.895     0.825000         2034         5.71
     979.967     0.850000         2089         6.67
     984.063     0.875000         2152         8.00
     985.599     0.887500         2175         8.89
     988.159     0.900000         2205        10.00
     990.207     0.912500         2246        11.43
     991.743     0.925000         2267        13.33
     993.279     0.937500         2301        16.00
     995.327     0.943750         2317        17.78
     995.839     0.950000         2330        20.00
     996.863     0.956250         2351        22.86
     997.887     0.962500         2366        26.67
     998.399     0.968750         2379        32.00
     998.911     0.971875         2391        35.56
     998.911     0.975000         2391        40.00
     999.423     0.978125         2399        45.71
    1000.959     0.981250         2405        53.33
    1001.471     0.984375         2416        64.00
    1001.471     0.985938         2416        71.11
    1001.983     0.987500         2432        80.00
    1001.983     0.989062         2432        91.43
    1001.983     0.990625         2432       106.67
    1001.983     0.992188         2432       128.00
    1002.495     0.992969         2444       142.22
    1002.495     0.993750         2444       160.00
    1002.495     0.994531         2444       182.86
    1002.495     0.995313         2444       213.33
    1002.495     0.996094         2444       256.00
    1002.495     0.996484         2444       284.44
    1002.495     0.996875         2444       320.00
    1002.495     0.997266         2444       365.71
    1003.007     0.997656         2449       426.67
    1003.007     0.998047         2449       512.00
    1003.007     0.998242         2449       568.89
    1003.007     0.998437         2449       640.00
    1003.007     0.998633         2449       731.43
    1003.007     0.998828         2449       853.33
    1003.007     0.999023         2449      1024.00
    1003.007     0.999121         2449      1137.78
    1003.007     0.999219         2449      1280.00
    1003.007     0.999316         2449      1462.86
    1003.007     0.999414         2449      1706.67
    1003.007     0.999512         2449      2048.00
    1003.007     0.999561         2449      2275.56
    1003.519     0.999609         2450      2560.00
    1003.519     1.000000         2450          inf
#[Mean    =      499.724, StdDeviation   =      448.178]
#[Max     =     1003.008, Total count    =         2450]
#[Buckets =           27, SubBuckets     =         2048]
----------------------------------------------------------
  2953 requests in 1.00m, 2.88GB read
Requests/sec:     49.18
Transfer/sec:     49.18MB

--- metrics ---
requests=2953
duration_s=60.049654
bytes=3097009964
rps=49.18
p50_ms=92.671
p95_ms=995.839
p99_ms=1001.983
p999_ms=1003.007
err_connect=0
err_read=0
err_write=0
err_status=0
err_timeout=0
--- end ---
