Running 1m test @ http://127.0.0.1:8083/file50k
  2 threads and 100 connections
  Thread calibration: mean lat.: 1.249ms, rate sampling interval: 10ms
  Thread calibration: mean lat.: 1.271ms, rate sampling interval: 10ms
  Thread Stats   Avg      Stdev     Max   +/- Stdev
    Latency     1.26ms  402.09us   3.87ms   66.54%
    Req/Sec   158.09     94.84   333.00     70.42%
  Latency Distribution (HdrHistogram - Recorded Latency)
 50.000%    1.25ms
 75.000%    1.54ms
 90.000%    1.79ms
 99.000%    2.27ms
 99.900%    2.54ms
 99.990%    2.98ms
 99.999%    3.87ms
100.000%    3.87ms

  Detailed Percentile spectrum:
       Value   Percentile   TotalCount 1/(1-Percentile)

       0.245     0.000000            1         1.00
       0.741     0.100000         1497         1.11
       0.893     0.200000         2987         1.25
       1.025     0.300000         4476         1.43
       1.140     0.400000         5964         1.67
       1.249     0.500000         7455         2.00
       1.303     0.550000         8195         2.22
       1.358     0.600000         8945         2.50
       1.415     0.650000         9686         2.86
       1.473     0.700000        10431         3.33
       1.536     0.750000        11181         4.00
       1.567     0.775000        11551         4.44
       1.601     0.800000        11929         5.00
       1.637     0.825000        12308         5.71
       1.679     0.850000        12667         6.67
       1.730     0.875000        13041         8.00
       1.759     0.887500        13227         8.89
       1.788     0.900000        13411        10.00
       1.826     0.912500        13597        11.43
       1.862     0.925000        13784        13.33
       1.911     0.937500        13970        16.00
       1.938     0.943750        14062        17.78
       1.967     0.950000        14156        20.00
       1.997     0.956250        14251        22.86
       2.027     0.962500        14342        26.67
       2.061     0.968750        14438        32.00
       2.079     0.971875        14483        35.56
       2.105     0.975000        14529        40.00
       2.135     0.978125        14575        45.71
       2.171     0.981250        14623        53.33
       2.207     0.984375        14669        64.00
       2.219     0.985938        14694        71.11
       2.235     0.987500        14715        80.00
       2.255     0.989062        14739        91.43
       2.277     0.990625        14761       106.67
       2.301     0.992188        14784       128.00
       2.317     0.992969        14796       142.22
       2.333     0.993750        14807       160.00
       2.349     0.994531        14821       182.86
       2.367     0.995313        14834       213.33
       2.377     0.996094        14842       256.00
       2.395     0.996484        14848       284.44
       2.417     0.996875        14855       320.00
       2.427     0.997266        14862       365.71
       2.437     0.997656        14866       426.67
       2.457     0.998047        14871       512.00
       2.465     0.998242        14875       568.89
       2.469     0.998437        14877       640.00
       2.483     0.998633        14880       731.43
       2.513     0.998828        14883       853.33
       2.545     0.999023        14886      1024.00
       2.553     0.999121        14887      1137.78
       2.557     0.999219        14889      1280.00
       2.569     0.999316        14891      1462.86
       2.599     0.999414        14892      1706.67
       2.617     0.999512        14893      2048.00
       2.619     0.999561        14894      2275.56
       2.621     0.999609        14895      2560.00
       2.621     0.999658        14895      2925.71
       2.651     0.999707        14896      3413.33
       2.659     0.999756        14897      4096.00
       2.659     0.999780        14897      4551.11
       2.719     0.999805        14898      5120.00
       2.719     0.999829        14898      5851.43
       2.719     0.999854        14898      6826.67
       2.979     0.999878        14899      8192.00
       2.979     0.999890        14899      9102.22
       2.979     0.999902        14899     10240.00
       2.979     0.999915        14899     11702.86
       2.979     0.999927        14899     13653.33
       3.869     0.999939        14900     16384.00
       3.869     1.000000        14900          inf
#[Mean    =        1.263, StdDeviation   =        0.402]
#[Max     =        3.868, Total count    =        14900]
#[Buckets =           27, SubBuckets     =         2048]
----------------------------------------------------------
  18002 requests in 1.00m, 0.86GB read
Requests/sec:    300.02
Transfer/sec:     14.73MB

--- metrics ---
requests=18002
duration_s=60.002626
bytes=926472930
rps=300.02
p50_ms=1.249
p95_ms=1.967
p99_ms=2.269
p999_ms=2.535
err_connect=0
err_read=0
err_write=0
err_status=0
err_timeout=0
--- end ---
