Running 1m test @ http://127.0.0.1:8084/json
  2 threads and 100 connections
  Thread calibration: mean lat.: 1.329ms, rate sampling interval: 10ms
  Thread calibration: mean lat.: 1.601ms, rate sampling interval: 10ms
  Thread Stats   Avg      Stdev     Max   +/- Stdev
    Latency     1.47ms  641.09us  15.49ms   67.57%
    Req/Sec     1.05k     1.30k    5.55k    89.60%
  Latency Distribution (HdrHistogram - Recorded Latency)
 50.000%    1.37ms
 75.000%    1.85ms
 90.000%    2.38ms
 99.000%    3.18ms
 99.900%    3.83ms
 99.990%    5.31ms
 99.999%   10.62ms
100.000%   15.49ms

  Detailed Percentile spectrum:
       Value   Percentile   TotalCount 1/(1-Percentile)

       0.140     0.000000            1         1.00
       0.719     0.100000         9982         1.11
       0.895     0.200000        19925         1.25
       1.056     0.300000        29868         1.43
       1.215     0.400000        39805         1.67
       1.373     0.500000        49771         2.00
       1.460     0.550000        54756         2.22
       1.548     0.600000        59712         2.50
       1.639     0.650000        64675         2.86
       1.736     0.700000        69662         3.33
       1.851     0.750000        74640         4.00
       1.920     0.775000        77124         4.44
       1.993     0.800000        79616         5.00
       2.077     0.825000        82109         5.71
       2.173     0.850000        84588         6.67
       2.273     0.875000        87067         8.00
       2.325     0.887500        88336         8.89
       2.375     0.900000        89555        10.00
       2.431     0.912500        90837        11.43
       2.487     0.925000        92042        13.33
       2.551     0.937500        93311        16.00
       2.589     0.943750        93922        17.78
       2.639     0.950000        94546        20.00
       2.693     0.956250        95150        22.86
       2.759     0.962500        95777        26.67
       2.829     0.968750        96394        32.00
       2.869     0.971875        96707        35.56
       2.915     0.975000        97026        40.00
       2.961     0.978125        97324        45.71
       3.007     0.981250        97638        53.33
       3.059     0.984375        97952        64.00
       3.085     0.985938        98102        71.11
       3.121     0.987500        98261        80.00
       3.159     0.989062        98412        91.43
       3.197     0.990625        98568       106.67
       3.245     0.992188        98730       128.00
       3.265     0.992969        98803       142.22
       3.293     0.993750        98882       160.00
       3.327     0.994531        98958       182.86
       3.359     0.995313        99035       213.33
       3.401     0.996094        99114       256.00
       3.435     0.996484        99152       284.44
       3.467     0.996875        99190       320.00
       3.501     0.997266        99228       365.71
       3.549     0.997656        99267       426.67
       3.605     0.998047        99306       512.00
       3.629     0.998242        99328       568.89
       3.659     0.998437        99346       640.00
       3.701     0.998633        99365       731.43
       3.753     0.998828        99384       853.33
       3.837     0.999023        99403      1024.00
       3.887     0.999121        99413      1137.78
       3.935     0.999219        99423      1280.00
       3.985     0.999316        99432      1462.86
       4.049     0.999414        99442      1706.67
       4.095     0.999512        99453      2048.00
       4.175     0.999561        99459      2275.56
       4.259     0.999609        99462      2560.00
       4.339     0.999658        99466      2925.71
       4.447     0.999707        99471      3413.33
       4.595     0.999756        99476      4096.00
       4.735     0.999780        99480      4551.11
       4.751     0.999805        99481      5120.00
       4.951     0.999829        99483      5851.43
       5.003     0.999854        99486      6826.67
       5.027     0.999878        99488      8192.00
       5.311     0.999890        99490      9102.22
       5.455     0.999902        99491     10240.00
       5.551     0.999915        99492     11702.86
       5.563     0.999927        99493     13653.33
       5.667     0.999939        99494     16384.00
       9.759     0.999945        99495     18204.44
      10.151     0.999951        99496     20480.00
      10.151     0.999957        99496     23405.71
      10.391     0.999963        99497     27306.67
      10.391     0.999969        99497     32768.00
      10.431     0.999973        99498     36408.89
      10.431     0.999976        99498     40960.00
      10.431     0.999979        99498     46811.43
      10.623     0.999982        99499     54613.33
      10.623     0.999985        99499     65536.00
      10.623     0.999986        99499     72817.78
      10.623     0.999988        99499     81920.00
      10.623     0.999989        99499     93622.86
      15.495     0.999991        99500    109226.67
      15.495     1.000000        99500          inf
#[Mean    =        1.467, StdDeviation   =        0.641]
#[Max     =       15.488, Total count    =        99500]
#[Buckets =           27, SubBuckets     =         2048]
----------------------------------------------------------
  118907 requests in 1.00m, 128.59MB read
Requests/sec:   1981.70
Transfer/sec:      2.14MB

--- metrics ---
requests=118907
duration_s=60.002479
bytes=134840538
rps=1981.70
p50_ms=1.373
p95_ms=2.639
p99_ms=3.183
p999_ms=3.829
err_connect=0
err_read=0
err_write=0
err_status=0
err_timeout=0
--- end ---
