Running 1m test @ http://127.0.0.1:8080/json
  2 threads and 100 connections
  Thread calibration: mean lat.: 1.403ms, rate sampling interval: 10ms
  Thread calibration: mean lat.: 1.240ms, rate sampling interval: 10ms
  Thread Stats   Avg      Stdev     Max   +/- Stdev
    Latency     1.32ms  511.17us   3.86ms   66.61%
    Req/Sec     1.05k   153.67     1.67k    81.01%
  Latency Distribution (HdrHistogram - Recorded Latency)
 50.000%    1.24ms
 75.000%    1.65ms
 90.000%    2.05ms
 99.000%    2.63ms
 99.900%    3.05ms
 99.990%    3.42ms
 99.999%    3.70ms
100.000%    3.87ms

  Detailed Percentile spectrum:
       Value   Percentile   TotalCount 1/(1-Percentile)

       0.214     0.000000            1         1.00
       0.715     0.100000        10016         1.11
       0.855     0.200000        19943         1.25
       0.982     0.300000        29899         1.43
       1.108     0.400000        39809         1.67
       1.237     0.500000        49787         2.00
       1.308     0.550000        54733         2.22
       1.384     0.600000        59751         2.50
       1.465     0.650000        64715         2.86
       1.552     0.700000        69666         3.33
       1.650     0.750000        74637         4.00
       1.705     0.775000        77134         4.44
       1.763     0.800000        79601         5.00
       1.823     0.825000        82100         5.71
       1.890     0.850000        84600         6.67
       1.965     0.875000        87078         8.00
       2.004     0.887500        88321         8.89
       2.046     0.900000        89568        10.00
       2.091     0.912500        90800        11.43
       2.141     0.925000        92055        13.33
       2.195     0.937500        93285        16.00
       2.225     0.943750        93935        17.78
       2.257     0.950000        94544        20.00
       2.291     0.956250        95170        22.86
       2.333     0.962500        95790        26.67
       2.383     0.968750        96412        32.00
       2.409     0.971875        96702        35.56
       2.439     0.975000        97029        40.00
       2.469     0.978125        97331        45.71
       2.505     0.981250        97649        53.33
       2.543     0.984375        97960        64.00
       2.565     0.985938        98110        71.11
       2.587     0.987500        98263        80.00
       2.613     0.989062        98420        91.43
       2.647     0.990625        98573       106.67
       2.681     0.992188        98726       128.00
       2.699     0.992969        98802       142.22
       2.723     0.993750        98882       160.00
       2.747     0.994531        98957       182.86
       2.777     0.995313        99040       213.33
       2.805     0.996094        99115       256.00
       2.821     0.996484        99153       284.44
       2.847     0.996875        99194       320.00
       2.867     0.997266        99228       365.71
       2.895     0.997656        99268       426.67
       2.925     0.998047        99307       512.00
       2.943     0.998242        99327       568.89
       2.967     0.998437        99345       640.00
       2.987     0.998633        99365       731.43
       3.023     0.998828        99386       853.33
       3.053     0.999023        99405      1024.00
       3.069     0.999121        99414      1137.78
       3.087     0.999219        99423      1280.00
       3.103     0.999316        99433      1462.86
       3.119     0.999414        99442      1706.67
       3.135     0.999512        99453      2048.00
       3.145     0.999561        99457      2275.56
       3.181     0.999609        99462      2560.00
       3.193     0.999658        99468      2925.71
       3.217     0.999707        99472      3413.33
       3.253     0.999756        99476      4096.00
       3.271     0.999780        99479      4551.11
       3.279     0.999805        99481      5120.00
       3.289     0.999829        99484      5851.43
       3.333     0.999854        99486      6826.67
       3.389     0.999878        99488      8192.00
       3.425     0.999890        99490      9102.22
       3.427     0.999902        99491     10240.00
       3.457     0.999915        99492     11702.86
       3.465     0.999927        99493     13653.33
       3.499     0.999939        99494     16384.00
       3.553     0.999945        99495     18204.44
       3.607     0.999951        99496     20480.00
       3.607     0.999957        99496     23405.71
       3.677     0.999963        99497     27306.67
       3.677     0.999969        99497     32768.00
       3.685     0.999973        99498     36408.89
       3.685     0.999976        99498     40960.00
       3.685     0.999979        99498     46811.43
       3.699     0.999982        99499     54613.33
       3.699     0.999985        99499     65536.00
       3.699     0.999986        99499     72817.78
       3.699     0.999988        99499     81920.00
       3.699     0.999989        99499     93622.86
       3.865     0.999991        99500    109226.67
       3.865     1.000000        99500          inf
#[Mean    =        1.315, StdDeviation   =        0.511]
#[Max     =        3.864, Total count    =        99500]
#[Buckets =           27, SubBuckets     =         2048]
----------------------------------------------------------
  119805 requests in 1.00m, 132.31MB read
Requests/sec:   1996.65
Transfer/sec:      2.21MB

--- metrics ---
requests=119805
duration_s=60.003072
bytes=138734190
rps=1996.65
p50_ms=1.237
p95_ms=2.257
p99_ms=2.633
p999_ms=3.053
err_connect=0
err_read=0
err_write=0
err_status=0
err_timeout=0
--- end ---
