Running 1m test @ http://127.0.0.1:8080/json
  2 threads and 100 connections
  Thread calibration: mean lat.: 1.330ms, rate sampling interval: 10ms
  Thread calibration: mean lat.: 1.304ms, rate sampling interval: 10ms
  Thread Stats   Avg      Stdev     Max   +/- Stdev
    Latency     1.29ms  490.00us  10.30ms   67.81%
    Req/Sec     1.05k   133.82     2.00k    77.85%
  Latency Distribution (HdrHistogram - Recorded Latency)
 50.000%    1.24ms
 75.000%    1.61ms
 90.000%    1.96ms
 99.000%    2.57ms
 99.900%    2.97ms
 99.990%    5.01ms
 99.999%    8.85ms
100.000%   10.30ms

  Detailed Percentile spectrum:
       Value   Percentile   TotalCount 1/(1-Percentile)

       0.160     0.000000            1         1.00
       0.713     0.100000        10005         1.11
       0.858     0.200000        19956         1.25
       0.987     0.300000        29893         1.43
       1.112     0.400000        39803         1.67
       1.238     0.500000        49821         2.00
       1.302     0.550000        54764         2.22
       1.370     0.600000        59748         2.50
       1.444     0.650000        64694         2.86
       1.520     0.700000        69688         3.33
       1.606     0.750000        74661         4.00
       1.651     0.775000        77129         4.44
       1.702     0.800000        79646         5.00
       1.756     0.825000        82111         5.71
       1.815     0.850000        84607         6.67
       1.882     0.875000        87074         8.00
       1.919     0.887500        88311         8.89
       1.962     0.900000        89578        10.00
       2.006     0.912500        90816        11.43
       2.057     0.925000        92073        13.33
       2.115     0.937500        93328        16.00
       2.147     0.943750        93913        17.78
       2.183     0.950000        94529        20.00
       2.231     0.956250        95157        22.86
       2.279     0.962500        95784        26.67
       2.337     0.968750        96410        32.00
       2.363     0.971875        96704        35.56
       2.395     0.975000        97018        40.00
       2.427     0.978125        97346        45.71
       2.459     0.981250        97651        53.33
       2.497     0.984375        97953        64.00
       2.521     0.985938        98113        71.11
       2.539     0.987500        98266        80.00
       2.557     0.989062        98414        91.43
       2.579     0.990625        98583       106.67
       2.603     0.992188        98734       128.00
       2.613     0.992969        98802       142.22
       2.631     0.993750        98886       160.00
       2.651     0.994531        98958       182.86
       2.671     0.995313        99038       213.33
       2.693     0.996094        99114       256.00
       2.707     0.996484        99153       284.44
       2.731     0.996875        99192       320.00
       2.757     0.997266        99232       365.71
       2.781     0.997656        99271       426.67
       2.825     0.998047        99306       512.00
       2.849     0.998242        99327       568.89
       2.873     0.998437        99345       640.00
       2.911     0.998633        99364       731.43
       2.943     0.998828        99385       853.33
       2.979     0.999023        99403      1024.00
       3.013     0.999121        99413      1137.78
       3.049     0.999219        99423      1280.00
       3.083     0.999316        99432      1462.86
       3.119     0.999414        99442      1706.67
       3.193     0.999512        99452      2048.00
       3.213     0.999561        99457      2275.56
       3.259     0.999609        99462      2560.00
       3.301     0.999658        99466      2925.71
       3.413     0.999707        99471      3413.33
       3.563     0.999756        99476      4096.00
       3.769     0.999780        99479      4551.11
       3.871     0.999805        99481      5120.00
       3.919     0.999829        99483      5851.43
       4.175     0.999854        99486      6826.67
       4.599     0.999878        99488      8192.00
       5.015     0.999890        99490      9102.22
       5.075     0.999902        99491     10240.00
       7.127     0.999915        99492     11702.86
       7.231     0.999927        99493     13653.33
       7.359     0.999939        99494     16384.00
       7.535     0.999945        99495     18204.44
       8.271     0.999951        99496     20480.00
       8.271     0.999957        99496     23405.71
       8.287     0.999963        99497     27306.67
       8.287     0.999969        99497     32768.00
       8.567     0.999973        99498     36408.89
       8.567     0.999976        99498     40960.00
       8.567     0.999979        99498     46811.43
       8.855     0.999982        99499     54613.33
       8.855     0.999985        99499     65536.00
       8.855     0.999986        99499     72817.78
       8.855     0.999988        99499     81920.00
       8.855     0.999989        99499     93622.86
      10.303     0.999991        99500    109226.67
      10.303     1.000000        99500          inf
#[Mean    =        1.295, StdDeviation   =        0.490]
#[Max     =       10.296, Total count    =        99500]
#[Buckets =           27, SubBuckets     =         2048]
----------------------------------------------------------
  119802 requests in 1.00m, 132.30MB read
Requests/sec:   1996.63
Transfer/sec:      2.20MB

--- metrics ---
requests=119802
duration_s=60.002218
bytes=138730716
rps=1996.63
p50_ms=1.238
p95_ms=2.183
p99_ms=2.569
p999_ms=2.975
err_connect=0
err_read=0
err_write=0
err_status=0
err_timeout=0
--- end ---
