Running 1m test @ http://127.0.0.1:8083/json
  2 threads and 100 connections
  Thread calibration: mean lat.: 1.259ms, rate sampling interval: 10ms
  Thread calibration: mean lat.: 1.176ms, rate sampling interval: 10ms
  Thread Stats   Avg      Stdev     Max   +/- Stdev
    Latency     1.21ms  533.62us   5.87ms   65.01%
    Req/Sec     1.05k   147.33     1.67k    79.31%
  Latency Distribution (HdrHistogram - Recorded Latency)
 50.000%    1.13ms
 75.000%    1.59ms
 90.000%    1.98ms
 99.000%    2.51ms
 99.900%    2.81ms
 99.990%    3.16ms
 99.999%    4.71ms
100.000%    5.88ms

  Detailed Percentile spectrum:
       Value   Percentile   TotalCount 1/(1-Percentile)

       0.137     0.000000            1         1.00
       0.574     0.100000         9962         1.11
       0.727     0.200000        19967         1.25
       0.861     0.300000        29893         1.43
       0.992     0.400000        39880         1.67
       1.130     0.500000        49773         2.00
       1.208     0.550000        54757         2.22
       1.292     0.600000        59738         2.50
       1.384     0.650000        64720         2.86
       1.484     0.700000        69676         3.33
       1.592     0.750000        74644         4.00
       1.648     0.775000        77114         4.44
       1.707     0.800000        79605         5.00
       1.770     0.825000        82106         5.71
       1.834     0.850000        84584         6.67
       1.902     0.875000        87083         8.00
       1.940     0.887500        88322         8.89
       1.980     0.900000        89555        10.00
       2.024     0.912500        90818        11.43
       2.071     0.925000        92038        13.33
       2.127     0.937500        93322        16.00
       2.157     0.943750        93927        17.78
       2.191     0.950000        94557        20.00
       2.227     0.956250        95167        22.86
       2.263     0.962500        95774        26.67
       2.305     0.968750        96394        32.00
       2.329     0.971875        96722        35.56
       2.353     0.975000        97019        40.00
       2.379     0.978125        97340        45.71
       2.403     0.981250        97645        53.33
       2.435     0.984375        97967        64.00
       2.453     0.985938        98108        71.11
       2.473     0.987500        98263        80.00
       2.493     0.989062        98417        91.43
       2.513     0.990625        98568       106.67
       2.539     0.992188        98735       128.00
       2.555     0.992969        98805       142.22
       2.571     0.993750        98881       160.00
       2.589     0.994531        98968       182.86
       2.609     0.995313        99034       213.33
       2.635     0.996094        99118       256.00
       2.645     0.996484        99153       284.44
       2.659     0.996875        99191       320.00
       2.681     0.997266        99232       365.71
       2.701     0.997656        99268       426.67
       2.723     0.998047        99308       512.00
       2.735     0.998242        99329       568.89
       2.749     0.998437        99345       640.00
       2.767     0.998633        99365       731.43
       2.781     0.998828        99385       853.33
       2.809     0.999023        99403      1024.00
       2.831     0.999121        99413      1137.78
       2.851     0.999219        99425      1280.00
       2.871     0.999316        99432      1462.86
       2.891     0.999414        99442      1706.67
       2.933     0.999512        99452      2048.00
       2.955     0.999561        99457      2275.56
       2.967     0.999609        99463      2560.00
       2.987     0.999658        99467      2925.71
       3.003     0.999707        99471      3413.33
       3.023     0.999756        99476      4096.00
       3.033     0.999780        99479      4551.11
       3.043     0.999805        99481      5120.00
       3.077     0.999829        99483      5851.43
       3.085     0.999854        99486      6826.67
       3.147     0.999878        99488      8192.00
       3.163     0.999890        99490      9102.22
       3.165     0.999902        99491     10240.00
       3.187     0.999915        99492     11702.86
       3.261     0.999927        99493     13653.33
       3.323     0.999939        99494     16384.00
       3.445     0.999945        99495     18204.44
       3.539     0.999951        99496     20480.00
       3.539     0.999957        99496     23405.71
       4.223     0.999963        99497     27306.67
       4.223     0.999969        99497     32768.00
       4.251     0.999973        99498     36408.89
       4.251     0.999976        99498     40960.00
       4.251     0.999979        99498     46811.43
       4.711     0.999982        99499     54613.33
       4.711     0.999985        99499     65536.00
       4.711     0.999986        99499     72817.78
       4.711     0.999988        99499     81920.00
       4.711     0.999989        99499     93622.86
       5.875     0.999991        99500    109226.67
       5.875     1.000000        99500          inf
#[Mean    =        1.214, StdDeviation   =        0.534]
#[Max     =        5.872, Total count    =        99500]
#[Buckets =           27, SubBuckets     =         2048]
----------------------------------------------------------
  119802 requests in 1.00m, 146.13MB read
Requests/sec:   1996.63
Transfer/sec:      2.44MB

--- metrics ---
requests=119802
duration_s=60.002182
bytes=153226258
rps=1996.63
p50_ms=1.130
p95_ms=2.191
p99_ms=2.505
p999_ms=2.805
err_connect=0
err_read=0
err_write=0
err_status=0
err_timeout=0
--- end ---
