Running 1m test @ http://127.0.0.1:8081/file50k
  2 threads and 100 connections
  Thread calibration: mean lat.: 1.319ms, rate sampling interval: 10ms
  Thread calibration: mean lat.: 1.327ms, rate sampling interval: 10ms
  Thread Stats   Avg      Stdev     Max   +/- Stdev
    Latency     1.31ms  384.22us   2.70ms   66.13%
    Req/Sec   158.72     96.21   333.00     69.65%
  Latency Distribution (HdrHistogram - Recorded Latency)
 50.000%    1.30ms
 75.000%    1.57ms
 90.000%    1.82ms
 99.000%    2.29ms
 99.900%    2.52ms
 99.990%    2.65ms
 99.999%    2.70ms
100.000%    2.70ms

  Detailed Percentile spectrum:
       Value   Percentile   TotalCount 1/(1-Percentile)

       0.424     0.000000            1         1.00
       0.814     0.100000         1494         1.11
       0.958     0.200000         2990         1.25
       1.084     0.300000         4476         1.43
       1.199     0.400000         5977         1.67
       1.304     0.500000         7464         2.00
       1.354     0.550000         8202         2.22
       1.403     0.600000         8944         2.50
       1.456     0.650000         9687         2.86
       1.509     0.700000        10430         3.33
       1.572     0.750000        11177         4.00
       1.604     0.775000        11553         4.44
       1.638     0.800000        11922         5.00
       1.675     0.825000        12295         5.71
       1.719     0.850000        12670         6.67
       1.762     0.875000        13047         8.00
       1.788     0.887500        13224         8.89
       1.815     0.900000        13414        10.00
       1.849     0.912500        13597        11.43
       1.886     0.925000        13784        13.33
       1.928     0.937500        13970        16.00
       1.956     0.943750        14064        17.78
       1.984     0.950000        14156        20.00
       2.012     0.956250        14249        22.86
       2.041     0.962500        14343        26.67
       2.083     0.968750        14439        32.00
       2.109     0.971875        14484        35.56
       2.125     0.975000        14530        40.00
       2.159     0.978125        14576        45.71
       2.187     0.981250        14622        53.33
       2.223     0.984375        14675        64.00
       2.233     0.985938        14691        71.11
       2.251     0.987500        14715        80.00
       2.275     0.989062        14741        91.43
       2.299     0.990625        14763       106.67
       2.323     0.992188        14785       128.00
       2.335     0.992969        14796       142.22
       2.347     0.993750        14809       160.00
       2.361     0.994531        14819       182.86
       2.389     0.995313        14832       213.33
       2.405     0.996094        14843       256.00
       2.415     0.996484        14849       284.44
       2.431     0.996875        14854       320.00
       2.439     0.997266        14860       365.71
       2.467     0.997656        14867       426.67
       2.471     0.998047        14871       512.00
       2.487     0.998242        14874       568.89
       2.495     0.998437        14877       640.00
       2.501     0.998633        14880       731.43
       2.515     0.998828        14883       853.33
       2.525     0.999023        14886      1024.00
       2.533     0.999121        14887      1137.78
       2.539     0.999219        14889      1280.00
       2.543     0.999316        14890      1462.86
       2.563     0.999414        14892      1706.67
       2.575     0.999512        14893      2048.00
       2.587     0.999561        14894      2275.56
       2.599     0.999609        14895      2560.00
       2.599     0.999658        14895      2925.71
       2.623     0.999707        14896      3413.33
       2.629     0.999756        14897      4096.00
       2.629     0.999780        14897      4551.11
       2.635     0.999805        14898      5120.00
       2.635     0.999829        14898      5851.43
       2.635     0.999854        14898      6826.67
       2.647     0.999878        14899      8192.00
       2.647     0.999890        14899      9102.22
       2.647     0.999902        14899     10240.00
       2.647     0.999915        14899     11702.86
       2.647     0.999927        14899     13653.33
       2.699     0.999939        14900     16384.00
       2.699     1.000000        14900          inf
#[Mean    =        1.314, StdDeviation   =        0.384]
#[Max     =        2.698, Total count    =        14900]
#[Buckets =           27, SubBuckets     =         2048]
----------------------------------------------------------
  18002 requests in 1.00m, 0.86GB read
Requests/sec:    300.02
Transfer/sec:     14.69MB

--- metrics ---
requests=18002
duration_s=60.002643
bytes=924528714
rps=300.02
p50_ms=1.304
p95_ms=1.984
p99_ms=2.289
p999_ms=2.521
err_connect=0
err_read=0
err_write=0
err_status=0
err_timeout=0
--- end ---
