Running 1m test @ http://127.0.0.1:8081/json
  2 threads and 100 connections
  Thread calibration: mean lat.: 1.474ms, rate sampling interval: 10ms
  Thread calibration: mean lat.: 1.464ms, rate sampling interval: 10ms
  Thread Stats   Avg      Stdev     Max   +/- Stdev
    Latency     1.21ms  534.34us  21.14ms   73.21%
    Req/Sec     1.05k   137.00     2.00k    74.70%
  Latency Distribution (HdrHistogram - Recorded Latency)
 50.000%    1.13ms
 75.000%    1.50ms
 90.000%    1.92ms
 99.000%    2.49ms
 99.900%    2.70ms
 99.990%   15.47ms
 99.999%   20.98ms
100.000%   21.15ms

  Detailed Percentile spectrum:
       Value   Percentile   TotalCount 1/(1-Percentile)

       0.167     0.000000            1         1.00
       0.640     0.100000        10007         1.11
       0.772     0.200000        19900         1.25
       0.891     0.300000        29877         1.43
       1.007     0.400000        39823         1.67
       1.126     0.500000        49806         2.00
       1.188     0.550000        54732         2.22
       1.255     0.600000        59737         2.50
       1.327     0.650000        64713         2.86
       1.407     0.700000        69663         3.33
       1.499     0.750000        74631         4.00
       1.550     0.775000        77134         4.44
       1.606     0.800000        79641         5.00
       1.665     0.825000        82120         5.71
       1.729     0.850000        84586         6.67
       1.810     0.875000        87091         8.00
       1.861     0.887500        88308         8.89
       1.917     0.900000        89571        10.00
       1.974     0.912500        90801        11.43
       2.043     0.925000        92054        13.33
       2.131     0.937500        93282        16.00
       2.175     0.943750        93905        17.78
       2.221     0.950000        94532        20.00
       2.263     0.956250        95151        22.86
       2.299     0.962500        95784        26.67
       2.333     0.968750        96399        32.00
       2.355     0.971875        96734        35.56
       2.373     0.975000        97020        40.00
       2.393     0.978125        97334        45.71
       2.415     0.981250        97643        53.33
       2.439     0.984375        97972        64.00
       2.449     0.985938        98109        71.11
       2.463     0.987500        98262        80.00
       2.477     0.989062        98420        91.43
       2.495     0.990625        98579       106.67
       2.513     0.992188        98735       128.00
       2.523     0.992969        98810       142.22
       2.533     0.993750        98883       160.00
       2.545     0.994531        98962       182.86
       2.557     0.995313        99039       213.33
       2.571     0.996094        99114       256.00
       2.581     0.996484        99154       284.44
       2.591     0.996875        99191       320.00
       2.605     0.997266        99230       365.71
       2.617     0.997656        99268       426.67
       2.635     0.998047        99310       512.00
       2.647     0.998242        99326       568.89
       2.659     0.998437        99346       640.00
       2.671     0.998633        99369       731.43
       2.683     0.998828        99384       853.33
       2.699     0.999023        99406      1024.00
       2.709     0.999121        99413      1137.78
       2.731     0.999219        99425      1280.00
       2.741     0.999316        99432      1462.86
       2.767     0.999414        99442      1706.67
       2.847     0.999512        99452      2048.00
       2.889     0.999561        99457      2275.56
       2.951     0.999609        99462      2560.00
       3.355     0.999658        99466      2925.71
       5.595     0.999707        99471      3413.33
       6.599     0.999756        99476      4096.00
       7.163     0.999780        99479      4551.11
      10.135     0.999805        99481      5120.00
      11.055     0.999829        99483      5851.43
      11.223     0.999854        99486      6826.67
      11.735     0.999878        99488      8192.00
      15.471     0.999890        99490      9102.22
      15.759     0.999902        99491     10240.00
      16.127     0.999915        99492     11702.86
      16.351     0.999927        99493     13653.33
      16.479     0.999939        99494     16384.00
      16.511     0.999945        99495     18204.44
      16.767     0.999951        99496     20480.00
      16.767     0.999957        99496     23405.71
      20.367     0.999963        99497     27306.67
      20.367     0.999969        99497     32768.00
      20.511     0.999973        99498     36408.89
      20.511     0.999976        99498     40960.00
      20.511     0.999979        99498     46811.43
      20.975     0.999982        99499     54613.33
      20.975     0.999985        99499     65536.00
      20.975     0.999986        99499     72817.78
      20.975     0.999988        99499     81920.00
      20.975     0.999989        99499     93622.86
      21.151     0.999991        99500    109226.67
      21.151     1.000000        99500          inf
#[Mean    =        1.209, StdDeviation   =        0.534]
#[Max     =       21.136, Total count    =        99500]
#[Buckets =           27, SubBuckets     =         2048]
----------------------------------------------------------
  119802 requests in 1.00m, 134.02MB read
Requests/sec:   1996.64
Transfer/sec:      2.23MB

--- metrics ---
requests=119802
duration_s=60.001835
bytes=140527746
rps=1996.64
p50_ms=1.126
p95_ms=2.221
p99_ms=2.489
p999_ms=2.697
err_connect=0
err_read=0
err_write=0
err_status=0
err_timeout=0
--- end ---
