Running 1m test @ http://127.0.0.1:8083/file50k
  2 threads and 100 connections
  Thread calibration: mean lat.: 1.420ms, rate sampling interval: 10ms
  Thread calibration: mean lat.: 1.417ms, rate sampling interval: 10ms
  Thread Stats   Avg      Stdev     Max   +/- Stdev
    Latency     1.36ms  434.84us   9.53ms   67.93%
    Req/Sec   158.95     96.01   400.00     70.32%
  Latency Distribution (HdrHistogram - Recorded Latency)
 50.000%    1.35ms
 75.000%    1.64ms
 90.000%    1.90ms
 99.000%    2.40ms
 99.900%    2.86ms
 99.990%    8.10ms
 99.999%    9.53ms
100.000%    9.53ms

  Detailed Percentile spectrum:
       Value   Percentile   TotalCount 1/(1-Percentile)

       0.207     0.000000            1         1.00
       0.800     0.100000         1494         1.11
       0.966     0.200000         2988         1.25
       1.110     0.300000         4473         1.43
       1.233     0.400000         5962         1.67
       1.350     0.500000         7458         2.00
       1.409     0.550000         8197         2.22
       1.467     0.600000         8945         2.50
       1.526     0.650000         9694         2.86
       1.582     0.700000        10437         3.33
       1.641     0.750000        11177         4.00
       1.672     0.775000        11549         4.44
       1.707     0.800000        11920         5.00
       1.747     0.825000        12300         5.71
       1.795     0.850000        12667         6.67
       1.844     0.875000        13042         8.00
       1.871     0.887500        13232         8.89
       1.901     0.900000        13414        10.00
       1.938     0.912500        13603        11.43
       1.976     0.925000        13789        13.33
       2.020     0.937500        13970        16.00
       2.043     0.943750        14063        17.78
       2.073     0.950000        14158        20.00
       2.101     0.956250        14258        22.86
       2.135     0.962500        14342        26.67
       2.181     0.968750        14437        32.00
       2.203     0.971875        14485        35.56
       2.231     0.975000        14529        40.00
       2.259     0.978125        14577        45.71
       2.295     0.981250        14621        53.33
       2.329     0.984375        14668        64.00
       2.349     0.985938        14692        71.11
       2.367     0.987500        14717        80.00
       2.393     0.989062        14741        91.43
       2.411     0.990625        14762       106.67
       2.447     0.992188        14785       128.00
       2.459     0.992969        14796       142.22
       2.479     0.993750        14810       160.00
       2.493     0.994531        14819       182.86
       2.521     0.995313        14831       213.33
       2.555     0.996094        14842       256.00
       2.571     0.996484        14848       284.44
       2.589     0.996875        14854       320.00
       2.603     0.997266        14860       365.71
       2.623     0.997656        14866       426.67
       2.649     0.998047        14871       512.00
       2.673     0.998242        14874       568.89
       2.747     0.998437        14877       640.00
       2.771     0.998633        14881       731.43
       2.817     0.998828        14883       853.33
       2.883     0.999023        14886      1024.00
       2.925     0.999121        14887      1137.78
       3.067     0.999219        14889      1280.00
       3.593     0.999316        14890      1462.86
       3.875     0.999414        14892      1706.67
       3.889     0.999512        14893      2048.00
       4.033     0.999561        14894      2275.56
       4.043     0.999609        14895      2560.00
       4.043     0.999658        14895      2925.71
       4.057     0.999707        14896      3413.33
       4.187     0.999756        14897      4096.00
       4.187     0.999780        14897      4551.11
       4.287     0.999805        14898      5120.00
       4.287     0.999829        14898      5851.43
       4.287     0.999854        14898      6826.67
       8.103     0.999878        14899      8192.00
       8.103     0.999890        14899      9102.22
       8.103     0.999902        14899     10240.00
       8.103     0.999915        14899     11702.86
       8.103     0.999927        14899     13653.33
       9.535     0.999939        14900     16384.00
       9.535     1.000000        14900          inf
#[Mean    =        1.358, StdDeviation   =        0.435]
#[Max     =        9.528, Total count    =        14900]
#[Buckets =           27, SubBuckets     =         2048]
----------------------------------------------------------
  18002 requests in 1.00m, 0.86GB read
Requests/sec:    300.02
Transfer/sec:     14.73MB

--- metrics ---
requests=18002
duration_s=60.002996
bytes=926472930
rps=300.02
p50_ms=1.350
p95_ms=2.073
p99_ms=2.401
p999_ms=2.855
err_connect=0
err_read=0
err_write=0
err_status=0
err_timeout=0
--- end ---
