Running 1m test @ http://127.0.0.1:8080/file1m
  2 threads and 50 connections
  Thread calibration: mean lat.: 5.204ms, rate sampling interval: 18ms
  Thread calibration: mean lat.: 21.647ms, rate sampling interval: 65ms
  Thread Stats   Avg      Stdev     Max   +/- Stdev
    Latency    13.76ms   11.79ms  55.65ms   74.00%
    Req/Sec    25.03     72.30   390.00     88.64%
  Latency Distribution (HdrHistogram - Recorded Latency)
 50.000%    8.66ms
 75.000%   24.94ms
 90.000%   31.04ms
 99.000%   43.46ms
 99.900%   46.75ms
 99.990%   55.68ms
 99.999%   55.68ms
100.000%   55.68ms

  Detailed Percentile spectrum:
       Value   Percentile   TotalCount 1/(1-Percentile)

       1.533     0.000000            1         1.00
       2.561     0.100000          245         1.11
       2.987     0.200000          492         1.25
       3.465     0.300000          737         1.43
       4.631     0.400000          980         1.67
       8.663     0.500000         1225         2.00
      11.599     0.550000         1348         2.22
      14.967     0.600000         1471         2.50
      18.143     0.650000         1593         2.86
      21.967     0.700000         1715         3.33
      24.943     0.750000         1839         4.00
      26.383     0.775000         1899         4.44
      27.279     0.800000         1961         5.00
      28.319     0.825000         2024         5.71
      29.135     0.850000         2084         6.67
      30.175     0.875000         2146         8.00
      30.719     0.887500         2178         8.89
      31.039     0.900000         2205        10.00
      31.631     0.912500         2236        11.43
      32.191     0.925000         2267        13.33
      32.687     0.937500         2297        16.00
      32.927     0.943750         2314        17.78
      33.183     0.950000         2331        20.00
      33.439     0.956250         2344        22.86
      33.887     0.962500         2359        26.67
      34.463     0.968750         2375        32.00
      34.783     0.971875         2382        35.56
      35.359     0.975000         2391        40.00
      35.935     0.978125         2397        45.71
      36.767     0.981250         2405        53.33
      42.879     0.984375         2412        64.00
      43.135     0.985938         2416        71.11
      43.359     0.987500         2421        80.00
      43.391     0.989062         2424        91.43
      43.551     0.990625         2428       106.67
      43.967     0.992188         2431       128.00
      44.191     0.992969         2433       142.22
      44.287     0.993750         2435       160.00
      44.607     0.994531         2437       182.86
      44.671     0.995313         2439       213.33
      44.767     0.996094         2441       256.00
      45.151     0.996484         2442       284.44
      45.183     0.996875         2443       320.00
      45.279     0.997266         2444       365.71
      45.311     0.997656         2445       426.67
      45.791     0.998047         2446       512.00
      45.791     0.998242         2446       568.89
      46.655     0.998437         2447       640.00
      46.655     0.998633         2447       731.43
      46.751     0.998828         2448       853.33
      46.751     0.999023         2448      1024.00
      46.751     0.999121         2448      1137.78
      52.415     0.999219         2449      1280.00
      52.415     0.999316         2449      1462.86
      52.415     0.999414         2449      1706.67
      52.415     0.999512         2449      2048.00
      52.415     0.999561         2449      2275.56
      55.679     0.999609         2450      2560.00
      55.679     1.000000         2450          inf
#[Mean    =       13.761, StdDeviation   =       11.789]
#[Max     =       55.648, Total count    =         2450]
#[Buckets =           27, SubBuckets     =         2048]
----------------------------------------------------------
  2978 requests in 1.00m, 2.91GB read
Requests/sec:     49.62
Transfer/sec:     49.63MB

--- metrics ---
requests=2978
duration_s=60.010249
bytes=3123091138
rps=49.62
p50_ms=8.663
p95_ms=33.183
p99_ms=43.455
p999_ms=46.751
err_connect=0
err_read=0
err_write=0
err_status=0
err_timeout=0
--- end ---
