Running 1m test @ http://127.0.0.1:8082/file50k
  2 threads and 100 connections
  Thread calibration: mean lat.: 245.946ms, rate sampling interval: 636ms
  Thread calibration: mean lat.: 245.795ms, rate sampling interval: 636ms
  Thread Stats   Avg      Stdev     Max   +/- Stdev
    Latency   244.99ms   59.72ms 334.59ms   68.64%
    Req/Sec   149.88     12.05   157.00     77.56%
  Latency Distribution (HdrHistogram - Recorded Latency)
 50.000%  248.06ms
 75.000%  291.84ms
 90.000%  317.95ms
 99.000%  333.31ms
 99.900%  334.33ms
 99.990%  334.85ms
 99.999%  334.85ms
100.000%  334.85ms

  Detailed Percentile spectrum:
       Value   Percentile   TotalCount 1/(1-Percentile)

       1.294     0.000000            1         1.00
     178.687     0.100000         1495         1.11
     196.351     0.200000         2984         1.25
     213.375     0.300000         4473         1.43
     230.655     0.400000         5967         1.67
     248.063     0.500000         7465         2.00
     257.407     0.550000         8198         2.22
     265.471     0.600000         8946         2.50
     274.687     0.650000         9703         2.86
     282.879     0.700000        10434         3.33
     291.839     0.750000        11196         4.00
     295.935     0.775000        11562         4.44
     300.543     0.800000        11945         5.00
     305.151     0.825000        12308         5.71
     308.991     0.850000        12670         6.67
     312.831     0.875000        13042         8.00
     315.391     0.887500        13231         8.89
     317.951     0.900000        13412        10.00
     319.487     0.912500        13603        11.43
     322.047     0.925000        13793        13.33
     323.583     0.937500        13970        16.00
     325.375     0.943750        14068        17.78
     326.143     0.950000        14194        20.00
     326.655     0.956250        14269        22.86
     329.215     0.962500        14364        26.67
     329.727     0.968750        14465        32.00
     329.983     0.971875        14509        35.56
     330.239     0.975000        14545        40.00
     330.751     0.978125        14586        45.71
     332.543     0.981250        14639        53.33
     332.799     0.984375        14671        64.00
     333.055     0.985938        14715        71.11
     333.055     0.987500        14715        80.00
     333.311     0.989062        14777        91.43
     333.311     0.990625        14777       106.67
     333.567     0.992188        14830       128.00
     333.567     0.992969        14830       142.22
     333.567     0.993750        14830       160.00
     333.567     0.994531        14830       182.86
     333.823     0.995313        14864       213.33
     333.823     0.996094        14864       256.00
     333.823     0.996484        14864       284.44
     333.823     0.996875        14864       320.00
     333.823     0.997266        14864       365.71
     334.079     0.997656        14882       426.67
     334.079     0.998047        14882       512.00
     334.079     0.998242        14882       568.89
     334.079     0.998437        14882       640.00
     334.079     0.998633        14882       731.43
     334.335     0.998828        14893       853.33
     334.335     0.999023        14893      1024.00
     334.335     0.999121        14893      1137.78
     334.335     0.999219        14893      1280.00
     334.335     0.999316        14893      1462.86
     334.335     0.999414        14893      1706.67
     334.335     0.999512        14893      2048.00
     334.591     0.999561        14898      2275.56
     334.591     0.999609        14898      2560.00
     334.591     0.999658        14898      2925.71
     334.591     0.999707        14898      3413.33
     334.591     0.999756        14898      4096.00
     334.591     0.999780        14898      4551.11
     334.591     0.999805        14898      5120.00
     334.591     0.999829        14898      5851.43
     334.591     0.999854        14898      6826.67
     334.847     0.999878        14900      8192.00
     334.847     1.000000        14900          inf
#[Mean    =      244.985, StdDeviation   =       59.724]
#[Max     =      334.592, Total count    =        14900]
#[Buckets =           27, SubBuckets     =         2048]
----------------------------------------------------------
  17904 requests in 1.00m, 0.86GB read
Requests/sec:    298.37
Transfer/sec:     14.61MB

--- metrics ---
requests=17904
duration_s=60.005028
bytes=919477824
rps=298.37
p50_ms=248.063
p95_ms=326.143
p99_ms=333.311
p999_ms=334.335
err_connect=0
err_read=0
err_write=0
err_status=0
err_timeout=0
--- end ---
