Running 1m test @ http://127.0.0.1:8081/json
  2 threads and 100 connections
  Thread calibration: mean lat.: 1.196ms, rate sampling interval: 10ms
  Thread calibration: mean lat.: 1.222ms, rate sampling interval: 10ms
  Thread Stats   Avg      Stdev     Max   +/- Stdev
    Latency     1.20ms  504.96us  25.46ms   71.46%
    Req/Sec     1.05k   140.87     1.67k    77.32%
  Latency Distribution (HdrHistogram - Recorded Latency)
 50.000%    1.14ms
 75.000%    1.50ms
 90.000%    1.85ms
 99.000%    2.47ms
 99.900%    2.70ms
 99.990%    5.91ms
 99.999%   25.45ms
100.000%   25.47ms

  Detailed Percentile spectrum:
       Value   Percentile   TotalCount 1/(1-Percentile)

       0.179     0.000000            1         1.00
       0.647     0.100000        10006         1.11
       0.773     0.200000        19947         1.25
       0.887     0.300000        29868         1.43
       1.006     0.400000        39836         1.67
       1.136     0.500000        49802         2.00
       1.202     0.550000        54736         2.22
       1.273     0.600000        59749         2.50
       1.343     0.650000        64683         2.86
       1.419     0.700000        69719         3.33
       1.501     0.750000        74662         4.00
       1.546     0.775000        77149         4.44
       1.596     0.800000        79650         5.00
       1.648     0.825000        82117         5.71
       1.707     0.850000        84610         6.67
       1.772     0.875000        87089         8.00
       1.807     0.887500        88323         8.89
       1.849     0.900000        89573        10.00
       1.895     0.912500        90815        11.43
       1.946     0.925000        92054        13.33
       2.005     0.937500        93288        16.00
       2.042     0.943750        93916        17.78
       2.081     0.950000        94537        20.00
       2.129     0.956250        95152        22.86
       2.187     0.962500        95789        26.67
       2.257     0.968750        96404        32.00
       2.287     0.971875        96711        35.56
       2.319     0.975000        97022        40.00
       2.351     0.978125        97334        45.71
       2.381     0.981250        97642        53.33
       2.409     0.984375        97947        64.00
       2.427     0.985938        98109        71.11
       2.445     0.987500        98257        80.00
       2.463     0.989062        98417        91.43
       2.483     0.990625        98568       106.67
       2.507     0.992188        98738       128.00
       2.517     0.992969        98813       142.22
       2.527     0.993750        98881       160.00
       2.539     0.994531        98959       182.86
       2.555     0.995313        99041       213.33
       2.573     0.996094        99112       256.00
       2.585     0.996484        99154       284.44
       2.595     0.996875        99192       320.00
       2.609     0.997266        99236       365.71
       2.617     0.997656        99268       426.67
       2.637     0.998047        99309       512.00
       2.647     0.998242        99326       568.89
       2.657     0.998437        99345       640.00
       2.673     0.998633        99365       731.43
       2.687     0.998828        99386       853.33
       2.701     0.999023        99407      1024.00
       2.711     0.999121        99413      1137.78
       2.727     0.999219        99423      1280.00
       2.741     0.999316        99432      1462.86
       2.763     0.999414        99444      1706.67
       2.775     0.999512        99452      2048.00
       2.781     0.999561        99457      2275.56
       2.805     0.999609        99462      2560.00
       2.813     0.999658        99466      2925.71
       2.835     0.999707        99471      3413.33
       2.951     0.999756        99476      4096.00
       4.947     0.999780        99479      4551.11
       5.147     0.999805        99481      5120.00
       5.259     0.999829        99483      5851.43
       5.595     0.999854        99486      6826.67
       5.847     0.999878        99488      8192.00
       5.907     0.999890        99490      9102.22
      10.839     0.999902        99491     10240.00
      10.903     0.999915        99492     11702.86
      11.639     0.999927        99493     13653.33
      15.847     0.999939        99494     16384.00
      16.207     0.999945        99495     18204.44
      20.783     0.999951        99496     20480.00
      20.783     0.999957        99496     23405.71
      20.879     0.999963        99497     27306.67
      20.879     0.999969        99497     32768.00
      21.087     0.999973        99498     36408.89
      21.087     0.999976        99498     40960.00
      21.087     0.999979        99498     46811.43
      25.455     0.999982        99499     54613.33
      25.455     0.999985        99499     65536.00
      25.455     0.999986        99499     72817.78
      25.455     0.999988        99499     81920.00
      25.455     0.999989        99499     93622.86
      25.471     0.999991        99500    109226.67
      25.471     1.000000        99500          inf
#[Mean    =        1.202, StdDeviation   =        0.505]
#[Max     =       25.456, Total count    =        99500]
#[Buckets =           27, SubBuckets     =         2048]
----------------------------------------------------------
  119806 requests in 1.00m, 134.02MB read
Requests/sec:   1996.69
Transfer/sec:      2.23MB

--- metrics ---
requests=119806
duration_s=60.002393
bytes=140532438
rps=1996.69
p50_ms=1.136
p95_ms=2.081
p99_ms=2.475
p999_ms=2.699
err_connect=0
err_read=0
err_write=0
err_status=0
err_timeout=0
--- end ---
