Running 1m test @ http://127.0.0.1:8080/json
  2 threads and 100 connections
  Thread calibration: mean lat.: 1.394ms, rate sampling interval: 10ms
  Thread calibration: mean lat.: 1.625ms, rate sampling interval: 10ms
  Thread Stats   Avg      Stdev     Max   +/- Stdev
    Latency     1.50ms  613.48us   6.52ms   71.66%
    Req/Sec     1.06k     1.32k    5.55k    89.45%
  Latency Distribution (HdrHistogram - Recorded Latency)
 50.000%    1.39ms
 75.000%    1.83ms
 90.000%    2.31ms
 99.000%    3.44ms
 99.900%    4.66ms
 99.990%    5.47ms
 99.999%    5.97ms
100.000%    6.53ms

  Detailed Percentile spectrum:
       Value   Percentile   TotalCount 1/(1-Percentile)

       0.217     0.000000            1         1.00
       0.817     0.100000         9963         1.11
       0.976     0.200000        19924         1.25
       1.114     0.300000        29879         1.43
       1.252     0.400000        39847         1.67
       1.393     0.500000        49804         2.00
       1.470     0.550000        54781         2.22
       1.549     0.600000        59713         2.50
       1.636     0.650000        64697         2.86
       1.728     0.700000        69673         3.33
       1.831     0.750000        74642         4.00
       1.889     0.775000        77132         4.44
       1.951     0.800000        79611         5.00
       2.020     0.825000        82123         5.71
       2.099     0.850000        84577         6.67
       2.197     0.875000        87081         8.00
       2.251     0.887500        88339         8.89
       2.313     0.900000        89552        10.00
       2.381     0.912500        90802        11.43
       2.449     0.925000        92057        13.33
       2.525     0.937500        93318        16.00
       2.565     0.943750        93919        17.78
       2.609     0.950000        94541        20.00
       2.651     0.956250        95149        22.86
       2.711     0.962500        95779        26.67
       2.795     0.968750        96398        32.00
       2.853     0.971875        96708        35.56
       2.917     0.975000        97018        40.00
       2.993     0.978125        97325        45.71
       3.091     0.981250        97637        53.33
       3.203     0.984375        97946        64.00
       3.255     0.985938        98102        71.11
       3.323     0.987500        98258        80.00
       3.391     0.989062        98414        91.43
       3.479     0.990625        98568       106.67
       3.573     0.992188        98723       128.00
       3.621     0.992969        98801       142.22
       3.673     0.993750        98879       160.00
       3.739     0.994531        98957       182.86
       3.827     0.995313        99035       213.33
       3.919     0.996094        99113       256.00
       3.967     0.996484        99151       284.44
       4.027     0.996875        99190       320.00
       4.099     0.997266        99230       365.71
       4.167     0.997656        99267       426.67
       4.291     0.998047        99307       512.00
       4.355     0.998242        99326       568.89
       4.423     0.998437        99346       640.00
       4.475     0.998633        99364       731.43
       4.571     0.998828        99385       853.33
       4.679     0.999023        99403      1024.00
       4.751     0.999121        99413      1137.78
       4.799     0.999219        99423      1280.00
       4.871     0.999316        99432      1462.86
       4.947     0.999414        99442      1706.67
       5.011     0.999512        99452      2048.00
       5.043     0.999561        99457      2275.56
       5.107     0.999609        99462      2560.00
       5.139     0.999658        99467      2925.71
       5.179     0.999707        99471      3413.33
       5.231     0.999756        99476      4096.00
       5.275     0.999780        99479      4551.11
       5.359     0.999805        99481      5120.00
       5.379     0.999829        99485      5851.43
       5.383     0.999854        99486      6826.67
       5.431     0.999878        99488      8192.00
       5.475     0.999890        99490      9102.22
       5.519     0.999902        99491     10240.00
       5.643     0.999915        99492     11702.86
       5.755     0.999927        99493     13653.33
       5.787     0.999939        99494     16384.00
       5.799     0.999945        99495     18204.44
       5.883     0.999951        99496     20480.00
       5.883     0.999957        99496     23405.71
       5.911     0.999963        99497     27306.67
       5.911     0.999969        99497     32768.00
       5.947     0.999973        99498     36408.89
       5.947     0.999976        99498     40960.00
       5.947     0.999979        99498     46811.43
       5.971     0.999982        99499     54613.33
       5.971     0.999985        99499     65536.00
       5.971     0.999986        99499     72817.78
       5.971     0.999988        99499     81920.00
       5.971     0.999989        99499     93622.86
       6.527     0.999991        99500    109226.67
       6.527     1.000000        99500          inf
#[Mean    =        1.497, StdDeviation   =        0.613]
#[Max     =        6.524, Total count    =        99500]
#[Buckets =           27, SubBuckets     =         2048]
----------------------------------------------------------
  118905 requests in 1.00m, 131.31MB read
Requests/sec:   1981.65
Transfer/sec:      2.19MB

--- metrics ---
requests=118905
duration_s=60.002967
bytes=137691990
rps=1981.65
p50_ms=1.393
p95_ms=2.609
p99_ms=3.443
p999_ms=4.663
err_connect=0
err_read=0
err_write=0
err_status=0
err_timeout=0
--- end ---
