Running 1m test @ http://127.0.0.1:8084/file50k
  2 threads and 100 connections
  Thread calibration: mean lat.: 2.553ms, rate sampling interval: 10ms
  Thread calibration: mean lat.: 1.414ms, rate sampling interval: 10ms
  Thread Stats   Avg      Stdev     Max   +/- Stdev
    Latency     1.91ms    0.86ms   7.12ms   69.86%
    Req/Sec   158.61    567.89     5.55k    97.88%
  Latency Distribution (HdrHistogram - Recorded Latency)
 50.000%    1.70ms
 75.000%    2.39ms
 90.000%    3.17ms
 99.000%    4.39ms
 99.900%    5.78ms
 99.990%    6.88ms
 99.999%    7.13ms
100.000%    7.13ms

  Detailed Percentile spectrum:
       Value   Percentile   TotalCount 1/(1-Percentile)

       0.282     0.000000            1         1.00
       0.982     0.100000         1494         1.11
       1.202     0.200000         2983         1.25
       1.375     0.300000         4472         1.43
       1.536     0.400000         5966         1.67
       1.699     0.500000         7457         2.00
       1.784     0.550000         8204         2.22
       1.888     0.600000         8940         2.50
       2.021     0.650000         9688         2.86
       2.189     0.700000        10433         3.33
       2.387     0.750000        11178         4.00
       2.519     0.775000        11552         4.44
       2.641     0.800000        11928         5.00
       2.761     0.825000        12295         5.71
       2.883     0.850000        12670         6.67
       3.011     0.875000        13039         8.00
       3.085     0.887500        13224         8.89
       3.169     0.900000        13413        10.00
       3.251     0.912500        13597        11.43
       3.347     0.925000        13786        13.33
       3.455     0.937500        13972        16.00
       3.509     0.943750        14063        17.78
       3.569     0.950000        14155        20.00
       3.627     0.956250        14250        22.86
       3.711     0.962500        14343        26.67
       3.811     0.968750        14435        32.00
       3.875     0.971875        14482        35.56
       3.925     0.975000        14529        40.00
       3.983     0.978125        14575        45.71
       4.057     0.981250        14621        53.33
       4.159     0.984375        14670        64.00
       4.211     0.985938        14692        71.11
       4.263     0.987500        14714        80.00
       4.331     0.989062        14738        91.43
       4.415     0.990625        14762       106.67
       4.503     0.992188        14784       128.00
       4.559     0.992969        14797       142.22
       4.635     0.993750        14807       160.00
       4.723     0.994531        14819       182.86
       4.811     0.995313        14831       213.33
       4.923     0.996094        14842       256.00
       4.987     0.996484        14848       284.44
       5.055     0.996875        14855       320.00
       5.151     0.997266        14860       365.71
       5.271     0.997656        14866       426.67
       5.375     0.998047        14871       512.00
       5.387     0.998242        14874       568.89
       5.531     0.998437        14877       640.00
       5.595     0.998633        14880       731.43
       5.731     0.998828        14883       853.33
       5.795     0.999023        14887      1024.00
       5.795     0.999121        14887      1137.78
       5.815     0.999219        14889      1280.00
       5.843     0.999316        14890      1462.86
       5.943     0.999414        14892      1706.67
       5.951     0.999512        14893      2048.00
       6.003     0.999561        14894      2275.56
       6.135     0.999609        14895      2560.00
       6.135     0.999658        14895      2925.71
       6.191     0.999707        14896      3413.33
       6.403     0.999756        14897      4096.00
       6.403     0.999780        14897      4551.11
       6.803     0.999805        14898      5120.00
       6.803     0.999829        14898      5851.43
       6.803     0.999854        14898      6826.67
       6.879     0.999878        14899      8192.00
       6.879     0.999890        14899      9102.22
       6.879     0.999902        14899     10240.00
       6.879     0.999915        14899     11702.86
       6.879     0.999927        14899     13653.33
       7.127     0.999939        14900     16384.00
       7.127     1.000000        14900          inf
#[Mean    =        1.910, StdDeviation   =        0.860]
#[Max     =        7.124, Total count    =        14900]
#[Buckets =           27, SubBuckets     =         2048]
----------------------------------------------------------
  17852 requests in 1.00m, 0.85GB read
Requests/sec:    297.52
Transfer/sec:     14.57MB

--- metrics ---
requests=17852
duration_s=60.003340
bytes=916468124
rps=297.52
p50_ms=1.699
p95_ms=3.569
p99_ms=4.387
p999_ms=5.783
err_connect=0
err_read=0
err_write=0
err_status=0
err_timeout=0
--- end ---
