Running 1m test @ http://127.0.0.1:8082/file50k
  2 threads and 100 connections
  Thread calibration: mean lat.: 211.038ms, rate sampling interval: 700ms
  Thread calibration: mean lat.: 245.446ms, rate sampling interval: 663ms
  Thread Stats   Avg      Stdev     Max   +/- Stdev
    Latency   230.06ms  109.16ms 359.68ms   52.16%
    Req/Sec   149.36      9.50   180.00     89.73%
  Latency Distribution (HdrHistogram - Recorded Latency)
 50.000%  253.82ms
 75.000%  338.43ms
 90.000%  347.14ms
 99.000%  354.82ms
 99.900%  357.38ms
 99.990%  359.17ms
 99.999%  359.93ms
100.000%  359.93ms

  Detailed Percentile spectrum:
       Value   Percentile   TotalCount 1/(1-Percentile)

       1.225     0.000000            1         1.00
      69.183     0.100000         1492         1.11
      76.863     0.200000         2985         1.25
     169.855     0.300000         4477         1.43
     211.711     0.400000         5966         1.67
     253.823     0.500000         7451         2.00
     274.943     0.550000         8199         2.22
     296.447     0.600000         8953         2.50
     317.439     0.650000         9700         2.86
     335.103     0.700000        10467         3.33
     338.431     0.750000        11214         4.00
     339.711     0.775000        11550         4.44
     341.503     0.800000        11976         5.00
     342.783     0.825000        12361         5.71
     344.063     0.850000        12683         6.67
     345.599     0.875000        13038         8.00
     346.623     0.887500        13287         8.89
     347.135     0.900000        13412        10.00
     347.903     0.912500        13604        11.43
     348.927     0.925000        13841        13.33
     349.695     0.937500        14001        16.00
     350.207     0.943750        14110        17.78
     350.463     0.950000        14158        20.00
     351.231     0.956250        14274        22.86
     351.743     0.962500        14347        26.67
     352.255     0.968750        14439        32.00
     352.767     0.971875        14530        35.56
     352.767     0.975000        14530        40.00
     353.023     0.978125        14581        45.71
     353.535     0.981250        14655        53.33
     353.791     0.984375        14688        64.00
     354.047     0.985938        14708        71.11
     354.303     0.987500        14724        80.00
     354.559     0.989062        14748        91.43
     354.815     0.990625        14767       106.67
     355.327     0.992188        14803       128.00
     355.327     0.992969        14803       142.22
     355.583     0.993750        14820       160.00
     355.583     0.994531        14820       182.86
     355.839     0.995313        14833       213.33
     356.095     0.996094        14849       256.00
     356.095     0.996484        14849       284.44
     356.351     0.996875        14862       320.00
     356.351     0.997266        14862       365.71
     356.607     0.997656        14871       426.67
     356.607     0.998047        14871       512.00
     356.863     0.998242        14878       568.89
     356.863     0.998437        14878       640.00
     357.119     0.998633        14882       731.43
     357.375     0.998828        14886       853.33
     357.375     0.999023        14886      1024.00
     357.631     0.999121        14890      1137.78
     357.631     0.999219        14890      1280.00
     357.631     0.999316        14890      1462.86
     358.143     0.999414        14894      1706.67
     358.143     0.999512        14894      2048.00
     358.143     0.999561        14894      2275.56
     358.655     0.999609        14895      2560.00
     358.655     0.999658        14895      2925.71
     358.911     0.999707        14898      3413.33
     358.911     0.999756        14898      4096.00
     358.911     0.999780        14898      4551.11
     358.911     0.999805        14898      5120.00
     358.911     0.999829        14898      5851.43
     358.911     0.999854        14898      6826.67
     359.167     0.999878        14899      8192.00
     359.167     0.999890        14899      9102.22
     359.167     0.999902        14899     10240.00
     359.167     0.999915        14899     11702.86
     359.167     0.999927        14899     13653.33
     359.935     0.999939        14900     16384.00
     359.935     1.000000        14900          inf
#[Mean    =      230.060, StdDeviation   =      109.160]
#[Max     =      359.680, Total count    =        14900]
#[Buckets =           27, SubBuckets     =         2048]
----------------------------------------------------------
  17777 requests in 1.00m, 0.85GB read
Requests/sec:    296.26
Transfer/sec:     14.51MB

--- metrics ---
requests=17777
duration_s=60.003894
bytes=912955612
rps=296.26
p50_ms=253.823
p95_ms=350.463
p99_ms=354.815
p999_ms=357.375
err_connect=0
err_read=0
err_write=0
err_status=0
err_timeout=0
--- end ---
