Running 1m test @ http://127.0.0.1:8080/file50k
  2 threads and 100 connections
  Thread calibration: mean lat.: 8.510ms, rate sampling interval: 10ms
  Thread calibration: mean lat.: 11.320ms, rate sampling interval: 10ms
  Thread Stats   Avg      Stdev     Max   +/- Stdev
    Latency    18.72ms   75.17ms 859.14ms   94.85%
    Req/Sec   157.86    165.83     3.50k    97.21%
  Latency Distribution (HdrHistogram - Recorded Latency)
 50.000%    1.55ms
 75.000%    1.91ms
 90.000%    2.78ms
 99.000%  413.18ms
 99.900%  731.14ms
 99.990%  849.92ms
 99.999%  859.65ms
100.000%  859.65ms

  Detailed Percentile spectrum:
       Value   Percentile   TotalCount 1/(1-Percentile)

       0.355     0.000000            1         1.00
       0.962     0.100000         1496         1.11
       1.130     0.200000         2989         1.25
       1.280     0.300000         4476         1.43
       1.416     0.400000         5964         1.67
       1.546     0.500000         7453         2.00
       1.611     0.550000         8196         2.22
       1.678     0.600000         8942         2.50
       1.749     0.650000         9687         2.86
       1.826     0.700000        10431         3.33
       1.913     0.750000        11185         4.00
       1.964     0.775000        11556         4.44
       2.025     0.800000        11926         5.00
       2.101     0.825000        12296         5.71
       2.217     0.850000        12667         6.67
       2.385     0.875000        13040         8.00
       2.485     0.887500        13228         8.89
       2.783     0.900000        13411        10.00
      23.663     0.912500        13598        11.43
      42.111     0.925000        13785        13.33
      56.831     0.937500        13970        16.00
      76.927     0.943750        14063        17.78
      99.711     0.950000        14156        20.00
     127.487     0.956250        14250        22.86
     174.079     0.962500        14343        26.67
     237.439     0.968750        14436        32.00
     260.351     0.971875        14482        35.56
     280.831     0.975000        14531        40.00
     309.503     0.978125        14576        45.71
     345.855     0.981250        14623        53.33
     373.759     0.984375        14669        64.00
     384.767     0.985938        14692        71.11
     394.751     0.987500        14715        80.00
     407.295     0.989062        14739        91.43
     419.839     0.990625        14762       106.67
     448.511     0.992188        14785       128.00
     460.031     0.992969        14797       142.22
     477.183     0.993750        14808       160.00
     493.567     0.994531        14820       182.86
     516.095     0.995313        14832       213.33
     538.623     0.996094        14843       256.00
     549.887     0.996484        14849       284.44
     560.639     0.996875        14855       320.00
     572.927     0.997266        14861       365.71
     610.303     0.997656        14867       426.67
     655.871     0.998047        14872       512.00
     663.039     0.998242        14875       568.89
     677.375     0.998437        14878       640.00
     687.615     0.998633        14881       731.43
     711.167     0.998828        14884       853.33
     734.719     0.999023        14887      1024.00
     740.351     0.999121        14888      1137.78
     784.383     0.999219        14890      1280.00
     790.015     0.999316        14891      1462.86
     803.839     0.999414        14893      1706.67
     823.295     0.999512        14894      2048.00
     828.927     0.999561        14895      2275.56
     833.535     0.999609        14896      2560.00
     833.535     0.999658        14896      2925.71
     839.679     0.999707        14897      3413.33
     842.239     0.999756        14898      4096.00
     842.239     0.999780        14898      4551.11
     848.383     0.999805        14899      5120.00
     848.383     0.999829        14899      5851.43
     848.383     0.999854        14899      6826.67
     849.919     0.999878        14900      8192.00
     849.919     0.999890        14900      9102.22
     849.919     0.999902        14900     10240.00
     849.919     0.999915        14900     11702.86
     849.919     0.999927        14900     13653.33
     859.647     0.999939        14901     16384.00
     859.647     1.000000        14901          inf
#[Mean    =       18.716, StdDeviation   =       75.166]
#[Max     =      859.136, Total count    =        14901]
#[Buckets =           27, SubBuckets     =         2048]
----------------------------------------------------------
  18002 requests in 1.00m, 0.86GB read
Requests/sec:    300.02
Transfer/sec:     14.69MB

--- metrics ---
requests=18002
duration_s=60.002761
bytes=924276686
rps=300.02
p50_ms=1.546
p95_ms=99.711
p99_ms=413.183
p999_ms=731.135
err_connect=0
err_read=0
err_write=0
err_status=0
err_timeout=0
--- end ---
