Running 1m test @ http://127.0.0.1:8084/file1m
  2 threads and 50 connections
  Thread calibration: mean lat.: 2.939ms, rate sampling interval: 10ms
  Thread calibration: mean lat.: 2.814ms, rate sampling interval: 10ms
  Thread Stats   Avg      Stdev     Max   +/- Stdev
    Latency     2.86ms  587.10us   5.65ms   70.08%
    Req/Sec    25.92     69.38   333.00     87.29%
  Latency Distribution (HdrHistogram - Recorded Latency)
 50.000%    2.84ms
 75.000%    3.22ms
 90.000%    3.61ms
 99.000%    4.32ms
 99.900%    5.37ms
 99.990%    5.66ms
 99.999%    5.66ms
100.000%    5.66ms

  Detailed Percentile spectrum:
       Value   Percentile   TotalCount 1/(1-Percentile)

       1.363     0.000000            1         1.00
       2.109     0.100000          246         1.11
       2.355     0.200000          490         1.25
       2.541     0.300000          736         1.43
       2.697     0.400000          980         1.67
       2.843     0.500000         1225         2.00
       2.917     0.550000         1349         2.22
       2.989     0.600000         1472         2.50
       3.065     0.650000         1594         2.86
       3.137     0.700000         1716         3.33
       3.225     0.750000         1838         4.00
       3.277     0.775000         1900         4.44
       3.327     0.800000         1960         5.00
       3.371     0.825000         2024         5.71
       3.419     0.850000         2083         6.67
       3.501     0.875000         2145         8.00
       3.547     0.887500         2175         8.89
       3.605     0.900000         2206        10.00
       3.663     0.912500         2238        11.43
       3.713     0.925000         2267        13.33
       3.777     0.937500         2298        16.00
       3.803     0.943750         2315        17.78
       3.845     0.950000         2328        20.00
       3.887     0.956250         2344        22.86
       3.965     0.962500         2360        26.67
       4.033     0.968750         2374        32.00
       4.059     0.971875         2382        35.56
       4.099     0.975000         2389        40.00
       4.119     0.978125         2398        45.71
       4.143     0.981250         2405        53.33
       4.191     0.984375         2412        64.00
       4.223     0.985938         2416        71.11
       4.271     0.987500         2420        80.00
       4.303     0.989062         2424        91.43
       4.355     0.990625         2428       106.67
       4.519     0.992188         2431       128.00
       4.535     0.992969         2433       142.22
       4.563     0.993750         2435       160.00
       4.595     0.994531         2437       182.86
       4.639     0.995313         2439       213.33
       4.691     0.996094         2441       256.00
       4.707     0.996484         2442       284.44
       4.715     0.996875         2443       320.00
       4.735     0.997266         2444       365.71
       4.739     0.997656         2446       426.67
       4.739     0.998047         2446       512.00
       4.739     0.998242         2446       568.89
       5.311     0.998437         2447       640.00
       5.311     0.998633         2447       731.43
       5.367     0.998828         2448       853.33
       5.367     0.999023         2448      1024.00
       5.367     0.999121         2448      1137.78
       5.603     0.999219         2449      1280.00
       5.603     0.999316         2449      1462.86
       5.603     0.999414         2449      1706.67
       5.603     0.999512         2449      2048.00
       5.603     0.999561         2449      2275.56
       5.655     0.999609         2450      2560.00
       5.655     1.000000         2450          inf
#[Mean    =        2.857, StdDeviation   =        0.587]
#[Max     =        5.652, Total count    =         2450]
#[Buckets =           27, SubBuckets     =         2048]
----------------------------------------------------------
  3002 requests in 1.00m, 2.93GB read
Requests/sec:     50.03
Transfer/sec:     50.04MB

--- metrics ---
requests=3002
duration_s=60.004088
bytes=3148242430
rps=50.03
p50_ms=2.843
p95_ms=3.845
p99_ms=4.323
p999_ms=5.367
err_connect=0
err_read=0
err_write=0
err_status=0
err_timeout=0
--- end ---
