Running 1m test @ http://127.0.0.1:18080/file1m
  2 threads and 50 connections
  Thread calibration: mean lat.: 5.313ms, rate sampling interval: 10ms
  Thread calibration: mean lat.: 5.501ms, rate sampling interval: 10ms
  Thread Stats   Avg      Stdev     Max   +/- Stdev
    Latency     5.07ms    8.43ms  47.78ms   95.55%
    Req/Sec    25.91     70.04   444.00     87.01%
  Latency Distribution (HdrHistogram - Recorded Latency)
 50.000%    3.18ms
 75.000%    3.80ms
 90.000%    4.83ms
 99.000%   44.48ms
 99.900%   45.95ms
 99.990%   47.81ms
 99.999%   47.81ms
100.000%   47.81ms

  Detailed Percentile spectrum:
       Value   Percentile   TotalCount 1/(1-Percentile)

       1.284     0.000000            1         1.00
       2.301     0.100000          247         1.11
       2.593     0.200000          493         1.25
       2.809     0.300000          736         1.43
       2.989     0.400000          982         1.67
       3.185     0.500000         1227         2.00
       3.291     0.550000         1349         2.22
       3.389     0.600000         1472         2.50
       3.497     0.650000         1595         2.86
       3.629     0.700000         1716         3.33
       3.795     0.750000         1840         4.00
       3.903     0.775000         1900         4.44
       4.027     0.800000         1963         5.00
       4.147     0.825000         2023         5.71
       4.311     0.850000         2084         6.67
       4.535     0.875000         2146         8.00
       4.659     0.887500         2177         8.89
       4.827     0.900000         2206        10.00
       4.987     0.912500         2237        11.43
       5.183     0.925000         2269        13.33
       5.471     0.937500         2298        16.00
       5.939     0.943750         2315        17.78
       6.367     0.950000         2329        20.00
      42.239     0.956250         2344        22.86
      42.975     0.962500         2360        26.67
      43.391     0.968750         2375        32.00
      43.679     0.971875         2383        35.56
      43.775     0.975000         2392        40.00
      43.871     0.978125         2399        45.71
      43.999     0.981250         2407        53.33
      44.127     0.984375         2413        64.00
      44.223     0.985938         2418        71.11
      44.287     0.987500         2421        80.00
      44.479     0.989062         2426        91.43
      44.543     0.990625         2429       106.67
      44.799     0.992188         2433       128.00
      44.831     0.992969         2436       142.22
      44.831     0.993750         2436       160.00
      44.895     0.994531         2438       182.86
      44.927     0.995313         2441       213.33
      44.959     0.996094         2442       256.00
      45.215     0.996484         2443       284.44
      45.375     0.996875         2444       320.00
      45.471     0.997266         2445       365.71
      45.567     0.997656         2446       426.67
      45.791     0.998047         2447       512.00
      45.791     0.998242         2447       568.89
      45.855     0.998437         2448       640.00
      45.855     0.998633         2448       731.43
      45.951     0.998828         2449       853.33
      45.951     0.999023         2449      1024.00
      45.951     0.999121         2449      1137.78
      45.983     0.999219         2450      1280.00
      45.983     0.999316         2450      1462.86
      45.983     0.999414         2450      1706.67
      45.983     0.999512         2450      2048.00
      45.983     0.999561         2450      2275.56
      47.807     0.999609         2451      2560.00
      47.807     1.000000         2451          inf
#[Mean    =        5.073, StdDeviation   =        8.427]
#[Max     =       47.776, Total count    =         2451]
#[Buckets =           27, SubBuckets     =         2048]
----------------------------------------------------------
  3002 requests in 1.00m, 2.93GB read
Requests/sec:     50.03
Transfer/sec:     50.04MB

--- metrics ---
requests=3002
duration_s=60.004179
bytes=3148260442
rps=50.03
p50_ms=3.185
p95_ms=6.311
p99_ms=44.479
p999_ms=45.951
err_connect=0
err_read=0
err_write=0
err_status=0
err_timeout=0
--- end ---
