Running 1m test @ http://127.0.0.1:8080/file50k
  2 threads and 100 connections
  Thread calibration: mean lat.: 1.591ms, rate sampling interval: 10ms
  Thread calibration: mean lat.: 1.473ms, rate sampling interval: 10ms
  Thread Stats   Avg      Stdev     Max   +/- Stdev
    Latency     1.52ms  435.17us   3.21ms   66.47%
    Req/Sec   157.43     95.39   333.00     69.99%
  Latency Distribution (HdrHistogram - Recorded Latency)
 50.000%    1.50ms
 75.000%    1.82ms
 90.000%    2.09ms
 99.000%    2.60ms
 99.900%    2.87ms
 99.990%    3.19ms
 99.999%    3.21ms
100.000%    3.21ms

  Detailed Percentile spectrum:
       Value   Percentile   TotalCount 1/(1-Percentile)

       0.346     0.000000            1         1.00
       0.960     0.100000         1495         1.11
       1.121     0.200000         2983         1.25
       1.258     0.300000         4477         1.43
       1.384     0.400000         5964         1.67
       1.504     0.500000         7451         2.00
       1.567     0.550000         8204         2.22
       1.624     0.600000         8950         2.50
       1.682     0.650000         9691         2.86
       1.749     0.700000        10444         3.33
       1.819     0.750000        11186         4.00
       1.854     0.775000        11551         4.44
       1.893     0.800000        11921         5.00
       1.931     0.825000        12300         5.71
       1.975     0.850000        12669         6.67
       2.023     0.875000        13046         8.00
       2.053     0.887500        13224         8.89
       2.085     0.900000        13416        10.00
       2.125     0.912500        13604        11.43
       2.171     0.925000        13795        13.33
       2.217     0.937500        13973        16.00
       2.245     0.943750        14062        17.78
       2.271     0.950000        14158        20.00
       2.301     0.956250        14249        22.86
       2.343     0.962500        14344        26.67
       2.381     0.968750        14436        32.00
       2.405     0.971875        14481        35.56
       2.425     0.975000        14528        40.00
       2.457     0.978125        14578        45.71
       2.487     0.981250        14622        53.33
       2.523     0.984375        14668        64.00
       2.549     0.985938        14694        71.11
       2.563     0.987500        14714        80.00
       2.589     0.989062        14740        91.43
       2.611     0.990625        14763       106.67
       2.635     0.992188        14784       128.00
       2.643     0.992969        14796       142.22
       2.657     0.993750        14807       160.00
       2.675     0.994531        14819       182.86
       2.703     0.995313        14831       213.33
       2.723     0.996094        14842       256.00
       2.735     0.996484        14848       284.44
       2.741     0.996875        14855       320.00
       2.759     0.997266        14861       365.71
       2.779     0.997656        14866       426.67
       2.815     0.998047        14871       512.00
       2.821     0.998242        14874       568.89
       2.825     0.998437        14878       640.00
       2.837     0.998633        14880       731.43
       2.865     0.998828        14883       853.33
       2.879     0.999023        14887      1024.00
       2.879     0.999121        14887      1137.78
       2.899     0.999219        14889      1280.00
       2.903     0.999316        14890      1462.86
       2.943     0.999414        14892      1706.67
       2.955     0.999512        14893      2048.00
       2.969     0.999561        14894      2275.56
       3.013     0.999609        14895      2560.00
       3.013     0.999658        14895      2925.71
       3.089     0.999707        14896      3413.33
       3.163     0.999756        14897      4096.00
       3.163     0.999780        14897      4551.11
       3.171     0.999805        14898      5120.00
       3.171     0.999829        14898      5851.43
       3.171     0.999854        14898      6826.67
       3.195     0.999878        14899      8192.00
       3.195     0.999890        14899      9102.22
       3.195     0.999902        14899     10240.00
       3.195     0.999915        14899     11702.86
       3.195     0.999927        14899     13653.33
       3.213     0.999939        14900     16384.00
       3.213     1.000000        14900          inf
#[Mean    =        1.520, StdDeviation   =        0.435]
#[Max     =        3.212, Total count    =        14900]
#[Buckets =           27, SubBuckets     =         2048]
----------------------------------------------------------
  18002 requests in 1.00m, 0.86GB read
Requests/sec:    300.02
Transfer/sec:     14.69MB

--- metrics ---
requests=18002
duration_s=60.002563
bytes=924276686
rps=300.02
p50_ms=1.504
p95_ms=2.271
p99_ms=2.599
p999_ms=2.869
err_connect=0
err_read=0
err_write=0
err_status=0
err_timeout=0
--- end ---
