Running 1m test @ http://127.0.0.1:8084/json
  2 threads and 100 connections
  Thread calibration: mean lat.: 1.225ms, rate sampling interval: 10ms
  Thread calibration: mean lat.: 1.225ms, rate sampling interval: 10ms
  Thread Stats   Avg      Stdev     Max   +/- Stdev
    Latency     1.23ms  476.53us   7.88ms   66.67%
    Req/Sec     1.05k   164.98     1.89k    82.58%
  Latency Distribution (HdrHistogram - Recorded Latency)
 50.000%    1.18ms
 75.000%    1.54ms
 90.000%    1.88ms
 99.000%    2.43ms
 99.900%    2.72ms
 99.990%    4.62ms
 99.999%    7.87ms
100.000%    7.88ms

  Detailed Percentile spectrum:
       Value   Percentile   TotalCount 1/(1-Percentile)

       0.159     0.000000            1         1.00
       0.661     0.100000         9952         1.11
       0.795     0.200000        19952         1.25
       0.919     0.300000        29881         1.43
       1.047     0.400000        39822         1.67
       1.180     0.500000        49781         2.00
       1.246     0.550000        54800         2.22
       1.313     0.600000        59721         2.50
       1.383     0.650000        64676         2.86
       1.460     0.700000        69690         3.33
       1.544     0.750000        74656         4.00
       1.590     0.775000        77144         4.44
       1.640     0.800000        79635         5.00
       1.690     0.825000        82108         5.71
       1.744     0.850000        84594         6.67
       1.804     0.875000        87077         8.00
       1.840     0.887500        88337         8.89
       1.877     0.900000        89556        10.00
       1.919     0.912500        90802        11.43
       1.969     0.925000        92044        13.33
       2.031     0.937500        93306        16.00
       2.065     0.943750        93910        17.78
       2.109     0.950000        94540        20.00
       2.157     0.956250        95154        22.86
       2.207     0.962500        95780        26.67
       2.257     0.968750        96392        32.00
       2.281     0.971875        96715        35.56
       2.303     0.975000        97023        40.00
       2.329     0.978125        97346        45.71
       2.353     0.981250        97638        53.33
       2.379     0.984375        97951        64.00
       2.395     0.985938        98116        71.11
       2.409     0.987500        98260        80.00
       2.425     0.989062        98416        91.43
       2.443     0.990625        98583       106.67
       2.463     0.992188        98742       128.00
       2.473     0.992969        98813       142.22
       2.485     0.993750        98888       160.00
       2.497     0.994531        98963       182.86
       2.509     0.995313        99035       213.33
       2.529     0.996094        99115       256.00
       2.541     0.996484        99156       284.44
       2.553     0.996875        99194       320.00
       2.563     0.997266        99233       365.71
       2.581     0.997656        99271       426.67
       2.595     0.998047        99306       512.00
       2.609     0.998242        99329       568.89
       2.629     0.998437        99347       640.00
       2.655     0.998633        99364       731.43
       2.679     0.998828        99384       853.33
       2.727     0.999023        99403      1024.00
       2.765     0.999121        99413      1137.78
       2.821     0.999219        99423      1280.00
       2.923     0.999316        99432      1462.86
       3.027     0.999414        99443      1706.67
       3.113     0.999512        99452      2048.00
       3.177     0.999561        99457      2275.56
       3.229     0.999609        99462      2560.00
       3.271     0.999658        99466      2925.71
       3.347     0.999707        99471      3413.33
       3.413     0.999756        99476      4096.00
       3.497     0.999780        99479      4551.11
       3.571     0.999805        99481      5120.00
       3.633     0.999829        99483      5851.43
       4.127     0.999854        99486      6826.67
       4.583     0.999878        99488      8192.00
       4.619     0.999890        99490      9102.22
       4.763     0.999902        99491     10240.00
       5.023     0.999915        99492     11702.86
       5.299     0.999927        99493     13653.33
       5.335     0.999939        99494     16384.00
       5.359     0.999945        99495     18204.44
       5.435     0.999951        99496     20480.00
       5.435     0.999957        99496     23405.71
       7.747     0.999963        99497     27306.67
       7.747     0.999969        99497     32768.00
       7.783     0.999973        99498     36408.89
       7.783     0.999976        99498     40960.00
       7.783     0.999979        99498     46811.43
       7.867     0.999982        99499     54613.33
       7.867     0.999985        99499     65536.00
       7.867     0.999986        99499     72817.78
       7.867     0.999988        99499     81920.00
       7.867     0.999989        99499     93622.86
       7.883     0.999991        99500    109226.67
       7.883     1.000000        99500          inf
#[Mean    =        1.231, StdDeviation   =        0.477]
#[Max     =        7.880, Total count    =        99500]
#[Buckets =           27, SubBuckets     =         2048]
----------------------------------------------------------
  119804 requests in 1.00m, 129.56MB read
Requests/sec:   1996.65
Transfer/sec:      2.16MB

--- metrics ---
requests=119804
duration_s=60.002556
bytes=135857736
rps=1996.65
p50_ms=1.180
p95_ms=2.109
p99_ms=2.435
p999_ms=2.719
err_connect=0
err_read=0
err_write=0
err_status=0
err_timeout=0
--- end ---
