Running 1m test @ http://127.0.0.1:8080/file50k
  2 threads and 100 connections
  Thread calibration: mean lat.: 1.582ms, rate sampling interval: 10ms
  Thread calibration: mean lat.: 1.434ms, rate sampling interval: 10ms
  Thread Stats   Avg      Stdev     Max   +/- Stdev
    Latency     1.52ms  440.80us   5.57ms   66.91%
    Req/Sec   157.53     94.60   333.00     70.92%
  Latency Distribution (HdrHistogram - Recorded Latency)
 50.000%    1.50ms
 75.000%    1.82ms
 90.000%    2.09ms
 99.000%    2.59ms
 99.900%    3.09ms
 99.990%    4.07ms
 99.999%    5.57ms
100.000%    5.57ms

  Detailed Percentile spectrum:
       Value   Percentile   TotalCount 1/(1-Percentile)

       0.373     0.000000            1         1.00
       0.955     0.100000         1490         1.11
       1.116     0.200000         2983         1.25
       1.260     0.300000         4472         1.43
       1.388     0.400000         5974         1.67
       1.505     0.500000         7450         2.00
       1.565     0.550000         8198         2.22
       1.624     0.600000         8942         2.50
       1.687     0.650000         9688         2.86
       1.750     0.700000        10440         3.33
       1.817     0.750000        11175         4.00
       1.854     0.775000        11548         4.44
       1.889     0.800000        11925         5.00
       1.928     0.825000        12293         5.71
       1.973     0.850000        12669         6.67
       2.025     0.875000        13047         8.00
       2.057     0.887500        13224         8.89
       2.093     0.900000        13421        10.00
       2.129     0.912500        13599        11.43
       2.173     0.925000        13792        13.33
       2.219     0.937500        13972        16.00
       2.251     0.943750        14067        17.78
       2.279     0.950000        14160        20.00
       2.311     0.956250        14253        22.86
       2.345     0.962500        14345        26.67
       2.383     0.968750        14442        32.00
       2.403     0.971875        14482        35.56
       2.429     0.975000        14529        40.00
       2.459     0.978125        14575        45.71
       2.493     0.981250        14622        53.33
       2.517     0.984375        14669        64.00
       2.539     0.985938        14692        71.11
       2.553     0.987500        14715        80.00
       2.577     0.989062        14738        91.43
       2.605     0.990625        14761       106.67
       2.637     0.992188        14784       128.00
       2.663     0.992969        14796       142.22
       2.679     0.993750        14809       160.00
       2.697     0.994531        14819       182.86
       2.717     0.995313        14832       213.33
       2.743     0.996094        14843       256.00
       2.761     0.996484        14848       284.44
       2.797     0.996875        14854       320.00
       2.815     0.997266        14860       365.71
       2.837     0.997656        14867       426.67
       2.851     0.998047        14871       512.00
       2.885     0.998242        14874       568.89
       2.905     0.998437        14877       640.00
       2.963     0.998633        14880       731.43
       3.033     0.998828        14883       853.33
       3.101     0.999023        14886      1024.00
       3.117     0.999121        14887      1137.78
       3.137     0.999219        14889      1280.00
       3.167     0.999316        14891      1462.86
       3.215     0.999414        14892      1706.67
       3.227     0.999512        14893      2048.00
       3.239     0.999561        14895      2275.56
       3.239     0.999609        14895      2560.00
       3.239     0.999658        14895      2925.71
       3.399     0.999707        14896      3413.33
       3.439     0.999756        14897      4096.00
       3.439     0.999780        14897      4551.11
       3.473     0.999805        14898      5120.00
       3.473     0.999829        14898      5851.43
       3.473     0.999854        14898      6826.67
       4.071     0.999878        14899      8192.00
       4.071     0.999890        14899      9102.22
       4.071     0.999902        14899     10240.00
       4.071     0.999915        14899     11702.86
       4.071     0.999927        14899     13653.33
       5.575     0.999939        14900     16384.00
       5.575     1.000000        14900          inf
#[Mean    =        1.519, StdDeviation   =        0.441]
#[Max     =        5.572, Total count    =        14900]
#[Buckets =           27, SubBuckets     =         2048]
----------------------------------------------------------
  18002 requests in 1.00m, 0.86GB read
Requests/sec:    300.02
Transfer/sec:     14.69MB

--- metrics ---
requests=18002
duration_s=60.002909
bytes=924276686
rps=300.02
p50_ms=1.505
p95_ms=2.279
p99_ms=2.591
p999_ms=3.089
err_connect=0
err_read=0
err_write=0
err_status=0
err_timeout=0
--- end ---
