Running 1m test @ http://127.0.0.1:8082/json
  2 threads and 100 connections
  Thread calibration: mean lat.: 99.830ms, rate sampling interval: 328ms
  Thread calibration: mean lat.: 93.419ms, rate sampling interval: 327ms
  Thread Stats   Avg      Stdev     Max   +/- Stdev
    Latency   568.63ms  238.80ms   1.08s    61.41%
    Req/Sec     0.98k    53.84     1.07k    60.07%
  Latency Distribution (HdrHistogram - Recorded Latency)
 50.000%  553.98ms
 75.000%  733.18ms
 90.000%  909.82ms
 99.000%    1.03s 
 99.900%    1.07s 
 99.990%    1.07s 
 99.999%    1.08s 
100.000%    1.08s 

  Detailed Percentile spectrum:
       Value   Percentile   TotalCount 1/(1-Percentile)

      70.591     0.000000            1         1.00
     196.991     0.100000         9771         1.11
     430.079     0.200000        19570         1.25
     460.287     0.300000        29414         1.43
     518.143     0.400000        39089         1.67
     553.983     0.500000        48946         2.00
     568.319     0.550000        53865         2.22
     583.679     0.600000        58634         2.50
     610.815     0.650000        63476         2.86
     633.855     0.700000        68362         3.33
     733.183     0.750000        73236         4.00
     812.543     0.775000        75676         4.44
     877.055     0.800000        78170         5.00
     887.295     0.825000        80588         5.71
     894.463     0.850000        83004         6.67
     901.631     0.875000        85478         8.00
     905.215     0.887500        86691         8.89
     909.823     0.900000        87991        10.00
     915.967     0.912500        89108        11.43
     925.183     0.925000        90334        13.33
     936.447     0.937500        91595        16.00
     940.543     0.943750        92191        17.78
     944.639     0.950000        92796        20.00
     949.247     0.956250        93419        22.86
     954.367     0.962500        94000        26.67
     961.535     0.968750        94607        32.00
     967.679     0.971875        94899        35.56
     977.407     0.975000        95212        40.00
     986.623     0.978125        95518        45.71
     996.863     0.981250        95816        53.33
    1010.687     0.984375        96118        64.00
    1017.855     0.985938        96281        71.11
    1022.975     0.987500        96435        80.00
    1027.583     0.989062        96580        91.43
    1032.191     0.990625        96733       106.67
    1036.287     0.992188        96884       128.00
    1038.335     0.992969        96962       142.22
    1041.407     0.993750        97042       160.00
    1044.479     0.994531        97115       182.86
    1047.551     0.995313        97187       213.33
    1051.647     0.996094        97279       256.00
    1052.671     0.996484        97300       284.44
    1054.719     0.996875        97350       320.00
    1056.767     0.997266        97388       365.71
    1058.815     0.997656        97426       426.67
    1060.863     0.998047        97465       512.00
    1061.887     0.998242        97487       568.89
    1062.911     0.998437        97506       640.00
    1063.935     0.998633        97523       731.43
    1064.959     0.998828        97543       853.33
    1065.983     0.999023        97555      1024.00
    1067.007     0.999121        97571      1137.78
    1067.007     0.999219        97571      1280.00
    1068.031     0.999316        97589      1462.86
    1068.031     0.999414        97589      1706.67
    1070.079     0.999512        97607      2048.00
    1070.079     0.999561        97607      2275.56
    1070.079     0.999609        97607      2560.00
    1071.103     0.999658        97620      2925.71
    1071.103     0.999707        97620      3413.33
    1071.103     0.999756        97620      4096.00
    1072.127     0.999780        97626      4551.11
    1072.127     0.999805        97626      5120.00
    1073.151     0.999829        97633      5851.43
    1073.151     0.999854        97633      6826.67
    1073.151     0.999878        97633      8192.00
    1073.151     0.999890        97633      9102.22
    1074.175     0.999902        97640     10240.00
    1074.175     0.999915        97640     11702.86
    1074.175     0.999927        97640     13653.33
    1074.175     0.999939        97640     16384.00
    1074.175     0.999945        97640     18204.44
    1074.175     0.999951        97640     20480.00
    1074.175     0.999957        97640     23405.71
    1074.175     0.999963        97640     27306.67
    1075.199     0.999969        97642     32768.00
    1075.199     0.999973        97642     36408.89
    1075.199     0.999976        97642     40960.00
    1075.199     0.999979        97642     46811.43
    1075.199     0.999982        97642     54613.33
    1075.199     0.999985        97642     65536.00
    1075.199     0.999986        97642     72817.78
    1075.199     0.999988        97642     81920.00
    1075.199     0.999989        97642     93622.86
    1076.223     0.999991        97643    109226.67
    1076.223     1.000000        97643          inf
#[Mean    =      568.630, StdDeviation   =      238.801]
#[Max     =     1075.200, Total count    =        97643]
#[Buckets =           27, SubBuckets     =         2048]
----------------------------------------------------------
  116795 requests in 1.00m, 130.43MB read
Requests/sec:   1946.40
Transfer/sec:      2.17MB

--- metrics ---
requests=116795
duration_s=60.005674
bytes=136766945
rps=1946.40
p50_ms=553.983
p95_ms=944.639
p99_ms=1030.143
p999_ms=1065.983
err_connect=0
err_read=0
err_write=0
err_status=0
err_timeout=0
--- end ---
