Running 1m test @ http://127.0.0.1:8083/json
  2 threads and 100 connections
  Thread calibration: mean lat.: 1.214ms, rate sampling interval: 10ms
  Thread calibration: mean lat.: 1.135ms, rate sampling interval: 10ms
  Thread Stats   Avg      Stdev     Max   +/- Stdev
    Latency     1.18ms  510.27us   5.30ms   65.71%
    Req/Sec     1.05k   149.73     1.67k    80.84%
  Latency Distribution (HdrHistogram - Recorded Latency)
 50.000%    1.10ms
 75.000%    1.54ms
 90.000%    1.91ms
 99.000%    2.42ms
 99.900%    2.84ms
 99.990%    3.93ms
 99.999%    5.14ms
100.000%    5.30ms

  Detailed Percentile spectrum:
       Value   Percentile   TotalCount 1/(1-Percentile)

       0.124     0.000000            1         1.00
       0.577     0.100000        10002         1.11
       0.723     0.200000        19906         1.25
       0.849     0.300000        29860         1.43
       0.973     0.400000        39839         1.67
       1.102     0.500000        49758         2.00
       1.172     0.550000        54763         2.22
       1.249     0.600000        59708         2.50
       1.336     0.650000        64722         2.86
       1.433     0.700000        69680         3.33
       1.538     0.750000        74656         4.00
       1.592     0.775000        77119         4.44
       1.649     0.800000        79635         5.00
       1.709     0.825000        82118         5.71
       1.772     0.850000        84588         6.67
       1.841     0.875000        87091         8.00
       1.877     0.887500        88316         8.89
       1.915     0.900000        89570        10.00
       1.957     0.912500        90819        11.43
       2.002     0.925000        92062        13.33
       2.053     0.937500        93297        16.00
       2.083     0.943750        93908        17.78
       2.115     0.950000        94527        20.00
       2.151     0.956250        95148        22.86
       2.189     0.962500        95776        26.67
       2.229     0.968750        96401        32.00
       2.251     0.971875        96714        35.56
       2.275     0.975000        97024        40.00
       2.299     0.978125        97346        45.71
       2.327     0.981250        97643        53.33
       2.357     0.984375        97965        64.00
       2.373     0.985938        98105        71.11
       2.393     0.987500        98272        80.00
       2.413     0.989062        98429        91.43
       2.435     0.990625        98572       106.67
       2.461     0.992188        98733       128.00
       2.475     0.992969        98804       142.22
       2.491     0.993750        98879       160.00
       2.511     0.994531        98956       182.86
       2.531     0.995313        99036       213.33
       2.559     0.996094        99112       256.00
       2.577     0.996484        99153       284.44
       2.597     0.996875        99191       320.00
       2.613     0.997266        99233       365.71
       2.635     0.997656        99269       426.67
       2.667     0.998047        99307       512.00
       2.691     0.998242        99326       568.89
       2.725     0.998437        99346       640.00
       2.751     0.998633        99364       731.43
       2.799     0.998828        99386       853.33
       2.839     0.999023        99403      1024.00
       2.867     0.999121        99415      1137.78
       2.909     0.999219        99423      1280.00
       2.923     0.999316        99432      1462.86
       2.967     0.999414        99442      1706.67
       3.017     0.999512        99453      2048.00
       3.045     0.999561        99457      2275.56
       3.073     0.999609        99462      2560.00
       3.159     0.999658        99466      2925.71
       3.313     0.999707        99471      3413.33
       3.455     0.999756        99476      4096.00
       3.519     0.999780        99479      4551.11
       3.567     0.999805        99482      5120.00
       3.655     0.999829        99483      5851.43
       3.873     0.999854        99486      6826.67
       3.903     0.999878        99488      8192.00
       3.929     0.999890        99490      9102.22
       3.965     0.999902        99491     10240.00
       4.107     0.999915        99492     11702.86
       4.143     0.999927        99493     13653.33
       4.303     0.999939        99494     16384.00
       4.763     0.999945        99495     18204.44
       4.815     0.999951        99496     20480.00
       4.815     0.999957        99496     23405.71
       5.079     0.999963        99497     27306.67
       5.079     0.999969        99497     32768.00
       5.099     0.999973        99498     36408.89
       5.099     0.999976        99498     40960.00
       5.099     0.999979        99498     46811.43
       5.143     0.999982        99499     54613.33
       5.143     0.999985        99499     65536.00
       5.143     0.999986        99499     72817.78
       5.143     0.999988        99499     81920.00
       5.143     0.999989        99499     93622.86
       5.303     0.999991        99500    109226.67
       5.303     1.000000        99500          inf
#[Mean    =        1.183, StdDeviation   =        0.510]
#[Max     =        5.300, Total count    =        99500]
#[Buckets =           27, SubBuckets     =         2048]
----------------------------------------------------------
  119802 requests in 1.00m, 146.13MB read
Requests/sec:   1996.60
Transfer/sec:      2.44MB

--- metrics ---
requests=119802
duration_s=60.002939
bytes=153226258
rps=1996.60
p50_ms=1.102
p95_ms=2.115
p99_ms=2.425
p999_ms=2.837
err_connect=0
err_read=0
err_write=0
err_status=0
err_timeout=0
--- end ---
