Running 1m test @ http://127.0.0.1:8081/json
  2 threads and 100 connections
  Thread calibration: mean lat.: 1.144ms, rate sampling interval: 10ms
  Thread calibration: mean lat.: 1.124ms, rate sampling interval: 10ms
  Thread Stats   Avg      Stdev     Max   +/- Stdev
    Latency     1.14ms  485.57us   3.29ms   66.29%
    Req/Sec     1.05k   142.89     1.67k    77.11%
  Latency Distribution (HdrHistogram - Recorded Latency)
 50.000%    1.07ms
 75.000%    1.47ms
 90.000%    1.82ms
 99.000%    2.38ms
 99.900%    2.59ms
 99.990%    2.83ms
 99.999%    3.26ms
100.000%    3.29ms

  Detailed Percentile spectrum:
       Value   Percentile   TotalCount 1/(1-Percentile)

       0.173     0.000000            1         1.00
       0.572     0.100000         9964         1.11
       0.691     0.200000        19929         1.25
       0.805     0.300000        29922         1.43
       0.929     0.400000        39810         1.67
       1.069     0.500000        49801         2.00
       1.143     0.550000        54778         2.22
       1.219     0.600000        59753         2.50
       1.296     0.650000        64688         2.86
       1.379     0.700000        69672         3.33
       1.467     0.750000        74673         4.00
       1.514     0.775000        77126         4.44
       1.564     0.800000        79641         5.00
       1.619     0.825000        82122         5.71
       1.675     0.850000        84581         6.67
       1.744     0.875000        87085         8.00
       1.781     0.887500        88318         8.89
       1.821     0.900000        89562        10.00
       1.869     0.912500        90802        11.43
       1.925     0.925000        92057        13.33
       1.990     0.937500        93298        16.00
       2.024     0.943750        93916        17.78
       2.059     0.950000        94526        20.00
       2.105     0.956250        95161        22.86
       2.151     0.962500        95782        26.67
       2.203     0.968750        96416        32.00
       2.227     0.971875        96722        35.56
       2.251     0.975000        97031        40.00
       2.273     0.978125        97335        45.71
       2.297     0.981250        97650        53.33
       2.323     0.984375        97965        64.00
       2.337     0.985938        98122        71.11
       2.351     0.987500        98266        80.00
       2.369     0.989062        98427        91.43
       2.385     0.990625        98574       106.67
       2.403     0.992188        98733       128.00
       2.413     0.992969        98803       142.22
       2.425     0.993750        98887       160.00
       2.439     0.994531        98966       182.86
       2.453     0.995313        99044       213.33
       2.465     0.996094        99113       256.00
       2.477     0.996484        99158       284.44
       2.487     0.996875        99195       320.00
       2.497     0.997266        99228       365.71
       2.513     0.997656        99267       426.67
       2.527     0.998047        99306       512.00
       2.535     0.998242        99326       568.89
       2.545     0.998437        99346       640.00
       2.557     0.998633        99364       731.43
       2.575     0.998828        99386       853.33
       2.595     0.999023        99405      1024.00
       2.601     0.999121        99413      1137.78
       2.611     0.999219        99427      1280.00
       2.621     0.999316        99435      1462.86
       2.631     0.999414        99443      1706.67
       2.655     0.999512        99453      2048.00
       2.665     0.999561        99457      2275.56
       2.679     0.999609        99462      2560.00
       2.689     0.999658        99466      2925.71
       2.725     0.999707        99472      3413.33
       2.753     0.999756        99476      4096.00
       2.779     0.999780        99479      4551.11
       2.787     0.999805        99481      5120.00
       2.789     0.999829        99483      5851.43
       2.803     0.999854        99486      6826.67
       2.817     0.999878        99488      8192.00
       2.825     0.999890        99490      9102.22
       2.847     0.999902        99491     10240.00
       2.875     0.999915        99492     11702.86
       2.935     0.999927        99493     13653.33
       2.945     0.999939        99494     16384.00
       2.971     0.999945        99495     18204.44
       3.071     0.999951        99496     20480.00
       3.071     0.999957        99496     23405.71
       3.085     0.999963        99497     27306.67
       3.085     0.999969        99497     32768.00
       3.087     0.999973        99498     36408.89
       3.087     0.999976        99498     40960.00
       3.087     0.999979        99498     46811.43
       3.259     0.999982        99499     54613.33
       3.259     0.999985        99499     65536.00
       3.259     0.999986        99499     72817.78
       3.259     0.999988        99499     81920.00
       3.259     0.999989        99499     93622.86
       3.289     0.999991        99500    109226.67
       3.289     1.000000        99500          inf
#[Mean    =        1.141, StdDeviation   =        0.486]
#[Max     =        3.288, Total count    =        99500]
#[Buckets =           27, SubBuckets     =         2048]
----------------------------------------------------------
  119803 requests in 1.00m, 134.02MB read
Requests/sec:   1996.65
Transfer/sec:      2.23MB

--- metrics ---
requests=119803
duration_s=60.001943
bytes=140528919
rps=1996.65
p50_ms=1.069
p95_ms=2.059
p99_ms=2.379
p999_ms=2.591
err_connect=0
err_read=0
err_write=0
err_status=0
err_timeout=0
--- end ---
