Running 1m test @ http://127.0.0.1:8082/file1m
  2 threads and 50 connections
  Thread calibration: mean lat.: 948.872ms, rate sampling interval: 2004ms
  Thread calibration: mean lat.: 949.907ms, rate sampling interval: 2008ms
  Thread Stats   Avg      Stdev     Max   +/- Stdev
    Latency   951.83ms  193.12ms   1.01s    96.00%
    Req/Sec    24.00      0.00    24.00    100.00%
  Latency Distribution (HdrHistogram - Recorded Latency)
 50.000%  990.72ms
 75.000%  997.89ms
 90.000%    1.00s 
 99.000%    1.01s 
 99.900%    1.01s 
 99.990%    1.01s 
 99.999%    1.01s 
100.000%    1.01s 

  Detailed Percentile spectrum:
       Value   Percentile   TotalCount 1/(1-Percentile)

       3.261     0.000000            1         1.00
     979.455     0.100000          259         1.11
     982.527     0.200000          510         1.25
     985.087     0.300000          737         1.43
     988.159     0.400000         1000         1.67
     990.719     0.500000         1227         2.00
     992.255     0.550000         1363         2.22
     993.791     0.600000         1500         2.50
     995.327     0.650000         1620         2.86
     996.351     0.700000         1715         3.33
     997.887     0.750000         1840         4.00
     998.911     0.775000         1926         4.44
     999.423     0.800000         1966         5.00
    1000.447     0.825000         2051         5.71
    1000.959     0.850000         2098         6.67
    1001.471     0.875000         2161         8.00
    1001.983     0.887500         2228         8.89
    1001.983     0.900000         2228        10.00
    1002.495     0.912500         2277        11.43
    1002.495     0.925000         2277        13.33
    1003.007     0.937500         2311        16.00
    1003.519     0.943750         2369        17.78
    1003.519     0.950000         2369        20.00
    1003.519     0.956250         2369        22.86
    1003.519     0.962500         2369        26.67
    1004.031     0.968750         2396        32.00
    1004.031     0.971875         2396        35.56
    1004.031     0.975000         2396        40.00
    1004.543     0.978125         2412        45.71
    1004.543     0.981250         2412        53.33
    1004.543     0.984375         2412        64.00
    1005.055     0.985938         2433        71.11
    1005.055     0.987500         2433        80.00
    1005.055     0.989062         2433        91.43
    1005.055     0.990625         2433       106.67
    1005.055     0.992188         2433       128.00
    1005.055     0.992969         2433       142.22
    1005.567     0.993750         2446       160.00
    1005.567     0.994531         2446       182.86
    1005.567     0.995313         2446       213.33
    1005.567     0.996094         2446       256.00
    1005.567     0.996484         2446       284.44
    1005.567     0.996875         2446       320.00
    1005.567     0.997266         2446       365.71
    1005.567     0.997656         2446       426.67
    1005.567     0.998047         2446       512.00
    1005.567     0.998242         2446       568.89
    1006.079     0.998437         2450       640.00
    1006.079     1.000000         2450          inf
#[Mean    =      951.829, StdDeviation   =      193.117]
#[Max     =     1005.568, Total count    =         2450]
#[Buckets =           27, SubBuckets     =         2048]
----------------------------------------------------------
  2954 requests in 1.00m, 2.89GB read
Requests/sec:     49.23
Transfer/sec:     49.23MB

--- metrics ---
requests=2954
duration_s=60.009126
bytes=3097960236
rps=49.23
p50_ms=990.719
p95_ms=1003.519
p99_ms=1005.055
p999_ms=1006.079
err_connect=0
err_read=0
err_write=0
err_status=0
err_timeout=0
--- end ---
