Running 1m test @ http://127.0.0.1:8081/file50k
  2 threads and 100 connections
  Thread calibration: mean lat.: 1.365ms, rate sampling interval: 10ms
  Thread calibration: mean lat.: 1.358ms, rate sampling interval: 10ms
  Thread Stats   Avg      Stdev     Max   +/- Stdev
    Latency     1.37ms  395.12us   5.76ms   66.71%
    Req/Sec   158.91     95.67   333.00     70.51%
  Latency Distribution (HdrHistogram - Recorded Latency)
 50.000%    1.36ms
 75.000%    1.62ms
 90.000%    1.88ms
 99.000%    2.36ms
 99.900%    2.66ms
 99.990%    4.32ms
 99.999%    5.77ms
100.000%    5.77ms

  Detailed Percentile spectrum:
       Value   Percentile   TotalCount 1/(1-Percentile)

       0.402     0.000000            1         1.00
       0.859     0.100000         1497         1.11
       1.003     0.200000         2982         1.25
       1.131     0.300000         4471         1.43
       1.248     0.400000         5962         1.67
       1.355     0.500000         7458         2.00
       1.406     0.550000         8200         2.22
       1.458     0.600000         8949         2.50
       1.511     0.650000         9685         2.86
       1.567     0.700000        10437         3.33
       1.625     0.750000        11185         4.00
       1.658     0.775000        11556         4.44
       1.695     0.800000        11923         5.00
       1.731     0.825000        12302         5.71
       1.775     0.850000        12668         6.67
       1.823     0.875000        13041         8.00
       1.852     0.887500        13226         8.89
       1.883     0.900000        13418        10.00
       1.917     0.912500        13600        11.43
       1.950     0.925000        13783        13.33
       1.993     0.937500        13970        16.00
       2.018     0.943750        14064        17.78
       2.045     0.950000        14155        20.00
       2.075     0.956250        14251        22.86
       2.107     0.962500        14345        26.67
       2.147     0.968750        14443        32.00
       2.163     0.971875        14482        35.56
       2.183     0.975000        14530        40.00
       2.211     0.978125        14579        45.71
       2.235     0.981250        14621        53.33
       2.273     0.984375        14670        64.00
       2.293     0.985938        14692        71.11
       2.317     0.987500        14714        80.00
       2.341     0.989062        14740        91.43
       2.367     0.990625        14763       106.67
       2.389     0.992188        14784       128.00
       2.413     0.992969        14796       142.22
       2.437     0.993750        14807       160.00
       2.453     0.994531        14819       182.86
       2.465     0.995313        14831       213.33
       2.491     0.996094        14843       256.00
       2.499     0.996484        14849       284.44
       2.519     0.996875        14854       320.00
       2.555     0.997266        14860       365.71
       2.573     0.997656        14866       426.67
       2.587     0.998047        14871       512.00
       2.601     0.998242        14874       568.89
       2.613     0.998437        14877       640.00
       2.621     0.998633        14880       731.43
       2.651     0.998828        14883       853.33
       2.667     0.999023        14886      1024.00
       2.669     0.999121        14887      1137.78
       2.683     0.999219        14889      1280.00
       2.691     0.999316        14890      1462.86
       2.705     0.999414        14892      1706.67
       2.707     0.999512        14893      2048.00
       2.761     0.999561        14894      2275.56
       2.781     0.999609        14895      2560.00
       2.781     0.999658        14895      2925.71
       2.813     0.999707        14896      3413.33
       2.943     0.999756        14898      4096.00
       2.943     0.999780        14898      4551.11
       2.943     0.999805        14898      5120.00
       2.943     0.999829        14898      5851.43
       2.943     0.999854        14898      6826.67
       4.319     0.999878        14899      8192.00
       4.319     0.999890        14899      9102.22
       4.319     0.999902        14899     10240.00
       4.319     0.999915        14899     11702.86
       4.319     0.999927        14899     13653.33
       5.767     0.999939        14900     16384.00
       5.767     1.000000        14900          inf
#[Mean    =        1.366, StdDeviation   =        0.395]
#[Max     =        5.764, Total count    =        14900]
#[Buckets =           27, SubBuckets     =         2048]
----------------------------------------------------------
  18002 requests in 1.00m, 0.86GB read
Requests/sec:    300.02
Transfer/sec:     14.69MB

--- metrics ---
requests=18002
duration_s=60.003110
bytes=924528714
rps=300.02
p50_ms=1.355
p95_ms=2.045
p99_ms=2.357
p999_ms=2.657
err_connect=0
err_read=0
err_write=0
err_status=0
err_timeout=0
--- end ---
