Running 1m test @ http://127.0.0.1:8080/file1m
  2 threads and 50 connections
  Thread calibration: mean lat.: 4.273ms, rate sampling interval: 10ms
  Thread calibration: mean lat.: 4.696ms, rate sampling interval: 10ms
  Thread Stats   Avg      Stdev     Max   +/- Stdev
    Latency     4.23ms    6.62ms  46.34ms   97.35%
    Req/Sec    26.06     69.79   400.00     86.92%
  Latency Distribution (HdrHistogram - Recorded Latency)
 50.000%    3.10ms
 75.000%    3.54ms
 90.000%    4.07ms
 99.000%   44.48ms
 99.900%   45.57ms
 99.990%   46.37ms
 99.999%   46.37ms
100.000%   46.37ms

  Detailed Percentile spectrum:
       Value   Percentile   TotalCount 1/(1-Percentile)

       1.532     0.000000            1         1.00
       2.409     0.100000          245         1.11
       2.629     0.200000          490         1.25
       2.817     0.300000          735         1.43
       2.961     0.400000          981         1.67
       3.101     0.500000         1226         2.00
       3.173     0.550000         1348         2.22
       3.253     0.600000         1472         2.50
       3.331     0.650000         1593         2.86
       3.413     0.700000         1715         3.33
       3.535     0.750000         1843         4.00
       3.611     0.775000         1902         4.44
       3.675     0.800000         1960         5.00
       3.773     0.825000         2022         5.71
       3.853     0.850000         2083         6.67
       3.959     0.875000         2146         8.00
       4.023     0.887500         2175         8.89
       4.075     0.900000         2206        10.00
       4.151     0.912500         2236        11.43
       4.235     0.925000         2268        13.33
       4.367     0.937500         2297        16.00
       4.463     0.943750         2313        17.78
       4.547     0.950000         2328        20.00
       4.651     0.956250         2343        22.86
       4.859     0.962500         2359        26.67
       5.079     0.968750         2374        32.00
       5.247     0.971875         2382        35.56
      42.975     0.975000         2389        40.00
      43.455     0.978125         2398        45.71
      43.615     0.981250         2405        53.33
      43.871     0.984375         2412        64.00
      44.063     0.985938         2417        71.11
      44.287     0.987500         2420        80.00
      44.415     0.989062         2425        91.43
      44.479     0.990625         2428       106.67
      44.543     0.992188         2431       128.00
      44.607     0.992969         2434       142.22
      44.671     0.993750         2435       160.00
      44.863     0.994531         2437       182.86
      44.927     0.995313         2439       213.33
      44.959     0.996094         2441       256.00
      44.991     0.996484         2442       284.44
      45.087     0.996875         2443       320.00
      45.311     0.997266         2444       365.71
      45.375     0.997656         2445       426.67
      45.471     0.998047         2446       512.00
      45.471     0.998242         2446       568.89
      45.503     0.998437         2447       640.00
      45.503     0.998633         2447       731.43
      45.567     0.998828         2448       853.33
      45.567     0.999023         2448      1024.00
      45.567     0.999121         2448      1137.78
      45.695     0.999219         2449      1280.00
      45.695     0.999316         2449      1462.86
      45.695     0.999414         2449      1706.67
      45.695     0.999512         2449      2048.00
      45.695     0.999561         2449      2275.56
      46.367     0.999609         2450      2560.00
      46.367     1.000000         2450          inf
#[Mean    =        4.230, StdDeviation   =        6.621]
#[Max     =       46.336, Total count    =         2450]
#[Buckets =           27, SubBuckets     =         2048]
----------------------------------------------------------
  3002 requests in 1.00m, 2.93GB read
Requests/sec:     50.03
Transfer/sec:     50.04MB

--- metrics ---
requests=3002
duration_s=60.004396
bytes=3148260442
rps=50.03
p50_ms=3.101
p95_ms=4.547
p99_ms=44.479
p999_ms=45.567
err_connect=0
err_read=0
err_write=0
err_status=0
err_timeout=0
--- end ---
