Running 1m test @ http://127.0.0.1:8081/file50k
  2 threads and 100 connections
  Thread calibration: mean lat.: 1.402ms, rate sampling interval: 10ms
  Thread calibration: mean lat.: 2.566ms, rate sampling interval: 10ms
  Thread Stats   Avg      Stdev     Max   +/- Stdev
    Latency     1.91ms    0.88ms   6.12ms   70.19%
    Req/Sec   158.57    569.00     5.55k    97.90%
  Latency Distribution (HdrHistogram - Recorded Latency)
 50.000%    1.68ms
 75.000%    2.37ms
 90.000%    3.25ms
 99.000%    4.41ms
 99.900%    5.41ms
 99.990%    6.01ms
 99.999%    6.12ms
100.000%    6.12ms

  Detailed Percentile spectrum:
       Value   Percentile   TotalCount 1/(1-Percentile)

       0.422     0.000000            1         1.00
       0.962     0.100000         1490         1.11
       1.192     0.200000         2989         1.25
       1.367     0.300000         4473         1.43
       1.527     0.400000         5960         1.67
       1.682     0.500000         7450         2.00
       1.765     0.550000         8200         2.22
       1.870     0.600000         8943         2.50
       2.004     0.650000         9688         2.86
       2.171     0.700000        10439         3.33
       2.369     0.750000        11175         4.00
       2.493     0.775000        11549         4.44
       2.631     0.800000        11922         5.00
       2.767     0.825000        12295         5.71
       2.917     0.850000        12665         6.67
       3.083     0.875000        13038         8.00
       3.165     0.887500        13225         8.89
       3.251     0.900000        13410        10.00
       3.351     0.912500        13597        11.43
       3.441     0.925000        13783        13.33
       3.555     0.937500        13969        16.00
       3.621     0.943750        14066        17.78
       3.681     0.950000        14159        20.00
       3.753     0.956250        14250        22.86
       3.823     0.962500        14344        26.67
       3.909     0.968750        14437        32.00
       3.961     0.971875        14484        35.56
       4.003     0.975000        14529        40.00
       4.063     0.978125        14575        45.71
       4.139     0.981250        14622        53.33
       4.215     0.984375        14668        64.00
       4.267     0.985938        14691        71.11
       4.323     0.987500        14714        80.00
       4.387     0.989062        14739        91.43
       4.431     0.990625        14761       106.67
       4.563     0.992188        14785       128.00
       4.623     0.992969        14796       142.22
       4.675     0.993750        14807       160.00
       4.727     0.994531        14819       182.86
       4.823     0.995313        14831       213.33
       4.903     0.996094        14842       256.00
       4.963     0.996484        14848       284.44
       4.995     0.996875        14854       320.00
       5.083     0.997266        14860       365.71
       5.151     0.997656        14866       426.67
       5.203     0.998047        14872       512.00
       5.235     0.998242        14874       568.89
       5.295     0.998437        14877       640.00
       5.383     0.998633        14882       731.43
       5.391     0.998828        14883       853.33
       5.419     0.999023        14886      1024.00
       5.439     0.999121        14887      1137.78
       5.455     0.999219        14889      1280.00
       5.499     0.999316        14890      1462.86
       5.511     0.999414        14892      1706.67
       5.619     0.999512        14893      2048.00
       5.651     0.999561        14895      2275.56
       5.651     0.999609        14895      2560.00
       5.651     0.999658        14895      2925.71
       5.679     0.999707        14896      3413.33
       5.699     0.999756        14897      4096.00
       5.699     0.999780        14897      4551.11
       5.819     0.999805        14898      5120.00
       5.819     0.999829        14898      5851.43
       5.819     0.999854        14898      6826.67
       6.007     0.999878        14899      8192.00
       6.007     0.999890        14899      9102.22
       6.007     0.999902        14899     10240.00
       6.007     0.999915        14899     11702.86
       6.007     0.999927        14899     13653.33
       6.119     0.999939        14900     16384.00
       6.119     1.000000        14900          inf
#[Mean    =        1.911, StdDeviation   =        0.881]
#[Max     =        6.116, Total count    =        14900]
#[Buckets =           27, SubBuckets     =         2048]
----------------------------------------------------------
  17853 requests in 1.00m, 0.85GB read
Requests/sec:    297.54
Transfer/sec:     14.57MB

--- metrics ---
requests=17853
duration_s=60.002444
bytes=916876521
rps=297.54
p50_ms=1.682
p95_ms=3.681
p99_ms=4.411
p999_ms=5.407
err_connect=0
err_read=0
err_write=0
err_status=0
err_timeout=0
--- end ---
