Running 1m test @ http://127.0.0.1:8081/file50k
  2 threads and 100 connections
  Thread calibration: mean lat.: 1.330ms, rate sampling interval: 10ms
  Thread calibration: mean lat.: 1.323ms, rate sampling interval: 10ms
  Thread Stats   Avg      Stdev     Max   +/- Stdev
    Latency     1.32ms  389.38us   2.93ms   66.66%
    Req/Sec   158.70     96.65   333.00     69.30%
  Latency Distribution (HdrHistogram - Recorded Latency)
 50.000%    1.31ms
 75.000%    1.58ms
 90.000%    1.83ms
 99.000%    2.30ms
 99.900%    2.58ms
 99.990%    2.86ms
 99.999%    2.93ms
100.000%    2.93ms

  Detailed Percentile spectrum:
       Value   Percentile   TotalCount 1/(1-Percentile)

       0.323     0.000000            1         1.00
       0.813     0.100000         1491         1.11
       0.963     0.200000         2986         1.25
       1.088     0.300000         4478         1.43
       1.204     0.400000         5978         1.67
       1.307     0.500000         7455         2.00
       1.358     0.550000         8202         2.22
       1.410     0.600000         8942         2.50
       1.466     0.650000         9688         2.86
       1.521     0.700000        10435         3.33
       1.579     0.750000        11186         4.00
       1.610     0.775000        11549         4.44
       1.644     0.800000        11927         5.00
       1.681     0.825000        12294         5.71
       1.724     0.850000        12669         6.67
       1.774     0.875000        13043         8.00
       1.803     0.887500        13231         8.89
       1.828     0.900000        13416        10.00
       1.863     0.912500        13598        11.43
       1.906     0.925000        13783        13.33
       1.953     0.937500        13973        16.00
       1.980     0.943750        14062        17.78
       2.009     0.950000        14157        20.00
       2.041     0.956250        14253        22.86
       2.069     0.962500        14343        26.67
       2.103     0.968750        14437        32.00
       2.127     0.971875        14483        35.56
       2.145     0.975000        14528        40.00
       2.167     0.978125        14577        45.71
       2.195     0.981250        14624        53.33
       2.221     0.984375        14669        64.00
       2.237     0.985938        14692        71.11
       2.261     0.987500        14716        80.00
       2.275     0.989062        14738        91.43
       2.309     0.990625        14762       106.67
       2.331     0.992188        14784       128.00
       2.341     0.992969        14796       142.22
       2.359     0.993750        14808       160.00
       2.387     0.994531        14819       182.86
       2.407     0.995313        14831       213.33
       2.425     0.996094        14843       256.00
       2.439     0.996484        14848       284.44
       2.453     0.996875        14855       320.00
       2.477     0.997266        14860       365.71
       2.497     0.997656        14866       426.67
       2.521     0.998047        14872       512.00
       2.543     0.998242        14875       568.89
       2.553     0.998437        14877       640.00
       2.559     0.998633        14880       731.43
       2.575     0.998828        14883       853.33
       2.583     0.999023        14886      1024.00
       2.593     0.999121        14888      1137.78
       2.625     0.999219        14889      1280.00
       2.653     0.999316        14890      1462.86
       2.707     0.999414        14892      1706.67
       2.721     0.999512        14893      2048.00
       2.741     0.999561        14894      2275.56
       2.779     0.999609        14895      2560.00
       2.779     0.999658        14895      2925.71
       2.785     0.999707        14896      3413.33
       2.825     0.999756        14897      4096.00
       2.825     0.999780        14897      4551.11
       2.847     0.999805        14898      5120.00
       2.847     0.999829        14898      5851.43
       2.847     0.999854        14898      6826.67
       2.863     0.999878        14899      8192.00
       2.863     0.999890        14899      9102.22
       2.863     0.999902        14899     10240.00
       2.863     0.999915        14899     11702.86
       2.863     0.999927        14899     13653.33
       2.931     0.999939        14900     16384.00
       2.931     1.000000        14900          inf
#[Mean    =        1.321, StdDeviation   =        0.389]
#[Max     =        2.930, Total count    =        14900]
#[Buckets =           27, SubBuckets     =         2048]
----------------------------------------------------------
  18002 requests in 1.00m, 0.86GB read
Requests/sec:    300.02
Transfer/sec:     14.69MB

--- metrics ---
requests=18002
duration_s=60.002561
bytes=924528714
rps=300.02
p50_ms=1.307
p95_ms=2.009
p99_ms=2.295
p999_ms=2.581
err_connect=0
err_read=0
err_write=0
err_status=0
err_timeout=0
--- end ---
