Running 1m test @ http://127.0.0.1:8081/file1m
  2 threads and 50 connections
  Thread calibration: mean lat.: 3.006ms, rate sampling interval: 10ms
  Thread calibration: mean lat.: 3.086ms, rate sampling interval: 10ms
  Thread Stats   Avg      Stdev     Max   +/- Stdev
    Latency     3.02ms  589.50us   5.10ms   67.59%
    Req/Sec    26.00     70.17   333.00     87.18%
  Latency Distribution (HdrHistogram - Recorded Latency)
 50.000%    2.97ms
 75.000%    3.39ms
 90.000%    3.84ms
 99.000%    4.52ms
 99.900%    4.78ms
 99.990%    5.11ms
 99.999%    5.11ms
100.000%    5.11ms

  Detailed Percentile spectrum:
       Value   Percentile   TotalCount 1/(1-Percentile)

       1.377     0.000000            1         1.00
       2.297     0.100000          245         1.11
       2.515     0.200000          493         1.25
       2.691     0.300000          735         1.43
       2.835     0.400000          985         1.67
       2.971     0.500000         1226         2.00
       3.049     0.550000         1349         2.22
       3.117     0.600000         1470         2.50
       3.199     0.650000         1594         2.86
       3.291     0.700000         1715         3.33
       3.391     0.750000         1841         4.00
       3.443     0.775000         1902         4.44
       3.503     0.800000         1960         5.00
       3.571     0.825000         2024         5.71
       3.653     0.850000         2083         6.67
       3.749     0.875000         2144         8.00
       3.793     0.887500         2176         8.89
       3.835     0.900000         2205        10.00
       3.885     0.912500         2237        11.43
       3.931     0.925000         2267        13.33
       4.019     0.937500         2297        16.00
       4.077     0.943750         2314        17.78
       4.111     0.950000         2328        20.00
       4.151     0.956250         2344        22.86
       4.195     0.962500         2359        26.67
       4.243     0.968750         2375        32.00
       4.255     0.971875         2382        35.56
       4.279     0.975000         2389        40.00
       4.339     0.978125         2398        45.71
       4.403     0.981250         2405        53.33
       4.435     0.984375         2413        64.00
       4.455     0.985938         2418        71.11
       4.479     0.987500         2421        80.00
       4.507     0.989062         2424        91.43
       4.527     0.990625         2428       106.67
       4.539     0.992188         2431       128.00
       4.547     0.992969         2433       142.22
       4.575     0.993750         2436       160.00
       4.591     0.994531         2437       182.86
       4.611     0.995313         2439       213.33
       4.643     0.996094         2441       256.00
       4.667     0.996484         2442       284.44
       4.675     0.996875         2443       320.00
       4.699     0.997266         2444       365.71
       4.707     0.997656         2445       426.67
       4.711     0.998047         2446       512.00
       4.711     0.998242         2446       568.89
       4.723     0.998437         2447       640.00
       4.723     0.998633         2447       731.43
       4.779     0.998828         2448       853.33
       4.779     0.999023         2448      1024.00
       4.779     0.999121         2448      1137.78
       4.855     0.999219         2449      1280.00
       4.855     0.999316         2449      1462.86
       4.855     0.999414         2449      1706.67
       4.855     0.999512         2449      2048.00
       4.855     0.999561         2449      2275.56
       5.107     0.999609         2450      2560.00
       5.107     1.000000         2450          inf
#[Mean    =        3.021, StdDeviation   =        0.589]
#[Max     =        5.104, Total count    =         2450]
#[Buckets =           27, SubBuckets     =         2048]
----------------------------------------------------------
  3002 requests in 1.00m, 2.93GB read
Requests/sec:     50.03
Transfer/sec:     50.04MB

--- metrics ---
requests=3002
duration_s=60.004449
bytes=3148302470
rps=50.03
p50_ms=2.971
p95_ms=4.111
p99_ms=4.523
p999_ms=4.779
err_connect=0
err_read=0
err_write=0
err_status=0
err_timeout=0
--- end ---
