Running 1m test @ http://127.0.0.1:8080/file1m
  2 threads and 50 connections
  Thread calibration: mean lat.: 4.786ms, rate sampling interval: 10ms
  Thread calibration: mean lat.: 4.194ms, rate sampling interval: 10ms
  Thread Stats   Avg      Stdev     Max   +/- Stdev
    Latency     4.80ms    7.88ms  46.02ms   96.16%
    Req/Sec    25.97     69.76   444.00     86.89%
  Latency Distribution (HdrHistogram - Recorded Latency)
 50.000%    3.15ms
 75.000%    3.69ms
 90.000%    4.53ms
 99.000%   44.61ms
 99.900%   45.85ms
 99.990%   46.05ms
 99.999%   46.05ms
100.000%   46.05ms

  Detailed Percentile spectrum:
       Value   Percentile   TotalCount 1/(1-Percentile)

       1.329     0.000000            1         1.00
       2.409     0.100000          249         1.11
       2.655     0.200000          490         1.25
       2.841     0.300000          738         1.43
       3.007     0.400000          981         1.67
       3.149     0.500000         1225         2.00
       3.239     0.550000         1349         2.22
       3.327     0.600000         1473         2.50
       3.413     0.650000         1593         2.86
       3.543     0.700000         1715         3.33
       3.689     0.750000         1840         4.00
       3.797     0.775000         1899         4.44
       3.891     0.800000         1961         5.00
       4.029     0.825000         2023         5.71
       4.179     0.850000         2084         6.67
       4.347     0.875000         2145         8.00
       4.451     0.887500         2175         8.89
       4.531     0.900000         2205        10.00
       4.631     0.912500         2236        11.43
       4.743     0.925000         2267        13.33
       4.883     0.937500         2297        16.00
       4.971     0.943750         2313        17.78
       5.087     0.950000         2329        20.00
       5.223     0.956250         2343        22.86
      42.719     0.962500         2359        26.67
      43.519     0.968750         2377        32.00
      43.647     0.971875         2382        35.56
      43.743     0.975000         2392        40.00
      43.775     0.978125         2397        45.71
      43.871     0.981250         2405        53.33
      44.031     0.984375         2412        64.00
      44.127     0.985938         2416        71.11
      44.383     0.987500         2420        80.00
      44.511     0.989062         2424        91.43
      44.639     0.990625         2428       106.67
      44.703     0.992188         2431       128.00
      44.863     0.992969         2435       142.22
      44.863     0.993750         2435       160.00
      45.023     0.994531         2437       182.86
      45.151     0.995313         2439       213.33
      45.311     0.996094         2441       256.00
      45.407     0.996484         2442       284.44
      45.599     0.996875         2443       320.00
      45.631     0.997266         2444       365.71
      45.663     0.997656         2445       426.67
      45.727     0.998047         2446       512.00
      45.727     0.998242         2446       568.89
      45.759     0.998437         2447       640.00
      45.759     0.998633         2447       731.43
      45.855     0.998828         2448       853.33
      45.855     0.999023         2448      1024.00
      45.855     0.999121         2448      1137.78
      45.887     0.999219         2449      1280.00
      45.887     0.999316         2449      1462.86
      45.887     0.999414         2449      1706.67
      45.887     0.999512         2449      2048.00
      45.887     0.999561         2449      2275.56
      46.047     0.999609         2450      2560.00
      46.047     1.000000         2450          inf
#[Mean    =        4.795, StdDeviation   =        7.877]
#[Max     =       46.016, Total count    =         2450]
#[Buckets =           27, SubBuckets     =         2048]
----------------------------------------------------------
  3002 requests in 1.00m, 2.93GB read
Requests/sec:     50.03
Transfer/sec:     50.04MB

--- metrics ---
requests=3002
duration_s=60.005906
bytes=3148260442
rps=50.03
p50_ms=3.149
p95_ms=5.087
p99_ms=44.607
p999_ms=45.855
err_connect=0
err_read=0
err_write=0
err_status=0
err_timeout=0
--- end ---
