Running 1m test @ http://127.0.0.1:8081/file50k
  2 threads and 100 connections
  Thread calibration: mean lat.: 1.343ms, rate sampling interval: 10ms
  Thread calibration: mean lat.: 1.342ms, rate sampling interval: 10ms
  Thread Stats   Avg      Stdev     Max   +/- Stdev
    Latency     1.33ms  387.99us   3.78ms   67.44%
    Req/Sec   158.87     95.86   333.00     70.13%
  Latency Distribution (HdrHistogram - Recorded Latency)
 50.000%    1.31ms
 75.000%    1.57ms
 90.000%    1.84ms
 99.000%    2.32ms
 99.900%    2.64ms
 99.990%    3.41ms
 99.999%    3.78ms
100.000%    3.78ms

  Detailed Percentile spectrum:
       Value   Percentile   TotalCount 1/(1-Percentile)

       0.381     0.000000            1         1.00
       0.823     0.100000         1491         1.11
       0.975     0.200000         2990         1.25
       1.093     0.300000         4478         1.43
       1.207     0.400000         5968         1.67
       1.309     0.500000         7459         2.00
       1.360     0.550000         8217         2.22
       1.411     0.600000         8953         2.50
       1.461     0.650000         9697         2.86
       1.516     0.700000        10435         3.33
       1.574     0.750000        11184         4.00
       1.605     0.775000        11549         4.44
       1.645     0.800000        11929         5.00
       1.679     0.825000        12298         5.71
       1.724     0.850000        12669         6.67
       1.774     0.875000        13038         8.00
       1.804     0.887500        13226         8.89
       1.837     0.900000        13415        10.00
       1.875     0.912500        13602        11.43
       1.911     0.925000        13788        13.33
       1.959     0.937500        13971        16.00
       1.983     0.943750        14064        17.78
       2.011     0.950000        14156        20.00
       2.051     0.956250        14250        22.86
       2.085     0.962500        14344        26.67
       2.123     0.968750        14436        32.00
       2.141     0.971875        14485        35.56
       2.161     0.975000        14531        40.00
       2.181     0.978125        14576        45.71
       2.209     0.981250        14622        53.33
       2.245     0.984375        14669        64.00
       2.263     0.985938        14691        71.11
       2.281     0.987500        14715        80.00
       2.309     0.989062        14739        91.43
       2.331     0.990625        14761       106.67
       2.355     0.992188        14785       128.00
       2.369     0.992969        14797       142.22
       2.387     0.993750        14807       160.00
       2.405     0.994531        14820       182.86
       2.421     0.995313        14831       213.33
       2.453     0.996094        14842       256.00
       2.467     0.996484        14848       284.44
       2.493     0.996875        14854       320.00
       2.509     0.997266        14860       365.71
       2.535     0.997656        14866       426.67
       2.549     0.998047        14871       512.00
       2.565     0.998242        14874       568.89
       2.575     0.998437        14877       640.00
       2.605     0.998633        14880       731.43
       2.623     0.998828        14883       853.33
       2.651     0.999023        14886      1024.00
       2.661     0.999121        14887      1137.78
       2.685     0.999219        14889      1280.00
       2.687     0.999316        14890      1462.86
       2.697     0.999414        14893      1706.67
       2.697     0.999512        14893      2048.00
       2.713     0.999561        14894      2275.56
       2.715     0.999609        14895      2560.00
       2.715     0.999658        14895      2925.71
       2.727     0.999707        14896      3413.33
       2.769     0.999756        14897      4096.00
       2.769     0.999780        14897      4551.11
       3.357     0.999805        14898      5120.00
       3.357     0.999829        14898      5851.43
       3.357     0.999854        14898      6826.67
       3.415     0.999878        14899      8192.00
       3.415     0.999890        14899      9102.22
       3.415     0.999902        14899     10240.00
       3.415     0.999915        14899     11702.86
       3.415     0.999927        14899     13653.33
       3.783     0.999939        14900     16384.00
       3.783     1.000000        14900          inf
#[Mean    =        1.325, StdDeviation   =        0.388]
#[Max     =        3.782, Total count    =        14900]
#[Buckets =           27, SubBuckets     =         2048]
----------------------------------------------------------
  18002 requests in 1.00m, 0.86GB read
Requests/sec:    300.02
Transfer/sec:     14.69MB

--- metrics ---
requests=18002
duration_s=60.002493
bytes=924528714
rps=300.02
p50_ms=1.309
p95_ms=2.011
p99_ms=2.321
p999_ms=2.641
err_connect=0
err_read=0
err_write=0
err_status=0
err_timeout=0
--- end ---
