Running 1m test @ http://127.0.0.1:8083/file50k
  2 threads and 100 connections
  Thread calibration: mean lat.: 1.290ms, rate sampling interval: 10ms
  Thread calibration: mean lat.: 1.290ms, rate sampling interval: 10ms
  Thread Stats   Avg      Stdev     Max   +/- Stdev
    Latency     1.28ms  391.53us   2.72ms   66.83%
    Req/Sec   158.09     94.67   333.00     70.74%
  Latency Distribution (HdrHistogram - Recorded Latency)
 50.000%    1.27ms
 75.000%    1.54ms
 90.000%    1.79ms
 99.000%    2.28ms
 99.900%    2.54ms
 99.990%    2.71ms
 99.999%    2.72ms
100.000%    2.72ms

  Detailed Percentile spectrum:
       Value   Percentile   TotalCount 1/(1-Percentile)

       0.205     0.000000            1         1.00
       0.771     0.100000         1491         1.11
       0.927     0.200000         2991         1.25
       1.049     0.300000         4470         1.43
       1.158     0.400000         5964         1.67
       1.269     0.500000         7465         2.00
       1.319     0.550000         8201         2.22
       1.371     0.600000         8941         2.50
       1.424     0.650000         9693         2.86
       1.478     0.700000        10433         3.33
       1.541     0.750000        11177         4.00
       1.574     0.775000        11560         4.44
       1.604     0.800000        11927         5.00
       1.640     0.825000        12296         5.71
       1.686     0.850000        12665         6.67
       1.735     0.875000        13038         8.00
       1.762     0.887500        13227         8.89
       1.794     0.900000        13410        10.00
       1.831     0.912500        13605        11.43
       1.869     0.925000        13784        13.33
       1.911     0.937500        13972        16.00
       1.937     0.943750        14065        17.78
       1.966     0.950000        14156        20.00
       1.994     0.956250        14249        22.86
       2.030     0.962500        14344        26.67
       2.061     0.968750        14436        32.00
       2.081     0.971875        14484        35.56
       2.109     0.975000        14533        40.00
       2.133     0.978125        14575        45.71
       2.161     0.981250        14622        53.33
       2.195     0.984375        14669        64.00
       2.221     0.985938        14692        71.11
       2.241     0.987500        14714        80.00
       2.267     0.989062        14741        91.43
       2.287     0.990625        14761       106.67
       2.319     0.992188        14784       128.00
       2.335     0.992969        14799       142.22
       2.355     0.993750        14807       160.00
       2.373     0.994531        14819       182.86
       2.395     0.995313        14834       213.33
       2.417     0.996094        14842       256.00
       2.431     0.996484        14848       284.44
       2.437     0.996875        14854       320.00
       2.455     0.997266        14861       365.71
       2.467     0.997656        14866       426.67
       2.483     0.998047        14871       512.00
       2.495     0.998242        14874       568.89
       2.511     0.998437        14878       640.00
       2.525     0.998633        14880       731.43
       2.537     0.998828        14883       853.33
       2.543     0.999023        14886      1024.00
       2.545     0.999121        14887      1137.78
       2.575     0.999219        14889      1280.00
       2.579     0.999316        14891      1462.86
       2.585     0.999414        14893      1706.67
       2.585     0.999512        14893      2048.00
       2.587     0.999561        14894      2275.56
       2.599     0.999609        14895      2560.00
       2.599     0.999658        14895      2925.71
       2.631     0.999707        14896      3413.33
       2.645     0.999756        14897      4096.00
       2.645     0.999780        14897      4551.11
       2.647     0.999805        14898      5120.00
       2.647     0.999829        14898      5851.43
       2.647     0.999854        14898      6826.67
       2.715     0.999878        14899      8192.00
       2.715     0.999890        14899      9102.22
       2.715     0.999902        14899     10240.00
       2.715     0.999915        14899     11702.86
       2.715     0.999927        14899     13653.33
       2.723     0.999939        14900     16384.00
       2.723     1.000000        14900          inf
#[Mean    =        1.280, StdDeviation   =        0.392]
#[Max     =        2.722, Total count    =        14900]
#[Buckets =           27, SubBuckets     =         2048]
----------------------------------------------------------
  18002 requests in 1.00m, 0.86GB read
Requests/sec:    300.02
Transfer/sec:     14.73MB

--- metrics ---
requests=18002
duration_s=60.002561
bytes=926472930
rps=300.02
p50_ms=1.269
p95_ms=1.966
p99_ms=2.275
p999_ms=2.543
err_connect=0
err_read=0
err_write=0
err_status=0
err_timeout=0
--- end ---
