Running 1m test @ http://127.0.0.1:8082/json
  2 threads and 100 connections
  Thread calibration: mean lat.: 62.140ms, rate sampling interval: 165ms
  Thread calibration: mean lat.: 62.166ms, rate sampling interval: 166ms
  Thread Stats   Avg      Stdev     Max   +/- Stdev
    Latency   586.33ms  317.96ms   1.01s    56.62%
    Req/Sec     0.98k    44.54     1.05k    72.83%
  Latency Distribution (HdrHistogram - Recorded Latency)
 50.000%  728.58ms
 75.000%  859.14ms
 90.000%  933.89ms
 99.000%  987.65ms
 99.900%  997.89ms
 99.990%    1.00s 
 99.999%    1.01s 
100.000%    1.01s 

  Detailed Percentile spectrum:
       Value   Percentile   TotalCount 1/(1-Percentile)

       0.413     0.000000            1         1.00
      75.455     0.100000         9787         1.11
     207.743     0.200000        19553         1.25
     298.239     0.300000        29337         1.43
     578.047     0.400000        39103         1.67
     728.575     0.500000        48882         2.00
     750.591     0.550000        53779         2.22
     769.023     0.600000        58653         2.50
     797.695     0.650000        63638         2.86
     832.511     0.700000        68427         3.33
     859.135     0.750000        73319         4.00
     872.447     0.775000        75766         4.44
     885.759     0.800000        78263         5.00
     895.999     0.825000        80750         5.71
     904.703     0.850000        83133         6.67
     918.015     0.875000        85591         8.00
     925.183     0.887500        86751         8.89
     933.887     0.900000        87975        10.00
     941.567     0.912500        89264        11.43
     948.223     0.925000        90459        13.33
     953.343     0.937500        91636        16.00
     955.903     0.943750        92277        17.78
     958.463     0.950000        92899        20.00
     961.535     0.956250        93488        22.86
     965.119     0.962500        94156        26.67
     968.703     0.968750        94754        32.00
     971.263     0.971875        95050        35.56
     973.823     0.975000        95299        40.00
     977.407     0.978125        95630        45.71
     980.479     0.981250        95924        53.33
     983.551     0.984375        96245        64.00
     984.575     0.985938        96373        71.11
     986.111     0.987500        96588        80.00
     987.135     0.989062        96723        91.43
     988.159     0.990625        96870       106.67
     989.183     0.992188        96987       128.00
     990.207     0.992969        97102       142.22
     990.719     0.993750        97157       160.00
     991.743     0.994531        97253       182.86
     992.255     0.995313        97295       213.33
     993.279     0.996094        97388       256.00
     993.791     0.996484        97425       284.44
     994.303     0.996875        97465       320.00
     994.815     0.997266        97502       365.71
     995.327     0.997656        97539       426.67
     995.839     0.998047        97570       512.00
     996.351     0.998242        97600       568.89
     996.351     0.998437        97600       640.00
     996.863     0.998633        97621       731.43
     997.375     0.998828        97641       853.33
     997.887     0.999023        97656      1024.00
     998.399     0.999121        97670      1137.78
     998.399     0.999219        97670      1280.00
     998.911     0.999316        97683      1462.86
     999.423     0.999414        97693      1706.67
     999.935     0.999512        97698      2048.00
    1000.447     0.999561        97705      2275.56
    1000.447     0.999609        97705      2560.00
    1000.959     0.999658        97710      2925.71
    1001.471     0.999707        97716      3413.33
    1002.495     0.999756        97723      4096.00
    1002.495     0.999780        97723      4551.11
    1002.495     0.999805        97723      5120.00
    1003.519     0.999829        97730      5851.43
    1003.519     0.999854        97730      6826.67
    1004.031     0.999878        97733      8192.00
    1004.031     0.999890        97733      9102.22
    1004.031     0.999902        97733     10240.00
    1004.543     0.999915        97736     11702.86
    1004.543     0.999927        97736     13653.33
    1005.055     0.999939        97737     16384.00
    1005.055     0.999945        97737     18204.44
    1005.567     0.999951        97739     20480.00
    1005.567     0.999957        97739     23405.71
    1005.567     0.999963        97739     27306.67
    1006.079     0.999969        97740     32768.00
    1006.079     0.999973        97740     36408.89
    1006.079     0.999976        97740     40960.00
    1006.079     0.999979        97740     46811.43
    1006.591     0.999982        97741     54613.33
    1006.591     0.999985        97741     65536.00
    1006.591     0.999986        97741     72817.78
    1006.591     0.999988        97741     81920.00
    1006.591     0.999989        97741     93622.86
    1007.103     0.999991        97742    109226.67
    1007.103     1.000000        97742          inf
#[Mean    =      586.330, StdDeviation   =      317.959]
#[Max     =     1006.592, Total count    =        97742]
#[Buckets =           27, SubBuckets     =         2048]
----------------------------------------------------------
  117917 requests in 1.00m, 131.68MB read
Requests/sec:   1965.27
Transfer/sec:      2.19MB

--- metrics ---
requests=117917
duration_s=60.000431
bytes=138080807
rps=1965.27
p50_ms=728.575
p95_ms=958.463
p99_ms=987.647
p999_ms=997.887
err_connect=0
err_read=0
err_write=0
err_status=0
err_timeout=0
--- end ---
