Running 1m test @ http://127.0.0.1:8083/file1m
  2 threads and 50 connections
  Thread calibration: mean lat.: 2.723ms, rate sampling interval: 10ms
  Thread calibration: mean lat.: 17.018ms, rate sampling interval: 57ms
  Thread Stats   Avg      Stdev     Max   +/- Stdev
    Latency     8.86ms    7.81ms  29.58ms   79.39%
    Req/Sec    25.61     76.06   555.00     89.36%
  Latency Distribution (HdrHistogram - Recorded Latency)
 50.000%    4.39ms
 75.000%   14.35ms
 90.000%   22.06ms
 99.000%   26.90ms
 99.900%   29.20ms
 99.990%   29.60ms
 99.999%   29.60ms
100.000%   29.60ms

  Detailed Percentile spectrum:
       Value   Percentile   TotalCount 1/(1-Percentile)

       1.591     0.000000            1         1.00
       2.175     0.100000          245         1.11
       2.425     0.200000          490         1.25
       2.667     0.300000          736         1.43
       2.967     0.400000          983         1.67
       4.395     0.500000         1225         2.00
       6.539     0.550000         1348         2.22
       8.399     0.600000         1470         2.50
      10.447     0.650000         1593         2.86
      12.255     0.700000         1715         3.33
      14.351     0.750000         1838         4.00
      15.671     0.775000         1899         4.44
      16.959     0.800000         1960         5.00
      18.271     0.825000         2022         5.71
      19.487     0.850000         2083         6.67
      20.783     0.875000         2144         8.00
      21.439     0.887500         2176         8.89
      22.063     0.900000         2205        10.00
      22.687     0.912500         2236        11.43
      23.407     0.925000         2267        13.33
      23.887     0.937500         2297        16.00
      24.335     0.943750         2314        17.78
      24.591     0.950000         2328        20.00
      24.751     0.956250         2343        22.86
      25.103     0.962500         2359        26.67
      25.455     0.968750         2374        32.00
      25.631     0.971875         2382        35.56
      25.807     0.975000         2389        40.00
      25.919     0.978125         2397        45.71
      26.127     0.981250         2405        53.33
      26.431     0.984375         2413        64.00
      26.543     0.985938         2416        71.11
      26.735     0.987500         2420        80.00
      26.783     0.989062         2424        91.43
      26.911     0.990625         2428       106.67
      27.199     0.992188         2432       128.00
      27.247     0.992969         2433       142.22
      27.647     0.993750         2435       160.00
      27.903     0.994531         2439       182.86
      27.903     0.995313         2439       213.33
      28.047     0.996094         2441       256.00
      28.223     0.996484         2443       284.44
      28.223     0.996875         2443       320.00
      28.335     0.997266         2444       365.71
      28.575     0.997656         2445       426.67
      28.639     0.998047         2446       512.00
      28.639     0.998242         2446       568.89
      28.687     0.998437         2447       640.00
      28.687     0.998633         2447       731.43
      29.199     0.998828         2448       853.33
      29.199     0.999023         2448      1024.00
      29.199     0.999121         2448      1137.78
      29.295     0.999219         2449      1280.00
      29.295     0.999316         2449      1462.86
      29.295     0.999414         2449      1706.67
      29.295     0.999512         2449      2048.00
      29.295     0.999561         2449      2275.56
      29.599     0.999609         2450      2560.00
      29.599     1.000000         2450          inf
#[Mean    =        8.861, StdDeviation   =        7.807]
#[Max     =       29.584, Total count    =         2450]
#[Buckets =           27, SubBuckets     =         2048]
----------------------------------------------------------
  2977 requests in 1.00m, 2.91GB read
Requests/sec:     49.61
Transfer/sec:     49.63MB

--- metrics ---
requests=2977
duration_s=60.003450
bytes=3122411565
rps=49.61
p50_ms=4.395
p95_ms=24.591
p99_ms=26.895
p999_ms=29.199
err_connect=0
err_read=0
err_write=0
err_status=0
err_timeout=0
--- end ---
