Running 1m test @ http://127.0.0.1:8082/json
  2 threads and 100 connections
  Thread calibration: mean lat.: 176.138ms, rate sampling interval: 724ms
  Thread calibration: mean lat.: 176.096ms, rate sampling interval: 724ms
  Thread Stats   Avg      Stdev     Max   +/- Stdev
    Latency   584.39ms  110.65ms 955.90ms   66.34%
    Req/Sec     0.99k    33.44     1.03k    68.38%
  Latency Distribution (HdrHistogram - Recorded Latency)
 50.000%  566.78ms
 75.000%  617.98ms
 90.000%  753.66ms
 99.000%  915.46ms
 99.900%  943.10ms
 99.990%  950.78ms
 99.999%  955.90ms
100.000%  956.41ms

  Detailed Percentile spectrum:
       Value   Percentile   TotalCount 1/(1-Percentile)

     352.767     0.000000            1         1.00
     460.287     0.100000         9857         1.11
     495.615     0.200000        19755         1.25
     515.071     0.300000        29583         1.43
     538.111     0.400000        39573         1.67
     566.783     0.500000        49252         2.00
     577.535     0.550000        54296         2.22
     585.727     0.600000        59233         2.50
     594.943     0.650000        64056         2.86
     604.671     0.700000        69076         3.33
     617.983     0.750000        73810         4.00
     654.335     0.775000        76276         4.44
     709.119     0.800000        78754         5.00
     732.671     0.825000        81217         5.71
     743.423     0.850000        83744         6.67
     748.543     0.875000        86177         8.00
     751.103     0.887500        87472         8.89
     753.663     0.900000        88701        10.00
     756.735     0.912500        89964        11.43
     760.319     0.925000        91155        13.33
     764.415     0.937500        92362        16.00
     766.463     0.943750        92894        17.78
     769.535     0.950000        93561        20.00
     773.119     0.956250        94118        22.86
     781.311     0.962500        94727        26.67
     809.983     0.968750        95342        32.00
     818.687     0.971875        95648        35.56
     828.927     0.975000        95949        40.00
     845.823     0.978125        96259        45.71
     863.231     0.981250        96564        53.33
     884.223     0.984375        96872        64.00
     895.999     0.985938        97039        71.11
     905.215     0.987500        97189        80.00
     912.383     0.989062        97346        91.43
     916.991     0.990625        97490       106.67
     922.111     0.992188        97649       128.00
     924.159     0.992969        97724       142.22
     926.719     0.993750        97805       160.00
     928.767     0.994531        97872       182.86
     931.327     0.995313        97952       213.33
     933.887     0.996094        98036       256.00
     934.911     0.996484        98075       284.44
     935.935     0.996875        98111       320.00
     937.471     0.997266        98153       365.71
     938.495     0.997656        98187       426.67
     940.031     0.998047        98231       512.00
     940.543     0.998242        98251       568.89
     941.055     0.998437        98264       640.00
     941.567     0.998633        98279       731.43
     942.591     0.998828        98303       853.33
     943.103     0.999023        98313      1024.00
     944.127     0.999121        98334      1137.78
     944.127     0.999219        98334      1280.00
     944.639     0.999316        98345      1462.86
     945.663     0.999414        98357      1706.67
     946.175     0.999512        98361      2048.00
     946.687     0.999561        98369      2275.56
     947.199     0.999609        98375      2560.00
     947.711     0.999658        98381      2925.71
     947.711     0.999707        98381      3413.33
     948.735     0.999756        98386      4096.00
     949.247     0.999780        98388      4551.11
     949.759     0.999805        98394      5120.00
     949.759     0.999829        98394      5851.43
     950.271     0.999854        98396      6826.67
     950.783     0.999878        98399      8192.00
     950.783     0.999890        98399      9102.22
     952.319     0.999902        98400     10240.00
     952.831     0.999915        98401     11702.86
     953.343     0.999927        98404     13653.33
     953.343     0.999939        98404     16384.00
     953.343     0.999945        98404     18204.44
     953.855     0.999951        98406     20480.00
     953.855     0.999957        98406     23405.71
     953.855     0.999963        98406     27306.67
     953.855     0.999969        98406     32768.00
     955.903     0.999973        98408     36408.89
     955.903     0.999976        98408     40960.00
     955.903     0.999979        98408     46811.43
     955.903     0.999982        98408     54613.33
     955.903     0.999985        98408     65536.00
     955.903     0.999986        98408     72817.78
     955.903     0.999988        98408     81920.00
     955.903     0.999989        98408     93622.86
     956.415     0.999991        98409    109226.67
     956.415     1.000000        98409          inf
#[Mean    =      584.394, StdDeviation   =      110.650]
#[Max     =      955.904, Total count    =        98409]
#[Buckets =           27, SubBuckets     =         2048]
----------------------------------------------------------
  117917 requests in 1.00m, 131.68MB read
Requests/sec:   1965.26
Transfer/sec:      2.19MB

--- metrics ---
requests=117917
duration_s=60.000753
bytes=138080807
rps=1965.26
p50_ms=566.783
p95_ms=769.535
p99_ms=915.455
p999_ms=943.103
err_connect=0
err_read=0
err_write=0
err_status=0
err_timeout=0
--- end ---
