Running 1m test @ http://127.0.0.1:8080/file1m
  2 threads and 50 connections
  Thread calibration: mean lat.: 7.978ms, rate sampling interval: 49ms
  Thread calibration: mean lat.: 7.073ms, rate sampling interval: 20ms
  Thread Stats   Avg      Stdev     Max   +/- Stdev
    Latency     5.33ms    8.78ms  48.48ms   95.15%
    Req/Sec    25.12     64.15   315.00     87.03%
  Latency Distribution (HdrHistogram - Recorded Latency)
 50.000%    3.34ms
 75.000%    3.89ms
 90.000%    4.80ms
 99.000%   44.80ms
 99.900%   46.81ms
 99.990%   48.51ms
 99.999%   48.51ms
100.000%   48.51ms

  Detailed Percentile spectrum:
       Value   Percentile   TotalCount 1/(1-Percentile)

       1.483     0.000000            1         1.00
       2.383     0.100000          246         1.11
       2.699     0.200000          492         1.25
       2.901     0.300000          738         1.43
       3.127     0.400000          983         1.67
       3.337     0.500000         1229         2.00
       3.433     0.550000         1353         2.22
       3.517     0.600000         1477         2.50
       3.621     0.650000         1597         2.86
       3.747     0.700000         1720         3.33
       3.893     0.750000         1841         4.00
       4.005     0.775000         1902         4.44
       4.103     0.800000         1964         5.00
       4.211     0.825000         2026         5.71
       4.335     0.850000         2086         6.67
       4.531     0.875000         2148         8.00
       4.655     0.887500         2180         8.89
       4.799     0.900000         2209        10.00
       5.015     0.912500         2240        11.43
       5.219     0.925000         2271        13.33
       5.647     0.937500         2301        16.00
       6.191     0.943750         2316        17.78
       8.375     0.950000         2332        20.00
      42.687     0.956250         2347        22.86
      43.135     0.962500         2362        26.67
      43.615     0.968750         2381        32.00
      43.711     0.971875         2387        35.56
      43.839     0.975000         2393        40.00
      43.999     0.978125         2404        45.71
      44.127     0.981250         2410        53.33
      44.255     0.984375         2418        64.00
      44.319     0.985938         2420        71.11
      44.415     0.987500         2424        80.00
      44.671     0.989062         2428        91.43
      44.927     0.990625         2432       106.67
      45.279     0.992188         2435       128.00
      45.407     0.992969         2438       142.22
      45.503     0.993750         2439       160.00
      45.631     0.994531         2441       182.86
      45.727     0.995313         2443       213.33
      45.951     0.996094         2445       256.00
      45.983     0.996484         2446       284.44
      46.079     0.996875         2447       320.00
      46.143     0.997266         2448       365.71
      46.271     0.997656         2449       426.67
      46.463     0.998047         2450       512.00
      46.463     0.998242         2450       568.89
      46.751     0.998437         2451       640.00
      46.751     0.998633         2451       731.43
      46.815     0.998828         2452       853.33
      46.815     0.999023         2452      1024.00
      46.815     0.999121         2452      1137.78
      48.191     0.999219         2453      1280.00
      48.191     0.999316         2453      1462.86
      48.191     0.999414         2453      1706.67
      48.191     0.999512         2453      2048.00
      48.191     0.999561         2453      2275.56
      48.511     0.999609         2454      2560.00
      48.511     1.000000         2454          inf
#[Mean    =        5.327, StdDeviation   =        8.783]
#[Max     =       48.480, Total count    =         2454]
#[Buckets =           27, SubBuckets     =         2048]
----------------------------------------------------------
  3002 requests in 1.00m, 2.93GB read
Requests/sec:     50.03
Transfer/sec:     50.04MB

--- metrics ---
requests=3002
duration_s=60.005934
bytes=3148260442
rps=50.03
p50_ms=3.337
p95_ms=7.763
p99_ms=44.799
p999_ms=46.815
err_connect=0
err_read=0
err_write=0
err_status=0
err_timeout=0
--- end ---
