Running 1m test @ http://127.0.0.1:8084/file50k
  2 threads and 100 connections
  Thread calibration: mean lat.: 1.340ms, rate sampling interval: 10ms
  Thread calibration: mean lat.: 1.348ms, rate sampling interval: 10ms
  Thread Stats   Avg      Stdev     Max   +/- Stdev
    Latency     1.35ms  384.65us   3.32ms   67.12%
    Req/Sec   159.07     95.41   333.00     70.68%
  Latency Distribution (HdrHistogram - Recorded Latency)
 50.000%    1.34ms
 75.000%    1.60ms
 90.000%    1.85ms
 99.000%    2.32ms
 99.900%    2.63ms
 99.990%    3.16ms
 99.999%    3.32ms
100.000%    3.32ms

  Detailed Percentile spectrum:
       Value   Percentile   TotalCount 1/(1-Percentile)

       0.378     0.000000            1         1.00
       0.848     0.100000         1495         1.11
       0.998     0.200000         2990         1.25
       1.122     0.300000         4481         1.43
       1.233     0.400000         5972         1.67
       1.339     0.500000         7457         2.00
       1.389     0.550000         8209         2.22
       1.437     0.600000         8952         2.50
       1.489     0.650000         9690         2.86
       1.546     0.700000        10433         3.33
       1.601     0.750000        11187         4.00
       1.633     0.775000        11557         4.44
       1.667     0.800000        11924         5.00
       1.703     0.825000        12296         5.71
       1.742     0.850000        12668         6.67
       1.790     0.875000        13044         8.00
       1.817     0.887500        13224         8.89
       1.848     0.900000        13413        10.00
       1.878     0.912500        13602        11.43
       1.915     0.925000        13786        13.33
       1.958     0.937500        13969        16.00
       1.984     0.943750        14062        17.78
       2.009     0.950000        14155        20.00
       2.044     0.956250        14249        22.86
       2.081     0.962500        14345        26.67
       2.121     0.968750        14439        32.00
       2.141     0.971875        14482        35.56
       2.165     0.975000        14531        40.00
       2.191     0.978125        14577        45.71
       2.227     0.981250        14621        53.33
       2.263     0.984375        14671        64.00
       2.277     0.985938        14701        71.11
       2.287     0.987500        14715        80.00
       2.317     0.989062        14741        91.43
       2.337     0.990625        14762       106.67
       2.361     0.992188        14784       128.00
       2.375     0.992969        14797       142.22
       2.387     0.993750        14807       160.00
       2.409     0.994531        14820       182.86
       2.433     0.995313        14831       213.33
       2.463     0.996094        14843       256.00
       2.481     0.996484        14848       284.44
       2.497     0.996875        14855       320.00
       2.507     0.997266        14860       365.71
       2.533     0.997656        14867       426.67
       2.539     0.998047        14871       512.00
       2.555     0.998242        14874       568.89
       2.593     0.998437        14877       640.00
       2.607     0.998633        14880       731.43
       2.615     0.998828        14883       853.33
       2.627     0.999023        14886      1024.00
       2.633     0.999121        14887      1137.78
       2.647     0.999219        14889      1280.00
       2.655     0.999316        14890      1462.86
       2.687     0.999414        14892      1706.67
       2.697     0.999512        14893      2048.00
       2.701     0.999561        14894      2275.56
       2.741     0.999609        14895      2560.00
       2.741     0.999658        14895      2925.71
       2.751     0.999707        14896      3413.33
       2.767     0.999756        14897      4096.00
       2.767     0.999780        14897      4551.11
       2.907     0.999805        14898      5120.00
       2.907     0.999829        14898      5851.43
       2.907     0.999854        14898      6826.67
       3.161     0.999878        14899      8192.00
       3.161     0.999890        14899      9102.22
       3.161     0.999902        14899     10240.00
       3.161     0.999915        14899     11702.86
       3.161     0.999927        14899     13653.33
       3.317     0.999939        14900     16384.00
       3.317     1.000000        14900          inf
#[Mean    =        1.348, StdDeviation   =        0.385]
#[Max     =        3.316, Total count    =        14900]
#[Buckets =           27, SubBuckets     =         2048]
----------------------------------------------------------
  18002 requests in 1.00m, 0.86GB read
Requests/sec:    300.02
Transfer/sec:     14.69MB

--- metrics ---
requests=18002
duration_s=60.002427
bytes=924168674
rps=300.02
p50_ms=1.339
p95_ms=2.009
p99_ms=2.323
p999_ms=2.627
err_connect=0
err_read=0
err_write=0
err_status=0
err_timeout=0
--- end ---
