Running 1m test @ http://127.0.0.1:8082/file50k
  2 threads and 100 connections
  Thread calibration: mean lat.: 245.318ms, rate sampling interval: 637ms
  Thread calibration: mean lat.: 245.142ms, rate sampling interval: 635ms
  Thread Stats   Avg      Stdev     Max   +/- Stdev
    Latency   244.65ms   59.80ms 334.34ms   68.78%
    Req/Sec   149.64     11.70   157.00     79.49%
  Latency Distribution (HdrHistogram - Recorded Latency)
 50.000%  247.81ms
 75.000%  291.33ms
 90.000%  317.70ms
 99.000%  332.54ms
 99.900%  333.57ms
 99.990%  334.33ms
 99.999%  334.59ms
100.000%  334.59ms

  Detailed Percentile spectrum:
       Value   Percentile   TotalCount 1/(1-Percentile)

       1.201     0.000000            1         1.00
     178.559     0.100000         1494         1.11
     195.583     0.200000         2984         1.25
     213.119     0.300000         4479         1.43
     230.399     0.400000         5963         1.67
     247.807     0.500000         7451         2.00
     256.767     0.550000         8202         2.22
     265.215     0.600000         8946         2.50
     274.431     0.650000         9694         2.86
     282.879     0.700000        10456         3.33
     291.327     0.750000        11186         4.00
     295.935     0.775000        11563         4.44
     300.543     0.800000        11929         5.00
     304.639     0.825000        12299         5.71
     309.247     0.850000        12689         6.67
     312.831     0.875000        13066         8.00
     315.903     0.887500        13231         8.89
     317.695     0.900000        13415        10.00
     319.231     0.912500        13597        11.43
     322.559     0.925000        13789        13.33
     323.839     0.937500        13979        16.00
     325.375     0.943750        14074        17.78
     326.143     0.950000        14196        20.00
     326.655     0.956250        14254        22.86
     329.215     0.962500        14366        26.67
     329.727     0.968750        14451        32.00
     329.983     0.971875        14490        35.56
     330.239     0.975000        14531        40.00
     330.751     0.978125        14581        45.71
     331.775     0.981250        14644        53.33
     332.031     0.984375        14677        64.00
     332.287     0.985938        14718        71.11
     332.287     0.987500        14718        80.00
     332.543     0.989062        14766        91.43
     332.543     0.990625        14766       106.67
     332.799     0.992188        14800       128.00
     332.799     0.992969        14800       142.22
     333.055     0.993750        14839       160.00
     333.055     0.994531        14839       182.86
     333.055     0.995313        14839       213.33
     333.311     0.996094        14865       256.00
     333.311     0.996484        14865       284.44
     333.311     0.996875        14865       320.00
     333.311     0.997266        14865       365.71
     333.567     0.997656        14886       426.67
     333.567     0.998047        14886       512.00
     333.567     0.998242        14886       568.89
     333.567     0.998437        14886       640.00
     333.567     0.998633        14886       731.43
     333.567     0.998828        14886       853.33
     333.567     0.999023        14886      1024.00
     333.823     0.999121        14895      1137.78
     333.823     0.999219        14895      1280.00
     333.823     0.999316        14895      1462.86
     333.823     0.999414        14895      1706.67
     333.823     0.999512        14895      2048.00
     333.823     0.999561        14895      2275.56
     333.823     0.999609        14895      2560.00
     333.823     0.999658        14895      2925.71
     334.079     0.999707        14898      3413.33
     334.079     0.999756        14898      4096.00
     334.079     0.999780        14898      4551.11
     334.079     0.999805        14898      5120.00
     334.079     0.999829        14898      5851.43
     334.079     0.999854        14898      6826.67
     334.335     0.999878        14899      8192.00
     334.335     0.999890        14899      9102.22
     334.335     0.999902        14899     10240.00
     334.335     0.999915        14899     11702.86
     334.335     0.999927        14899     13653.33
     334.591     0.999939        14900     16384.00
     334.591     1.000000        14900          inf
#[Mean    =      244.648, StdDeviation   =       59.795]
#[Max     =      334.336, Total count    =        14900]
#[Buckets =           27, SubBuckets     =         2048]
----------------------------------------------------------
  17904 requests in 1.00m, 0.86GB read
Requests/sec:    298.38
Transfer/sec:     14.61MB

--- metrics ---
requests=17904
duration_s=60.004655
bytes=919477824
rps=298.38
p50_ms=247.807
p95_ms=326.143
p99_ms=332.543
p999_ms=333.567
err_connect=0
err_read=0
err_write=0
err_status=0
err_timeout=0
--- end ---
