Running 1m test @ http://127.0.0.1:8082/file1m
  2 threads and 50 connections
  Thread calibration: mean lat.: 948.570ms, rate sampling interval: 2008ms
  Thread calibration: mean lat.: 949.160ms, rate sampling interval: 2007ms
  Thread Stats   Avg      Stdev     Max   +/- Stdev
    Latency   952.04ms  193.35ms   1.01s    96.00%
    Req/Sec    24.00      0.00    24.00    100.00%
  Latency Distribution (HdrHistogram - Recorded Latency)
 50.000%  991.23ms
 75.000%  998.40ms
 90.000%    1.00s 
 99.000%    1.01s 
 99.900%    1.01s 
 99.990%    1.01s 
 99.999%    1.01s 
100.000%    1.01s 

  Detailed Percentile spectrum:
       Value   Percentile   TotalCount 1/(1-Percentile)

       3.823     0.000000            1         1.00
     978.943     0.100000          247         1.11
     983.039     0.200000          532         1.25
     985.599     0.300000          751         1.43
     988.671     0.400000         1020         1.67
     991.231     0.500000         1244         2.00
     992.767     0.550000         1371         2.22
     994.303     0.600000         1499         2.50
     995.327     0.650000         1600         2.86
     996.863     0.700000         1725         3.33
     998.399     0.750000         1870         4.00
     998.911     0.775000         1912         4.44
     999.423     0.800000         1960         5.00
    1000.447     0.825000         2049         5.71
    1000.959     0.850000         2087         6.67
    1001.983     0.875000         2175         8.00
    1001.983     0.887500         2175         8.89
    1002.495     0.900000         2232        10.00
    1003.007     0.912500         2281        11.43
    1003.007     0.925000         2281        13.33
    1003.519     0.937500         2334        16.00
    1003.519     0.943750         2334        17.78
    1003.519     0.950000         2334        20.00
    1004.031     0.956250         2367        22.86
    1004.031     0.962500         2367        26.67
    1004.543     0.968750         2397        32.00
    1004.543     0.971875         2397        35.56
    1004.543     0.975000         2397        40.00
    1004.543     0.978125         2397        45.71
    1005.055     0.981250         2428        53.33
    1005.055     0.984375         2428        64.00
    1005.055     0.985938         2428        71.11
    1005.055     0.987500         2428        80.00
    1005.055     0.989062         2428        91.43
    1005.055     0.990625         2428       106.67
    1005.567     0.992188         2440       128.00
    1005.567     0.992969         2440       142.22
    1005.567     0.993750         2440       160.00
    1005.567     0.994531         2440       182.86
    1005.567     0.995313         2440       213.33
    1006.079     0.996094         2447       256.00
    1006.079     0.996484         2447       284.44
    1006.079     0.996875         2447       320.00
    1006.079     0.997266         2447       365.71
    1006.079     0.997656         2447       426.67
    1006.079     0.998047         2447       512.00
    1006.079     0.998242         2447       568.89
    1006.079     0.998437         2447       640.00
    1006.079     0.998633         2447       731.43
    1006.591     0.998828         2448       853.33
    1006.591     0.999023         2448      1024.00
    1006.591     0.999121         2448      1137.78
    1007.103     0.999219         2450      1280.00
    1007.103     1.000000         2450          inf
#[Mean    =      952.043, StdDeviation   =      193.352]
#[Max     =     1006.592, Total count    =         2450]
#[Buckets =           27, SubBuckets     =         2048]
----------------------------------------------------------
  2954 requests in 1.00m, 2.89GB read
Requests/sec:     49.23
Transfer/sec:     49.23MB

--- metrics ---
requests=2954
duration_s=60.007113
bytes=3097960236
rps=49.23
p50_ms=991.231
p95_ms=1003.519
p99_ms=1005.055
p999_ms=1006.591
err_connect=0
err_read=0
err_write=0
err_status=0
err_timeout=0
--- end ---
