Running 30s test @ http://127.0.0.1:18082/file1m
  2 threads and 50 connections
  Thread calibration: mean lat.: 9.522ms, rate sampling interval: 87ms
  Thread calibration: mean lat.: 9.264ms, rate sampling interval: 87ms
  Thread Stats   Avg      Stdev     Max   +/- Stdev
    Latency     9.70ms   14.05ms  54.98ms   86.46%
    Req/Sec    24.03     55.06   229.00     85.27%
  Latency Distribution (HdrHistogram - Recorded Latency)
 50.000%    4.03ms
 75.000%    5.81ms
 90.000%   43.84ms
 99.000%   47.58ms
 99.900%   51.65ms
 99.990%   55.01ms
 99.999%   55.01ms
100.000%   55.01ms

  Detailed Percentile spectrum:
       Value   Percentile   TotalCount 1/(1-Percentile)

       1.858     0.000000            1         1.00
       2.619     0.100000           97         1.11
       2.995     0.200000          192         1.25
       3.255     0.300000          286         1.43
       3.645     0.400000          382         1.67
       4.027     0.500000          477         2.00
       4.235     0.550000          525         2.22
       4.495     0.600000          572         2.50
       4.691     0.650000          620         2.86
       5.207     0.700000          668         3.33
       5.807     0.750000          715         4.00
       6.151     0.775000          739         4.44
       6.843     0.800000          763         5.00
       7.803     0.825000          787         5.71
      10.071     0.850000          811         6.67
      43.039     0.875000          835         8.00
      43.391     0.887500          846         8.89
      43.839     0.900000          858        10.00
      44.095     0.912500          873        11.43
      44.287     0.925000          883        13.33
      44.639     0.937500          894        16.00
      44.799     0.943750          902        17.78
      45.055     0.950000          906        20.00
      45.215     0.956250          915        22.86
      45.407     0.962500          918        26.67
      45.727     0.968750          924        32.00
      45.791     0.971875          929        35.56
      45.919     0.975000          930        40.00
      46.047     0.978125          933        45.71
      46.431     0.981250          936        53.33
      46.751     0.984375          939        64.00
      46.847     0.985938          940        71.11
      47.263     0.987500          942        80.00
      47.583     0.989062          943        91.43
      47.871     0.990625          945       106.67
      47.903     0.992188          946       128.00
      48.223     0.992969          947       142.22
      48.639     0.993750          948       160.00
      48.639     0.994531          948       182.86
      49.535     0.995313          949       213.33
      49.887     0.996094          951       256.00
      49.887     0.996484          951       284.44
      49.887     0.996875          951       320.00
      49.887     0.997266          951       365.71
      49.887     0.997656          951       426.67
      51.647     0.998047          952       512.00
      51.647     0.998242          952       568.89
      51.647     0.998437          952       640.00
      51.647     0.998633          952       731.43
      51.647     0.998828          952       853.33
      55.007     0.999023          953      1024.00
      55.007     1.000000          953          inf
#[Mean    =        9.698, StdDeviation   =       14.051]
#[Max     =       54.976, Total count    =          953]
#[Buckets =           27, SubBuckets     =         2048]
----------------------------------------------------------
  1502 requests in 30.01s, 1.47GB read
Requests/sec:     50.05
Transfer/sec:     50.06MB

--- metrics ---
requests=1502
duration_s=30.009001
bytes=1575178942
rps=50.05
p50_ms=4.027
p95_ms=44.895
p99_ms=47.583
p999_ms=51.647
err_connect=0
err_read=0
err_write=0
err_status=0
err_timeout=0
--- end ---
