Running 1m test @ http://127.0.0.1:8081/json
  2 threads and 100 connections
  Thread calibration: mean lat.: 1.802ms, rate sampling interval: 10ms
  Thread calibration: mean lat.: 1.431ms, rate sampling interval: 10ms
  Thread Stats   Avg      Stdev     Max   +/- Stdev
    Latency     1.60ms  732.89us  14.34ms   73.13%
    Req/Sec     1.06k     1.20k    5.55k    88.35%
  Latency Distribution (HdrHistogram - Recorded Latency)
 50.000%    1.48ms
 75.000%    1.98ms
 90.000%    2.53ms
 99.000%    3.84ms
 99.900%    5.69ms
 99.990%   10.03ms
 99.999%   14.18ms
100.000%   14.35ms

  Detailed Percentile spectrum:
       Value   Percentile   TotalCount 1/(1-Percentile)

       0.114     0.000000            1         1.00
       0.808     0.100000         9969         1.11
       0.989     0.200000        19921         1.25
       1.155     0.300000        29860         1.43
       1.316     0.400000        39813         1.67
       1.480     0.500000        49797         2.00
       1.562     0.550000        54751         2.22
       1.652     0.600000        59724         2.50
       1.749     0.650000        64687         2.86
       1.857     0.700000        69685         3.33
       1.977     0.750000        74648         4.00
       2.040     0.775000        77118         4.44
       2.115     0.800000        79634         5.00
       2.197     0.825000        82101         5.71
       2.293     0.850000        84620         6.67
       2.403     0.875000        87073         8.00
       2.467     0.887500        88344         8.89
       2.533     0.900000        89558        10.00
       2.613     0.912500        90804        11.43
       2.703     0.925000        92046        13.33
       2.809     0.937500        93284        16.00
       2.873     0.943750        93910        17.78
       2.943     0.950000        94525        20.00
       3.023     0.956250        95156        22.86
       3.117     0.962500        95778        26.67
       3.231     0.968750        96395        32.00
       3.291     0.971875        96712        35.56
       3.357     0.975000        97017        40.00
       3.425     0.978125        97324        45.71
       3.507     0.981250        97638        53.33
       3.603     0.984375        97946        64.00
       3.665     0.985938        98107        71.11
       3.723     0.987500        98259        80.00
       3.791     0.989062        98415        91.43
       3.871     0.990625        98568       106.67
       3.979     0.992188        98724       128.00
       4.053     0.992969        98801       142.22
       4.111     0.993750        98879       160.00
       4.191     0.994531        98958       182.86
       4.295     0.995313        99034       213.33
       4.415     0.996094        99112       256.00
       4.471     0.996484        99152       284.44
       4.551     0.996875        99192       320.00
       4.635     0.997266        99228       365.71
       4.751     0.997656        99267       426.67
       4.911     0.998047        99307       512.00
       4.999     0.998242        99326       568.89
       5.111     0.998437        99346       640.00
       5.251     0.998633        99364       731.43
       5.507     0.998828        99385       853.33
       5.727     0.999023        99404      1024.00
       5.883     0.999121        99413      1137.78
       5.971     0.999219        99423      1280.00
       6.147     0.999316        99432      1462.86
       6.371     0.999414        99442      1706.67
       6.759     0.999512        99452      2048.00
       7.047     0.999561        99457      2275.56
       7.151     0.999609        99462      2560.00
       7.475     0.999658        99466      2925.71
       7.771     0.999707        99471      3413.33
       8.599     0.999756        99476      4096.00
       8.839     0.999780        99479      4551.11
       9.039     0.999805        99482      5120.00
       9.167     0.999829        99483      5851.43
       9.639     0.999854        99486      6826.67
       9.767     0.999878        99488      8192.00
      10.031     0.999890        99490      9102.22
      10.039     0.999902        99491     10240.00
      10.159     0.999915        99492     11702.86
      10.167     0.999927        99493     13653.33
      10.263     0.999939        99494     16384.00
      10.319     0.999945        99495     18204.44
      10.735     0.999951        99496     20480.00
      10.735     0.999957        99496     23405.71
      11.255     0.999963        99497     27306.67
      11.255     0.999969        99497     32768.00
      12.543     0.999973        99498     36408.89
      12.543     0.999976        99498     40960.00
      12.543     0.999979        99498     46811.43
      14.183     0.999982        99499     54613.33
      14.183     0.999985        99499     65536.00
      14.183     0.999986        99499     72817.78
      14.183     0.999988        99499     81920.00
      14.183     0.999989        99499     93622.86
      14.351     0.999991        99500    109226.67
      14.351     1.000000        99500          inf
#[Mean    =        1.600, StdDeviation   =        0.733]
#[Max     =       14.344, Total count    =        99500]
#[Buckets =           27, SubBuckets     =         2048]
----------------------------------------------------------
  118905 requests in 1.00m, 133.01MB read
Requests/sec:   1981.67
Transfer/sec:      2.22MB

--- metrics ---
requests=118905
duration_s=60.002360
bytes=139475565
rps=1981.67
p50_ms=1.480
p95_ms=2.943
p99_ms=3.835
p999_ms=5.691
err_connect=0
err_read=0
err_write=0
err_status=0
err_timeout=0
--- end ---
