Running 1m test @ http://127.0.0.1:8080/json
  2 threads and 100 connections
  Thread calibration: mean lat.: 1.374ms, rate sampling interval: 10ms
  Thread calibration: mean lat.: 1.605ms, rate sampling interval: 10ms
  Thread Stats   Avg      Stdev     Max   +/- Stdev
    Latency     1.46ms  569.95us   5.06ms   67.51%
    Req/Sec     1.05k     1.33k    5.55k    89.64%
  Latency Distribution (HdrHistogram - Recorded Latency)
 50.000%    1.40ms
 75.000%    1.81ms
 90.000%    2.26ms
 99.000%    3.02ms
 99.900%    3.79ms
 99.990%    4.51ms
 99.999%    5.03ms
100.000%    5.06ms

  Detailed Percentile spectrum:
       Value   Percentile   TotalCount 1/(1-Percentile)

       0.211     0.000000            1         1.00
       0.780     0.100000         9963         1.11
       0.950     0.200000        19909         1.25
       1.107     0.300000        29914         1.43
       1.253     0.400000        39880         1.67
       1.397     0.500000        49780         2.00
       1.470     0.550000        54752         2.22
       1.545     0.600000        59758         2.50
       1.625     0.650000        64723         2.86
       1.712     0.700000        69697         3.33
       1.806     0.750000        74652         4.00
       1.861     0.775000        77145         4.44
       1.921     0.800000        79602         5.00
       1.988     0.825000        82120         5.71
       2.065     0.850000        84619         6.67
       2.157     0.875000        87108         8.00
       2.207     0.887500        88342         8.89
       2.263     0.900000        89591        10.00
       2.321     0.912500        90798        11.43
       2.379     0.925000        92069        13.33
       2.439     0.937500        93303        16.00
       2.473     0.943750        93937        17.78
       2.505     0.950000        94526        20.00
       2.539     0.956250        95161        22.86
       2.575     0.962500        95778        26.67
       2.619     0.968750        96400        32.00
       2.645     0.971875        96721        35.56
       2.679     0.975000        97026        40.00
       2.723     0.978125        97344        45.71
       2.785     0.981250        97640        53.33
       2.849     0.984375        97948        64.00
       2.891     0.985938        98107        71.11
       2.935     0.987500        98258        80.00
       2.985     0.989062        98412        91.43
       3.039     0.990625        98576       106.67
       3.113     0.992188        98725       128.00
       3.149     0.992969        98805       142.22
       3.197     0.993750        98881       160.00
       3.245     0.994531        98957       182.86
       3.293     0.995313        99036       213.33
       3.353     0.996094        99113       256.00
       3.389     0.996484        99152       284.44
       3.429     0.996875        99190       320.00
       3.463     0.997266        99228       365.71
       3.505     0.997656        99268       426.67
       3.565     0.998047        99306       512.00
       3.613     0.998242        99328       568.89
       3.647     0.998437        99345       640.00
       3.685     0.998633        99364       731.43
       3.753     0.998828        99384       853.33
       3.795     0.999023        99403      1024.00
       3.839     0.999121        99413      1137.78
       3.873     0.999219        99423      1280.00
       3.925     0.999316        99432      1462.86
       3.995     0.999414        99444      1706.67
       4.035     0.999512        99452      2048.00
       4.069     0.999561        99457      2275.56
       4.139     0.999609        99462      2560.00
       4.167     0.999658        99467      2925.71
       4.199     0.999707        99471      3413.33
       4.323     0.999756        99477      4096.00
       4.339     0.999780        99479      4551.11
       4.375     0.999805        99482      5120.00
       4.383     0.999829        99484      5851.43
       4.403     0.999854        99486      6826.67
       4.451     0.999878        99488      8192.00
       4.507     0.999890        99490      9102.22
       4.543     0.999902        99491     10240.00
       4.547     0.999915        99492     11702.86
       4.567     0.999927        99493     13653.33
       4.715     0.999939        99494     16384.00
       4.719     0.999945        99495     18204.44
       4.887     0.999951        99496     20480.00
       4.887     0.999957        99496     23405.71
       4.915     0.999963        99497     27306.67
       4.915     0.999969        99497     32768.00
       5.027     0.999973        99498     36408.89
       5.027     0.999976        99498     40960.00
       5.027     0.999979        99498     46811.43
       5.031     0.999982        99499     54613.33
       5.031     0.999985        99499     65536.00
       5.031     0.999986        99499     72817.78
       5.031     0.999988        99499     81920.00
       5.031     0.999989        99499     93622.86
       5.059     0.999991        99500    109226.67
       5.059     1.000000        99500          inf
#[Mean    =        1.462, StdDeviation   =        0.570]
#[Max     =        5.056, Total count    =        99500]
#[Buckets =           27, SubBuckets     =         2048]
----------------------------------------------------------
  118902 requests in 1.00m, 131.31MB read
Requests/sec:   1981.63
Transfer/sec:      2.19MB

--- metrics ---
requests=118902
duration_s=60.002250
bytes=137688516
rps=1981.63
p50_ms=1.397
p95_ms=2.505
p99_ms=3.015
p999_ms=3.789
err_connect=0
err_read=0
err_write=0
err_status=0
err_timeout=0
--- end ---
