Running 1m test @ http://127.0.0.1:8084/file1m
  2 threads and 50 connections
  Thread calibration: mean lat.: 2.910ms, rate sampling interval: 10ms
  Thread calibration: mean lat.: 2.876ms, rate sampling interval: 10ms
  Thread Stats   Avg      Stdev     Max   +/- Stdev
    Latency     2.86ms  549.08us   5.04ms   67.47%
    Req/Sec    25.95     69.54   333.00     87.27%
  Latency Distribution (HdrHistogram - Recorded Latency)
 50.000%    2.85ms
 75.000%    3.22ms
 90.000%    3.56ms
 99.000%    4.22ms
 99.900%    4.70ms
 99.990%    5.04ms
 99.999%    5.04ms
100.000%    5.04ms

  Detailed Percentile spectrum:
       Value   Percentile   TotalCount 1/(1-Percentile)

       1.326     0.000000            1         1.00
       2.159     0.100000          246         1.11
       2.387     0.200000          493         1.25
       2.563     0.300000          737         1.43
       2.699     0.400000          983         1.67
       2.845     0.500000         1225         2.00
       2.907     0.550000         1348         2.22
       2.979     0.600000         1470         2.50
       3.053     0.650000         1593         2.86
       3.135     0.700000         1716         3.33
       3.217     0.750000         1839         4.00
       3.257     0.775000         1901         4.44
       3.307     0.800000         1961         5.00
       3.365     0.825000         2026         5.71
       3.433     0.850000         2085         6.67
       3.497     0.875000         2144         8.00
       3.527     0.887500         2175         8.89
       3.559     0.900000         2205        10.00
       3.607     0.912500         2238        11.43
       3.659     0.925000         2267        13.33
       3.737     0.937500         2298        16.00
       3.759     0.943750         2313        17.78
       3.793     0.950000         2328        20.00
       3.829     0.956250         2346        22.86
       3.855     0.962500         2359        26.67
       3.899     0.968750         2374        32.00
       3.935     0.971875         2383        35.56
       3.953     0.975000         2389        40.00
       3.995     0.978125         2398        45.71
       4.041     0.981250         2405        53.33
       4.111     0.984375         2412        64.00
       4.159     0.985938         2417        71.11
       4.167     0.987500         2420        80.00
       4.195     0.989062         2424        91.43
       4.255     0.990625         2428       106.67
       4.287     0.992188         2431       128.00
       4.307     0.992969         2433       142.22
       4.355     0.993750         2435       160.00
       4.367     0.994531         2437       182.86
       4.439     0.995313         2439       213.33
       4.471     0.996094         2441       256.00
       4.483     0.996484         2442       284.44
       4.539     0.996875         2443       320.00
       4.583     0.997266         2444       365.71
       4.607     0.997656         2445       426.67
       4.619     0.998047         2446       512.00
       4.619     0.998242         2446       568.89
       4.635     0.998437         2447       640.00
       4.635     0.998633         2447       731.43
       4.695     0.998828         2448       853.33
       4.695     0.999023         2448      1024.00
       4.695     0.999121         2448      1137.78
       4.839     0.999219         2449      1280.00
       4.839     0.999316         2449      1462.86
       4.839     0.999414         2449      1706.67
       4.839     0.999512         2449      2048.00
       4.839     0.999561         2449      2275.56
       5.039     0.999609         2450      2560.00
       5.039     1.000000         2450          inf
#[Mean    =        2.857, StdDeviation   =        0.549]
#[Max     =        5.036, Total count    =         2450]
#[Buckets =           27, SubBuckets     =         2048]
----------------------------------------------------------
  3002 requests in 1.00m, 2.93GB read
Requests/sec:     50.03
Transfer/sec:     50.04MB

--- metrics ---
requests=3002
duration_s=60.004372
bytes=3148242430
rps=50.03
p50_ms=2.845
p95_ms=3.793
p99_ms=4.219
p999_ms=4.695
err_connect=0
err_read=0
err_write=0
err_status=0
err_timeout=0
--- end ---
