Running 1m test @ http://127.0.0.1:8082/file1m
  2 threads and 50 connections
  Thread calibration: mean lat.: 948.844ms, rate sampling interval: 2008ms
  Thread calibration: mean lat.: 949.496ms, rate sampling interval: 2009ms
  Thread Stats   Avg      Stdev     Max   +/- Stdev
    Latency   951.44ms  193.25ms   1.01s    96.00%
    Req/Sec    24.00      0.00    24.00    100.00%
  Latency Distribution (HdrHistogram - Recorded Latency)
 50.000%  990.72ms
 75.000%  997.89ms
 90.000%    1.00s 
 99.000%    1.01s 
 99.900%    1.01s 
 99.990%    1.01s 
 99.999%    1.01s 
100.000%    1.01s 

  Detailed Percentile spectrum:
       Value   Percentile   TotalCount 1/(1-Percentile)

       3.425     0.000000            1         1.00
     978.431     0.100000          273         1.11
     981.503     0.200000          497         1.25
     984.575     0.300000          754         1.43
     987.647     0.400000         1018         1.67
     990.719     0.500000         1257         2.00
     991.743     0.550000         1351         2.22
     993.791     0.600000         1520         2.50
     995.327     0.650000         1625         2.86
     996.351     0.700000         1720         3.33
     997.887     0.750000         1847         4.00
     998.911     0.775000         1927         4.44
     999.423     0.800000         1964         5.00
    1000.447     0.825000         2042         5.71
    1000.959     0.850000         2084         6.67
    1001.983     0.875000         2170         8.00
    1002.495     0.887500         2216         8.89
    1002.495     0.900000         2216        10.00
    1003.007     0.912500         2262        11.43
    1003.519     0.925000         2314        13.33
    1003.519     0.937500         2314        16.00
    1003.519     0.943750         2314        17.78
    1004.031     0.950000         2352        20.00
    1004.031     0.956250         2352        22.86
    1004.543     0.962500         2378        26.67
    1004.543     0.968750         2378        32.00
    1005.055     0.971875         2403        35.56
    1005.055     0.975000         2403        40.00
    1005.055     0.978125         2403        45.71
    1005.567     0.981250         2432        53.33
    1005.567     0.984375         2432        64.00
    1005.567     0.985938         2432        71.11
    1005.567     0.987500         2432        80.00
    1005.567     0.989062         2432        91.43
    1005.567     0.990625         2432       106.67
    1005.567     0.992188         2432       128.00
    1006.079     0.992969         2447       142.22
    1006.079     0.993750         2447       160.00
    1006.079     0.994531         2447       182.86
    1006.079     0.995313         2447       213.33
    1006.079     0.996094         2447       256.00
    1006.079     0.996484         2447       284.44
    1006.079     0.996875         2447       320.00
    1006.079     0.997266         2447       365.71
    1006.079     0.997656         2447       426.67
    1006.079     0.998047         2447       512.00
    1006.079     0.998242         2447       568.89
    1006.079     0.998437         2447       640.00
    1006.079     0.998633         2447       731.43
    1007.103     0.998828         2450       853.33
    1007.103     1.000000         2450          inf
#[Mean    =      951.438, StdDeviation   =      193.253]
#[Max     =     1006.592, Total count    =         2450]
#[Buckets =           27, SubBuckets     =         2048]
----------------------------------------------------------
  2954 requests in 1.00m, 2.89GB read
Requests/sec:     49.23
Transfer/sec:     49.23MB

--- metrics ---
requests=2954
duration_s=60.007315
bytes=3097960236
rps=49.23
p50_ms=990.719
p95_ms=1004.031
p99_ms=1005.567
p999_ms=1007.103
err_connect=0
err_read=0
err_write=0
err_status=0
err_timeout=0
--- end ---
