Running 1m test @ http://127.0.0.1:8080/file1m
  2 threads and 50 connections
  Thread calibration: mean lat.: 22.088ms, rate sampling interval: 65ms
  Thread calibration: mean lat.: 6.443ms, rate sampling interval: 30ms
  Thread Stats   Avg      Stdev     Max   +/- Stdev
    Latency    13.79ms   12.00ms  55.36ms   76.73%
    Req/Sec    24.70     71.49   390.00     89.06%
  Latency Distribution (HdrHistogram - Recorded Latency)
 50.000%    9.07ms
 75.000%   24.42ms
 90.000%   31.22ms
 99.000%   44.19ms
 99.900%   54.37ms
 99.990%   55.39ms
 99.999%   55.39ms
100.000%   55.39ms

  Detailed Percentile spectrum:
       Value   Percentile   TotalCount 1/(1-Percentile)

       1.588     0.000000            1         1.00
       2.519     0.100000          245         1.11
       2.941     0.200000          490         1.25
       3.397     0.300000          735         1.43
       4.767     0.400000          981         1.67
       9.071     0.500000         1225         2.00
      11.527     0.550000         1348         2.22
      14.367     0.600000         1471         2.50
      17.855     0.650000         1595         2.86
      21.087     0.700000         1715         3.33
      24.415     0.750000         1838         4.00
      25.855     0.775000         1899         4.44
      27.055     0.800000         1960         5.00
      28.191     0.825000         2022         5.71
      29.103     0.850000         2083         6.67
      30.351     0.875000         2144         8.00
      30.863     0.887500         2176         8.89
      31.215     0.900000         2205        10.00
      31.679     0.912500         2236        11.43
      32.367     0.925000         2267        13.33
      33.087     0.937500         2297        16.00
      33.471     0.943750         2313        17.78
      33.855     0.950000         2328        20.00
      34.335     0.956250         2343        22.86
      35.423     0.962500         2359        26.67
      37.311     0.968750         2374        32.00
      39.199     0.971875         2382        35.56
      42.783     0.975000         2389        40.00
      43.231     0.978125         2397        45.71
      43.391     0.981250         2406        53.33
      43.551     0.984375         2413        64.00
      43.775     0.985938         2418        71.11
      43.999     0.987500         2421        80.00
      44.095     0.989062         2424        91.43
      44.479     0.990625         2428       106.67
      44.671     0.992188         2432       128.00
      44.767     0.992969         2433       142.22
      45.087     0.993750         2436       160.00
      45.183     0.994531         2437       182.86
      45.567     0.995313         2439       213.33
      46.271     0.996094         2441       256.00
      46.591     0.996484         2442       284.44
      46.783     0.996875         2443       320.00
      47.039     0.997266         2444       365.71
      47.167     0.997656         2445       426.67
      47.551     0.998047         2446       512.00
      47.551     0.998242         2446       568.89
      47.647     0.998437         2447       640.00
      47.647     0.998633         2447       731.43
      54.367     0.998828         2448       853.33
      54.367     0.999023         2448      1024.00
      54.367     0.999121         2448      1137.78
      54.655     0.999219         2449      1280.00
      54.655     0.999316         2449      1462.86
      54.655     0.999414         2449      1706.67
      54.655     0.999512         2449      2048.00
      54.655     0.999561         2449      2275.56
      55.391     0.999609         2450      2560.00
      55.391     1.000000         2450          inf
#[Mean    =       13.790, StdDeviation   =       11.999]
#[Max     =       55.360, Total count    =         2450]
#[Buckets =           27, SubBuckets     =         2048]
----------------------------------------------------------
  2979 requests in 1.00m, 2.91GB read
Requests/sec:     49.64
Transfer/sec:     49.66MB

--- metrics ---
requests=2979
duration_s=60.012212
bytes=3125188435
rps=49.64
p50_ms=9.071
p95_ms=33.855
p99_ms=44.191
p999_ms=54.367
err_connect=0
err_read=0
err_write=0
err_status=0
err_timeout=0
--- end ---
