Running 1m test @ http://127.0.0.1:8080/json
  2 threads and 100 connections
  Thread calibration: mean lat.: 1.641ms, rate sampling interval: 10ms
  Thread calibration: mean lat.: 1.406ms, rate sampling interval: 10ms
  Thread Stats   Avg      Stdev     Max   +/- Stdev
    Latency     1.51ms  628.80us   7.45ms   73.18%
    Req/Sec     1.06k     1.31k    5.55k    89.12%
  Latency Distribution (HdrHistogram - Recorded Latency)
 50.000%    1.41ms
 75.000%    1.83ms
 90.000%    2.32ms
 99.000%    3.57ms
 99.900%    4.88ms
 99.990%    6.09ms
 99.999%    7.31ms
100.000%    7.45ms

  Detailed Percentile spectrum:
       Value   Percentile   TotalCount 1/(1-Percentile)

       0.198     0.000000            1         1.00
       0.827     0.100000         9975         1.11
       0.989     0.200000        19946         1.25
       1.131     0.300000        29862         1.43
       1.268     0.400000        39803         1.67
       1.407     0.500000        49783         2.00
       1.480     0.550000        54763         2.22
       1.556     0.600000        59739         2.50
       1.640     0.650000        64717         2.86
       1.730     0.700000        69694         3.33
       1.830     0.750000        74664         4.00
       1.887     0.775000        77150         4.44
       1.948     0.800000        79610         5.00
       2.016     0.825000        82100         5.71
       2.097     0.850000        84580         6.67
       2.197     0.875000        87107         8.00
       2.255     0.887500        88321         8.89
       2.321     0.900000        89578        10.00
       2.395     0.912500        90811        11.43
       2.475     0.925000        92053        13.33
       2.561     0.937500        93297        16.00
       2.605     0.943750        93932        17.78
       2.651     0.950000        94539        20.00
       2.709     0.956250        95149        22.86
       2.791     0.962500        95778        26.67
       2.897     0.968750        96395        32.00
       2.965     0.971875        96703        35.56
       3.033     0.975000        97017        40.00
       3.109     0.978125        97328        45.71
       3.203     0.981250        97636        53.33
       3.315     0.984375        97948        64.00
       3.377     0.985938        98109        71.11
       3.443     0.987500        98261        80.00
       3.521     0.989062        98414        91.43
       3.611     0.990625        98569       106.67
       3.717     0.992188        98726       128.00
       3.771     0.992969        98801       142.22
       3.849     0.993750        98880       160.00
       3.913     0.994531        98957       182.86
       3.991     0.995313        99036       213.33
       4.091     0.996094        99112       256.00
       4.155     0.996484        99152       284.44
       4.223     0.996875        99190       320.00
       4.311     0.997266        99230       365.71
       4.423     0.997656        99268       426.67
       4.515     0.998047        99306       512.00
       4.571     0.998242        99326       568.89
       4.647     0.998437        99345       640.00
       4.707     0.998633        99365       731.43
       4.787     0.998828        99384       853.33
       4.883     0.999023        99403      1024.00
       4.967     0.999121        99415      1137.78
       5.019     0.999219        99423      1280.00
       5.075     0.999316        99432      1462.86
       5.147     0.999414        99442      1706.67
       5.259     0.999512        99453      2048.00
       5.291     0.999561        99457      2275.56
       5.339     0.999609        99462      2560.00
       5.383     0.999658        99466      2925.71
       5.499     0.999707        99471      3413.33
       5.603     0.999756        99476      4096.00
       5.631     0.999780        99479      4551.11
       5.679     0.999805        99481      5120.00
       5.803     0.999829        99483      5851.43
       5.915     0.999854        99486      6826.67
       6.003     0.999878        99488      8192.00
       6.087     0.999890        99490      9102.22
       6.139     0.999902        99491     10240.00
       6.207     0.999915        99492     11702.86
       6.227     0.999927        99493     13653.33
       6.239     0.999939        99494     16384.00
       6.247     0.999945        99495     18204.44
       6.699     0.999951        99496     20480.00
       6.699     0.999957        99496     23405.71
       6.743     0.999963        99497     27306.67
       6.743     0.999969        99497     32768.00
       6.859     0.999973        99498     36408.89
       6.859     0.999976        99498     40960.00
       6.859     0.999979        99498     46811.43
       7.307     0.999982        99499     54613.33
       7.307     0.999985        99499     65536.00
       7.307     0.999986        99499     72817.78
       7.307     0.999988        99499     81920.00
       7.307     0.999989        99499     93622.86
       7.455     0.999991        99500    109226.67
       7.455     1.000000        99500          inf
#[Mean    =        1.511, StdDeviation   =        0.629]
#[Max     =        7.452, Total count    =        99500]
#[Buckets =           27, SubBuckets     =         2048]
----------------------------------------------------------
  118902 requests in 1.00m, 131.31MB read
Requests/sec:   1981.62
Transfer/sec:      2.19MB

--- metrics ---
requests=118902
duration_s=60.002418
bytes=137688516
rps=1981.62
p50_ms=1.407
p95_ms=2.651
p99_ms=3.571
p999_ms=4.875
err_connect=0
err_read=0
err_write=0
err_status=0
err_timeout=0
--- end ---
