Running 1m test @ http://127.0.0.1:8083/file1m
  2 threads and 50 connections
  Thread calibration: mean lat.: 2.591ms, rate sampling interval: 10ms
  Thread calibration: mean lat.: 2.581ms, rate sampling interval: 10ms
  Thread Stats   Avg      Stdev     Max   +/- Stdev
    Latency     2.63ms  472.99us   4.20ms   66.53%
    Req/Sec    25.68     68.32   333.00     87.28%
  Latency Distribution (HdrHistogram - Recorded Latency)
 50.000%    2.62ms
 75.000%    2.95ms
 90.000%    3.27ms
 99.000%    3.79ms
 99.900%    4.06ms
 99.990%    4.20ms
 99.999%    4.20ms
100.000%    4.20ms

  Detailed Percentile spectrum:
       Value   Percentile   TotalCount 1/(1-Percentile)

       1.579     0.000000            1         1.00
       2.010     0.100000          247         1.11
       2.199     0.200000          490         1.25
       2.353     0.300000          735         1.43
       2.493     0.400000          980         1.67
       2.621     0.500000         1227         2.00
       2.675     0.550000         1348         2.22
       2.733     0.600000         1470         2.50
       2.799     0.650000         1594         2.86
       2.867     0.700000         1717         3.33
       2.947     0.750000         1841         4.00
       2.991     0.775000         1902         4.44
       3.031     0.800000         1961         5.00
       3.073     0.825000         2022         5.71
       3.123     0.850000         2084         6.67
       3.181     0.875000         2145         8.00
       3.223     0.887500         2175         8.89
       3.271     0.900000         2205        10.00
       3.317     0.912500         2236        11.43
       3.363     0.925000         2267        13.33
       3.413     0.937500         2297        16.00
       3.437     0.943750         2315        17.78
       3.467     0.950000         2328        20.00
       3.495     0.956250         2343        22.86
       3.533     0.962500         2359        26.67
       3.563     0.968750         2374        32.00
       3.591     0.971875         2382        35.56
       3.611     0.975000         2390        40.00
       3.659     0.978125         2399        45.71
       3.681     0.981250         2407        53.33
       3.729     0.984375         2413        64.00
       3.737     0.985938         2416        71.11
       3.755     0.987500         2420        80.00
       3.781     0.989062         2424        91.43
       3.801     0.990625         2428       106.67
       3.827     0.992188         2432       128.00
       3.833     0.992969         2433       142.22
       3.843     0.993750         2435       160.00
       3.877     0.994531         2437       182.86
       3.911     0.995313         2439       213.33
       3.927     0.996094         2441       256.00
       3.929     0.996484         2442       284.44
       3.945     0.996875         2443       320.00
       3.949     0.997266         2445       365.71
       3.949     0.997656         2445       426.67
       3.951     0.998047         2446       512.00
       3.951     0.998242         2446       568.89
       4.043     0.998437         2447       640.00
       4.043     0.998633         2447       731.43
       4.059     0.998828         2448       853.33
       4.059     0.999023         2448      1024.00
       4.059     0.999121         2448      1137.78
       4.191     0.999219         2449      1280.00
       4.191     0.999316         2449      1462.86
       4.191     0.999414         2449      1706.67
       4.191     0.999512         2449      2048.00
       4.191     0.999561         2449      2275.56
       4.203     0.999609         2450      2560.00
       4.203     1.000000         2450          inf
#[Mean    =        2.632, StdDeviation   =        0.473]
#[Max     =        4.200, Total count    =         2450]
#[Buckets =           27, SubBuckets     =         2048]
----------------------------------------------------------
  3002 requests in 1.00m, 2.93GB read
Requests/sec:     50.03
Transfer/sec:     50.04MB

--- metrics ---
requests=3002
duration_s=60.003917
bytes=3148632690
rps=50.03
p50_ms=2.621
p95_ms=3.467
p99_ms=3.793
p999_ms=4.059
err_connect=0
err_read=0
err_write=0
err_status=0
err_timeout=0
--- end ---
