Running 1m test @ http://127.0.0.1:8084/json
  2 threads and 100 connections
  Thread calibration: mean lat.: 1.254ms, rate sampling interval: 10ms
  Thread calibration: mean lat.: 1.230ms, rate sampling interval: 10ms
  Thread Stats   Avg      Stdev     Max   +/- Stdev
    Latency     1.24ms  500.71us   3.85ms   66.83%
    Req/Sec     1.05k   151.28     1.67k    78.71%
  Latency Distribution (HdrHistogram - Recorded Latency)
 50.000%    1.17ms
 75.000%    1.57ms
 90.000%    1.94ms
 99.000%    2.52ms
 99.900%    2.73ms
 99.990%    3.22ms
 99.999%    3.83ms
100.000%    3.85ms

  Detailed Percentile spectrum:
       Value   Percentile   TotalCount 1/(1-Percentile)

       0.135     0.000000            1         1.00
       0.646     0.100000         9996         1.11
       0.786     0.200000        19915         1.25
       0.911     0.300000        29874         1.43
       1.039     0.400000        39847         1.67
       1.174     0.500000        49762         2.00
       1.240     0.550000        54733         2.22
       1.310     0.600000        59746         2.50
       1.389     0.650000        64709         2.86
       1.476     0.700000        69708         3.33
       1.571     0.750000        74669         4.00
       1.620     0.775000        77118         4.44
       1.672     0.800000        79608         5.00
       1.728     0.825000        82118         5.71
       1.788     0.850000        84600         6.67
       1.859     0.875000        87084         8.00
       1.897     0.887500        88310         8.89
       1.940     0.900000        89551        10.00
       1.988     0.912500        90795        11.43
       2.042     0.925000        92045        13.33
       2.111     0.937500        93303        16.00
       2.149     0.943750        93917        17.78
       2.191     0.950000        94540        20.00
       2.237     0.956250        95169        22.86
       2.281     0.962500        95787        26.67
       2.329     0.968750        96398        32.00
       2.355     0.971875        96721        35.56
       2.379     0.975000        97028        40.00
       2.405     0.978125        97327        45.71
       2.435     0.981250        97655        53.33
       2.465     0.984375        97964        64.00
       2.479     0.985938        98114        71.11
       2.495     0.987500        98259        80.00
       2.511     0.989062        98415        91.43
       2.527     0.990625        98574       106.67
       2.547     0.992188        98733       128.00
       2.559     0.992969        98809       142.22
       2.569     0.993750        98884       160.00
       2.579     0.994531        98957       182.86
       2.591     0.995313        99039       213.33
       2.605     0.996094        99114       256.00
       2.615     0.996484        99166       284.44
       2.623     0.996875        99197       320.00
       2.633     0.997266        99229       365.71
       2.645     0.997656        99267       426.67
       2.663     0.998047        99309       512.00
       2.673     0.998242        99328       568.89
       2.685     0.998437        99345       640.00
       2.699     0.998633        99365       731.43
       2.715     0.998828        99384       853.33
       2.729     0.999023        99406      1024.00
       2.735     0.999121        99414      1137.78
       2.747     0.999219        99424      1280.00
       2.755     0.999316        99433      1462.86
       2.781     0.999414        99442      1706.67
       2.809     0.999512        99454      2048.00
       2.813     0.999561        99457      2275.56
       2.821     0.999609        99462      2560.00
       2.843     0.999658        99466      2925.71
       2.861     0.999707        99471      3413.33
       2.885     0.999756        99476      4096.00
       2.933     0.999780        99479      4551.11
       2.991     0.999805        99482      5120.00
       3.005     0.999829        99483      5851.43
       3.125     0.999854        99486      6826.67
       3.193     0.999878        99488      8192.00
       3.225     0.999890        99490      9102.22
       3.313     0.999902        99491     10240.00
       3.347     0.999915        99492     11702.86
       3.455     0.999927        99493     13653.33
       3.505     0.999939        99494     16384.00
       3.547     0.999945        99495     18204.44
       3.555     0.999951        99496     20480.00
       3.555     0.999957        99496     23405.71
       3.631     0.999963        99497     27306.67
       3.631     0.999969        99497     32768.00
       3.829     0.999973        99498     36408.89
       3.829     0.999976        99498     40960.00
       3.829     0.999979        99498     46811.43
       3.831     0.999982        99499     54613.33
       3.831     0.999985        99499     65536.00
       3.831     0.999986        99499     72817.78
       3.831     0.999988        99499     81920.00
       3.831     0.999989        99499     93622.86
       3.847     0.999991        99500    109226.67
       3.847     1.000000        99500          inf
#[Mean    =        1.240, StdDeviation   =        0.501]
#[Max     =        3.846, Total count    =        99500]
#[Buckets =           27, SubBuckets     =         2048]
----------------------------------------------------------
  119805 requests in 1.00m, 129.57MB read
Requests/sec:   1996.65
Transfer/sec:      2.16MB

--- metrics ---
requests=119805
duration_s=60.002858
bytes=135858870
rps=1996.65
p50_ms=1.174
p95_ms=2.191
p99_ms=2.521
p999_ms=2.729
err_connect=0
err_read=0
err_write=0
err_status=0
err_timeout=0
--- end ---
