Running 1m test @ http://127.0.0.1:8081/file50k
  2 threads and 100 connections
  Thread calibration: mean lat.: 1.403ms, rate sampling interval: 10ms
  Thread calibration: mean lat.: 2.559ms, rate sampling interval: 10ms
  Thread Stats   Avg      Stdev     Max   +/- Stdev
    Latency     1.94ms    0.97ms   7.34ms   71.88%
    Req/Sec   158.77    561.89     5.55k    97.78%
  Latency Distribution (HdrHistogram - Recorded Latency)
 50.000%    1.68ms
 75.000%    2.40ms
 90.000%    3.40ms
 99.000%    4.88ms
 99.900%    6.18ms
 99.990%    7.14ms
 99.999%    7.35ms
100.000%    7.35ms

  Detailed Percentile spectrum:
       Value   Percentile   TotalCount 1/(1-Percentile)

       0.307     0.000000            1         1.00
       0.939     0.100000         1494         1.11
       1.165     0.200000         2982         1.25
       1.353     0.300000         4470         1.43
       1.515     0.400000         5960         1.67
       1.676     0.500000         7450         2.00
       1.764     0.550000         8196         2.22
       1.869     0.600000         8945         2.50
       2.006     0.650000         9686         2.86
       2.177     0.700000        10430         3.33
       2.397     0.750000        11178         4.00
       2.545     0.775000        11549         4.44
       2.703     0.800000        11920         5.00
       2.863     0.825000        12296         5.71
       3.031     0.850000        12666         6.67
       3.207     0.875000        13041         8.00
       3.305     0.887500        13225         8.89
       3.397     0.900000        13413        10.00
       3.499     0.912500        13598        11.43
       3.603     0.925000        13786        13.33
       3.729     0.937500        13969        16.00
       3.793     0.943750        14063        17.78
       3.863     0.950000        14156        20.00
       3.949     0.956250        14250        22.86
       4.035     0.962500        14344        26.67
       4.147     0.968750        14437        32.00
       4.223     0.971875        14484        35.56
       4.303     0.975000        14528        40.00
       4.379     0.978125        14578        45.71
       4.447     0.981250        14621        53.33
       4.583     0.984375        14668        64.00
       4.639     0.985938        14691        71.11
       4.719     0.987500        14714        80.00
       4.827     0.989062        14738        91.43
       4.979     0.990625        14763       106.67
       5.059     0.992188        14784       128.00
       5.123     0.992969        14797       142.22
       5.171     0.993750        14807       160.00
       5.255     0.994531        14819       182.86
       5.355     0.995313        14831       213.33
       5.431     0.996094        14842       256.00
       5.527     0.996484        14848       284.44
       5.587     0.996875        14854       320.00
       5.711     0.997266        14860       365.71
       5.807     0.997656        14868       426.67
       5.895     0.998047        14871       512.00
       5.959     0.998242        14874       568.89
       6.011     0.998437        14877       640.00
       6.095     0.998633        14880       731.43
       6.131     0.998828        14883       853.33
       6.183     0.999023        14886      1024.00
       6.227     0.999121        14887      1137.78
       6.411     0.999219        14889      1280.00
       6.463     0.999316        14890      1462.86
       6.487     0.999414        14893      1706.67
       6.487     0.999512        14893      2048.00
       6.563     0.999561        14894      2275.56
       6.735     0.999609        14895      2560.00
       6.735     0.999658        14895      2925.71
       6.867     0.999707        14896      3413.33
       6.875     0.999756        14897      4096.00
       6.875     0.999780        14897      4551.11
       7.023     0.999805        14898      5120.00
       7.023     0.999829        14898      5851.43
       7.023     0.999854        14898      6826.67
       7.139     0.999878        14899      8192.00
       7.139     0.999890        14899      9102.22
       7.139     0.999902        14899     10240.00
       7.139     0.999915        14899     11702.86
       7.139     0.999927        14899     13653.33
       7.347     0.999939        14900     16384.00
       7.347     1.000000        14900          inf
#[Mean    =        1.942, StdDeviation   =        0.965]
#[Max     =        7.344, Total count    =        14900]
#[Buckets =           27, SubBuckets     =         2048]
----------------------------------------------------------
  17853 requests in 1.00m, 0.85GB read
Requests/sec:    297.53
Transfer/sec:     14.57MB

--- metrics ---
requests=17853
duration_s=60.003752
bytes=916876521
rps=297.53
p50_ms=1.676
p95_ms=3.863
p99_ms=4.883
p999_ms=6.179
err_connect=0
err_read=0
err_write=0
err_status=0
err_timeout=0
--- end ---
