Running 1m test @ http://127.0.0.1:8084/file1m
  2 threads and 50 connections
  Thread calibration: mean lat.: 3.482ms, rate sampling interval: 14ms
  Thread calibration: mean lat.: 22.406ms, rate sampling interval: 66ms
  Thread Stats   Avg      Stdev     Max   +/- Stdev
    Latency    11.56ms   10.14ms  42.30ms   74.86%
    Req/Sec    25.14     71.44   428.00     88.83%
  Latency Distribution (HdrHistogram - Recorded Latency)
 50.000%    6.70ms
 75.000%   21.57ms
 90.000%   27.31ms
 99.000%   31.79ms
 99.900%   40.61ms
 99.990%   42.33ms
 99.999%   42.33ms
100.000%   42.33ms

  Detailed Percentile spectrum:
       Value   Percentile   TotalCount 1/(1-Percentile)

       1.196     0.000000            1         1.00
       2.151     0.100000          246         1.11
       2.485     0.200000          493         1.25
       2.863     0.300000          737         1.43
       3.413     0.400000          980         1.67
       6.695     0.500000         1225         2.00
       9.095     0.550000         1349         2.22
      11.831     0.600000         1470         2.50
      15.047     0.650000         1593         2.86
      18.479     0.700000         1715         3.33
      21.567     0.750000         1838         4.00
      22.607     0.775000         1899         4.44
      23.679     0.800000         1960         5.00
      24.783     0.825000         2022         5.71
      25.599     0.850000         2083         6.67
      26.335     0.875000         2144         8.00
      26.911     0.887500         2175         8.89
      27.311     0.900000         2205        10.00
      27.791     0.912500         2239        11.43
      28.191     0.925000         2267        13.33
      28.527     0.937500         2297        16.00
      28.815     0.943750         2315        17.78
      28.991     0.950000         2328        20.00
      29.263     0.956250         2343        22.86
      29.567     0.962500         2359        26.67
      29.839     0.968750         2374        32.00
      30.063     0.971875         2382        35.56
      30.271     0.975000         2389        40.00
      30.463     0.978125         2398        45.71
      30.735     0.981250         2405        53.33
      31.055     0.984375         2412        64.00
      31.263     0.985938         2416        71.11
      31.407     0.987500         2420        80.00
      31.663     0.989062         2425        91.43
      32.015     0.990625         2428       106.67
      32.431     0.992188         2431       128.00
      32.511     0.992969         2433       142.22
      32.895     0.993750         2435       160.00
      33.343     0.994531         2437       182.86
      33.599     0.995313         2439       213.33
      34.175     0.996094         2441       256.00
      35.039     0.996484         2442       284.44
      35.103     0.996875         2443       320.00
      37.535     0.997266         2444       365.71
      38.015     0.997656         2445       426.67
      38.367     0.998047         2446       512.00
      38.367     0.998242         2446       568.89
      39.807     0.998437         2447       640.00
      39.807     0.998633         2447       731.43
      40.607     0.998828         2448       853.33
      40.607     0.999023         2448      1024.00
      40.607     0.999121         2448      1137.78
      41.151     0.999219         2449      1280.00
      41.151     0.999316         2449      1462.86
      41.151     0.999414         2449      1706.67
      41.151     0.999512         2449      2048.00
      41.151     0.999561         2449      2275.56
      42.335     0.999609         2450      2560.00
      42.335     1.000000         2450          inf
#[Mean    =       11.561, StdDeviation   =       10.140]
#[Max     =       42.304, Total count    =         2450]
#[Buckets =           27, SubBuckets     =         2048]
----------------------------------------------------------
  2977 requests in 1.00m, 2.91GB read
Requests/sec:     49.61
Transfer/sec:     49.62MB

--- metrics ---
requests=2977
duration_s=60.005886
bytes=3122024555
rps=49.61
p50_ms=6.695
p95_ms=28.991
p99_ms=31.791
p999_ms=40.607
err_connect=0
err_read=0
err_write=0
err_status=0
err_timeout=0
--- end ---
