Running 1m test @ http://127.0.0.1:8080/json
  2 threads and 100 connections
  Thread calibration: mean lat.: 1.353ms, rate sampling interval: 10ms
  Thread calibration: mean lat.: 1.380ms, rate sampling interval: 10ms
  Thread Stats   Avg      Stdev     Max   +/- Stdev
    Latency     1.37ms  455.06us   3.81ms   67.00%
    Req/Sec     1.05k   148.33     1.67k    78.18%
  Latency Distribution (HdrHistogram - Recorded Latency)
 50.000%    1.33ms
 75.000%    1.66ms
 90.000%    1.99ms
 99.000%    2.58ms
 99.900%    2.92ms
 99.990%    3.25ms
 99.999%    3.81ms
100.000%    3.81ms

  Detailed Percentile spectrum:
       Value   Percentile   TotalCount 1/(1-Percentile)

       0.214     0.000000            1         1.00
       0.811     0.100000         9980         1.11
       0.958     0.200000        19906         1.25
       1.087     0.300000        29851         1.43
       1.211     0.400000        39812         1.67
       1.328     0.500000        49831         2.00
       1.387     0.550000        54791         2.22
       1.449     0.600000        59739         2.50
       1.515     0.650000        64682         2.86
       1.586     0.700000        69658         3.33
       1.664     0.750000        74675         4.00
       1.705     0.775000        77135         4.44
       1.750     0.800000        79603         5.00
       1.799     0.825000        82110         5.71
       1.854     0.850000        84581         6.67
       1.915     0.875000        87088         8.00
       1.949     0.887500        88323         8.89
       1.987     0.900000        89575        10.00
       2.029     0.912500        90827        11.43
       2.075     0.925000        92076        13.33
       2.125     0.937500        93292        16.00
       2.155     0.943750        93934        17.78
       2.185     0.950000        94536        20.00
       2.219     0.956250        95166        22.86
       2.259     0.962500        95775        26.67
       2.305     0.968750        96398        32.00
       2.333     0.971875        96705        35.56
       2.363     0.975000        97015        40.00
       2.397     0.978125        97331        45.71
       2.441     0.981250        97650        53.33
       2.483     0.984375        97950        64.00
       2.507     0.985938        98104        71.11
       2.533     0.987500        98265        80.00
       2.561     0.989062        98422        91.43
       2.593     0.990625        98574       106.67
       2.629     0.992188        98724       128.00
       2.645     0.992969        98803       142.22
       2.659     0.993750        98880       160.00
       2.677     0.994531        98959       182.86
       2.697     0.995313        99036       213.33
       2.721     0.996094        99113       256.00
       2.739     0.996484        99151       284.44
       2.755     0.996875        99190       320.00
       2.777     0.997266        99228       365.71
       2.803     0.997656        99268       426.67
       2.827     0.998047        99306       512.00
       2.849     0.998242        99329       568.89
       2.869     0.998437        99345       640.00
       2.881     0.998633        99365       731.43
       2.903     0.998828        99384       853.33
       2.925     0.999023        99403      1024.00
       2.937     0.999121        99413      1137.78
       2.953     0.999219        99423      1280.00
       2.975     0.999316        99433      1462.86
       2.985     0.999414        99444      1706.67
       3.003     0.999512        99452      2048.00
       3.017     0.999561        99457      2275.56
       3.039     0.999609        99463      2560.00
       3.051     0.999658        99466      2925.71
       3.085     0.999707        99471      3413.33
       3.149     0.999756        99476      4096.00
       3.157     0.999780        99480      4551.11
       3.159     0.999805        99482      5120.00
       3.167     0.999829        99483      5851.43
       3.211     0.999854        99486      6826.67
       3.223     0.999878        99488      8192.00
       3.247     0.999890        99490      9102.22
       3.253     0.999902        99491     10240.00
       3.315     0.999915        99492     11702.86
       3.327     0.999927        99493     13653.33
       3.345     0.999939        99494     16384.00
       3.375     0.999945        99495     18204.44
       3.417     0.999951        99496     20480.00
       3.417     0.999957        99496     23405.71
       3.441     0.999963        99497     27306.67
       3.441     0.999969        99497     32768.00
       3.565     0.999973        99498     36408.89
       3.565     0.999976        99498     40960.00
       3.565     0.999979        99498     46811.43
       3.807     0.999982        99499     54613.33
       3.807     0.999985        99499     65536.00
       3.807     0.999986        99499     72817.78
       3.807     0.999988        99499     81920.00
       3.807     0.999989        99499     93622.86
       3.809     0.999991        99500    109226.67
       3.809     1.000000        99500          inf
#[Mean    =        1.369, StdDeviation   =        0.455]
#[Max     =        3.808, Total count    =        99500]
#[Buckets =           27, SubBuckets     =         2048]
----------------------------------------------------------
  119802 requests in 1.00m, 132.30MB read
Requests/sec:   1996.66
Transfer/sec:      2.21MB

--- metrics ---
requests=119802
duration_s=60.001235
bytes=138730716
rps=1996.66
p50_ms=1.328
p95_ms=2.185
p99_ms=2.579
p999_ms=2.923
err_connect=0
err_read=0
err_write=0
err_status=0
err_timeout=0
--- end ---
