Running 1m test @ http://127.0.0.1:8083/file1m
  2 threads and 50 connections
  Thread calibration: mean lat.: 2.574ms, rate sampling interval: 10ms
  Thread calibration: mean lat.: 2.531ms, rate sampling interval: 10ms
  Thread Stats   Avg      Stdev     Max   +/- Stdev
    Latency     2.65ms  440.90us   4.18ms   66.78%
    Req/Sec    25.65     68.22   300.00     87.27%
  Latency Distribution (HdrHistogram - Recorded Latency)
 50.000%    2.62ms
 75.000%    2.94ms
 90.000%    3.25ms
 99.000%    3.74ms
 99.900%    4.00ms
 99.990%    4.18ms
 99.999%    4.18ms
100.000%    4.18ms

  Detailed Percentile spectrum:
       Value   Percentile   TotalCount 1/(1-Percentile)

       1.671     0.000000            1         1.00
       2.073     0.100000          246         1.11
       2.257     0.200000          490         1.25
       2.401     0.300000          735         1.43
       2.519     0.400000          983         1.67
       2.625     0.500000         1226         2.00
       2.681     0.550000         1351         2.22
       2.741     0.600000         1471         2.50
       2.809     0.650000         1599         2.86
       2.875     0.700000         1717         3.33
       2.943     0.750000         1841         4.00
       2.979     0.775000         1899         4.44
       3.025     0.800000         1962         5.00
       3.067     0.825000         2026         5.71
       3.115     0.850000         2085         6.67
       3.181     0.875000         2147         8.00
       3.211     0.887500         2175         8.89
       3.249     0.900000         2207        10.00
       3.277     0.912500         2236        11.43
       3.317     0.925000         2267        13.33
       3.365     0.937500         2297        16.00
       3.401     0.943750         2315        17.78
       3.417     0.950000         2328        20.00
       3.447     0.956250         2343        22.86
       3.489     0.962500         2359        26.67
       3.537     0.968750         2375        32.00
       3.569     0.971875         2383        35.56
       3.591     0.975000         2389        40.00
       3.609     0.978125         2397        45.71
       3.637     0.981250         2406        53.33
       3.677     0.984375         2412        64.00
       3.693     0.985938         2416        71.11
       3.715     0.987500         2420        80.00
       3.743     0.989062         2424        91.43
       3.755     0.990625         2428       106.67
       3.763     0.992188         2432       128.00
       3.769     0.992969         2433       142.22
       3.775     0.993750         2435       160.00
       3.791     0.994531         2437       182.86
       3.829     0.995313         2439       213.33
       3.863     0.996094         2441       256.00
       3.867     0.996484         2442       284.44
       3.895     0.996875         2443       320.00
       3.915     0.997266         2444       365.71
       3.935     0.997656         2445       426.67
       3.983     0.998047         2446       512.00
       3.983     0.998242         2446       568.89
       3.995     0.998437         2447       640.00
       3.995     0.998633         2447       731.43
       4.003     0.998828         2448       853.33
       4.003     0.999023         2448      1024.00
       4.003     0.999121         2448      1137.78
       4.021     0.999219         2449      1280.00
       4.021     0.999316         2449      1462.86
       4.021     0.999414         2449      1706.67
       4.021     0.999512         2449      2048.00
       4.021     0.999561         2449      2275.56
       4.183     0.999609         2450      2560.00
       4.183     1.000000         2450          inf
#[Mean    =        2.651, StdDeviation   =        0.441]
#[Max     =        4.180, Total count    =         2450]
#[Buckets =           27, SubBuckets     =         2048]
----------------------------------------------------------
  3002 requests in 1.00m, 2.93GB read
Requests/sec:     50.03
Transfer/sec:     50.04MB

--- metrics ---
requests=3002
duration_s=60.003668
bytes=3148632690
rps=50.03
p50_ms=2.625
p95_ms=3.417
p99_ms=3.745
p999_ms=4.003
err_connect=0
err_read=0
err_write=0
err_status=0
err_timeout=0
--- end ---
