Running 1m test @ http://127.0.0.1:8083/json
  2 threads and 100 connections
  Thread calibration: mean lat.: 1.242ms, rate sampling interval: 10ms
  Thread calibration: mean lat.: 1.196ms, rate sampling interval: 10ms
  Thread Stats   Avg      Stdev     Max   +/- Stdev
    Latency     1.20ms  531.36us  10.54ms   65.42%
    Req/Sec     1.05k   149.62     2.00k    78.52%
  Latency Distribution (HdrHistogram - Recorded Latency)
 50.000%    1.13ms
 75.000%    1.57ms
 90.000%    1.94ms
 99.000%    2.50ms
 99.900%    2.83ms
 99.990%    4.18ms
 99.999%    9.85ms
100.000%   10.54ms

  Detailed Percentile spectrum:
       Value   Percentile   TotalCount 1/(1-Percentile)

       0.098     0.000000            1         1.00
       0.558     0.100000         9966         1.11
       0.715     0.200000        19907         1.25
       0.851     0.300000        29883         1.43
       0.992     0.400000        39857         1.67
       1.134     0.500000        49786         2.00
       1.212     0.550000        54772         2.22
       1.295     0.600000        59756         2.50
       1.383     0.650000        64695         2.86
       1.474     0.700000        69666         3.33
       1.574     0.750000        74653         4.00
       1.626     0.775000        77127         4.44
       1.680     0.800000        79628         5.00
       1.738     0.825000        82119         5.71
       1.799     0.850000        84579         6.67
       1.868     0.875000        87074         8.00
       1.904     0.887500        88330         8.89
       1.942     0.900000        89553        10.00
       1.984     0.912500        90817        11.43
       2.030     0.925000        92062        13.33
       2.085     0.937500        93301        16.00
       2.113     0.943750        93911        17.78
       2.149     0.950000        94546        20.00
       2.189     0.956250        95169        22.86
       2.233     0.962500        95790        26.67
       2.279     0.968750        96402        32.00
       2.305     0.971875        96710        35.56
       2.329     0.975000        97016        40.00
       2.359     0.978125        97333        45.71
       2.389     0.981250        97635        53.33
       2.423     0.984375        97954        64.00
       2.443     0.985938        98116        71.11
       2.463     0.987500        98257        80.00
       2.483     0.989062        98413        91.43
       2.507     0.990625        98574       106.67
       2.537     0.992188        98724       128.00
       2.553     0.992969        98812       142.22
       2.569     0.993750        98888       160.00
       2.591     0.994531        98965       182.86
       2.609     0.995313        99034       213.33
       2.639     0.996094        99119       256.00
       2.651     0.996484        99154       284.44
       2.671     0.996875        99192       320.00
       2.689     0.997266        99230       365.71
       2.709     0.997656        99271       426.67
       2.737     0.998047        99306       512.00
       2.753     0.998242        99327       568.89
       2.767     0.998437        99346       640.00
       2.787     0.998633        99368       731.43
       2.807     0.998828        99388       853.33
       2.833     0.999023        99403      1024.00
       2.855     0.999121        99414      1137.78
       2.879     0.999219        99423      1280.00
       2.907     0.999316        99432      1462.86
       2.957     0.999414        99442      1706.67
       2.999     0.999512        99452      2048.00
       3.009     0.999561        99457      2275.56
       3.037     0.999609        99462      2560.00
       3.077     0.999658        99466      2925.71
       3.147     0.999707        99471      3413.33
       3.267     0.999756        99476      4096.00
       3.307     0.999780        99479      4551.11
       3.399     0.999805        99481      5120.00
       3.479     0.999829        99484      5851.43
       3.613     0.999854        99486      6826.67
       3.947     0.999878        99488      8192.00
       4.179     0.999890        99490      9102.22
       4.183     0.999902        99491     10240.00
       4.227     0.999915        99492     11702.86
       4.255     0.999927        99493     13653.33
       4.539     0.999939        99494     16384.00
       4.563     0.999945        99495     18204.44
       9.335     0.999951        99496     20480.00
       9.335     0.999957        99496     23405.71
       9.583     0.999963        99497     27306.67
       9.583     0.999969        99497     32768.00
       9.775     0.999973        99498     36408.89
       9.775     0.999976        99498     40960.00
       9.775     0.999979        99498     46811.43
       9.847     0.999982        99499     54613.33
       9.847     0.999985        99499     65536.00
       9.847     0.999986        99499     72817.78
       9.847     0.999988        99499     81920.00
       9.847     0.999989        99499     93622.86
      10.543     0.999991        99500    109226.67
      10.543     1.000000        99500          inf
#[Mean    =        1.202, StdDeviation   =        0.531]
#[Max     =       10.536, Total count    =        99500]
#[Buckets =           27, SubBuckets     =         2048]
----------------------------------------------------------
  119803 requests in 1.00m, 146.13MB read
Requests/sec:   1996.22
Transfer/sec:      2.43MB

--- metrics ---
requests=119803
duration_s=60.014842
bytes=153227537
rps=1996.22
p50_ms=1.134
p95_ms=2.149
p99_ms=2.497
p999_ms=2.831
err_connect=0
err_read=0
err_write=0
err_status=0
err_timeout=0
--- end ---
