Running 1m test @ http://127.0.0.1:8080/json
  2 threads and 100 connections
  Thread calibration: mean lat.: 1.395ms, rate sampling interval: 10ms
  Thread calibration: mean lat.: 1.711ms, rate sampling interval: 10ms
  Thread Stats   Avg      Stdev     Max   +/- Stdev
    Latency     1.54ms  656.06us   7.23ms   72.13%
    Req/Sec     1.06k     1.33k    5.55k    89.52%
  Latency Distribution (HdrHistogram - Recorded Latency)
 50.000%    1.43ms
 75.000%    1.88ms
 90.000%    2.41ms
 99.000%    3.67ms
 99.900%    4.99ms
 99.990%    6.13ms
 99.999%    7.07ms
100.000%    7.23ms

  Detailed Percentile spectrum:
       Value   Percentile   TotalCount 1/(1-Percentile)

       0.213     0.000000            1         1.00
       0.830     0.100000         9958         1.11
       0.997     0.200000        19933         1.25
       1.146     0.300000        29905         1.43
       1.283     0.400000        39823         1.67
       1.427     0.500000        49786         2.00
       1.504     0.550000        54758         2.22
       1.585     0.600000        59715         2.50
       1.671     0.650000        64683         2.86
       1.768     0.700000        69651         3.33
       1.885     0.750000        74642         4.00
       1.950     0.775000        77133         4.44
       2.019     0.800000        79611         5.00
       2.099     0.825000        82091         5.71
       2.189     0.850000        84584         6.67
       2.297     0.875000        87090         8.00
       2.353     0.887500        88316         8.89
       2.413     0.900000        89566        10.00
       2.475     0.912500        90804        11.43
       2.547     0.925000        92056        13.33
       2.619     0.937500        93303        16.00
       2.657     0.943750        93916        17.78
       2.705     0.950000        94527        20.00
       2.773     0.956250        95147        22.86
       2.857     0.962500        95772        26.67
       2.971     0.968750        96402        32.00
       3.041     0.971875        96708        35.56
       3.119     0.975000        97017        40.00
       3.199     0.978125        97324        45.71
       3.301     0.981250        97640        53.33
       3.407     0.984375        97948        64.00
       3.477     0.985938        98101        71.11
       3.549     0.987500        98260        80.00
       3.613     0.989062        98413        91.43
       3.713     0.990625        98569       106.67
       3.821     0.992188        98723       128.00
       3.883     0.992969        98801       142.22
       3.959     0.993750        98879       160.00
       4.033     0.994531        98957       182.86
       4.139     0.995313        99037       213.33
       4.251     0.996094        99113       256.00
       4.295     0.996484        99151       284.44
       4.375     0.996875        99191       320.00
       4.451     0.997266        99228       365.71
       4.523     0.997656        99268       426.67
       4.615     0.998047        99306       512.00
       4.675     0.998242        99327       568.89
       4.747     0.998437        99346       640.00
       4.823     0.998633        99365       731.43
       4.915     0.998828        99385       853.33
       5.003     0.999023        99403      1024.00
       5.103     0.999121        99413      1137.78
       5.187     0.999219        99423      1280.00
       5.231     0.999316        99432      1462.86
       5.311     0.999414        99442      1706.67
       5.463     0.999512        99454      2048.00
       5.487     0.999561        99457      2275.56
       5.519     0.999609        99462      2560.00
       5.551     0.999658        99466      2925.71
       5.647     0.999707        99471      3413.33
       5.727     0.999756        99476      4096.00
       5.811     0.999780        99479      4551.11
       5.819     0.999805        99481      5120.00
       5.879     0.999829        99483      5851.43
       5.995     0.999854        99486      6826.67
       6.043     0.999878        99488      8192.00
       6.127     0.999890        99490      9102.22
       6.207     0.999902        99491     10240.00
       6.239     0.999915        99492     11702.86
       6.255     0.999927        99493     13653.33
       6.271     0.999939        99494     16384.00
       6.475     0.999945        99495     18204.44
       6.547     0.999951        99496     20480.00
       6.547     0.999957        99496     23405.71
       6.631     0.999963        99497     27306.67
       6.631     0.999969        99497     32768.00
       6.887     0.999973        99498     36408.89
       6.887     0.999976        99498     40960.00
       6.887     0.999979        99498     46811.43
       7.071     0.999982        99499     54613.33
       7.071     0.999985        99499     65536.00
       7.071     0.999986        99499     72817.78
       7.071     0.999988        99499     81920.00
       7.071     0.999989        99499     93622.86
       7.231     0.999991        99500    109226.67
       7.231     1.000000        99500          inf
#[Mean    =        1.544, StdDeviation   =        0.656]
#[Max     =        7.228, Total count    =        99500]
#[Buckets =           27, SubBuckets     =         2048]
----------------------------------------------------------
  118904 requests in 1.00m, 131.31MB read
Requests/sec:   1981.64
Transfer/sec:      2.19MB

--- metrics ---
requests=118904
duration_s=60.002805
bytes=137690832
rps=1981.64
p50_ms=1.427
p95_ms=2.705
p99_ms=3.671
p999_ms=4.995
err_connect=0
err_read=0
err_write=0
err_status=0
err_timeout=0
--- end ---
