Running 1m test @ http://127.0.0.1:8084/file50k
  2 threads and 100 connections
  Thread calibration: mean lat.: 2.529ms, rate sampling interval: 10ms
  Thread calibration: mean lat.: 1.409ms, rate sampling interval: 10ms
  Thread Stats   Avg      Stdev     Max   +/- Stdev
    Latency     1.89ms  827.23us   6.14ms   68.81%
    Req/Sec   158.78    567.67     5.55k    97.79%
  Latency Distribution (HdrHistogram - Recorded Latency)
 50.000%    1.69ms
 75.000%    2.36ms
 90.000%    3.14ms
 99.000%    4.20ms
 99.900%    5.18ms
 99.990%    6.07ms
 99.999%    6.14ms
100.000%    6.14ms

  Detailed Percentile spectrum:
       Value   Percentile   TotalCount 1/(1-Percentile)

       0.448     0.000000            1         1.00
       0.980     0.100000         1491         1.11
       1.210     0.200000         2982         1.25
       1.385     0.300000         4472         1.43
       1.544     0.400000         5967         1.67
       1.688     0.500000         7454         2.00
       1.776     0.550000         8197         2.22
       1.881     0.600000         8944         2.50
       2.013     0.650000         9691         2.86
       2.171     0.700000        10437         3.33
       2.363     0.750000        11179         4.00
       2.479     0.775000        11550         4.44
       2.605     0.800000        11921         5.00
       2.737     0.825000        12297         5.71
       2.865     0.850000        12665         6.67
       3.005     0.875000        13044         8.00
       3.071     0.887500        13225         8.89
       3.141     0.900000        13410        10.00
       3.213     0.912500        13597        11.43
       3.295     0.925000        13785        13.33
       3.377     0.937500        13970        16.00
       3.433     0.943750        14066        17.78
       3.479     0.950000        14156        20.00
       3.537     0.956250        14252        22.86
       3.613     0.962500        14343        26.67
       3.693     0.968750        14435        32.00
       3.741     0.971875        14481        35.56
       3.787     0.975000        14529        40.00
       3.835     0.978125        14577        45.71
       3.899     0.981250        14621        53.33
       3.985     0.984375        14669        64.00
       4.037     0.985938        14691        71.11
       4.081     0.987500        14715        80.00
       4.151     0.989062        14738        91.43
       4.235     0.990625        14762       106.67
       4.339     0.992188        14785       128.00
       4.387     0.992969        14798       142.22
       4.423     0.993750        14810       160.00
       4.499     0.994531        14819       182.86
       4.579     0.995313        14831       213.33
       4.647     0.996094        14842       256.00
       4.687     0.996484        14850       284.44
       4.707     0.996875        14854       320.00
       4.783     0.997266        14860       365.71
       4.879     0.997656        14866       426.67
       4.903     0.998047        14871       512.00
       4.951     0.998242        14874       568.89
       4.999     0.998437        14877       640.00
       5.083     0.998633        14880       731.43
       5.139     0.998828        14883       853.33
       5.231     0.999023        14886      1024.00
       5.295     0.999121        14887      1137.78
       5.371     0.999219        14889      1280.00
       5.383     0.999316        14890      1462.86
       5.515     0.999414        14892      1706.67
       5.519     0.999512        14893      2048.00
       5.579     0.999561        14894      2275.56
       5.595     0.999609        14895      2560.00
       5.595     0.999658        14895      2925.71
       5.659     0.999707        14896      3413.33
       5.867     0.999756        14897      4096.00
       5.867     0.999780        14897      4551.11
       5.947     0.999805        14898      5120.00
       5.947     0.999829        14898      5851.43
       5.947     0.999854        14898      6826.67
       6.071     0.999878        14899      8192.00
       6.071     0.999890        14899      9102.22
       6.071     0.999902        14899     10240.00
       6.071     0.999915        14899     11702.86
       6.071     0.999927        14899     13653.33
       6.143     0.999939        14900     16384.00
       6.143     1.000000        14900          inf
#[Mean    =        1.894, StdDeviation   =        0.827]
#[Max     =        6.140, Total count    =        14900]
#[Buckets =           27, SubBuckets     =         2048]
----------------------------------------------------------
  17853 requests in 1.00m, 0.85GB read
Requests/sec:    297.53
Transfer/sec:     14.57MB

--- metrics ---
requests=17853
duration_s=60.003740
bytes=916519461
rps=297.53
p50_ms=1.688
p95_ms=3.479
p99_ms=4.203
p999_ms=5.183
err_connect=0
err_read=0
err_write=0
err_status=0
err_timeout=0
--- end ---
