Running 1m test @ http://127.0.0.1:8081/json
  2 threads and 100 connections
  Thread calibration: mean lat.: 1.241ms, rate sampling interval: 10ms
  Thread calibration: mean lat.: 1.150ms, rate sampling interval: 10ms
  Thread Stats   Avg      Stdev     Max   +/- Stdev
    Latency     1.20ms  510.13us   2.94ms   63.32%
    Req/Sec     1.05k   162.60     1.67k    81.35%
  Latency Distribution (HdrHistogram - Recorded Latency)
 50.000%    1.13ms
 75.000%    1.59ms
 90.000%    1.93ms
 99.000%    2.37ms
 99.900%    2.59ms
 99.990%    2.77ms
 99.999%    2.93ms
100.000%    2.94ms

  Detailed Percentile spectrum:
       Value   Percentile   TotalCount 1/(1-Percentile)

       0.156     0.000000            1         1.00
       0.584     0.100000         9994         1.11
       0.722     0.200000        19940         1.25
       0.843     0.300000        29863         1.43
       0.974     0.400000        39825         1.67
       1.130     0.500000        49779         2.00
       1.213     0.550000        54768         2.22
       1.301     0.600000        59729         2.50
       1.393     0.650000        64680         2.86
       1.490     0.700000        69691         3.33
       1.591     0.750000        74655         4.00
       1.640     0.775000        77130         4.44
       1.694     0.800000        79619         5.00
       1.749     0.825000        82134         5.71
       1.807     0.850000        84589         6.67
       1.866     0.875000        87076         8.00
       1.898     0.887500        88314         8.89
       1.932     0.900000        89550        10.00
       1.966     0.912500        90796        11.43
       2.007     0.925000        92044        13.33
       2.051     0.937500        93321        16.00
       2.075     0.943750        93931        17.78
       2.101     0.950000        94526        20.00
       2.129     0.956250        95187        22.86
       2.159     0.962500        95782        26.67
       2.193     0.968750        96397        32.00
       2.213     0.971875        96710        35.56
       2.233     0.975000        97017        40.00
       2.255     0.978125        97347        45.71
       2.277     0.981250        97635        53.33
       2.305     0.984375        97948        64.00
       2.319     0.985938        98116        71.11
       2.335     0.987500        98263        80.00
       2.353     0.989062        98426        91.43
       2.373     0.990625        98573       106.67
       2.395     0.992188        98743       128.00
       2.403     0.992969        98810       142.22
       2.415     0.993750        98886       160.00
       2.427     0.994531        98965       182.86
       2.441     0.995313        99035       213.33
       2.461     0.996094        99113       256.00
       2.471     0.996484        99151       284.44
       2.481     0.996875        99192       320.00
       2.497     0.997266        99233       365.71
       2.511     0.997656        99274       426.67
       2.525     0.998047        99308       512.00
       2.531     0.998242        99327       568.89
       2.543     0.998437        99347       640.00
       2.557     0.998633        99364       731.43
       2.573     0.998828        99385       853.33
       2.589     0.999023        99403      1024.00
       2.599     0.999121        99416      1137.78
       2.611     0.999219        99426      1280.00
       2.621     0.999316        99434      1462.86
       2.637     0.999414        99445      1706.67
       2.647     0.999512        99452      2048.00
       2.655     0.999561        99460      2275.56
       2.661     0.999609        99463      2560.00
       2.667     0.999658        99466      2925.71
       2.677     0.999707        99472      3413.33
       2.687     0.999756        99476      4096.00
       2.701     0.999780        99480      4551.11
       2.703     0.999805        99481      5120.00
       2.709     0.999829        99483      5851.43
       2.725     0.999854        99486      6826.67
       2.749     0.999878        99488      8192.00
       2.773     0.999890        99490      9102.22
       2.785     0.999902        99491     10240.00
       2.797     0.999915        99492     11702.86
       2.801     0.999927        99493     13653.33
       2.805     0.999939        99494     16384.00
       2.815     0.999945        99495     18204.44
       2.823     0.999951        99496     20480.00
       2.823     0.999957        99496     23405.71
       2.841     0.999963        99497     27306.67
       2.841     0.999969        99497     32768.00
       2.901     0.999973        99498     36408.89
       2.901     0.999976        99498     40960.00
       2.901     0.999979        99498     46811.43
       2.931     0.999982        99499     54613.33
       2.931     0.999985        99499     65536.00
       2.931     0.999986        99499     72817.78
       2.931     0.999988        99499     81920.00
       2.931     0.999989        99499     93622.86
       2.945     0.999991        99500    109226.67
       2.945     1.000000        99500          inf
#[Mean    =        1.201, StdDeviation   =        0.510]
#[Max     =        2.944, Total count    =        99500]
#[Buckets =           27, SubBuckets     =         2048]
----------------------------------------------------------
  119807 requests in 1.00m, 134.02MB read
Requests/sec:   1996.70
Transfer/sec:      2.23MB

--- metrics ---
requests=119807
duration_s=60.002423
bytes=140533611
rps=1996.70
p50_ms=1.130
p95_ms=2.101
p99_ms=2.365
p999_ms=2.587
err_connect=0
err_read=0
err_write=0
err_status=0
err_timeout=0
--- end ---
