Running 1m test @ http://127.0.0.1:8084/file50k
  2 threads and 100 connections
  Thread calibration: mean lat.: 1.345ms, rate sampling interval: 10ms
  Thread calibration: mean lat.: 1.385ms, rate sampling interval: 10ms
  Thread Stats   Avg      Stdev     Max   +/- Stdev
    Latency     1.36ms  449.79us  28.67ms   74.47%
    Req/Sec   158.67     95.46   333.00     70.69%
  Latency Distribution (HdrHistogram - Recorded Latency)
 50.000%    1.35ms
 75.000%    1.61ms
 90.000%    1.85ms
 99.000%    2.35ms
 99.900%    2.74ms
 99.990%    3.64ms
 99.999%   28.69ms
100.000%   28.69ms

  Detailed Percentile spectrum:
       Value   Percentile   TotalCount 1/(1-Percentile)

       0.329     0.000000            1         1.00
       0.850     0.100000         1500         1.11
       1.002     0.200000         2983         1.25
       1.134     0.300000         4476         1.43
       1.248     0.400000         5962         1.67
       1.349     0.500000         7451         2.00
       1.403     0.550000         8209         2.22
       1.450     0.600000         8949         2.50
       1.501     0.650000         9710         2.86
       1.552     0.700000        10437         3.33
       1.610     0.750000        11181         4.00
       1.641     0.775000        11555         4.44
       1.673     0.800000        11924         5.00
       1.711     0.825000        12294         5.71
       1.754     0.850000        12666         6.67
       1.800     0.875000        13045         8.00
       1.825     0.887500        13231         8.89
       1.853     0.900000        13414        10.00
       1.883     0.912500        13605        11.43
       1.923     0.925000        13785        13.33
       1.962     0.937500        13971        16.00
       1.987     0.943750        14064        17.78
       2.015     0.950000        14155        20.00
       2.051     0.956250        14253        22.86
       2.081     0.962500        14342        26.67
       2.127     0.968750        14437        32.00
       2.143     0.971875        14481        35.56
       2.169     0.975000        14528        40.00
       2.197     0.978125        14577        45.71
       2.227     0.981250        14621        53.33
       2.263     0.984375        14668        64.00
       2.285     0.985938        14691        71.11
       2.303     0.987500        14714        80.00
       2.329     0.989062        14738        91.43
       2.367     0.990625        14761       106.67
       2.401     0.992188        14785       128.00
       2.411     0.992969        14796       142.22
       2.429     0.993750        14807       160.00
       2.463     0.994531        14819       182.86
       2.497     0.995313        14831       213.33
       2.529     0.996094        14842       256.00
       2.547     0.996484        14848       284.44
       2.563     0.996875        14854       320.00
       2.583     0.997266        14860       365.71
       2.603     0.997656        14866       426.67
       2.645     0.998047        14871       512.00
       2.657     0.998242        14874       568.89
       2.687     0.998437        14877       640.00
       2.707     0.998633        14880       731.43
       2.735     0.998828        14883       853.33
       2.771     0.999023        14887      1024.00
       2.771     0.999121        14887      1137.78
       2.897     0.999219        14889      1280.00
       2.943     0.999316        14890      1462.86
       2.969     0.999414        14892      1706.67
       3.065     0.999512        14893      2048.00
       3.133     0.999561        14894      2275.56
       3.151     0.999609        14895      2560.00
       3.151     0.999658        14895      2925.71
       3.157     0.999707        14896      3413.33
       3.205     0.999756        14897      4096.00
       3.205     0.999780        14897      4551.11
       3.377     0.999805        14898      5120.00
       3.377     0.999829        14898      5851.43
       3.377     0.999854        14898      6826.67
       3.637     0.999878        14899      8192.00
       3.637     0.999890        14899      9102.22
       3.637     0.999902        14899     10240.00
       3.637     0.999915        14899     11702.86
       3.637     0.999927        14899     13653.33
      28.687     0.999939        14900     16384.00
      28.687     1.000000        14900          inf
#[Mean    =        1.358, StdDeviation   =        0.450]
#[Max     =       28.672, Total count    =        14900]
#[Buckets =           27, SubBuckets     =         2048]
----------------------------------------------------------
  18002 requests in 1.00m, 0.86GB read
Requests/sec:    300.02
Transfer/sec:     14.69MB

--- metrics ---
requests=18002
duration_s=60.003307
bytes=924168674
rps=300.02
p50_ms=1.349
p95_ms=2.015
p99_ms=2.349
p999_ms=2.745
err_connect=0
err_read=0
err_write=0
err_status=0
err_timeout=0
--- end ---
