Running 1m test @ http://127.0.0.1:8081/file50k
  2 threads and 100 connections
  Thread calibration: mean lat.: 1.493ms, rate sampling interval: 10ms
  Thread calibration: mean lat.: 1.405ms, rate sampling interval: 10ms
  Thread Stats   Avg      Stdev     Max   +/- Stdev
    Latency     1.45ms    1.20ms  37.15ms   99.13%
    Req/Sec   158.86     97.73     0.90k    69.78%
  Latency Distribution (HdrHistogram - Recorded Latency)
 50.000%    1.36ms
 75.000%    1.67ms
 90.000%    1.95ms
 99.000%    2.60ms
 99.900%   19.87ms
 99.990%   32.93ms
 99.999%   37.18ms
100.000%   37.18ms

  Detailed Percentile spectrum:
       Value   Percentile   TotalCount 1/(1-Percentile)

       0.314     0.000000            1         1.00
       0.803     0.100000         1492         1.11
       0.970     0.200000         2983         1.25
       1.111     0.300000         4473         1.43
       1.241     0.400000         5967         1.67
       1.363     0.500000         7453         2.00
       1.425     0.550000         8199         2.22
       1.483     0.600000         8957         2.50
       1.543     0.650000         9691         2.86
       1.606     0.700000        10432         3.33
       1.672     0.750000        11181         4.00
       1.710     0.775000        11553         4.44
       1.747     0.800000        11922         5.00
       1.786     0.825000        12297         5.71
       1.832     0.850000        12670         6.67
       1.882     0.875000        13041         8.00
       1.913     0.887500        13224         8.89
       1.950     0.900000        13415        10.00
       1.993     0.912500        13597        11.43
       2.041     0.925000        13788        13.33
       2.093     0.937500        13974        16.00
       2.121     0.943750        14063        17.78
       2.157     0.950000        14156        20.00
       2.185     0.956250        14253        22.86
       2.229     0.962500        14347        26.67
       2.273     0.968750        14435        32.00
       2.303     0.971875        14481        35.56
       2.333     0.975000        14530        40.00
       2.363     0.978125        14577        45.71
       2.401     0.981250        14621        53.33
       2.445     0.984375        14669        64.00
       2.467     0.985938        14691        71.11
       2.497     0.987500        14714        80.00
       2.549     0.989062        14738        91.43
       2.619     0.990625        14762       106.67
       2.731     0.992188        14784       128.00
       3.373     0.992969        14796       142.22
       4.211     0.993750        14807       160.00
       6.527     0.994531        14819       182.86
       7.535     0.995313        14831       213.33
       9.423     0.996094        14842       256.00
      10.439     0.996484        14848       284.44
      10.895     0.996875        14854       320.00
      12.855     0.997266        14860       365.71
      14.367     0.997656        14866       426.67
      16.063     0.998047        14871       512.00
      17.055     0.998242        14874       568.89
      18.255     0.998437        14877       640.00
      18.911     0.998633        14880       731.43
      19.647     0.998828        14883       853.33
      20.143     0.999023        14886      1024.00
      21.743     0.999121        14887      1137.78
      21.967     0.999219        14889      1280.00
      22.303     0.999316        14890      1462.86
      24.399     0.999414        14892      1706.67
      25.743     0.999512        14893      2048.00
      26.927     0.999561        14894      2275.56
      27.951     0.999609        14895      2560.00
      27.951     0.999658        14895      2925.71
      28.143     0.999707        14896      3413.33
      31.519     0.999756        14897      4096.00
      31.519     0.999780        14897      4551.11
      32.287     0.999805        14898      5120.00
      32.287     0.999829        14898      5851.43
      32.287     0.999854        14898      6826.67
      32.927     0.999878        14899      8192.00
      32.927     0.999890        14899      9102.22
      32.927     0.999902        14899     10240.00
      32.927     0.999915        14899     11702.86
      32.927     0.999927        14899     13653.33
      37.183     0.999939        14900     16384.00
      37.183     1.000000        14900          inf
#[Mean    =        1.446, StdDeviation   =        1.197]
#[Max     =       37.152, Total count    =        14900]
#[Buckets =           27, SubBuckets     =         2048]
----------------------------------------------------------
  18002 requests in 1.00m, 0.86GB read
Requests/sec:    299.84
Transfer/sec:     14.69MB

--- metrics ---
requests=18002
duration_s=60.038677
bytes=924528714
rps=299.84
p50_ms=1.363
p95_ms=2.157
p99_ms=2.595
p999_ms=19.871
err_connect=0
err_read=0
err_write=0
err_status=0
err_timeout=0
--- end ---
