Running 1m test @ http://127.0.0.1:8081/file50k
  2 threads and 100 connections
  Thread calibration: mean lat.: 1.450ms, rate sampling interval: 10ms
  Thread calibration: mean lat.: 2.619ms, rate sampling interval: 10ms
  Thread Stats   Avg      Stdev     Max   +/- Stdev
    Latency     1.94ms    0.91ms   8.80ms   72.64%
    Req/Sec   158.32    559.49     5.55k    97.76%
  Latency Distribution (HdrHistogram - Recorded Latency)
 50.000%    1.70ms
 75.000%    2.37ms
 90.000%    3.30ms
 99.000%    4.64ms
 99.900%    6.38ms
 99.990%    8.78ms
 99.999%    8.81ms
100.000%    8.81ms

  Detailed Percentile spectrum:
       Value   Percentile   TotalCount 1/(1-Percentile)

       0.456     0.000000            1         1.00
       0.995     0.100000         1497         1.11
       1.215     0.200000         2986         1.25
       1.386     0.300000         4470         1.43
       1.548     0.400000         5963         1.67
       1.704     0.500000         7451         2.00
       1.794     0.550000         8199         2.22
       1.888     0.600000         8941         2.50
       2.011     0.650000         9685         2.86
       2.173     0.700000        10438         3.33
       2.369     0.750000        11183         4.00
       2.485     0.775000        11548         4.44
       2.623     0.800000        11924         5.00
       2.767     0.825000        12295         5.71
       2.931     0.850000        12666         6.67
       3.103     0.875000        13040         8.00
       3.195     0.887500        13225         8.89
       3.303     0.900000        13411        10.00
       3.403     0.912500        13600        11.43
       3.511     0.925000        13785        13.33
       3.629     0.937500        13973        16.00
       3.693     0.943750        14063        17.78
       3.769     0.950000        14155        20.00
       3.847     0.956250        14250        22.86
       3.939     0.962500        14342        26.67
       4.063     0.968750        14435        32.00
       4.127     0.971875        14483        35.56
       4.187     0.975000        14530        40.00
       4.251     0.978125        14575        45.71
       4.331     0.981250        14621        53.33
       4.435     0.984375        14668        64.00
       4.495     0.985938        14693        71.11
       4.555     0.987500        14715        80.00
       4.611     0.989062        14738        91.43
       4.675     0.990625        14761       106.67
       4.771     0.992188        14785       128.00
       4.827     0.992969        14797       142.22
       4.911     0.993750        14807       160.00
       5.035     0.994531        14819       182.86
       5.103     0.995313        14831       213.33
       5.175     0.996094        14842       256.00
       5.291     0.996484        14848       284.44
       5.451     0.996875        14854       320.00
       5.551     0.997266        14860       365.71
       5.599     0.997656        14866       426.67
       5.739     0.998047        14871       512.00
       5.935     0.998242        14874       568.89
       5.995     0.998437        14877       640.00
       6.155     0.998633        14880       731.43
       6.283     0.998828        14883       853.33
       6.431     0.999023        14886      1024.00
       6.579     0.999121        14887      1137.78
       6.655     0.999219        14889      1280.00
       6.663     0.999316        14890      1462.86
       7.595     0.999414        14892      1706.67
       7.719     0.999512        14893      2048.00
       7.771     0.999561        14894      2275.56
       7.807     0.999609        14895      2560.00
       7.807     0.999658        14895      2925.71
       8.031     0.999707        14896      3413.33
       8.071     0.999756        14897      4096.00
       8.071     0.999780        14897      4551.11
       8.519     0.999805        14898      5120.00
       8.519     0.999829        14898      5851.43
       8.519     0.999854        14898      6826.67
       8.783     0.999878        14899      8192.00
       8.783     0.999890        14899      9102.22
       8.783     0.999902        14899     10240.00
       8.783     0.999915        14899     11702.86
       8.783     0.999927        14899     13653.33
       8.807     0.999939        14900     16384.00
       8.807     1.000000        14900          inf
#[Mean    =        1.943, StdDeviation   =        0.914]
#[Max     =        8.800, Total count    =        14900]
#[Buckets =           27, SubBuckets     =         2048]
----------------------------------------------------------
  17852 requests in 1.00m, 0.85GB read
Requests/sec:    297.52
Transfer/sec:     14.57MB

--- metrics ---
requests=17852
duration_s=60.002646
bytes=916825164
rps=297.52
p50_ms=1.704
p95_ms=3.769
p99_ms=4.643
p999_ms=6.375
err_connect=0
err_read=0
err_write=0
err_status=0
err_timeout=0
--- end ---
