Running 1m test @ http://127.0.0.1:8084/file50k
  2 threads and 100 connections
  Thread calibration: mean lat.: 1.428ms, rate sampling interval: 10ms
  Thread calibration: mean lat.: 1.375ms, rate sampling interval: 10ms
  Thread Stats   Avg      Stdev     Max   +/- Stdev
    Latency     1.40ms  438.05us   3.49ms   66.93%
    Req/Sec   159.37     96.93   333.00     69.74%
  Latency Distribution (HdrHistogram - Recorded Latency)
 50.000%    1.40ms
 75.000%    1.69ms
 90.000%    1.97ms
 99.000%    2.51ms
 99.900%    2.90ms
 99.990%    3.38ms
 99.999%    3.49ms
100.000%    3.49ms

  Detailed Percentile spectrum:
       Value   Percentile   TotalCount 1/(1-Percentile)

       0.194     0.000000            1         1.00
       0.832     0.100000         1494         1.11
       0.998     0.200000         2981         1.25
       1.146     0.300000         4478         1.43
       1.275     0.400000         5972         1.67
       1.398     0.500000         7465         2.00
       1.459     0.550000         8198         2.22
       1.519     0.600000         8946         2.50
       1.577     0.650000         9687         2.86
       1.632     0.700000        10437         3.33
       1.690     0.750000        11177         4.00
       1.724     0.775000        11555         4.44
       1.759     0.800000        11923         5.00
       1.797     0.825000        12300         5.71
       1.847     0.850000        12665         6.67
       1.903     0.875000        13043         8.00
       1.935     0.887500        13231         8.89
       1.972     0.900000        13414        10.00
       2.009     0.912500        13597        11.43
       2.046     0.925000        13786        13.33
       2.099     0.937500        13971        16.00
       2.127     0.943750        14063        17.78
       2.161     0.950000        14156        20.00
       2.195     0.956250        14253        22.86
       2.239     0.962500        14343        26.67
       2.283     0.968750        14438        32.00
       2.301     0.971875        14481        35.56
       2.329     0.975000        14528        40.00
       2.357     0.978125        14575        45.71
       2.385     0.981250        14621        53.33
       2.427     0.984375        14668        64.00
       2.449     0.985938        14691        71.11
       2.471     0.987500        14715        80.00
       2.495     0.989062        14738        91.43
       2.523     0.990625        14764       106.67
       2.541     0.992188        14784       128.00
       2.559     0.992969        14797       142.22
       2.577     0.993750        14807       160.00
       2.603     0.994531        14819       182.86
       2.627     0.995313        14831       213.33
       2.667     0.996094        14842       256.00
       2.679     0.996484        14848       284.44
       2.699     0.996875        14854       320.00
       2.721     0.997266        14860       365.71
       2.747     0.997656        14866       426.67
       2.769     0.998047        14871       512.00
       2.789     0.998242        14875       568.89
       2.799     0.998437        14877       640.00
       2.871     0.998633        14882       731.43
       2.875     0.998828        14883       853.33
       2.909     0.999023        14886      1024.00
       2.929     0.999121        14887      1137.78
       2.989     0.999219        14889      1280.00
       2.991     0.999316        14890      1462.86
       3.019     0.999414        14892      1706.67
       3.083     0.999512        14893      2048.00
       3.157     0.999561        14894      2275.56
       3.167     0.999609        14895      2560.00
       3.167     0.999658        14895      2925.71
       3.205     0.999707        14896      3413.33
       3.245     0.999756        14897      4096.00
       3.245     0.999780        14897      4551.11
       3.341     0.999805        14898      5120.00
       3.341     0.999829        14898      5851.43
       3.341     0.999854        14898      6826.67
       3.385     0.999878        14899      8192.00
       3.385     0.999890        14899      9102.22
       3.385     0.999902        14899     10240.00
       3.385     0.999915        14899     11702.86
       3.385     0.999927        14899     13653.33
       3.491     0.999939        14900     16384.00
       3.491     1.000000        14900          inf
#[Mean    =        1.404, StdDeviation   =        0.438]
#[Max     =        3.490, Total count    =        14900]
#[Buckets =           27, SubBuckets     =         2048]
----------------------------------------------------------
  18002 requests in 1.00m, 0.86GB read
Requests/sec:    300.02
Transfer/sec:     14.69MB

--- metrics ---
requests=18002
duration_s=60.002784
bytes=924168674
rps=300.02
p50_ms=1.398
p95_ms=2.161
p99_ms=2.507
p999_ms=2.905
err_connect=0
err_read=0
err_write=0
err_status=0
err_timeout=0
--- end ---
