Running 1m test @ http://127.0.0.1:8081/file50k
  2 threads and 100 connections
  Thread calibration: mean lat.: 1.433ms, rate sampling interval: 10ms
  Thread calibration: mean lat.: 1.426ms, rate sampling interval: 10ms
  Thread Stats   Avg      Stdev     Max   +/- Stdev
    Latency     1.42ms  617.64us  32.62ms   85.42%
    Req/Sec   159.59     97.33   400.00     69.90%
  Latency Distribution (HdrHistogram - Recorded Latency)
 50.000%    1.39ms
 75.000%    1.69ms
 90.000%    1.95ms
 99.000%    2.46ms
 99.900%    7.15ms
 99.990%   28.33ms
 99.999%   32.64ms
100.000%   32.64ms

  Detailed Percentile spectrum:
       Value   Percentile   TotalCount 1/(1-Percentile)

       0.218     0.000000            1         1.00
       0.851     0.100000         1492         1.11
       1.015     0.200000         2984         1.25
       1.151     0.300000         4477         1.43
       1.279     0.400000         5965         1.67
       1.395     0.500000         7452         2.00
       1.453     0.550000         8206         2.22
       1.507     0.600000         8944         2.50
       1.566     0.650000         9689         2.86
       1.628     0.700000        10437         3.33
       1.686     0.750000        11181         4.00
       1.716     0.775000        11549         4.44
       1.751     0.800000        11931         5.00
       1.787     0.825000        12295         5.71
       1.831     0.850000        12671         6.67
       1.886     0.875000        13042         8.00
       1.913     0.887500        13227         8.89
       1.945     0.900000        13411        10.00
       1.984     0.912500        13597        11.43
       2.025     0.925000        13784        13.33
       2.075     0.937500        13969        16.00
       2.103     0.943750        14068        17.78
       2.129     0.950000        14155        20.00
       2.163     0.956250        14251        22.86
       2.199     0.962500        14346        26.67
       2.245     0.968750        14438        32.00
       2.269     0.971875        14482        35.56
       2.293     0.975000        14528        40.00
       2.323     0.978125        14578        45.71
       2.347     0.981250        14621        53.33
       2.387     0.984375        14669        64.00
       2.407     0.985938        14694        71.11
       2.429     0.987500        14714        80.00
       2.453     0.989062        14741        91.43
       2.473     0.990625        14761       106.67
       2.519     0.992188        14784       128.00
       2.537     0.992969        14796       142.22
       2.587     0.993750        14808       160.00
       2.661     0.994531        14819       182.86
       2.731     0.995313        14831       213.33
       2.867     0.996094        14842       256.00
       3.071     0.996484        14848       284.44
       4.535     0.996875        14854       320.00
       5.639     0.997266        14860       365.71
       6.487     0.997656        14866       426.67
       6.663     0.998047        14871       512.00
       6.747     0.998242        14874       568.89
       6.859     0.998437        14877       640.00
       6.963     0.998633        14880       731.43
       7.035     0.998828        14883       853.33
       7.263     0.999023        14887      1024.00
       7.263     0.999121        14887      1137.78
       7.319     0.999219        14889      1280.00
       7.443     0.999316        14890      1462.86
       7.515     0.999414        14892      1706.67
       7.583     0.999512        14893      2048.00
       7.695     0.999561        14894      2275.56
       7.727     0.999609        14895      2560.00
       7.727     0.999658        14895      2925.71
       7.747     0.999707        14896      3413.33
       8.495     0.999756        14897      4096.00
       8.495     0.999780        14897      4551.11
      12.167     0.999805        14898      5120.00
      12.167     0.999829        14898      5851.43
      12.167     0.999854        14898      6826.67
      28.335     0.999878        14899      8192.00
      28.335     0.999890        14899      9102.22
      28.335     0.999902        14899     10240.00
      28.335     0.999915        14899     11702.86
      28.335     0.999927        14899     13653.33
      32.639     0.999939        14900     16384.00
      32.639     1.000000        14900          inf
#[Mean    =        1.418, StdDeviation   =        0.618]
#[Max     =       32.624, Total count    =        14900]
#[Buckets =           27, SubBuckets     =         2048]
----------------------------------------------------------
  18002 requests in 1.00m, 0.86GB read
Requests/sec:    300.02
Transfer/sec:     14.69MB

--- metrics ---
requests=18002
duration_s=60.002536
bytes=924528714
rps=300.02
p50_ms=1.395
p95_ms=2.129
p99_ms=2.465
p999_ms=7.151
err_connect=0
err_read=0
err_write=0
err_status=0
err_timeout=0
--- end ---
