Running 1m test @ http://127.0.0.1:8082/file1m
  2 threads and 50 connections
  Thread calibration: mean lat.: 951.257ms, rate sampling interval: 2010ms
  Thread calibration: mean lat.: 951.317ms, rate sampling interval: 2007ms
  Thread Stats   Avg      Stdev     Max   +/- Stdev
    Latency   954.37ms  193.82ms   1.03s    96.00%
    Req/Sec    24.00      0.00    24.00    100.00%
  Latency Distribution (HdrHistogram - Recorded Latency)
 50.000%  993.79ms
 75.000%  999.93ms
 90.000%    1.00s 
 99.000%    1.01s 
 99.900%    1.03s 
 99.990%    1.03s 
 99.999%    1.03s 
100.000%    1.03s 

  Detailed Percentile spectrum:
       Value   Percentile   TotalCount 1/(1-Percentile)

       3.879     0.000000            1         1.00
     983.039     0.100000          272         1.11
     986.111     0.200000          519         1.25
     988.671     0.300000          753         1.43
     991.231     0.400000          988         1.67
     993.791     0.500000         1258         2.00
     994.815     0.550000         1363         2.22
     996.351     0.600000         1509         2.50
     997.375     0.650000         1611         2.86
     998.911     0.700000         1769         3.33
     999.935     0.750000         1869         4.00
    1000.447     0.775000         1920         4.44
    1000.959     0.800000         1980         5.00
    1001.471     0.825000         2024         5.71
    1002.495     0.850000         2125         6.67
    1003.007     0.875000         2194         8.00
    1003.007     0.887500         2194         8.89
    1003.519     0.900000         2253        10.00
    1003.519     0.912500         2253        11.43
    1004.031     0.925000         2283        13.33
    1004.543     0.937500         2319        16.00
    1004.543     0.943750         2319        17.78
    1005.055     0.950000         2362        20.00
    1005.055     0.956250         2362        22.86
    1005.055     0.962500         2362        26.67
    1005.567     0.968750         2389        32.00
    1005.567     0.971875         2389        35.56
    1005.567     0.975000         2389        40.00
    1006.079     0.978125         2400        45.71
    1006.591     0.981250         2409        53.33
    1007.103     0.984375         2418        64.00
    1007.103     0.985938         2418        71.11
    1007.615     0.987500         2420        80.00
    1008.639     0.989062         2425        91.43
    1009.663     0.990625         2428       106.67
    1011.199     0.992188         2433       128.00
    1011.199     0.992969         2433       142.22
    1012.223     0.993750         2435       160.00
    1013.247     0.994531         2437       182.86
    1015.295     0.995313         2439       213.33
    1020.927     0.996094         2441       256.00
    1021.439     0.996484         2442       284.44
    1021.951     0.996875         2444       320.00
    1021.951     0.997266         2444       365.71
    1023.999     0.997656         2445       426.67
    1024.511     0.998047         2447       512.00
    1024.511     0.998242         2447       568.89
    1024.511     0.998437         2447       640.00
    1024.511     0.998633         2447       731.43
    1025.023     0.998828         2448       853.33
    1025.023     0.999023         2448      1024.00
    1025.023     0.999121         2448      1137.78
    1028.607     0.999219         2449      1280.00
    1028.607     0.999316         2449      1462.86
    1028.607     0.999414         2449      1706.67
    1028.607     0.999512         2449      2048.00
    1028.607     0.999561         2449      2275.56
    1030.655     0.999609         2450      2560.00
    1030.655     1.000000         2450          inf
#[Mean    =      954.371, StdDeviation   =      193.818]
#[Max     =     1030.144, Total count    =         2450]
#[Buckets =           27, SubBuckets     =         2048]
----------------------------------------------------------
  2954 requests in 1.00m, 2.89GB read
Requests/sec:     49.23
Transfer/sec:     49.23MB

--- metrics ---
requests=2954
duration_s=60.007901
bytes=3097960236
rps=49.23
p50_ms=993.791
p95_ms=1005.055
p99_ms=1009.151
p999_ms=1025.023
err_connect=0
err_read=0
err_write=0
err_status=0
err_timeout=0
--- end ---
