Running 1m test @ http://127.0.0.1:8082/json
  2 threads and 100 connections
  Thread calibration: mean lat.: 341.055ms, rate sampling interval: 1184ms
  Thread calibration: mean lat.: 306.359ms, rate sampling interval: 1141ms
  Thread Stats   Avg      Stdev     Max   +/- Stdev
    Latency     1.85s   733.27ms   3.29s    52.45%
    Req/Sec     0.92k   143.55     1.01k    96.47%
  Latency Distribution (HdrHistogram - Recorded Latency)
 50.000%    1.88s 
 75.000%    2.45s 
 90.000%    2.87s 
 99.000%    3.23s 
 99.900%    3.28s 
 99.990%    3.29s 
 99.999%    3.29s 
100.000%    3.29s 

  Detailed Percentile spectrum:
       Value   Percentile   TotalCount 1/(1-Percentile)

     570.879     0.000000            1         1.00
     905.215     0.100000         9088         1.11
     999.423     0.200000        18193         1.25
    1277.951     0.300000        27258         1.43
    1658.879     0.400000        36387         1.67
    1882.111     0.500000        45437         2.00
    1960.959     0.550000        50039         2.22
    2037.759     0.600000        54529         2.50
    2203.647     0.650000        59164         2.86
    2351.103     0.700000        63744         3.33
    2451.455     0.750000        68190         4.00
    2537.471     0.775000        70431         4.44
    2603.007     0.800000        72759         5.00
    2637.823     0.825000        74954         5.71
    2693.119     0.850000        77244         6.67
    2789.375     0.875000        79615         8.00
    2824.191     0.887500        80656         8.89
    2867.199     0.900000        81764        10.00
    2879.487     0.912500        82982        11.43
    2893.823     0.925000        84124        13.33
    2969.599     0.937500        85182        16.00
    3010.559     0.943750        85750        17.78
    3037.183     0.950000        86344        20.00
    3063.807     0.956250        86891        22.86
    3084.287     0.962500        87457        26.67
    3096.575     0.968750        88100        32.00
    3102.719     0.971875        88340        35.56
    3121.151     0.975000        88576        40.00
    3145.727     0.978125        88876        45.71
    3168.255     0.981250        89167        53.33
    3190.783     0.984375        89438        64.00
    3203.071     0.985938        89590        71.11
    3213.311     0.987500        89742        80.00
    3221.503     0.989062        89878        91.43
    3231.743     0.990625        90016       106.67
    3241.983     0.992188        90146       128.00
    3248.127     0.992969        90231       142.22
    3252.223     0.993750        90298       160.00
    3256.319     0.994531        90364       182.86
    3260.415     0.995313        90441       213.33
    3264.511     0.996094        90521       256.00
    3266.559     0.996484        90563       284.44
    3266.559     0.996875        90563       320.00
    3268.607     0.997266        90610       365.71
    3270.655     0.997656        90646       426.67
    3272.703     0.998047        90687       512.00
    3272.703     0.998242        90687       568.89
    3274.751     0.998437        90718       640.00
    3276.799     0.998633        90745       731.43
    3276.799     0.998828        90745       853.33
    3278.847     0.999023        90772      1024.00
    3278.847     0.999121        90772      1137.78
    3280.895     0.999219        90795      1280.00
    3280.895     0.999316        90795      1462.86
    3280.895     0.999414        90795      1706.67
    3282.943     0.999512        90816      2048.00
    3282.943     0.999561        90816      2275.56
    3282.943     0.999609        90816      2560.00
    3282.943     0.999658        90816      2925.71
    3284.991     0.999707        90830      3413.33
    3284.991     0.999756        90830      4096.00
    3284.991     0.999780        90830      4551.11
    3284.991     0.999805        90830      5120.00
    3287.039     0.999829        90840      5851.43
    3287.039     0.999854        90840      6826.67
    3287.039     0.999878        90840      8192.00
    3287.039     0.999890        90840      9102.22
    3287.039     0.999902        90840     10240.00
    3287.039     0.999915        90840     11702.86
    3287.039     0.999927        90840     13653.33
    3289.087     0.999939        90844     16384.00
    3289.087     0.999945        90844     18204.44
    3289.087     0.999951        90844     20480.00
    3289.087     0.999957        90844     23405.71
    3289.087     0.999963        90844     27306.67
    3289.087     0.999969        90844     32768.00
    3289.087     0.999973        90844     36408.89
    3289.087     0.999976        90844     40960.00
    3291.135     0.999979        90846     46811.43
    3291.135     1.000000        90846          inf
#[Mean    =     1849.847, StdDeviation   =      733.270]
#[Max     =     3289.088, Total count    =        90846]
#[Buckets =           27, SubBuckets     =         2048]
----------------------------------------------------------
  109044 requests in 1.00m, 121.78MB read
Requests/sec:   1809.80
Transfer/sec:      2.02MB

--- metrics ---
requests=109044
duration_s=60.251990
bytes=127690524
rps=1809.80
p50_ms=1882.111
p95_ms=3037.183
p99_ms=3225.599
p999_ms=3278.847
err_connect=0
err_read=0
err_write=0
err_status=0
err_timeout=0
--- end ---
