Running 1m test @ http://127.0.0.1:8082/file1m
  2 threads and 50 connections
  Thread calibration: mean lat.: 950.156ms, rate sampling interval: 2003ms
  Thread calibration: mean lat.: 951.349ms, rate sampling interval: 2007ms
  Thread Stats   Avg      Stdev     Max   +/- Stdev
    Latency   954.11ms  193.58ms   1.01s    96.00%
    Req/Sec    24.00      0.00    24.00    100.00%
  Latency Distribution (HdrHistogram - Recorded Latency)
 50.000%  994.30ms
 75.000%  999.42ms
 90.000%    1.00s 
 99.000%    1.01s 
 99.900%    1.01s 
 99.990%    1.01s 
 99.999%    1.01s 
100.000%    1.01s 

  Detailed Percentile spectrum:
       Value   Percentile   TotalCount 1/(1-Percentile)

       3.667     0.000000            1         1.00
     983.039     0.100000          274         1.11
     986.111     0.200000          507         1.25
     988.671     0.300000          735         1.43
     991.743     0.400000         1017         1.67
     994.303     0.500000         1253         2.00
     995.327     0.550000         1372         2.22
     996.351     0.600000         1499         2.50
     997.375     0.650000         1635         2.86
     998.399     0.700000         1765         3.33
     999.423     0.750000         1872         4.00
     999.935     0.775000         1941         4.44
    1000.447     0.800000         1994         5.00
    1000.959     0.825000         2054         5.71
    1001.471     0.850000         2112         6.67
    1001.983     0.875000         2183         8.00
    1001.983     0.887500         2183         8.89
    1002.495     0.900000         2242        10.00
    1002.495     0.912500         2242        11.43
    1003.007     0.925000         2289        13.33
    1003.519     0.937500         2340        16.00
    1003.519     0.943750         2340        17.78
    1003.519     0.950000         2340        20.00
    1004.031     0.956250         2376        22.86
    1004.031     0.962500         2376        26.67
    1004.031     0.968750         2376        32.00
    1004.543     0.971875         2400        35.56
    1004.543     0.975000         2400        40.00
    1004.543     0.978125         2400        45.71
    1005.055     0.981250         2417        53.33
    1005.055     0.984375         2417        64.00
    1005.055     0.985938         2417        71.11
    1005.567     0.987500         2434        80.00
    1005.567     0.989062         2434        91.43
    1005.567     0.990625         2434       106.67
    1005.567     0.992188         2434       128.00
    1005.567     0.992969         2434       142.22
    1006.079     0.993750         2446       160.00
    1006.079     0.994531         2446       182.86
    1006.079     0.995313         2446       213.33
    1006.079     0.996094         2446       256.00
    1006.079     0.996484         2446       284.44
    1006.079     0.996875         2446       320.00
    1006.079     0.997266         2446       365.71
    1006.079     0.997656         2446       426.67
    1006.079     0.998047         2446       512.00
    1006.079     0.998242         2446       568.89
    1006.591     0.998437         2449       640.00
    1006.591     0.998633         2449       731.43
    1006.591     0.998828         2449       853.33
    1006.591     0.999023         2449      1024.00
    1006.591     0.999121         2449      1137.78
    1006.591     0.999219         2449      1280.00
    1006.591     0.999316         2449      1462.86
    1006.591     0.999414         2449      1706.67
    1006.591     0.999512         2449      2048.00
    1006.591     0.999561         2449      2275.56
    1007.615     0.999609         2450      2560.00
    1007.615     1.000000         2450          inf
#[Mean    =      954.114, StdDeviation   =      193.584]
#[Max     =     1007.104, Total count    =         2450]
#[Buckets =           27, SubBuckets     =         2048]
----------------------------------------------------------
  2954 requests in 1.00m, 2.89GB read
Requests/sec:     49.23
Transfer/sec:     49.23MB

--- metrics ---
requests=2954
duration_s=60.009291
bytes=3097960236
rps=49.23
p50_ms=994.303
p95_ms=1003.519
p99_ms=1005.567
p999_ms=1006.591
err_connect=0
err_read=0
err_write=0
err_status=0
err_timeout=0
--- end ---
