Running 1m test @ http://127.0.0.1:8082/file50k
  2 threads and 100 connections
  Thread calibration: mean lat.: 245.431ms, rate sampling interval: 637ms
  Thread calibration: mean lat.: 245.295ms, rate sampling interval: 636ms
  Thread Stats   Avg      Stdev     Max   +/- Stdev
    Latency   244.76ms   59.80ms 334.85ms   68.85%
    Req/Sec   149.62     11.82   157.00     80.13%
  Latency Distribution (HdrHistogram - Recorded Latency)
 50.000%  247.81ms
 75.000%  291.33ms
 90.000%  317.70ms
 99.000%  333.31ms
 99.900%  334.08ms
 99.990%  334.59ms
 99.999%  335.10ms
100.000%  335.10ms

  Detailed Percentile spectrum:
       Value   Percentile   TotalCount 1/(1-Percentile)

       1.265     0.000000            1         1.00
     178.687     0.100000         1494         1.11
     195.839     0.200000         2995         1.25
     213.119     0.300000         4476         1.43
     230.399     0.400000         5967         1.67
     247.807     0.500000         7461         2.00
     256.767     0.550000         8197         2.22
     265.471     0.600000         8956         2.50
     274.431     0.650000         9692         2.86
     282.879     0.700000        10448         3.33
     291.327     0.750000        11191         4.00
     295.935     0.775000        11553         4.44
     300.287     0.800000        11921         5.00
     304.639     0.825000        12296         5.71
     309.247     0.850000        12678         6.67
     312.831     0.875000        13062         8.00
     316.159     0.887500        13258         8.89
     317.695     0.900000        13413        10.00
     319.487     0.912500        13606        11.43
     322.815     0.925000        13791        13.33
     324.095     0.937500        13982        16.00
     325.631     0.943750        14071        17.78
     326.399     0.950000        14196        20.00
     326.911     0.956250        14265        22.86
     329.471     0.962500        14364        26.67
     329.983     0.968750        14445        32.00
     330.239     0.971875        14493        35.56
     330.495     0.975000        14536        40.00
     331.007     0.978125        14581        45.71
     332.799     0.981250        14647        53.33
     333.055     0.984375        14710        64.00
     333.055     0.985938        14710        71.11
     333.311     0.987500        14771        80.00
     333.311     0.989062        14771        91.43
     333.311     0.990625        14771       106.67
     333.567     0.992188        14828       128.00
     333.567     0.992969        14828       142.22
     333.567     0.993750        14828       160.00
     333.567     0.994531        14828       182.86
     333.823     0.995313        14871       213.33
     333.823     0.996094        14871       256.00
     333.823     0.996484        14871       284.44
     333.823     0.996875        14871       320.00
     333.823     0.997266        14871       365.71
     333.823     0.997656        14871       426.67
     333.823     0.998047        14871       512.00
     334.079     0.998242        14893       568.89
     334.079     0.998437        14893       640.00
     334.079     0.998633        14893       731.43
     334.079     0.998828        14893       853.33
     334.079     0.999023        14893      1024.00
     334.079     0.999121        14893      1137.78
     334.079     0.999219        14893      1280.00
     334.079     0.999316        14893      1462.86
     334.079     0.999414        14893      1706.67
     334.079     0.999512        14893      2048.00
     334.335     0.999561        14898      2275.56
     334.335     0.999609        14898      2560.00
     334.335     0.999658        14898      2925.71
     334.335     0.999707        14898      3413.33
     334.335     0.999756        14898      4096.00
     334.335     0.999780        14898      4551.11
     334.335     0.999805        14898      5120.00
     334.335     0.999829        14898      5851.43
     334.335     0.999854        14898      6826.67
     334.591     0.999878        14899      8192.00
     334.591     0.999890        14899      9102.22
     334.591     0.999902        14899     10240.00
     334.591     0.999915        14899     11702.86
     334.591     0.999927        14899     13653.33
     335.103     0.999939        14900     16384.00
     335.103     1.000000        14900          inf
#[Mean    =      244.758, StdDeviation   =       59.799]
#[Max     =      334.848, Total count    =        14900]
#[Buckets =           27, SubBuckets     =         2048]
----------------------------------------------------------
  17904 requests in 1.00m, 0.86GB read
Requests/sec:    298.38
Transfer/sec:     14.61MB

--- metrics ---
requests=17904
duration_s=60.004031
bytes=919477824
rps=298.38
p50_ms=247.807
p95_ms=326.399
p99_ms=333.311
p999_ms=334.079
err_connect=0
err_read=0
err_write=0
err_status=0
err_timeout=0
--- end ---
