Running 1m test @ http://127.0.0.1:8083/file50k
  2 threads and 100 connections
  Thread calibration: mean lat.: 1.253ms, rate sampling interval: 10ms
  Thread calibration: mean lat.: 1.249ms, rate sampling interval: 10ms
  Thread Stats   Avg      Stdev     Max   +/- Stdev
    Latency     1.27ms  399.27us   2.98ms   66.92%
    Req/Sec   158.21     94.95   333.00     70.46%
  Latency Distribution (HdrHistogram - Recorded Latency)
 50.000%    1.26ms
 75.000%    1.54ms
 90.000%    1.79ms
 99.000%    2.29ms
 99.900%    2.53ms
 99.990%    2.77ms
 99.999%    2.98ms
100.000%    2.98ms

  Detailed Percentile spectrum:
       Value   Percentile   TotalCount 1/(1-Percentile)

       0.256     0.000000            1         1.00
       0.752     0.100000         1490         1.11
       0.911     0.200000         2981         1.25
       1.038     0.300000         4470         1.43
       1.153     0.400000         5961         1.67
       1.264     0.500000         7457         2.00
       1.315     0.550000         8200         2.22
       1.368     0.600000         8943         2.50
       1.424     0.650000         9693         2.86
       1.481     0.700000        10443         3.33
       1.541     0.750000        11175         4.00
       1.576     0.775000        11551         4.44
       1.611     0.800000        11923         5.00
       1.649     0.825000        12305         5.71
       1.688     0.850000        12671         6.67
       1.735     0.875000        13045         8.00
       1.764     0.887500        13224         8.89
       1.794     0.900000        13410        10.00
       1.831     0.912500        13598        11.43
       1.868     0.925000        13790        13.33
       1.914     0.937500        13970        16.00
       1.934     0.943750        14062        17.78
       1.959     0.950000        14161        20.00
       1.989     0.956250        14250        22.86
       2.026     0.962500        14345        26.67
       2.069     0.968750        14435        32.00
       2.085     0.971875        14484        35.56
       2.115     0.975000        14528        40.00
       2.147     0.978125        14575        45.71
       2.179     0.981250        14623        53.33
       2.207     0.984375        14668        64.00
       2.221     0.985938        14691        71.11
       2.247     0.987500        14716        80.00
       2.267     0.989062        14738        91.43
       2.303     0.990625        14761       106.67
       2.343     0.992188        14785       128.00
       2.363     0.992969        14796       142.22
       2.383     0.993750        14808       160.00
       2.403     0.994531        14821       182.86
       2.413     0.995313        14831       213.33
       2.431     0.996094        14842       256.00
       2.437     0.996484        14848       284.44
       2.447     0.996875        14854       320.00
       2.459     0.997266        14860       365.71
       2.471     0.997656        14866       426.67
       2.485     0.998047        14871       512.00
       2.489     0.998242        14874       568.89
       2.495     0.998437        14877       640.00
       2.503     0.998633        14880       731.43
       2.519     0.998828        14884       853.33
       2.537     0.999023        14886      1024.00
       2.543     0.999121        14888      1137.78
       2.547     0.999219        14889      1280.00
       2.549     0.999316        14890      1462.86
       2.561     0.999414        14893      1706.67
       2.561     0.999512        14893      2048.00
       2.573     0.999561        14894      2275.56
       2.579     0.999609        14895      2560.00
       2.579     0.999658        14895      2925.71
       2.581     0.999707        14896      3413.33
       2.589     0.999756        14897      4096.00
       2.589     0.999780        14897      4551.11
       2.623     0.999805        14898      5120.00
       2.623     0.999829        14898      5851.43
       2.623     0.999854        14898      6826.67
       2.771     0.999878        14899      8192.00
       2.771     0.999890        14899      9102.22
       2.771     0.999902        14899     10240.00
       2.771     0.999915        14899     11702.86
       2.771     0.999927        14899     13653.33
       2.979     0.999939        14900     16384.00
       2.979     1.000000        14900          inf
#[Mean    =        1.275, StdDeviation   =        0.399]
#[Max     =        2.978, Total count    =        14900]
#[Buckets =           27, SubBuckets     =         2048]
----------------------------------------------------------
  18002 requests in 1.00m, 0.86GB read
Requests/sec:    300.02
Transfer/sec:     14.73MB

--- metrics ---
requests=18002
duration_s=60.002608
bytes=926472930
rps=300.02
p50_ms=1.264
p95_ms=1.959
p99_ms=2.291
p999_ms=2.525
err_connect=0
err_read=0
err_write=0
err_status=0
err_timeout=0
--- end ---
