Running 1m test @ http://127.0.0.1:8084/json
  2 threads and 100 connections
  Thread calibration: mean lat.: 1.615ms, rate sampling interval: 10ms
  Thread calibration: mean lat.: 1.300ms, rate sampling interval: 10ms
  Thread Stats   Avg      Stdev     Max   +/- Stdev
    Latency     1.46ms  637.60us   5.52ms   68.83%
    Req/Sec     1.05k     1.32k    5.55k    89.26%
  Latency Distribution (HdrHistogram - Recorded Latency)
 50.000%    1.36ms
 75.000%    1.83ms
 90.000%    2.38ms
 99.000%    3.24ms
 99.900%    3.94ms
 99.990%    4.43ms
 99.999%    4.81ms
100.000%    5.52ms

  Detailed Percentile spectrum:
       Value   Percentile   TotalCount 1/(1-Percentile)

       0.148     0.000000            1         1.00
       0.741     0.100000         9969         1.11
       0.904     0.200000        19924         1.25
       1.051     0.300000        29902         1.43
       1.201     0.400000        39815         1.67
       1.362     0.500000        49787         2.00
       1.445     0.550000        54793         2.22
       1.531     0.600000        59752         2.50
       1.623     0.650000        64726         2.86
       1.720     0.700000        69688         3.33
       1.832     0.750000        74638         4.00
       1.896     0.775000        77113         4.44
       1.967     0.800000        79603         5.00
       2.047     0.825000        82098         5.71
       2.147     0.850000        84580         6.67
       2.259     0.875000        87068         8.00
       2.321     0.887500        88341         8.89
       2.379     0.900000        89593        10.00
       2.437     0.912500        90804        11.43
       2.501     0.925000        92059        13.33
       2.577     0.937500        93297        16.00
       2.627     0.943750        93926        17.78
       2.681     0.950000        94532        20.00
       2.739     0.956250        95152        22.86
       2.809     0.962500        95778        26.67
       2.883     0.968750        96395        32.00
       2.925     0.971875        96703        35.56
       2.969     0.975000        97021        40.00
       3.013     0.978125        97326        45.71
       3.065     0.981250        97640        53.33
       3.119     0.984375        97951        64.00
       3.149     0.985938        98103        71.11
       3.185     0.987500        98257        80.00
       3.225     0.989062        98417        91.43
       3.265     0.990625        98576       106.67
       3.311     0.992188        98723       128.00
       3.345     0.992969        98803       142.22
       3.385     0.993750        98879       160.00
       3.423     0.994531        98956       182.86
       3.475     0.995313        99035       213.33
       3.529     0.996094        99113       256.00
       3.567     0.996484        99151       284.44
       3.603     0.996875        99190       320.00
       3.633     0.997266        99228       365.71
       3.695     0.997656        99267       426.67
       3.749     0.998047        99306       512.00
       3.773     0.998242        99327       568.89
       3.797     0.998437        99346       640.00
       3.837     0.998633        99365       731.43
       3.895     0.998828        99385       853.33
       3.943     0.999023        99404      1024.00
       3.951     0.999121        99414      1137.78
       3.965     0.999219        99423      1280.00
       4.001     0.999316        99432      1462.86
       4.033     0.999414        99443      1706.67
       4.047     0.999512        99453      2048.00
       4.067     0.999561        99457      2275.56
       4.095     0.999609        99462      2560.00
       4.119     0.999658        99466      2925.71
       4.159     0.999707        99471      3413.33
       4.187     0.999756        99477      4096.00
       4.211     0.999780        99479      4551.11
       4.231     0.999805        99481      5120.00
       4.251     0.999829        99483      5851.43
       4.351     0.999854        99486      6826.67
       4.387     0.999878        99488      8192.00
       4.431     0.999890        99490      9102.22
       4.475     0.999902        99491     10240.00
       4.483     0.999915        99492     11702.86
       4.503     0.999927        99493     13653.33
       4.515     0.999939        99494     16384.00
       4.547     0.999945        99495     18204.44
       4.551     0.999951        99496     20480.00
       4.551     0.999957        99496     23405.71
       4.583     0.999963        99497     27306.67
       4.583     0.999969        99497     32768.00
       4.679     0.999973        99498     36408.89
       4.679     0.999976        99498     40960.00
       4.679     0.999979        99498     46811.43
       4.811     0.999982        99499     54613.33
       4.811     0.999985        99499     65536.00
       4.811     0.999986        99499     72817.78
       4.811     0.999988        99499     81920.00
       4.811     0.999989        99499     93622.86
       5.523     0.999991        99500    109226.67
       5.523     1.000000        99500          inf
#[Mean    =        1.465, StdDeviation   =        0.638]
#[Max     =        5.520, Total count    =        99500]
#[Buckets =           27, SubBuckets     =         2048]
----------------------------------------------------------
  118903 requests in 1.00m, 128.59MB read
Requests/sec:   1981.65
Transfer/sec:      2.14MB

--- metrics ---
requests=118903
duration_s=60.002055
bytes=134836002
rps=1981.65
p50_ms=1.362
p95_ms=2.681
p99_ms=3.245
p999_ms=3.941
err_connect=0
err_read=0
err_write=0
err_status=0
err_timeout=0
--- end ---
