Running 30s test @ http://127.0.0.1:8080/json
  2 threads and 100 connections
  Thread calibration: mean lat.: 1.413ms, rate sampling interval: 10ms
  Thread calibration: mean lat.: 1.818ms, rate sampling interval: 10ms
  Thread Stats   Avg      Stdev     Max   +/- Stdev
    Latency     1.61ms  753.58us   7.27ms   74.43%
    Req/Sec     1.06k     1.30k    5.55k    89.63%
  Latency Distribution (HdrHistogram - Recorded Latency)
 50.000%    1.47ms
 75.000%    1.97ms
 90.000%    2.56ms
 99.000%    4.19ms
 99.900%    5.80ms
 99.990%    6.91ms
 99.999%    7.28ms
100.000%    7.28ms

  Detailed Percentile spectrum:
       Value   Percentile   TotalCount 1/(1-Percentile)

       0.224     0.000000            1         1.00
       0.820     0.100000         3956         1.11
       0.995     0.200000         7911         1.25
       1.153     0.300000        11868         1.43
       1.307     0.400000        15803         1.67
       1.470     0.500000        19763         2.00
       1.554     0.550000        21740         2.22
       1.641     0.600000        23711         2.50
       1.739     0.650000        25700         2.86
       1.848     0.700000        27653         3.33
       1.966     0.750000        29626         4.00
       2.034     0.775000        30624         4.44
       2.107     0.800000        31625         5.00
       2.195     0.825000        32591         5.71
       2.301     0.850000        33579         6.67
       2.421     0.875000        34571         8.00
       2.491     0.887500        35062         8.89
       2.563     0.900000        35563        10.00
       2.639     0.912500        36046        11.43
       2.743     0.925000        36545        13.33
       2.863     0.937500        37032        16.00
       2.939     0.943750        37285        17.78
       3.025     0.950000        37529        20.00
       3.129     0.956250        37774        22.86
       3.233     0.962500        38022        26.67
       3.359     0.968750        38266        32.00
       3.435     0.971875        38390        35.56
       3.521     0.975000        38515        40.00
       3.625     0.978125        38636        45.71
       3.729     0.981250        38761        53.33
       3.857     0.984375        38883        64.00
       3.939     0.985938        38945        71.11
       4.019     0.987500        39009        80.00
       4.115     0.989062        39068        91.43
       4.231     0.990625        39131       106.67
       4.343     0.992188        39192       128.00
       4.431     0.992969        39223       142.22
       4.503     0.993750        39254       160.00
       4.591     0.994531        39284       182.86
       4.719     0.995313        39315       213.33
       4.855     0.996094        39347       256.00
       4.923     0.996484        39362       284.44
       4.983     0.996875        39380       320.00
       5.035     0.997266        39393       365.71
       5.155     0.997656        39409       426.67
       5.267     0.998047        39423       512.00
       5.307     0.998242        39431       568.89
       5.387     0.998437        39439       640.00
       5.447     0.998633        39446       731.43
       5.627     0.998828        39454       853.33
       5.819     0.999023        39462      1024.00
       5.903     0.999121        39466      1137.78
       5.947     0.999219        39470      1280.00
       5.991     0.999316        39473      1462.86
       6.043     0.999414        39477      1706.67
       6.155     0.999512        39481      2048.00
       6.211     0.999561        39483      2275.56
       6.259     0.999609        39486      2560.00
       6.323     0.999658        39487      2925.71
       6.395     0.999707        39490      3413.33
       6.503     0.999756        39491      4096.00
       6.579     0.999780        39492      4551.11
       6.587     0.999805        39493      5120.00
       6.651     0.999829        39494      5851.43
       6.699     0.999854        39495      6826.67
       6.907     0.999878        39496      8192.00
       6.907     0.999890        39496      9102.22
       7.135     0.999902        39497     10240.00
       7.135     0.999915        39497     11702.86
       7.155     0.999927        39498     13653.33
       7.155     0.999939        39498     16384.00
       7.155     0.999945        39498     18204.44
       7.159     0.999951        39499     20480.00
       7.159     0.999957        39499     23405.71
       7.159     0.999963        39499     27306.67
       7.159     0.999969        39499     32768.00
       7.159     0.999973        39499     36408.89
       7.275     0.999976        39500     40960.00
       7.275     1.000000        39500          inf
#[Mean    =        1.610, StdDeviation   =        0.754]
#[Max     =        7.272, Total count    =        39500]
#[Buckets =           27, SubBuckets     =         2048]
----------------------------------------------------------
  58907 requests in 30.00s, 65.05MB read
Requests/sec:   1963.39
Transfer/sec:      2.17MB

--- metrics ---
requests=58907
duration_s=30.002656
bytes=68214306
rps=1963.39
p50_ms=1.470
p95_ms=3.025
p99_ms=4.187
p999_ms=5.803
err_connect=0
err_read=0
err_write=0
err_status=0
err_timeout=0
--- end ---
