Running 1m test @ http://127.0.0.1:8082/json
  2 threads and 100 connections
  Thread calibration: mean lat.: 458.088ms, rate sampling interval: 1304ms
  Thread calibration: mean lat.: 458.099ms, rate sampling interval: 1305ms
  Thread Stats   Avg      Stdev     Max   +/- Stdev
    Latency     2.01s   740.06ms   3.62s    59.52%
    Req/Sec     0.94k    36.03     1.01k    68.42%
  Latency Distribution (HdrHistogram - Recorded Latency)
 50.000%    1.94s 
 75.000%    2.53s 
 90.000%    3.02s 
 99.000%    3.55s 
 99.900%    3.61s 
 99.990%    3.61s 
 99.999%    3.62s 
100.000%    3.62s 

  Detailed Percentile spectrum:
       Value   Percentile   TotalCount 1/(1-Percentile)

     627.199     0.000000            2         1.00
    1101.823     0.100000         9439         1.11
    1222.655     0.200000        18737         1.25
    1543.167     0.300000        28100         1.43
    1754.111     0.400000        37510         1.67
    1941.503     0.500000        46831         2.00
    2162.687     0.550000        51546         2.22
    2197.503     0.600000        56254         2.50
    2310.143     0.650000        60886         2.86
    2449.407     0.700000        65738         3.33
    2527.231     0.750000        70270         4.00
    2562.047     0.775000        72599         4.44
    2676.735     0.800000        74920         5.00
    2856.959     0.825000        77239         5.71
    2916.351     0.850000        79601         6.67
    2979.839     0.875000        82062         8.00
    2988.031     0.887500        83189         8.89
    3024.895     0.900000        84266        10.00
    3090.431     0.912500        85457        11.43
    3172.351     0.925000        86608        13.33
    3262.463     0.937500        87776        16.00
    3299.327     0.943750        88394        17.78
    3327.999     0.950000        88950        20.00
    3377.151     0.956250        89540        22.86
    3416.063     0.962500        90244        26.67
    3422.207     0.968750        90730        32.00
    3428.351     0.971875        91051        35.56
    3442.687     0.975000        91307        40.00
    3467.263     0.978125        91612        45.71
    3479.551     0.981250        91875        53.33
    3504.127     0.984375        92171        64.00
    3516.415     0.985938        92307        71.11
    3532.799     0.987500        92474        80.00
    3545.087     0.989062        92626        91.43
    3557.375     0.990625        92746       106.67
    3569.663     0.992188        92897       128.00
    3575.807     0.992969        92965       142.22
    3581.951     0.993750        93038       160.00
    3588.095     0.994531        93143       182.86
    3590.143     0.995313        93190       213.33
    3594.239     0.996094        93281       256.00
    3596.287     0.996484        93331       284.44
    3596.287     0.996875        93331       320.00
    3598.335     0.997266        93382       365.71
    3600.383     0.997656        93432       426.67
    3602.431     0.998047        93476       512.00
    3602.431     0.998242        93476       568.89
    3604.479     0.998437        93521       640.00
    3604.479     0.998633        93521       731.43
    3604.479     0.998828        93521       853.33
    3606.527     0.999023        93558      1024.00
    3606.527     0.999121        93558      1137.78
    3606.527     0.999219        93558      1280.00
    3608.575     0.999316        93589      1462.86
    3608.575     0.999414        93589      1706.67
    3608.575     0.999512        93589      2048.00
    3608.575     0.999561        93589      2275.56
    3608.575     0.999609        93589      2560.00
    3610.623     0.999658        93603      2925.71
    3610.623     0.999707        93603      3413.33
    3610.623     0.999756        93603      4096.00
    3610.623     0.999780        93603      4551.11
    3612.671     0.999805        93614      5120.00
    3612.671     0.999829        93614      5851.43
    3612.671     0.999854        93614      6826.67
    3612.671     0.999878        93614      8192.00
    3612.671     0.999890        93614      9102.22
    3612.671     0.999902        93614     10240.00
    3614.719     0.999915        93619     11702.86
    3614.719     0.999927        93619     13653.33
    3614.719     0.999939        93619     16384.00
    3614.719     0.999945        93619     18204.44
    3614.719     0.999951        93619     20480.00
    3614.719     0.999957        93619     23405.71
    3616.767     0.999963        93621     27306.67
    3616.767     0.999969        93621     32768.00
    3616.767     0.999973        93621     36408.89
    3616.767     0.999976        93621     40960.00
    3616.767     0.999979        93621     46811.43
    3618.815     0.999982        93623     54613.33
    3618.815     1.000000        93623          inf
#[Mean    =     2012.914, StdDeviation   =      740.065]
#[Max     =     3616.768, Total count    =        93623]
#[Buckets =           27, SubBuckets     =         2048]
----------------------------------------------------------
  112588 requests in 1.00m, 125.73MB read
Requests/sec:   1876.46
Transfer/sec:      2.10MB

--- metrics ---
requests=112588
duration_s=60.000124
bytes=131840548
rps=1876.46
p50_ms=1941.503
p95_ms=3327.999
p99_ms=3553.279
p999_ms=3606.527
err_connect=0
err_read=0
err_write=0
err_status=0
err_timeout=0
--- end ---
