Running 1m test @ http://127.0.0.1:8083/file1m
  2 threads and 50 connections
  Thread calibration: mean lat.: 2.620ms, rate sampling interval: 10ms
  Thread calibration: mean lat.: 2.652ms, rate sampling interval: 10ms
  Thread Stats   Avg      Stdev     Max   +/- Stdev
    Latency     2.65ms  455.95us   4.37ms   66.04%
    Req/Sec    25.72     68.19   300.00     87.14%
  Latency Distribution (HdrHistogram - Recorded Latency)
 50.000%    2.64ms
 75.000%    2.94ms
 90.000%    3.26ms
 99.000%    3.78ms
 99.900%    4.19ms
 99.990%    4.38ms
 99.999%    4.38ms
100.000%    4.38ms

  Detailed Percentile spectrum:
       Value   Percentile   TotalCount 1/(1-Percentile)

       1.654     0.000000            1         1.00
       2.067     0.100000          245         1.11
       2.231     0.200000          490         1.25
       2.371     0.300000          739         1.43
       2.513     0.400000          983         1.67
       2.643     0.500000         1225         2.00
       2.697     0.550000         1349         2.22
       2.749     0.600000         1473         2.50
       2.809     0.650000         1595         2.86
       2.867     0.700000         1718         3.33
       2.937     0.750000         1839         4.00
       2.979     0.775000         1899         4.44
       3.031     0.800000         1961         5.00
       3.085     0.825000         2022         5.71
       3.143     0.850000         2083         6.67
       3.203     0.875000         2146         8.00
       3.231     0.887500         2176         8.89
       3.259     0.900000         2205        10.00
       3.299     0.912500         2236        11.43
       3.347     0.925000         2267        13.33
       3.393     0.937500         2299        16.00
       3.413     0.943750         2313        17.78
       3.447     0.950000         2328        20.00
       3.479     0.956250         2344        22.86
       3.513     0.962500         2360        26.67
       3.553     0.968750         2376        32.00
       3.569     0.971875         2382        35.56
       3.599     0.975000         2389        40.00
       3.631     0.978125         2398        45.71
       3.647     0.981250         2405        53.33
       3.663     0.984375         2412        64.00
       3.673     0.985938         2416        71.11
       3.703     0.987500         2420        80.00
       3.739     0.989062         2424        91.43
       3.805     0.990625         2428       106.67
       3.847     0.992188         2431       128.00
       3.885     0.992969         2433       142.22
       3.899     0.993750         2435       160.00
       3.905     0.994531         2437       182.86
       3.929     0.995313         2439       213.33
       3.965     0.996094         2441       256.00
       4.011     0.996484         2442       284.44
       4.019     0.996875         2443       320.00
       4.057     0.997266         2444       365.71
       4.067     0.997656         2445       426.67
       4.115     0.998047         2446       512.00
       4.115     0.998242         2446       568.89
       4.123     0.998437         2447       640.00
       4.123     0.998633         2447       731.43
       4.191     0.998828         2448       853.33
       4.191     0.999023         2448      1024.00
       4.191     0.999121         2448      1137.78
       4.247     0.999219         2449      1280.00
       4.247     0.999316         2449      1462.86
       4.247     0.999414         2449      1706.67
       4.247     0.999512         2449      2048.00
       4.247     0.999561         2449      2275.56
       4.375     0.999609         2450      2560.00
       4.375     1.000000         2450          inf
#[Mean    =        2.650, StdDeviation   =        0.456]
#[Max     =        4.372, Total count    =         2450]
#[Buckets =           27, SubBuckets     =         2048]
----------------------------------------------------------
  3002 requests in 1.00m, 2.93GB read
Requests/sec:     50.03
Transfer/sec:     50.04MB

--- metrics ---
requests=3002
duration_s=60.004507
bytes=3148632690
rps=50.03
p50_ms=2.643
p95_ms=3.447
p99_ms=3.775
p999_ms=4.191
err_connect=0
err_read=0
err_write=0
err_status=0
err_timeout=0
--- end ---
