Running 1m test @ http://127.0.0.1:8083/json
  2 threads and 100 connections
  Thread calibration: mean lat.: 1.756ms, rate sampling interval: 10ms
  Thread calibration: mean lat.: 1.273ms, rate sampling interval: 10ms
  Thread Stats   Avg      Stdev     Max   +/- Stdev
    Latency     1.48ms  661.25us   6.62ms   69.04%
    Req/Sec     1.06k     1.36k    5.55k    89.75%
  Latency Distribution (HdrHistogram - Recorded Latency)
 50.000%    1.40ms
 75.000%    1.89ms
 90.000%    2.33ms
 99.000%    3.48ms
 99.900%    4.32ms
 99.990%    5.53ms
 99.999%    6.53ms
100.000%    6.63ms

  Detailed Percentile spectrum:
       Value   Percentile   TotalCount 1/(1-Percentile)

       0.150     0.000000            3         1.00
       0.713     0.100000         9998         1.11
       0.900     0.200000        19942         1.25
       1.065     0.300000        29883         1.43
       1.234     0.400000        39849         1.67
       1.405     0.500000        49806         2.00
       1.494     0.550000        54753         2.22
       1.587     0.600000        59721         2.50
       1.682     0.650000        64688         2.86
       1.782     0.700000        69662         3.33
       1.889     0.750000        74642         4.00
       1.947     0.775000        77124         4.44
       2.010     0.800000        79629         5.00
       2.079     0.825000        82092         5.71
       2.159     0.850000        84633         6.67
       2.241     0.875000        87065         8.00
       2.285     0.887500        88329         8.89
       2.329     0.900000        89557        10.00
       2.377     0.912500        90802        11.43
       2.433     0.925000        92072        13.33
       2.501     0.937500        93286        16.00
       2.547     0.943750        93928        17.78
       2.609     0.950000        94528        20.00
       2.697     0.956250        95165        22.86
       2.805     0.962500        95772        26.67
       2.919     0.968750        96397        32.00
       2.979     0.971875        96712        35.56
       3.043     0.975000        97017        40.00
       3.117     0.978125        97330        45.71
       3.197     0.981250        97644        53.33
       3.279     0.984375        97948        64.00
       3.327     0.985938        98105        71.11
       3.379     0.987500        98257        80.00
       3.437     0.989062        98413        91.43
       3.511     0.990625        98574       106.67
       3.607     0.992188        98724       128.00
       3.657     0.992969        98802       142.22
       3.703     0.993750        98880       160.00
       3.763     0.994531        98957       182.86
       3.821     0.995313        99037       213.33
       3.893     0.996094        99113       256.00
       3.929     0.996484        99151       284.44
       3.969     0.996875        99190       320.00
       4.013     0.997266        99232       365.71
       4.057     0.997656        99268       426.67
       4.131     0.998047        99307       512.00
       4.155     0.998242        99326       568.89
       4.199     0.998437        99346       640.00
       4.231     0.998633        99364       731.43
       4.259     0.998828        99387       853.33
       4.323     0.999023        99404      1024.00
       4.339     0.999121        99413      1137.78
       4.363     0.999219        99423      1280.00
       4.383     0.999316        99432      1462.86
       4.411     0.999414        99442      1706.67
       4.463     0.999512        99452      2048.00
       4.495     0.999561        99458      2275.56
       4.519     0.999609        99462      2560.00
       4.527     0.999658        99466      2925.71
       4.563     0.999707        99472      3413.33
       4.567     0.999756        99476      4096.00
       4.635     0.999780        99479      4551.11
       4.719     0.999805        99481      5120.00
       5.007     0.999829        99483      5851.43
       5.179     0.999854        99486      6826.67
       5.511     0.999878        99488      8192.00
       5.535     0.999890        99490      9102.22
       5.751     0.999902        99491     10240.00
       5.883     0.999915        99492     11702.86
       5.935     0.999927        99493     13653.33
       6.007     0.999939        99494     16384.00
       6.015     0.999945        99495     18204.44
       6.227     0.999951        99496     20480.00
       6.227     0.999957        99496     23405.71
       6.271     0.999963        99497     27306.67
       6.271     0.999969        99497     32768.00
       6.519     0.999973        99498     36408.89
       6.519     0.999976        99498     40960.00
       6.519     0.999979        99498     46811.43
       6.531     0.999982        99499     54613.33
       6.531     0.999985        99499     65536.00
       6.531     0.999986        99499     72817.78
       6.531     0.999988        99499     81920.00
       6.531     0.999989        99499     93622.86
       6.627     0.999991        99500    109226.67
       6.627     1.000000        99500          inf
#[Mean    =        1.485, StdDeviation   =        0.661]
#[Max     =        6.624, Total count    =        99500]
#[Buckets =           27, SubBuckets     =         2048]
----------------------------------------------------------
  118902 requests in 1.00m, 145.03MB read
Requests/sec:   1981.60
Transfer/sec:      2.42MB

--- metrics ---
requests=118902
duration_s=60.003107
bytes=152075158
rps=1981.60
p50_ms=1.405
p95_ms=2.609
p99_ms=3.479
p999_ms=4.315
err_connect=0
err_read=0
err_write=0
err_status=0
err_timeout=0
--- end ---
