Running 30s test @ http://127.0.0.1:8080/file1m
  2 threads and 50 connections
  Thread calibration: mean lat.: 4.620ms, rate sampling interval: 10ms
  Thread calibration: mean lat.: 5.875ms, rate sampling interval: 10ms
  Thread Stats   Avg      Stdev     Max   +/- Stdev
    Latency     4.86ms    7.74ms  46.56ms   96.32%
    Req/Sec    25.16     69.51   400.00     87.36%
  Latency Distribution (HdrHistogram - Recorded Latency)
 50.000%    3.30ms
 75.000%    3.88ms
 90.000%    4.73ms
 99.000%   44.96ms
 99.900%   46.11ms
 99.990%   46.59ms
 99.999%   46.59ms
100.000%   46.59ms

  Detailed Percentile spectrum:
       Value   Percentile   TotalCount 1/(1-Percentile)

       1.600     0.000000            1         1.00
       2.475     0.100000           95         1.11
       2.735     0.200000          192         1.25
       2.919     0.300000          286         1.43
       3.101     0.400000          380         1.67
       3.299     0.500000          475         2.00
       3.395     0.550000          523         2.22
       3.489     0.600000          570         2.50
       3.581     0.650000          618         2.86
       3.703     0.700000          665         3.33
       3.879     0.750000          713         4.00
       3.975     0.775000          737         4.44
       4.067     0.800000          760         5.00
       4.195     0.825000          784         5.71
       4.327     0.850000          809         6.67
       4.531     0.875000          832         8.00
       4.595     0.887500          845         8.89
       4.731     0.900000          855        10.00
       4.875     0.912500          867        11.43
       4.983     0.925000          879        13.33
       5.119     0.937500          892        16.00
       5.155     0.943750          897        17.78
       5.331     0.950000          903        20.00
       5.623     0.956250          909        22.86
       6.431     0.962500          915        26.67
      43.327     0.968750          923        32.00
      43.519     0.971875          924        35.56
      43.775     0.975000          927        40.00
      43.967     0.978125          930        45.71
      44.191     0.981250          933        53.33
      44.319     0.984375          936        64.00
      44.383     0.985938          937        71.11
      44.671     0.987500          939        80.00
      44.703     0.989062          940        91.43
      44.991     0.990625          942       106.67
      45.023     0.992188          943       128.00
      45.087     0.992969          944       142.22
      45.119     0.993750          945       160.00
      45.119     0.994531          945       182.86
      45.151     0.995313          946       213.33
      45.599     0.996094          947       256.00
      45.599     0.996484          947       284.44
      45.919     0.996875          948       320.00
      45.919     0.997266          948       365.71
      45.919     0.997656          948       426.67
      46.111     0.998047          949       512.00
      46.111     0.998242          949       568.89
      46.111     0.998437          949       640.00
      46.111     0.998633          949       731.43
      46.111     0.998828          949       853.33
      46.591     0.999023          950      1024.00
      46.591     1.000000          950          inf
#[Mean    =        4.862, StdDeviation   =        7.741]
#[Max     =       46.560, Total count    =          950]
#[Buckets =           27, SubBuckets     =         2048]
----------------------------------------------------------
  1502 requests in 30.00s, 1.47GB read
Requests/sec:     50.06
Transfer/sec:     50.07MB

--- metrics ---
requests=1502
duration_s=30.004492
bytes=1575178942
rps=50.06
p50_ms=3.299
p95_ms=5.331
p99_ms=44.959
p999_ms=46.111
err_connect=0
err_read=0
err_write=0
err_status=0
err_timeout=0
--- end ---
