Running 1m test @ http://127.0.0.1:8083/file50k
  2 threads and 100 connections
  Thread calibration: mean lat.: 2.045ms, rate sampling interval: 10ms
  Thread calibration: mean lat.: 1.905ms, rate sampling interval: 10ms
  Thread Stats   Avg      Stdev     Max   +/- Stdev
    Latency     1.25ms  432.90us   3.67ms   66.53%
    Req/Sec   157.83     95.55   333.00     69.87%
  Latency Distribution (HdrHistogram - Recorded Latency)
 50.000%    1.24ms
 75.000%    1.54ms
 90.000%    1.81ms
 99.000%    2.32ms
 99.900%    2.61ms
 99.990%    3.05ms
 99.999%    3.67ms
100.000%    3.67ms

  Detailed Percentile spectrum:
       Value   Percentile   TotalCount 1/(1-Percentile)

       0.127     0.000000            1         1.00
       0.690     0.100000         1498         1.11
       0.852     0.200000         2981         1.25
       0.995     0.300000         4471         1.43
       1.123     0.400000         5964         1.67
       1.242     0.500000         7457         2.00
       1.297     0.550000         8201         2.22
       1.353     0.600000         8941         2.50
       1.412     0.650000         9687         2.86
       1.471     0.700000        10435         3.33
       1.540     0.750000        11175         4.00
       1.573     0.775000        11550         4.44
       1.612     0.800000        11924         5.00
       1.652     0.825000        12297         5.71
       1.697     0.850000        12672         6.67
       1.745     0.875000        13040         8.00
       1.776     0.887500        13226         8.89
       1.814     0.900000        13411        10.00
       1.849     0.912500        13597        11.43
       1.894     0.925000        13783        13.33
       1.949     0.937500        13973        16.00
       1.976     0.943750        14062        17.78
       2.005     0.950000        14156        20.00
       2.039     0.956250        14251        22.86
       2.077     0.962500        14346        26.67
       2.115     0.968750        14436        32.00
       2.139     0.971875        14483        35.56
       2.171     0.975000        14530        40.00
       2.195     0.978125        14580        45.71
       2.225     0.981250        14622        53.33
       2.255     0.984375        14668        64.00
       2.271     0.985938        14692        71.11
       2.283     0.987500        14714        80.00
       2.299     0.989062        14738        91.43
       2.319     0.990625        14761       106.67
       2.347     0.992188        14784       128.00
       2.361     0.992969        14797       142.22
       2.379     0.993750        14809       160.00
       2.391     0.994531        14821       182.86
       2.417     0.995313        14831       213.33
       2.441     0.996094        14842       256.00
       2.455     0.996484        14849       284.44
       2.471     0.996875        14854       320.00
       2.485     0.997266        14860       365.71
       2.497     0.997656        14866       426.67
       2.515     0.998047        14871       512.00
       2.543     0.998242        14876       568.89
       2.549     0.998437        14877       640.00
       2.573     0.998633        14880       731.43
       2.613     0.998828        14885       853.33
       2.615     0.999023        14886      1024.00
       2.623     0.999121        14888      1137.78
       2.625     0.999219        14889      1280.00
       2.629     0.999316        14890      1462.86
       2.651     0.999414        14892      1706.67
       2.659     0.999512        14893      2048.00
       2.665     0.999561        14894      2275.56
       2.681     0.999609        14895      2560.00
       2.681     0.999658        14895      2925.71
       2.705     0.999707        14896      3413.33
       2.755     0.999756        14897      4096.00
       2.755     0.999780        14897      4551.11
       2.883     0.999805        14898      5120.00
       2.883     0.999829        14898      5851.43
       2.883     0.999854        14898      6826.67
       3.053     0.999878        14899      8192.00
       3.053     0.999890        14899      9102.22
       3.053     0.999902        14899     10240.00
       3.053     0.999915        14899     11702.86
       3.053     0.999927        14899     13653.33
       3.673     0.999939        14900     16384.00
       3.673     1.000000        14900          inf
#[Mean    =        1.250, StdDeviation   =        0.433]
#[Max     =        3.672, Total count    =        14900]
#[Buckets =           27, SubBuckets     =         2048]
----------------------------------------------------------
  18002 requests in 1.00m, 0.86GB read
Requests/sec:    300.02
Transfer/sec:     14.73MB

--- metrics ---
requests=18002
duration_s=60.002674
bytes=926472930
rps=300.02
p50_ms=1.242
p95_ms=2.005
p99_ms=2.315
p999_ms=2.613
err_connect=0
err_read=0
err_write=0
err_status=0
err_timeout=0
--- end ---
