Running 1m test @ http://127.0.0.1:8084/file50k
  2 threads and 100 connections
  Thread calibration: mean lat.: 1.358ms, rate sampling interval: 10ms
  Thread calibration: mean lat.: 1.359ms, rate sampling interval: 10ms
  Thread Stats   Avg      Stdev     Max   +/- Stdev
    Latency     1.34ms  386.12us   4.30ms   67.38%
    Req/Sec   158.95     95.93   333.00     70.07%
  Latency Distribution (HdrHistogram - Recorded Latency)
 50.000%    1.33ms
 75.000%    1.59ms
 90.000%    1.83ms
 99.000%    2.36ms
 99.900%    2.64ms
 99.990%    3.06ms
 99.999%    4.30ms
100.000%    4.30ms

  Detailed Percentile spectrum:
       Value   Percentile   TotalCount 1/(1-Percentile)

       0.328     0.000000            1         1.00
       0.839     0.100000         1495         1.11
       0.986     0.200000         2985         1.25
       1.107     0.300000         4470         1.43
       1.217     0.400000         5966         1.67
       1.325     0.500000         7459         2.00
       1.376     0.550000         8199         2.22
       1.428     0.600000         8949         2.50
       1.477     0.650000         9685         2.86
       1.532     0.700000        10438         3.33
       1.588     0.750000        11185         4.00
       1.617     0.775000        11551         4.44
       1.653     0.800000        11921         5.00
       1.689     0.825000        12300         5.71
       1.727     0.850000        12670         6.67
       1.773     0.875000        13041         8.00
       1.797     0.887500        13227         8.89
       1.829     0.900000        13413        10.00
       1.868     0.912500        13602        11.43
       1.907     0.925000        13786        13.33
       1.953     0.937500        13969        16.00
       1.979     0.943750        14062        17.78
       2.006     0.950000        14155        20.00
       2.042     0.956250        14250        22.86
       2.075     0.962500        14345        26.67
       2.113     0.968750        14437        32.00
       2.143     0.971875        14483        35.56
       2.171     0.975000        14528        40.00
       2.201     0.978125        14577        45.71
       2.231     0.981250        14622        53.33
       2.271     0.984375        14669        64.00
       2.289     0.985938        14692        71.11
       2.311     0.987500        14715        80.00
       2.345     0.989062        14742        91.43
       2.367     0.990625        14762       106.67
       2.391     0.992188        14784       128.00
       2.409     0.992969        14796       142.22
       2.431     0.993750        14807       160.00
       2.449     0.994531        14819       182.86
       2.477     0.995313        14831       213.33
       2.501     0.996094        14844       256.00
       2.513     0.996484        14848       284.44
       2.527     0.996875        14854       320.00
       2.543     0.997266        14861       365.71
       2.573     0.997656        14866       426.67
       2.585     0.998047        14871       512.00
       2.589     0.998242        14874       568.89
       2.597     0.998437        14877       640.00
       2.613     0.998633        14882       731.43
       2.621     0.998828        14883       853.33
       2.643     0.999023        14886      1024.00
       2.649     0.999121        14887      1137.78
       2.671     0.999219        14889      1280.00
       2.679     0.999316        14890      1462.86
       2.697     0.999414        14892      1706.67
       2.715     0.999512        14893      2048.00
       2.717     0.999561        14894      2275.56
       2.729     0.999609        14895      2560.00
       2.729     0.999658        14895      2925.71
       2.741     0.999707        14896      3413.33
       2.763     0.999756        14897      4096.00
       2.763     0.999780        14897      4551.11
       2.987     0.999805        14898      5120.00
       2.987     0.999829        14898      5851.43
       2.987     0.999854        14898      6826.67
       3.057     0.999878        14899      8192.00
       3.057     0.999890        14899      9102.22
       3.057     0.999902        14899     10240.00
       3.057     0.999915        14899     11702.86
       3.057     0.999927        14899     13653.33
       4.299     0.999939        14900     16384.00
       4.299     1.000000        14900          inf
#[Mean    =        1.337, StdDeviation   =        0.386]
#[Max     =        4.296, Total count    =        14900]
#[Buckets =           27, SubBuckets     =         2048]
----------------------------------------------------------
  18002 requests in 1.00m, 0.86GB read
Requests/sec:    300.02
Transfer/sec:     14.69MB

--- metrics ---
requests=18002
duration_s=60.002961
bytes=924168674
rps=300.02
p50_ms=1.325
p95_ms=2.006
p99_ms=2.357
p999_ms=2.639
err_connect=0
err_read=0
err_write=0
err_status=0
err_timeout=0
--- end ---
