Running 1m test @ http://127.0.0.1:8082/file50k
  2 threads and 100 connections
  Thread calibration: mean lat.: 227.439ms, rate sampling interval: 739ms
  Thread calibration: mean lat.: 264.815ms, rate sampling interval: 707ms
  Thread Stats   Avg      Stdev     Max   +/- Stdev
    Latency   247.34ms  109.49ms 407.81ms   56.07%
    Req/Sec   150.09     19.32   210.00     86.13%
  Latency Distribution (HdrHistogram - Recorded Latency)
 50.000%  273.66ms
 75.000%  349.44ms
 90.000%  365.31ms
 99.000%  386.05ms
 99.900%  404.22ms
 99.990%  407.30ms
 99.999%  408.06ms
100.000%  408.06ms

  Detailed Percentile spectrum:
       Value   Percentile   TotalCount 1/(1-Percentile)

       0.774     0.000000            1         1.00
      85.375     0.100000         1492         1.11
      93.823     0.200000         2985         1.25
     187.263     0.300000         4475         1.43
     230.783     0.400000         5964         1.67
     273.663     0.500000         7455         2.00
     295.167     0.550000         8202         2.22
     316.159     0.600000         8943         2.50
     335.615     0.650000         9718         2.86
     342.527     0.700000        10450         3.33
     349.439     0.750000        11182         4.00
     352.767     0.775000        11551         4.44
     355.839     0.800000        11926         5.00
     358.911     0.825000        12331         5.71
     361.215     0.850000        12709         6.67
     363.263     0.875000        13061         8.00
     364.287     0.887500        13246         8.89
     365.311     0.900000        13434        10.00
     366.591     0.912500        13631        11.43
     367.615     0.925000        13784        13.33
     368.895     0.937500        13971        16.00
     369.663     0.943750        14062        17.78
     370.431     0.950000        14181        20.00
     371.199     0.956250        14281        22.86
     371.967     0.962500        14370        26.67
     372.735     0.968750        14443        32.00
     373.247     0.971875        14484        35.56
     374.015     0.975000        14536        40.00
     374.783     0.978125        14581        45.71
     375.807     0.981250        14622        53.33
     378.367     0.984375        14669        64.00
     379.647     0.985938        14691        71.11
     381.439     0.987500        14714        80.00
     384.511     0.989062        14739        91.43
     387.583     0.990625        14763       106.67
     391.167     0.992188        14785       128.00
     392.703     0.992969        14796       142.22
     393.983     0.993750        14807       160.00
     395.519     0.994531        14821       182.86
     397.055     0.995313        14834       213.33
     398.335     0.996094        14846       256.00
     398.847     0.996484        14850       284.44
     399.359     0.996875        14855       320.00
     400.127     0.997266        14860       365.71
     401.407     0.997656        14869       426.67
     401.663     0.998047        14872       512.00
     402.175     0.998242        14874       568.89
     403.199     0.998437        14877       640.00
     403.711     0.998633        14882       731.43
     403.967     0.998828        14883       853.33
     404.479     0.999023        14888      1024.00
     404.479     0.999121        14888      1137.78
     404.735     0.999219        14889      1280.00
     404.991     0.999316        14890      1462.86
     405.759     0.999414        14893      1706.67
     405.759     0.999512        14893      2048.00
     406.015     0.999561        14894      2275.56
     406.271     0.999609        14895      2560.00
     406.271     0.999658        14895      2925.71
     406.527     0.999707        14896      3413.33
     406.783     0.999756        14897      4096.00
     406.783     0.999780        14897      4551.11
     407.039     0.999805        14898      5120.00
     407.039     0.999829        14898      5851.43
     407.039     0.999854        14898      6826.67
     407.295     0.999878        14899      8192.00
     407.295     0.999890        14899      9102.22
     407.295     0.999902        14899     10240.00
     407.295     0.999915        14899     11702.86
     407.295     0.999927        14899     13653.33
     408.063     0.999939        14900     16384.00
     408.063     1.000000        14900          inf
#[Mean    =      247.344, StdDeviation   =      109.488]
#[Max     =      407.808, Total count    =        14900]
#[Buckets =           27, SubBuckets     =         2048]
----------------------------------------------------------
  17777 requests in 1.00m, 0.85GB read
Requests/sec:    296.25
Transfer/sec:     14.51MB

--- metrics ---
requests=17777
duration_s=60.005924
bytes=912955612
rps=296.25
p50_ms=273.663
p95_ms=370.431
p99_ms=386.047
p999_ms=404.223
err_connect=0
err_read=0
err_write=0
err_status=0
err_timeout=0
--- end ---
