Running 1m test @ http://127.0.0.1:8083/file50k
  2 threads and 100 connections
  Thread calibration: mean lat.: 1.295ms, rate sampling interval: 10ms
  Thread calibration: mean lat.: 2.465ms, rate sampling interval: 10ms
  Thread Stats   Avg      Stdev     Max   +/- Stdev
    Latency     1.82ms  812.85us   5.38ms   68.53%
    Req/Sec   159.02    580.93     5.55k    97.93%
  Latency Distribution (HdrHistogram - Recorded Latency)
 50.000%    1.64ms
 75.000%    2.30ms
 90.000%    3.07ms
 99.000%    3.90ms
 99.900%    5.07ms
 99.990%    5.37ms
 99.999%    5.38ms
100.000%    5.38ms

  Detailed Percentile spectrum:
       Value   Percentile   TotalCount 1/(1-Percentile)

       0.348     0.000000            1         1.00
       0.893     0.100000         1496         1.11
       1.127     0.200000         2987         1.25
       1.312     0.300000         4484         1.43
       1.485     0.400000         5966         1.67
       1.641     0.500000         7454         2.00
       1.730     0.550000         8195         2.22
       1.840     0.600000         8940         2.50
       1.978     0.650000         9685         2.86
       2.131     0.700000        10439         3.33
       2.303     0.750000        11179         4.00
       2.395     0.775000        11553         4.44
       2.503     0.800000        11927         5.00
       2.615     0.825000        12294         5.71
       2.761     0.850000        12670         6.67
       2.899     0.875000        13039         8.00
       2.989     0.887500        13227         8.89
       3.069     0.900000        13413        10.00
       3.159     0.912500        13602        11.43
       3.243     0.925000        13785        13.33
       3.323     0.937500        13969        16.00
       3.367     0.943750        14062        17.78
       3.403     0.950000        14159        20.00
       3.445     0.956250        14252        22.86
       3.497     0.962500        14342        26.67
       3.551     0.968750        14435        32.00
       3.583     0.971875        14482        35.56
       3.615     0.975000        14529        40.00
       3.647     0.978125        14576        45.71
       3.693     0.981250        14624        53.33
       3.751     0.984375        14668        64.00
       3.789     0.985938        14692        71.11
       3.833     0.987500        14714        80.00
       3.871     0.989062        14738        91.43
       3.935     0.990625        14761       106.67
       4.035     0.992188        14784       128.00
       4.083     0.992969        14796       142.22
       4.163     0.993750        14807       160.00
       4.255     0.994531        14819       182.86
       4.291     0.995313        14831       213.33
       4.415     0.996094        14842       256.00
       4.475     0.996484        14848       284.44
       4.503     0.996875        14854       320.00
       4.579     0.997266        14860       365.71
       4.667     0.997656        14866       426.67
       4.731     0.998047        14873       512.00
       4.743     0.998242        14874       568.89
       4.859     0.998437        14877       640.00
       4.999     0.998633        14880       731.43
       5.051     0.998828        14883       853.33
       5.071     0.999023        14886      1024.00
       5.111     0.999121        14887      1137.78
       5.127     0.999219        14889      1280.00
       5.159     0.999316        14891      1462.86
       5.183     0.999414        14892      1706.67
       5.187     0.999512        14893      2048.00
       5.223     0.999561        14894      2275.56
       5.231     0.999609        14895      2560.00
       5.231     0.999658        14895      2925.71
       5.235     0.999707        14896      3413.33
       5.239     0.999756        14897      4096.00
       5.239     0.999780        14897      4551.11
       5.303     0.999805        14898      5120.00
       5.303     0.999829        14898      5851.43
       5.303     0.999854        14898      6826.67
       5.367     0.999878        14899      8192.00
       5.367     0.999890        14899      9102.22
       5.367     0.999902        14899     10240.00
       5.367     0.999915        14899     11702.86
       5.367     0.999927        14899     13653.33
       5.383     0.999939        14900     16384.00
       5.383     1.000000        14900          inf
#[Mean    =        1.821, StdDeviation   =        0.813]
#[Max     =        5.380, Total count    =        14900]
#[Buckets =           27, SubBuckets     =         2048]
----------------------------------------------------------
  17852 requests in 1.00m, 0.86GB read
Requests/sec:    297.52
Transfer/sec:     14.60MB

--- metrics ---
requests=17852
duration_s=60.002398
bytes=918753180
rps=297.52
p50_ms=1.641
p95_ms=3.403
p99_ms=3.897
p999_ms=5.067
err_connect=0
err_read=0
err_write=0
err_status=0
err_timeout=0
--- end ---
