Running 1m test @ http://127.0.0.1:8082/file50k
  2 threads and 100 connections
  Thread calibration: mean lat.: 246.371ms, rate sampling interval: 637ms
  Thread calibration: mean lat.: 246.182ms, rate sampling interval: 637ms
  Thread Stats   Avg      Stdev     Max   +/- Stdev
    Latency   246.09ms   59.29ms 335.10ms   69.23%
    Req/Sec   149.35     11.22   157.00     80.77%
  Latency Distribution (HdrHistogram - Recorded Latency)
 50.000%  249.60ms
 75.000%  292.10ms
 90.000%  318.46ms
 99.000%  332.80ms
 99.900%  333.82ms
 99.990%  334.85ms
 99.999%  335.36ms
100.000%  335.36ms

  Detailed Percentile spectrum:
       Value   Percentile   TotalCount 1/(1-Percentile)

       1.366     0.000000            1         1.00
     180.991     0.100000         1497         1.11
     197.887     0.200000         2986         1.25
     215.423     0.300000         4473         1.43
     232.447     0.400000         5962         1.67
     249.599     0.500000         7450         2.00
     257.919     0.550000         8201         2.22
     266.751     0.600000         8942         2.50
     275.199     0.650000         9687         2.86
     283.903     0.700000        10449         3.33
     292.095     0.750000        11193         4.00
     296.703     0.775000        11570         4.44
     301.055     0.800000        11932         5.00
     305.407     0.825000        12323         5.71
     309.247     0.850000        12673         6.67
     313.343     0.875000        13043         8.00
     315.903     0.887500        13253         8.89
     318.463     0.900000        13432        10.00
     319.743     0.912500        13609        11.43
     322.303     0.925000        13783        13.33
     323.839     0.937500        13973        16.00
     325.631     0.943750        14074        17.78
     326.143     0.950000        14157        20.00
     326.911     0.956250        14257        22.86
     329.471     0.962500        14362        26.67
     329.983     0.968750        14456        32.00
     330.239     0.971875        14501        35.56
     330.495     0.975000        14535        40.00
     331.007     0.978125        14578        45.71
     331.775     0.981250        14624        53.33
     332.287     0.984375        14692        64.00
     332.287     0.985938        14692        71.11
     332.543     0.987500        14736        80.00
     332.799     0.989062        14776        91.43
     332.799     0.990625        14776       106.67
     333.055     0.992188        14816       128.00
     333.055     0.992969        14816       142.22
     333.055     0.993750        14816       160.00
     333.311     0.994531        14847       182.86
     333.311     0.995313        14847       213.33
     333.311     0.996094        14847       256.00
     333.567     0.996484        14869       284.44
     333.567     0.996875        14869       320.00
     333.567     0.997266        14869       365.71
     333.567     0.997656        14869       426.67
     333.823     0.998047        14892       512.00
     333.823     0.998242        14892       568.89
     333.823     0.998437        14892       640.00
     333.823     0.998633        14892       731.43
     333.823     0.998828        14892       853.33
     333.823     0.999023        14892      1024.00
     333.823     0.999121        14892      1137.78
     333.823     0.999219        14892      1280.00
     333.823     0.999316        14892      1462.86
     333.823     0.999414        14892      1706.67
     334.079     0.999512        14895      2048.00
     334.079     0.999561        14895      2275.56
     334.079     0.999609        14895      2560.00
     334.079     0.999658        14895      2925.71
     334.335     0.999707        14896      3413.33
     334.591     0.999756        14898      4096.00
     334.591     0.999780        14898      4551.11
     334.591     0.999805        14898      5120.00
     334.591     0.999829        14898      5851.43
     334.591     0.999854        14898      6826.67
     334.847     0.999878        14899      8192.00
     334.847     0.999890        14899      9102.22
     334.847     0.999902        14899     10240.00
     334.847     0.999915        14899     11702.86
     334.847     0.999927        14899     13653.33
     335.359     0.999939        14900     16384.00
     335.359     1.000000        14900          inf
#[Mean    =      246.086, StdDeviation   =       59.289]
#[Max     =      335.104, Total count    =        14900]
#[Buckets =           27, SubBuckets     =         2048]
----------------------------------------------------------
  17904 requests in 1.00m, 0.86GB read
Requests/sec:    298.38
Transfer/sec:     14.61MB

--- metrics ---
requests=17904
duration_s=60.003532
bytes=919477824
rps=298.38
p50_ms=249.599
p95_ms=326.143
p99_ms=332.799
p999_ms=333.823
err_connect=0
err_read=0
err_write=0
err_status=0
err_timeout=0
--- end ---
