Running 1m test @ http://127.0.0.1:8081/file1m
  2 threads and 50 connections
  Thread calibration: mean lat.: 3.404ms, rate sampling interval: 11ms
  Thread calibration: mean lat.: 21.312ms, rate sampling interval: 65ms
  Thread Stats   Avg      Stdev     Max   +/- Stdev
    Latency    11.82ms   10.55ms  36.64ms   75.88%
    Req/Sec    25.44     73.35   500.00     89.05%
  Latency Distribution (HdrHistogram - Recorded Latency)
 50.000%    6.31ms
 75.000%   22.06ms
 90.000%   28.05ms
 99.000%   33.66ms
 99.900%   36.03ms
 99.990%   36.67ms
 99.999%   36.67ms
100.000%   36.67ms

  Detailed Percentile spectrum:
       Value   Percentile   TotalCount 1/(1-Percentile)

       1.261     0.000000            1         1.00
       2.177     0.100000          245         1.11
       2.467     0.200000          490         1.25
       2.795     0.300000          735         1.43
       3.239     0.400000          981         1.67
       6.311     0.500000         1225         2.00
       9.247     0.550000         1348         2.22
      12.247     0.600000         1470         2.50
      15.855     0.650000         1593         2.86
      19.311     0.700000         1716         3.33
      22.063     0.750000         1838         4.00
      23.103     0.775000         1899         4.44
      24.287     0.800000         1960         5.00
      25.311     0.825000         2022         5.71
      26.207     0.850000         2083         6.67
      27.135     0.875000         2144         8.00
      27.519     0.887500         2175         8.89
      28.047     0.900000         2205        10.00
      28.543     0.912500         2236        11.43
      29.023     0.925000         2267        13.33
      29.743     0.937500         2297        16.00
      30.127     0.943750         2313        17.78
      30.479     0.950000         2328        20.00
      30.863     0.956250         2344        22.86
      31.247     0.962500         2359        26.67
      31.791     0.968750         2375        32.00
      31.967     0.971875         2383        35.56
      32.287     0.975000         2389        40.00
      32.495     0.978125         2397        45.71
      32.831     0.981250         2405        53.33
      33.151     0.984375         2413        64.00
      33.279     0.985938         2416        71.11
      33.407     0.987500         2421        80.00
      33.631     0.989062         2425        91.43
      33.791     0.990625         2428       106.67
      34.015     0.992188         2432       128.00
      34.079     0.992969         2433       142.22
      34.175     0.993750         2436       160.00
      34.431     0.994531         2437       182.86
      34.591     0.995313         2439       213.33
      34.751     0.996094         2441       256.00
      34.815     0.996484         2442       284.44
      35.327     0.996875         2443       320.00
      35.455     0.997266         2444       365.71
      35.519     0.997656         2445       426.67
      35.615     0.998047         2446       512.00
      35.615     0.998242         2446       568.89
      35.967     0.998437         2447       640.00
      35.967     0.998633         2447       731.43
      36.031     0.998828         2448       853.33
      36.031     0.999023         2448      1024.00
      36.031     0.999121         2448      1137.78
      36.639     0.999219         2449      1280.00
      36.639     0.999316         2449      1462.86
      36.639     0.999414         2449      1706.67
      36.639     0.999512         2449      2048.00
      36.639     0.999561         2449      2275.56
      36.671     0.999609         2450      2560.00
      36.671     1.000000         2450          inf
#[Mean    =       11.818, StdDeviation   =       10.548]
#[Max     =       36.640, Total count    =         2450]
#[Buckets =           27, SubBuckets     =         2048]
----------------------------------------------------------
  2977 requests in 1.00m, 2.91GB read
Requests/sec:     49.61
Transfer/sec:     49.63MB

--- metrics ---
requests=2977
duration_s=60.007647
bytes=3122739077
rps=49.61
p50_ms=6.311
p95_ms=30.479
p99_ms=33.663
p999_ms=36.031
err_connect=0
err_read=0
err_write=0
err_status=0
err_timeout=0
--- end ---
