Running 1m test @ http://127.0.0.1:8084/file50k
  2 threads and 100 connections
  Thread calibration: mean lat.: 1.391ms, rate sampling interval: 10ms
  Thread calibration: mean lat.: 1.401ms, rate sampling interval: 10ms
  Thread Stats   Avg      Stdev     Max   +/- Stdev
    Latency     1.39ms  387.72us   3.27ms   67.14%
    Req/Sec   158.92     95.97   333.00     70.26%
  Latency Distribution (HdrHistogram - Recorded Latency)
 50.000%    1.38ms
 75.000%    1.64ms
 90.000%    1.89ms
 99.000%    2.36ms
 99.900%    2.66ms
 99.990%    2.81ms
 99.999%    3.27ms
100.000%    3.27ms

  Detailed Percentile spectrum:
       Value   Percentile   TotalCount 1/(1-Percentile)

       0.222     0.000000            1         1.00
       0.884     0.100000         1497         1.11
       1.037     0.200000         2981         1.25
       1.159     0.300000         4476         1.43
       1.272     0.400000         5960         1.67
       1.382     0.500000         7452         2.00
       1.434     0.550000         8199         2.22
       1.487     0.600000         8949         2.50
       1.537     0.650000         9688         2.86
       1.589     0.700000        10441         3.33
       1.645     0.750000        11179         4.00
       1.680     0.775000        11564         4.44
       1.713     0.800000        11934         5.00
       1.749     0.825000        12298         5.71
       1.786     0.850000        12665         6.67
       1.835     0.875000        13039         8.00
       1.865     0.887500        13228         8.89
       1.893     0.900000        13411        10.00
       1.927     0.912500        13597        11.43
       1.964     0.925000        13790        13.33
       2.006     0.937500        13975        16.00
       2.024     0.943750        14063        17.78
       2.049     0.950000        14159        20.00
       2.079     0.956250        14250        22.86
       2.119     0.962500        14342        26.67
       2.159     0.968750        14435        32.00
       2.179     0.971875        14483        35.56
       2.201     0.975000        14535        40.00
       2.225     0.978125        14575        45.71
       2.253     0.981250        14621        53.33
       2.287     0.984375        14670        64.00
       2.301     0.985938        14691        71.11
       2.323     0.987500        14715        80.00
       2.349     0.989062        14743        91.43
       2.369     0.990625        14761       106.67
       2.395     0.992188        14786       128.00
       2.419     0.992969        14797       142.22
       2.435     0.993750        14807       160.00
       2.471     0.994531        14820       182.86
       2.491     0.995313        14831       213.33
       2.525     0.996094        14842       256.00
       2.531     0.996484        14848       284.44
       2.541     0.996875        14854       320.00
       2.563     0.997266        14860       365.71
       2.585     0.997656        14867       426.67
       2.595     0.998047        14871       512.00
       2.607     0.998242        14874       568.89
       2.627     0.998437        14877       640.00
       2.639     0.998633        14880       731.43
       2.645     0.998828        14883       853.33
       2.663     0.999023        14886      1024.00
       2.665     0.999121        14888      1137.78
       2.669     0.999219        14889      1280.00
       2.679     0.999316        14890      1462.86
       2.689     0.999414        14892      1706.67
       2.705     0.999512        14893      2048.00
       2.707     0.999561        14894      2275.56
       2.727     0.999609        14895      2560.00
       2.727     0.999658        14895      2925.71
       2.733     0.999707        14896      3413.33
       2.765     0.999756        14897      4096.00
       2.765     0.999780        14897      4551.11
       2.787     0.999805        14898      5120.00
       2.787     0.999829        14898      5851.43
       2.787     0.999854        14898      6826.67
       2.813     0.999878        14899      8192.00
       2.813     0.999890        14899      9102.22
       2.813     0.999902        14899     10240.00
       2.813     0.999915        14899     11702.86
       2.813     0.999927        14899     13653.33
       3.267     0.999939        14900     16384.00
       3.267     1.000000        14900          inf
#[Mean    =        1.389, StdDeviation   =        0.388]
#[Max     =        3.266, Total count    =        14900]
#[Buckets =           27, SubBuckets     =         2048]
----------------------------------------------------------
  18002 requests in 1.00m, 0.86GB read
Requests/sec:    300.02
Transfer/sec:     14.69MB

--- metrics ---
requests=18002
duration_s=60.002580
bytes=924168674
rps=300.02
p50_ms=1.382
p95_ms=2.049
p99_ms=2.359
p999_ms=2.661
err_connect=0
err_read=0
err_write=0
err_status=0
err_timeout=0
--- end ---
