Running 1m test @ http://127.0.0.1:8083/file50k
  2 threads and 100 connections
  Thread calibration: mean lat.: 4.243ms, rate sampling interval: 13ms
  Thread calibration: mean lat.: 3.938ms, rate sampling interval: 12ms
  Thread Stats   Avg      Stdev     Max   +/- Stdev
    Latency     3.88ms    1.76ms   8.98ms   61.40%
    Req/Sec   156.62    688.59     4.55k    94.74%
  Latency Distribution (HdrHistogram - Recorded Latency)
 50.000%    3.80ms
 75.000%    5.26ms
 90.000%    6.30ms
 99.000%    7.62ms
 99.900%    8.59ms
 99.990%    8.88ms
 99.999%    8.99ms
100.000%    8.99ms

  Detailed Percentile spectrum:
       Value   Percentile   TotalCount 1/(1-Percentile)

       0.294     0.000000            1         1.00
       1.509     0.100000         1490         1.11
       2.165     0.200000         2980         1.25
       2.765     0.300000         4472         1.43
       3.307     0.400000         5969         1.67
       3.795     0.500000         7452         2.00
       4.061     0.550000         8199         2.22
       4.343     0.600000         8949         2.50
       4.655     0.650000         9696         2.86
       4.967     0.700000        10438         3.33
       5.255     0.750000        11177         4.00
       5.415     0.775000        11554         4.44
       5.591     0.800000        11927         5.00
       5.771     0.825000        12300         5.71
       5.923     0.850000        12676         6.67
       6.107     0.875000        13049         8.00
       6.203     0.887500        13224         8.89
       6.299     0.900000        13415        10.00
       6.395     0.912500        13600        11.43
       6.503     0.925000        13785        13.33
       6.615     0.937500        13974        16.00
       6.687     0.943750        14069        17.78
       6.755     0.950000        14155        20.00
       6.839     0.956250        14250        22.86
       6.955     0.962500        14344        26.67
       7.051     0.968750        14440        32.00
       7.095     0.971875        14481        35.56
       7.159     0.975000        14528        40.00
       7.219     0.978125        14576        45.71
       7.307     0.981250        14622        53.33
       7.379     0.984375        14672        64.00
       7.411     0.985938        14691        71.11
       7.495     0.987500        14715        80.00
       7.579     0.989062        14738        91.43
       7.659     0.990625        14762       106.67
       7.739     0.992188        14784       128.00
       7.783     0.992969        14796       142.22
       7.851     0.993750        14807       160.00
       7.939     0.994531        14819       182.86
       7.975     0.995313        14831       213.33
       8.047     0.996094        14843       256.00
       8.083     0.996484        14848       284.44
       8.147     0.996875        14854       320.00
       8.247     0.997266        14860       365.71
       8.311     0.997656        14866       426.67
       8.383     0.998047        14871       512.00
       8.455     0.998242        14875       568.89
       8.463     0.998437        14878       640.00
       8.471     0.998633        14881       731.43
       8.487     0.998828        14883       853.33
       8.639     0.999023        14887      1024.00
       8.639     0.999121        14887      1137.78
       8.679     0.999219        14889      1280.00
       8.695     0.999316        14890      1462.86
       8.783     0.999414        14892      1706.67
       8.799     0.999512        14893      2048.00
       8.807     0.999561        14894      2275.56
       8.839     0.999609        14895      2560.00
       8.839     0.999658        14895      2925.71
       8.847     0.999707        14896      3413.33
       8.855     0.999756        14897      4096.00
       8.855     0.999780        14897      4551.11
       8.871     0.999805        14898      5120.00
       8.871     0.999829        14898      5851.43
       8.871     0.999854        14898      6826.67
       8.879     0.999878        14899      8192.00
       8.879     0.999890        14899      9102.22
       8.879     0.999902        14899     10240.00
       8.879     0.999915        14899     11702.86
       8.879     0.999927        14899     13653.33
       8.991     0.999939        14900     16384.00
       8.991     1.000000        14900          inf
#[Mean    =        3.883, StdDeviation   =        1.764]
#[Max     =        8.984, Total count    =        14900]
#[Buckets =           27, SubBuckets     =         2048]
----------------------------------------------------------
  17702 requests in 1.00m, 868.83MB read
Requests/sec:    295.02
Transfer/sec:     14.48MB

--- metrics ---
requests=17702
duration_s=60.002227
bytes=911033430
rps=295.02
p50_ms=3.795
p95_ms=6.755
p99_ms=7.619
p999_ms=8.591
err_connect=0
err_read=0
err_write=0
err_status=0
err_timeout=0
--- end ---
