Running 1m test @ http://127.0.0.1:8084/file1m
  2 threads and 50 connections
  Thread calibration: mean lat.: 2.739ms, rate sampling interval: 10ms
  Thread calibration: mean lat.: 2.724ms, rate sampling interval: 10ms
  Thread Stats   Avg      Stdev     Max   +/- Stdev
    Latency     2.72ms  505.09us   6.41ms   70.61%
    Req/Sec    25.95     69.43   333.00     87.22%
  Latency Distribution (HdrHistogram - Recorded Latency)
 50.000%    2.71ms
 75.000%    3.03ms
 90.000%    3.33ms
 99.000%    4.14ms
 99.900%    4.80ms
 99.990%    6.41ms
 99.999%    6.41ms
100.000%    6.41ms

  Detailed Percentile spectrum:
       Value   Percentile   TotalCount 1/(1-Percentile)

       1.192     0.000000            1         1.00
       2.107     0.100000          249         1.11
       2.299     0.200000          490         1.25
       2.441     0.300000          736         1.43
       2.583     0.400000          983         1.67
       2.711     0.500000         1227         2.00
       2.773     0.550000         1352         2.22
       2.835     0.600000         1472         2.50
       2.895     0.650000         1593         2.86
       2.951     0.700000         1716         3.33
       3.027     0.750000         1839         4.00
       3.067     0.775000         1902         4.44
       3.109     0.800000         1962         5.00
       3.159     0.825000         2022         5.71
       3.209     0.850000         2085         6.67
       3.255     0.875000         2144         8.00
       3.295     0.887500         2176         8.89
       3.325     0.900000         2206        10.00
       3.373     0.912500         2236        11.43
       3.445     0.925000         2268        13.33
       3.499     0.937500         2297        16.00
       3.523     0.943750         2313        17.78
       3.561     0.950000         2329        20.00
       3.615     0.956250         2343        22.86
       3.661     0.962500         2360        26.67
       3.709     0.968750         2374        32.00
       3.737     0.971875         2382        35.56
       3.779     0.975000         2389        40.00
       3.833     0.978125         2397        45.71
       3.901     0.981250         2405        53.33
       3.971     0.984375         2412        64.00
       4.003     0.985938         2416        71.11
       4.041     0.987500         2420        80.00
       4.083     0.989062         2424        91.43
       4.151     0.990625         2428       106.67
       4.187     0.992188         2431       128.00
       4.231     0.992969         2433       142.22
       4.251     0.993750         2435       160.00
       4.291     0.994531         2439       182.86
       4.291     0.995313         2439       213.33
       4.375     0.996094         2441       256.00
       4.423     0.996484         2442       284.44
       4.495     0.996875         2443       320.00
       4.567     0.997266         2444       365.71
       4.619     0.997656         2445       426.67
       4.679     0.998047         2446       512.00
       4.679     0.998242         2446       568.89
       4.787     0.998437         2447       640.00
       4.787     0.998633         2447       731.43
       4.795     0.998828         2448       853.33
       4.795     0.999023         2448      1024.00
       4.795     0.999121         2448      1137.78
       5.767     0.999219         2449      1280.00
       5.767     0.999316         2449      1462.86
       5.767     0.999414         2449      1706.67
       5.767     0.999512         2449      2048.00
       5.767     0.999561         2449      2275.56
       6.411     0.999609         2450      2560.00
       6.411     1.000000         2450          inf
#[Mean    =        2.723, StdDeviation   =        0.505]
#[Max     =        6.408, Total count    =         2450]
#[Buckets =           27, SubBuckets     =         2048]
----------------------------------------------------------
  3002 requests in 1.00m, 2.93GB read
Requests/sec:     50.03
Transfer/sec:     50.04MB

--- metrics ---
requests=3002
duration_s=60.003629
bytes=3148242430
rps=50.03
p50_ms=2.711
p95_ms=3.561
p99_ms=4.135
p999_ms=4.795
err_connect=0
err_read=0
err_write=0
err_status=0
err_timeout=0
--- end ---
