Running 1m test @ http://127.0.0.1:8080/json
  2 threads and 100 connections
  Thread calibration: mean lat.: 1.630ms, rate sampling interval: 10ms
  Thread calibration: mean lat.: 1.404ms, rate sampling interval: 10ms
  Thread Stats   Avg      Stdev     Max   +/- Stdev
    Latency     1.55ms  653.05us   6.42ms   69.45%
    Req/Sec     1.05k     1.32k    5.55k    89.45%
  Latency Distribution (HdrHistogram - Recorded Latency)
 50.000%    1.45ms
 75.000%    1.92ms
 90.000%    2.45ms
 99.000%    3.52ms
 99.900%    4.57ms
 99.990%    5.61ms
 99.999%    6.30ms
100.000%    6.43ms

  Detailed Percentile spectrum:
       Value   Percentile   TotalCount 1/(1-Percentile)

       0.219     0.000000            1         1.00
       0.805     0.100000         9955         1.11
       0.988     0.200000        19946         1.25
       1.145     0.300000        29896         1.43
       1.298     0.400000        39851         1.67
       1.450     0.500000        49801         2.00
       1.533     0.550000        54727         2.22
       1.617     0.600000        59736         2.50
       1.707     0.650000        64714         2.86
       1.804     0.700000        69664         3.33
       1.923     0.750000        74655         4.00
       1.987     0.775000        77117         4.44
       2.061     0.800000        79648         5.00
       2.141     0.825000        82110         5.71
       2.237     0.850000        84613         6.67
       2.345     0.875000        87097         8.00
       2.397     0.887500        88320         8.89
       2.451     0.900000        89568        10.00
       2.509     0.912500        90796        11.43
       2.571     0.925000        92061        13.33
       2.633     0.937500        93291        16.00
       2.667     0.943750        93916        17.78
       2.705     0.950000        94529        20.00
       2.757     0.956250        95148        22.86
       2.831     0.962500        95774        26.67
       2.927     0.968750        96392        32.00
       2.991     0.971875        96710        35.56
       3.057     0.975000        97016        40.00
       3.129     0.978125        97328        45.71
       3.207     0.981250        97638        53.33
       3.305     0.984375        97951        64.00
       3.355     0.985938        98104        71.11
       3.411     0.987500        98261        80.00
       3.473     0.989062        98416        91.43
       3.551     0.990625        98571       106.67
       3.639     0.992188        98725       128.00
       3.689     0.992969        98802       142.22
       3.745     0.993750        98880       160.00
       3.813     0.994531        98957       182.86
       3.897     0.995313        99035       213.33
       3.989     0.996094        99112       256.00
       4.035     0.996484        99153       284.44
       4.069     0.996875        99192       320.00
       4.119     0.997266        99228       365.71
       4.195     0.997656        99267       426.67
       4.275     0.998047        99307       512.00
       4.311     0.998242        99327       568.89
       4.355     0.998437        99345       640.00
       4.399     0.998633        99364       731.43
       4.487     0.998828        99384       853.33
       4.583     0.999023        99406      1024.00
       4.627     0.999121        99414      1137.78
       4.667     0.999219        99424      1280.00
       4.699     0.999316        99432      1462.86
       4.755     0.999414        99442      1706.67
       4.879     0.999512        99452      2048.00
       4.915     0.999561        99457      2275.56
       4.943     0.999609        99462      2560.00
       5.023     0.999658        99466      2925.71
       5.119     0.999707        99471      3413.33
       5.199     0.999756        99476      4096.00
       5.247     0.999780        99480      4551.11
       5.259     0.999805        99481      5120.00
       5.311     0.999829        99484      5851.43
       5.347     0.999854        99486      6826.67
       5.423     0.999878        99488      8192.00
       5.611     0.999890        99492      9102.22
       5.611     0.999902        99492     10240.00
       5.611     0.999915        99492     11702.86
       5.795     0.999927        99493     13653.33
       5.951     0.999939        99494     16384.00
       5.963     0.999945        99495     18204.44
       6.075     0.999951        99496     20480.00
       6.075     0.999957        99496     23405.71
       6.119     0.999963        99497     27306.67
       6.119     0.999969        99497     32768.00
       6.203     0.999973        99498     36408.89
       6.203     0.999976        99498     40960.00
       6.203     0.999979        99498     46811.43
       6.295     0.999982        99499     54613.33
       6.295     0.999985        99499     65536.00
       6.295     0.999986        99499     72817.78
       6.295     0.999988        99499     81920.00
       6.295     0.999989        99499     93622.86
       6.427     0.999991        99500    109226.67
       6.427     1.000000        99500          inf
#[Mean    =        1.553, StdDeviation   =        0.653]
#[Max     =        6.424, Total count    =        99500]
#[Buckets =           27, SubBuckets     =         2048]
----------------------------------------------------------
  118902 requests in 1.00m, 131.31MB read
Requests/sec:   1981.62
Transfer/sec:      2.19MB

--- metrics ---
requests=118902
duration_s=60.002517
bytes=137688516
rps=1981.62
p50_ms=1.450
p95_ms=2.705
p99_ms=3.519
p999_ms=4.567
err_connect=0
err_read=0
err_write=0
err_status=0
err_timeout=0
--- end ---
