Running 1m test @ http://127.0.0.1:8083/file50k
  2 threads and 100 connections
  Thread calibration: mean lat.: 1.275ms, rate sampling interval: 10ms
  Thread calibration: mean lat.: 1.293ms, rate sampling interval: 10ms
  Thread Stats   Avg      Stdev     Max   +/- Stdev
    Latency     1.29ms  397.42us   3.09ms   66.52%
    Req/Sec   158.37     94.71   333.00     70.83%
  Latency Distribution (HdrHistogram - Recorded Latency)
 50.000%    1.28ms
 75.000%    1.55ms
 90.000%    1.80ms
 99.000%    2.31ms
 99.900%    2.61ms
 99.990%    3.05ms
 99.999%    3.09ms
100.000%    3.09ms

  Detailed Percentile spectrum:
       Value   Percentile   TotalCount 1/(1-Percentile)

       0.304     0.000000            1         1.00
       0.774     0.100000         1493         1.11
       0.926     0.200000         2993         1.25
       1.058     0.300000         4475         1.43
       1.173     0.400000         5972         1.67
       1.279     0.500000         7456         2.00
       1.333     0.550000         8200         2.22
       1.383     0.600000         8943         2.50
       1.437     0.650000         9698         2.86
       1.496     0.700000        10442         3.33
       1.553     0.750000        11186         4.00
       1.588     0.775000        11549         4.44
       1.625     0.800000        11930         5.00
       1.662     0.825000        12307         5.71
       1.701     0.850000        12671         6.67
       1.746     0.875000        13042         8.00
       1.774     0.887500        13232         8.89
       1.804     0.900000        13413        10.00
       1.842     0.912500        13600        11.43
       1.880     0.925000        13789        13.33
       1.922     0.937500        13971        16.00
       1.948     0.943750        14064        17.78
       1.975     0.950000        14158        20.00
       2.006     0.956250        14251        22.86
       2.046     0.962500        14342        26.67
       2.089     0.968750        14437        32.00
       2.107     0.971875        14481        35.56
       2.129     0.975000        14529        40.00
       2.153     0.978125        14576        45.71
       2.185     0.981250        14621        53.33
       2.229     0.984375        14672        64.00
       2.247     0.985938        14692        71.11
       2.265     0.987500        14714        80.00
       2.291     0.989062        14740        91.43
       2.323     0.990625        14762       106.67
       2.343     0.992188        14784       128.00
       2.363     0.992969        14796       142.22
       2.383     0.993750        14807       160.00
       2.421     0.994531        14820       182.86
       2.439     0.995313        14832       213.33
       2.463     0.996094        14844       256.00
       2.475     0.996484        14849       284.44
       2.479     0.996875        14854       320.00
       2.507     0.997266        14860       365.71
       2.525     0.997656        14866       426.67
       2.547     0.998047        14872       512.00
       2.557     0.998242        14874       568.89
       2.569     0.998437        14877       640.00
       2.579     0.998633        14880       731.43
       2.585     0.998828        14883       853.33
       2.611     0.999023        14886      1024.00
       2.631     0.999121        14887      1137.78
       2.649     0.999219        14889      1280.00
       2.661     0.999316        14891      1462.86
       2.665     0.999414        14892      1706.67
       2.677     0.999512        14893      2048.00
       2.687     0.999561        14894      2275.56
       2.703     0.999609        14895      2560.00
       2.703     0.999658        14895      2925.71
       2.723     0.999707        14896      3413.33
       2.757     0.999756        14897      4096.00
       2.757     0.999780        14897      4551.11
       2.791     0.999805        14898      5120.00
       2.791     0.999829        14898      5851.43
       2.791     0.999854        14898      6826.67
       3.045     0.999878        14899      8192.00
       3.045     0.999890        14899      9102.22
       3.045     0.999902        14899     10240.00
       3.045     0.999915        14899     11702.86
       3.045     0.999927        14899     13653.33
       3.089     0.999939        14900     16384.00
       3.089     1.000000        14900          inf
#[Mean    =        1.291, StdDeviation   =        0.397]
#[Max     =        3.088, Total count    =        14900]
#[Buckets =           27, SubBuckets     =         2048]
----------------------------------------------------------
  18002 requests in 1.00m, 0.86GB read
Requests/sec:    300.02
Transfer/sec:     14.73MB

--- metrics ---
requests=18002
duration_s=60.003116
bytes=926472930
rps=300.02
p50_ms=1.279
p95_ms=1.975
p99_ms=2.311
p999_ms=2.607
err_connect=0
err_read=0
err_write=0
err_status=0
err_timeout=0
--- end ---
