Running 1m test @ http://127.0.0.1:8081/file1m
  2 threads and 50 connections
  Thread calibration: mean lat.: 2.932ms, rate sampling interval: 10ms
  Thread calibration: mean lat.: 2.913ms, rate sampling interval: 10ms
  Thread Stats   Avg      Stdev     Max   +/- Stdev
    Latency     2.92ms  568.49us   5.81ms   67.67%
    Req/Sec    26.07     69.61   333.00     87.05%
  Latency Distribution (HdrHistogram - Recorded Latency)
 50.000%    2.87ms
 75.000%    3.29ms
 90.000%    3.65ms
 99.000%    4.34ms
 99.900%    5.51ms
 99.990%    5.81ms
 99.999%    5.81ms
100.000%    5.81ms

  Detailed Percentile spectrum:
       Value   Percentile   TotalCount 1/(1-Percentile)

       1.549     0.000000            1         1.00
       2.199     0.100000          245         1.11
       2.433     0.200000          493         1.25
       2.599     0.300000          735         1.43
       2.745     0.400000          982         1.67
       2.873     0.500000         1229         2.00
       2.947     0.550000         1352         2.22
       3.023     0.600000         1472         2.50
       3.111     0.650000         1593         2.86
       3.193     0.700000         1716         3.33
       3.285     0.750000         1839         4.00
       3.335     0.775000         1901         4.44
       3.391     0.800000         1962         5.00
       3.449     0.825000         2024         5.71
       3.509     0.850000         2083         6.67
       3.571     0.875000         2144         8.00
       3.611     0.887500         2175         8.89
       3.653     0.900000         2205        10.00
       3.705     0.912500         2236        11.43
       3.767     0.925000         2268        13.33
       3.831     0.937500         2297        16.00
       3.857     0.943750         2313        17.78
       3.913     0.950000         2329        20.00
       3.937     0.956250         2344        22.86
       3.987     0.962500         2360        26.67
       4.039     0.968750         2375        32.00
       4.067     0.971875         2382        35.56
       4.119     0.975000         2391        40.00
       4.143     0.978125         2398        45.71
       4.179     0.981250         2405        53.33
       4.239     0.984375         2412        64.00
       4.283     0.985938         2417        71.11
       4.299     0.987500         2421        80.00
       4.323     0.989062         2424        91.43
       4.367     0.990625         2428       106.67
       4.427     0.992188         2431       128.00
       4.495     0.992969         2433       142.22
       4.519     0.993750         2435       160.00
       4.551     0.994531         2437       182.86
       4.627     0.995313         2439       213.33
       4.711     0.996094         2441       256.00
       4.771     0.996484         2442       284.44
       4.835     0.996875         2443       320.00
       4.891     0.997266         2444       365.71
       4.975     0.997656         2445       426.67
       5.051     0.998047         2446       512.00
       5.051     0.998242         2446       568.89
       5.115     0.998437         2447       640.00
       5.115     0.998633         2447       731.43
       5.507     0.998828         2448       853.33
       5.507     0.999023         2448      1024.00
       5.507     0.999121         2448      1137.78
       5.535     0.999219         2449      1280.00
       5.535     0.999316         2449      1462.86
       5.535     0.999414         2449      1706.67
       5.535     0.999512         2449      2048.00
       5.535     0.999561         2449      2275.56
       5.811     0.999609         2450      2560.00
       5.811     1.000000         2450          inf
#[Mean    =        2.919, StdDeviation   =        0.568]
#[Max     =        5.808, Total count    =         2450]
#[Buckets =           27, SubBuckets     =         2048]
----------------------------------------------------------
  3002 requests in 1.00m, 2.93GB read
Requests/sec:     50.03
Transfer/sec:     50.04MB

--- metrics ---
requests=3002
duration_s=60.003821
bytes=3148302470
rps=50.03
p50_ms=2.873
p95_ms=3.913
p99_ms=4.339
p999_ms=5.507
err_connect=0
err_read=0
err_write=0
err_status=0
err_timeout=0
--- end ---
