Running 1m test @ http://127.0.0.1:8081/file50k
  2 threads and 100 connections
  Thread calibration: mean lat.: 2.598ms, rate sampling interval: 10ms
  Thread calibration: mean lat.: 1.394ms, rate sampling interval: 10ms
  Thread Stats   Avg      Stdev     Max   +/- Stdev
    Latency     1.91ms    0.87ms   6.53ms   69.29%
    Req/Sec   159.42    570.24     5.55k    97.84%
  Latency Distribution (HdrHistogram - Recorded Latency)
 50.000%    1.70ms
 75.000%    2.36ms
 90.000%    3.24ms
 99.000%    4.32ms
 99.900%    5.24ms
 99.990%    5.91ms
 99.999%    6.53ms
100.000%    6.53ms

  Detailed Percentile spectrum:
       Value   Percentile   TotalCount 1/(1-Percentile)

       0.367     0.000000            1         1.00
       0.953     0.100000         1490         1.11
       1.182     0.200000         2983         1.25
       1.372     0.300000         4470         1.43
       1.537     0.400000         5960         1.67
       1.697     0.500000         7451         2.00
       1.781     0.550000         8201         2.22
       1.886     0.600000         8943         2.50
       2.013     0.650000         9687         2.86
       2.169     0.700000        10436         3.33
       2.363     0.750000        11181         4.00
       2.487     0.775000        11555         4.44
       2.629     0.800000        11925         5.00
       2.771     0.825000        12298         5.71
       2.921     0.850000        12666         6.67
       3.083     0.875000        13041         8.00
       3.159     0.887500        13225         8.89
       3.237     0.900000        13416        10.00
       3.317     0.912500        13599        11.43
       3.423     0.925000        13785        13.33
       3.515     0.937500        13969        16.00
       3.577     0.943750        14069        17.78
       3.627     0.950000        14160        20.00
       3.693     0.956250        14249        22.86
       3.781     0.962500        14343        26.67
       3.861     0.968750        14436        32.00
       3.911     0.971875        14482        35.56
       3.959     0.975000        14531        40.00
       4.015     0.978125        14575        45.71
       4.091     0.981250        14622        53.33
       4.163     0.984375        14669        64.00
       4.199     0.985938        14693        71.11
       4.243     0.987500        14717        80.00
       4.299     0.989062        14740        91.43
       4.343     0.990625        14761       106.67
       4.411     0.992188        14784       128.00
       4.479     0.992969        14798       142.22
       4.539     0.993750        14808       160.00
       4.595     0.994531        14819       182.86
       4.671     0.995313        14831       213.33
       4.739     0.996094        14842       256.00
       4.763     0.996484        14848       284.44
       4.847     0.996875        14854       320.00
       4.947     0.997266        14860       365.71
       5.051     0.997656        14866       426.67
       5.091     0.998047        14871       512.00
       5.107     0.998242        14874       568.89
       5.151     0.998437        14877       640.00
       5.167     0.998633        14880       731.43
       5.191     0.998828        14883       853.33
       5.239     0.999023        14886      1024.00
       5.323     0.999121        14887      1137.78
       5.359     0.999219        14889      1280.00
       5.363     0.999316        14890      1462.86
       5.431     0.999414        14892      1706.67
       5.499     0.999512        14893      2048.00
       5.511     0.999561        14894      2275.56
       5.539     0.999609        14896      2560.00
       5.539     0.999658        14896      2925.71
       5.539     0.999707        14896      3413.33
       5.675     0.999756        14897      4096.00
       5.675     0.999780        14897      4551.11
       5.679     0.999805        14898      5120.00
       5.679     0.999829        14898      5851.43
       5.679     0.999854        14898      6826.67
       5.915     0.999878        14899      8192.00
       5.915     0.999890        14899      9102.22
       5.915     0.999902        14899     10240.00
       5.915     0.999915        14899     11702.86
       5.915     0.999927        14899     13653.33
       6.531     0.999939        14900     16384.00
       6.531     1.000000        14900          inf
#[Mean    =        1.908, StdDeviation   =        0.869]
#[Max     =        6.528, Total count    =        14900]
#[Buckets =           27, SubBuckets     =         2048]
----------------------------------------------------------
  17854 requests in 1.00m, 0.85GB read
Requests/sec:    297.55
Transfer/sec:     14.57MB

--- metrics ---
requests=17854
duration_s=60.003444
bytes=916927878
rps=297.55
p50_ms=1.697
p95_ms=3.627
p99_ms=4.315
p999_ms=5.235
err_connect=0
err_read=0
err_write=0
err_status=0
err_timeout=0
--- end ---
