Running 1m test @ http://127.0.0.1:8080/file50k
  2 threads and 100 connections
  Thread calibration: mean lat.: 1.402ms, rate sampling interval: 10ms
  Thread calibration: mean lat.: 1.406ms, rate sampling interval: 10ms
  Thread Stats   Avg      Stdev     Max   +/- Stdev
    Latency     1.44ms  439.89us   5.32ms   67.78%
    Req/Sec   159.09     95.89   333.00     70.71%
  Latency Distribution (HdrHistogram - Recorded Latency)
 50.000%    1.44ms
 75.000%    1.73ms
 90.000%    1.99ms
 99.000%    2.51ms
 99.900%    3.40ms
 99.990%    5.24ms
 99.999%    5.33ms
100.000%    5.33ms

  Detailed Percentile spectrum:
       Value   Percentile   TotalCount 1/(1-Percentile)

       0.288     0.000000            1         1.00
       0.872     0.100000         1502         1.11
       1.039     0.200000         2983         1.25
       1.185     0.300000         4474         1.43
       1.314     0.400000         5962         1.67
       1.440     0.500000         7455         2.00
       1.498     0.550000         8195         2.22
       1.553     0.600000         8941         2.50
       1.610     0.650000         9689         2.86
       1.669     0.700000        10443         3.33
       1.727     0.750000        11178         4.00
       1.761     0.775000        11551         4.44
       1.795     0.800000        11922         5.00
       1.833     0.825000        12295         5.71
       1.879     0.850000        12669         6.67
       1.929     0.875000        13038         8.00
       1.957     0.887500        13224         8.89
       1.988     0.900000        13413        10.00
       2.021     0.912500        13600        11.43
       2.061     0.925000        13787        13.33
       2.111     0.937500        13978        16.00
       2.137     0.943750        14069        17.78
       2.161     0.950000        14157        20.00
       2.191     0.956250        14249        22.86
       2.227     0.962500        14346        26.67
       2.271     0.968750        14437        32.00
       2.293     0.971875        14487        35.56
       2.315     0.975000        14528        40.00
       2.337     0.978125        14576        45.71
       2.379     0.981250        14622        53.33
       2.417     0.984375        14670        64.00
       2.435     0.985938        14691        71.11
       2.457     0.987500        14715        80.00
       2.487     0.989062        14738        91.43
       2.521     0.990625        14761       106.67
       2.565     0.992188        14784       128.00
       2.599     0.992969        14797       142.22
       2.613     0.993750        14807       160.00
       2.651     0.994531        14819       182.86
       2.689     0.995313        14832       213.33
       2.761     0.996094        14842       256.00
       2.795     0.996484        14848       284.44
       2.851     0.996875        14854       320.00
       2.903     0.997266        14860       365.71
       3.003     0.997656        14866       426.67
       3.041     0.998047        14871       512.00
       3.085     0.998242        14874       568.89
       3.105     0.998437        14877       640.00
       3.159     0.998633        14880       731.43
       3.343     0.998828        14883       853.33
       3.471     0.999023        14886      1024.00
       3.619     0.999121        14887      1137.78
       3.871     0.999219        14889      1280.00
       3.895     0.999316        14890      1462.86
       3.957     0.999414        14892      1706.67
       4.115     0.999512        14893      2048.00
       4.295     0.999561        14894      2275.56
       4.315     0.999609        14895      2560.00
       4.315     0.999658        14895      2925.71
       4.335     0.999707        14896      3413.33
       4.563     0.999756        14897      4096.00
       4.563     0.999780        14897      4551.11
       4.595     0.999805        14898      5120.00
       4.595     0.999829        14898      5851.43
       4.595     0.999854        14898      6826.67
       5.235     0.999878        14899      8192.00
       5.235     0.999890        14899      9102.22
       5.235     0.999902        14899     10240.00
       5.235     0.999915        14899     11702.86
       5.235     0.999927        14899     13653.33
       5.327     0.999939        14900     16384.00
       5.327     1.000000        14900          inf
#[Mean    =        1.440, StdDeviation   =        0.440]
#[Max     =        5.324, Total count    =        14900]
#[Buckets =           27, SubBuckets     =         2048]
----------------------------------------------------------
  18002 requests in 1.00m, 0.86GB read
Requests/sec:    300.02
Transfer/sec:     14.68MB

--- metrics ---
requests=18002
duration_s=60.002429
bytes=923610612
rps=300.02
p50_ms=1.440
p95_ms=2.161
p99_ms=2.505
p999_ms=3.401
err_connect=0
err_read=0
err_write=0
err_status=0
err_timeout=0
--- end ---
