Running 30s test @ http://127.0.0.1:8080/json
  2 threads and 100 connections
  Thread calibration: mean lat.: 1.587ms, rate sampling interval: 10ms
  Thread calibration: mean lat.: 1.454ms, rate sampling interval: 10ms
  Thread Stats   Avg      Stdev     Max   +/- Stdev
    Latency     1.52ms  751.19us   6.73ms   75.60%
    Req/Sec     1.05k   151.29     1.67k    75.77%
  Latency Distribution (HdrHistogram - Recorded Latency)
 50.000%    1.36ms
 75.000%    1.85ms
 90.000%    2.48ms
 99.000%    4.08ms
 99.900%    5.23ms
 99.990%    6.39ms
 99.999%    6.74ms
100.000%    6.74ms

  Detailed Percentile spectrum:
       Value   Percentile   TotalCount 1/(1-Percentile)

       0.227     0.000000            1         1.00
       0.746     0.100000         3957         1.11
       0.918     0.200000         7921         1.25
       1.063     0.300000        11870         1.43
       1.209     0.400000        15801         1.67
       1.361     0.500000        19747         2.00
       1.445     0.550000        21730         2.22
       1.533     0.600000        23700         2.50
       1.627     0.650000        25687         2.86
       1.732     0.700000        27653         3.33
       1.851     0.750000        29624         4.00
       1.922     0.775000        30625         4.44
       2.001     0.800000        31597         5.00
       2.093     0.825000        32592         5.71
       2.193     0.850000        33583         6.67
       2.315     0.875000        34576         8.00
       2.389     0.887500        35062         8.89
       2.477     0.900000        35549        10.00
       2.581     0.912500        36049        11.43
       2.693     0.925000        36532        13.33
       2.847     0.937500        37028        16.00
       2.937     0.943750        37276        17.78
       3.027     0.950000        37520        20.00
       3.115     0.956250        37768        22.86
       3.223     0.962500        38013        26.67
       3.361     0.968750        38261        32.00
       3.443     0.971875        38386        35.56
       3.527     0.975000        38507        40.00
       3.611     0.978125        38631        45.71
       3.723     0.981250        38754        53.33
       3.825     0.984375        38876        64.00
       3.879     0.985938        38940        71.11
       3.943     0.987500        39002        80.00
       4.027     0.989062        39062        91.43
       4.119     0.990625        39124       106.67
       4.219     0.992188        39186       128.00
       4.263     0.992969        39218       142.22
       4.339     0.993750        39249       160.00
       4.399     0.994531        39278       182.86
       4.459     0.995313        39308       213.33
       4.559     0.996094        39339       256.00
       4.599     0.996484        39355       284.44
       4.663     0.996875        39371       320.00
       4.747     0.997266        39386       365.71
       4.843     0.997656        39401       426.67
       4.967     0.998047        39416       512.00
       5.015     0.998242        39424       568.89
       5.055     0.998437        39432       640.00
       5.119     0.998633        39440       731.43
       5.163     0.998828        39447       853.33
       5.239     0.999023        39455      1024.00
       5.323     0.999121        39459      1137.78
       5.427     0.999219        39463      1280.00
       5.475     0.999316        39468      1462.86
       5.543     0.999414        39471      1706.67
       5.591     0.999512        39474      2048.00
       5.707     0.999561        39476      2275.56
       5.787     0.999609        39478      2560.00
       5.851     0.999658        39480      2925.71
       5.947     0.999707        39482      3413.33
       6.111     0.999756        39484      4096.00
       6.155     0.999780        39485      4551.11
       6.187     0.999805        39486      5120.00
       6.211     0.999829        39487      5851.43
       6.243     0.999854        39488      6826.67
       6.387     0.999878        39489      8192.00
       6.387     0.999890        39489      9102.22
       6.391     0.999902        39490     10240.00
       6.391     0.999915        39490     11702.86
       6.439     0.999927        39491     13653.33
       6.439     0.999939        39491     16384.00
       6.439     0.999945        39491     18204.44
       6.571     0.999951        39492     20480.00
       6.571     0.999957        39492     23405.71
       6.571     0.999963        39492     27306.67
       6.571     0.999969        39492     32768.00
       6.571     0.999973        39492     36408.89
       6.735     0.999976        39493     40960.00
       6.735     1.000000        39493          inf
#[Mean    =        1.519, StdDeviation   =        0.751]
#[Max     =        6.732, Total count    =        39493]
#[Buckets =           27, SubBuckets     =         2048]
----------------------------------------------------------
  59797 requests in 30.00s, 66.04MB read
Requests/sec:   1993.24
Transfer/sec:      2.20MB

--- metrics ---
requests=59797
duration_s=29.999915
bytes=69244926
rps=1993.24
p50_ms=1.361
p95_ms=3.027
p99_ms=4.077
p999_ms=5.227
err_connect=0
err_read=0
err_write=0
err_status=0
err_timeout=0
--- end ---
