Running 1m test @ http://127.0.0.1:8082/file1m
  2 threads and 50 connections
  Thread calibration: mean lat.: 951.263ms, rate sampling interval: 2006ms
  Thread calibration: mean lat.: 952.172ms, rate sampling interval: 2011ms
  Thread Stats   Avg      Stdev     Max   +/- Stdev
    Latency   954.11ms  193.51ms   1.01s    96.00%
    Req/Sec    24.00      0.00    24.00    100.00%
  Latency Distribution (HdrHistogram - Recorded Latency)
 50.000%  993.28ms
 75.000%  999.93ms
 90.000%    1.00s 
 99.000%    1.01s 
 99.900%    1.01s 
 99.990%    1.01s 
 99.999%    1.01s 
100.000%    1.01s 

  Detailed Percentile spectrum:
       Value   Percentile   TotalCount 1/(1-Percentile)

       3.303     0.000000            1         1.00
     983.039     0.100000          253         1.11
     986.111     0.200000          532         1.25
     988.159     0.300000          742         1.43
     990.719     0.400000          985         1.67
     993.279     0.500000         1226         2.00
     994.815     0.550000         1371         2.22
     995.839     0.600000         1476         2.50
     997.375     0.650000         1635         2.86
     998.399     0.700000         1737         3.33
     999.935     0.750000         1893         4.00
    1000.447     0.775000         1951         4.44
    1000.959     0.800000         1999         5.00
    1001.471     0.825000         2070         5.71
    1001.983     0.850000         2127         6.67
    1002.495     0.875000         2191         8.00
    1002.495     0.887500         2191         8.89
    1003.007     0.900000         2248        10.00
    1003.007     0.912500         2248        11.43
    1003.519     0.925000         2293        13.33
    1004.031     0.937500         2327        16.00
    1004.031     0.943750         2327        17.78
    1004.543     0.950000         2352        20.00
    1004.543     0.956250         2352        22.86
    1005.055     0.962500         2379        26.67
    1005.055     0.968750         2379        32.00
    1005.567     0.971875         2407        35.56
    1005.567     0.975000         2407        40.00
    1005.567     0.978125         2407        45.71
    1005.567     0.981250         2407        53.33
    1006.079     0.984375         2421        64.00
    1006.079     0.985938         2421        71.11
    1006.079     0.987500         2421        80.00
    1006.591     0.989062         2436        91.43
    1006.591     0.990625         2436       106.67
    1006.591     0.992188         2436       128.00
    1006.591     0.992969         2436       142.22
    1006.591     0.993750         2436       160.00
    1007.103     0.994531         2445       182.86
    1007.103     0.995313         2445       213.33
    1007.103     0.996094         2445       256.00
    1007.103     0.996484         2445       284.44
    1007.103     0.996875         2445       320.00
    1007.103     0.997266         2445       365.71
    1007.103     0.997656         2445       426.67
    1007.615     0.998047         2448       512.00
    1007.615     0.998242         2448       568.89
    1007.615     0.998437         2448       640.00
    1007.615     0.998633         2448       731.43
    1007.615     0.998828         2448       853.33
    1007.615     0.999023         2448      1024.00
    1007.615     0.999121         2448      1137.78
    1008.127     0.999219         2450      1280.00
    1008.127     1.000000         2450          inf
#[Mean    =      954.106, StdDeviation   =      193.509]
#[Max     =     1007.616, Total count    =         2450]
#[Buckets =           27, SubBuckets     =         2048]
----------------------------------------------------------
  2954 requests in 1.00m, 2.89GB read
Requests/sec:     49.23
Transfer/sec:     49.23MB

--- metrics ---
requests=2954
duration_s=60.009337
bytes=3097993162
rps=49.23
p50_ms=993.279
p95_ms=1004.543
p99_ms=1006.591
p999_ms=1007.615
err_connect=0
err_read=0
err_write=0
err_status=0
err_timeout=0
--- end ---
