Running 1m test @ http://127.0.0.1:8082/json
  2 threads and 100 connections
  Thread calibration: mean lat.: 263.958ms, rate sampling interval: 801ms
  Thread calibration: mean lat.: 287.503ms, rate sampling interval: 804ms
  Thread Stats   Avg      Stdev     Max   +/- Stdev
    Latency   932.54ms  204.11ms   1.34s    69.30%
    Req/Sec     0.98k    35.37     1.06k    63.41%
  Latency Distribution (HdrHistogram - Recorded Latency)
 50.000%  930.82ms
 75.000%    1.09s 
 90.000%    1.16s 
 99.000%    1.32s 
 99.900%    1.34s 
 99.990%    1.34s 
 99.999%    1.34s 
100.000%    1.34s 

  Detailed Percentile spectrum:
       Value   Percentile   TotalCount 1/(1-Percentile)

     413.695     0.000000            1         1.00
     627.199     0.100000         9850         1.11
     769.535     0.200000        19583         1.25
     860.671     0.300000        29356         1.43
     910.335     0.400000        39140         1.67
     930.815     0.500000        49185         2.00
     940.031     0.550000        53881         2.22
     956.927     0.600000        58754         2.50
    1049.599     0.650000        63620         2.86
    1079.295     0.700000        68583         3.33
    1092.607     0.750000        73581         4.00
    1099.775     0.775000        75848         4.44
    1108.991     0.800000        78554         5.00
    1117.183     0.825000        80814         5.71
    1126.399     0.850000        83292         6.67
    1138.687     0.875000        85662         8.00
    1149.951     0.887500        86926         8.89
    1163.263     0.900000        88124        10.00
    1207.295     0.912500        89304        11.43
    1243.135     0.925000        90515        13.33
    1279.999     0.937500        91762        16.00
    1289.215     0.943750        92364        17.78
    1295.359     0.950000        93010        20.00
    1299.455     0.956250        93598        22.86
    1303.551     0.962500        94261        26.67
    1306.623     0.968750        94792        32.00
    1308.671     0.971875        95131        35.56
    1310.719     0.975000        95465        40.00
    1312.767     0.978125        95794        45.71
    1314.815     0.981250        96105        53.33
    1316.863     0.984375        96411        64.00
    1317.887     0.985938        96551        71.11
    1318.911     0.987500        96679        80.00
    1319.935     0.989062        96798        91.43
    1321.983     0.990625        96984       106.67
    1324.031     0.992188        97152       128.00
    1325.055     0.992969        97226       142.22
    1326.079     0.993750        97300       160.00
    1327.103     0.994531        97372       182.86
    1328.127     0.995313        97439       213.33
    1329.151     0.996094        97501       256.00
    1330.175     0.996484        97557       284.44
    1330.175     0.996875        97557       320.00
    1331.199     0.997266        97607       365.71
    1332.223     0.997656        97654       426.67
    1333.247     0.998047        97692       512.00
    1333.247     0.998242        97692       568.89
    1334.271     0.998437        97732       640.00
    1334.271     0.998633        97732       731.43
    1334.271     0.998828        97732       853.33
    1335.295     0.999023        97764      1024.00
    1335.295     0.999121        97764      1137.78
    1336.319     0.999219        97792      1280.00
    1336.319     0.999316        97792      1462.86
    1336.319     0.999414        97792      1706.67
    1337.343     0.999512        97815      2048.00
    1337.343     0.999561        97815      2275.56
    1337.343     0.999609        97815      2560.00
    1337.343     0.999658        97815      2925.71
    1338.367     0.999707        97831      3413.33
    1338.367     0.999756        97831      4096.00
    1338.367     0.999780        97831      4551.11
    1338.367     0.999805        97831      5120.00
    1338.367     0.999829        97831      5851.43
    1339.391     0.999854        97840      6826.67
    1339.391     0.999878        97840      8192.00
    1339.391     0.999890        97840      9102.22
    1339.391     0.999902        97840     10240.00
    1339.391     0.999915        97840     11702.86
    1339.391     0.999927        97840     13653.33
    1340.415     0.999939        97846     16384.00
    1340.415     1.000000        97846          inf
#[Mean    =      932.537, StdDeviation   =      204.109]
#[Max     =     1339.392, Total count    =        97846]
#[Buckets =           27, SubBuckets     =         2048]
----------------------------------------------------------
  116343 requests in 1.00m, 129.93MB read
Requests/sec:   1938.91
Transfer/sec:      2.17MB

--- metrics ---
requests=116343
duration_s=60.004269
bytes=136237653
rps=1938.91
p50_ms=930.815
p95_ms=1295.359
p99_ms=1320.959
p999_ms=1335.295
err_connect=0
err_read=0
err_write=0
err_status=0
err_timeout=0
--- end ---
