Running 1m test @ http://127.0.0.1:8080/file1m
  2 threads and 50 connections
  Thread calibration: mean lat.: 4.721ms, rate sampling interval: 12ms
  Thread calibration: mean lat.: 4.125ms, rate sampling interval: 11ms
  Thread Stats   Avg      Stdev     Max   +/- Stdev
    Latency     4.18ms    3.92ms  48.22ms   97.63%
    Req/Sec    25.41     68.53   363.00     88.04%
  Latency Distribution (HdrHistogram - Recorded Latency)
 50.000%    3.88ms
 75.000%    4.63ms
 90.000%    5.59ms
 99.000%   12.36ms
 99.900%   47.26ms
 99.990%   48.26ms
 99.999%   48.26ms
100.000%   48.26ms

  Detailed Percentile spectrum:
       Value   Percentile   TotalCount 1/(1-Percentile)

       0.884     0.000000            1         1.00
       2.067     0.100000          245         1.11
       2.547     0.200000          491         1.25
       3.011     0.300000          735         1.43
       3.493     0.400000          981         1.67
       3.881     0.500000         1225         2.00
       4.047     0.550000         1351         2.22
       4.215     0.600000         1472         2.50
       4.327     0.650000         1594         2.86
       4.471     0.700000         1715         3.33
       4.631     0.750000         1838         4.00
       4.715     0.775000         1899         4.44
       4.847     0.800000         1960         5.00
       4.979     0.825000         2023         5.71
       5.135     0.850000         2085         6.67
       5.335     0.875000         2145         8.00
       5.451     0.887500         2176         8.89
       5.591     0.900000         2206        10.00
       5.767     0.912500         2237        11.43
       5.895     0.925000         2268        13.33
       6.079     0.937500         2297        16.00
       6.275     0.943750         2313        17.78
       6.475     0.950000         2328        20.00
       6.635     0.956250         2343        22.86
       6.811     0.962500         2359        26.67
       7.155     0.968750         2374        32.00
       7.415     0.971875         2382        35.56
       7.743     0.975000         2389        40.00
       8.631     0.978125         2397        45.71
       9.079     0.981250         2405        53.33
       9.543     0.984375         2412        64.00
       9.855     0.985938         2416        71.11
      10.215     0.987500         2420        80.00
      11.239     0.989062         2424        91.43
      12.607     0.990625         2428       106.67
      19.455     0.992188         2431       128.00
      42.815     0.992969         2433       142.22
      44.127     0.993750         2435       160.00
      44.927     0.994531         2437       182.86
      45.279     0.995313         2439       213.33
      45.343     0.996094         2441       256.00
      45.375     0.996484         2442       284.44
      45.599     0.996875         2443       320.00
      45.695     0.997266         2444       365.71
      45.823     0.997656         2445       426.67
      46.271     0.998047         2446       512.00
      46.271     0.998242         2446       568.89
      47.231     0.998437         2447       640.00
      47.231     0.998633         2447       731.43
      47.263     0.998828         2448       853.33
      47.263     0.999023         2448      1024.00
      47.263     0.999121         2448      1137.78
      47.775     0.999219         2449      1280.00
      47.775     0.999316         2449      1462.86
      47.775     0.999414         2449      1706.67
      47.775     0.999512         2449      2048.00
      47.775     0.999561         2449      2275.56
      48.255     0.999609         2450      2560.00
      48.255     1.000000         2450          inf
#[Mean    =        4.182, StdDeviation   =        3.924]
#[Max     =       48.224, Total count    =         2450]
#[Buckets =           27, SubBuckets     =         2048]
----------------------------------------------------------
  3002 requests in 1.00m, 2.93GB read
Requests/sec:     50.03
Transfer/sec:     50.03MB

--- metrics ---
requests=3002
duration_s=60.007569
bytes=3148149368
rps=50.03
p50_ms=3.881
p95_ms=6.475
p99_ms=12.359
p999_ms=47.263
err_connect=0
err_read=0
err_write=0
err_status=0
err_timeout=0
--- end ---
