Running 1m test @ http://127.0.0.1:8082/file50k
  2 threads and 100 connections
  Thread calibration: mean lat.: 204.772ms, rate sampling interval: 698ms
  Thread calibration: mean lat.: 244.248ms, rate sampling interval: 660ms
  Thread Stats   Avg      Stdev     Max   +/- Stdev
    Latency   226.62ms  109.73ms 362.50ms   47.24%
    Req/Sec   150.02      8.65   179.00     86.99%
  Latency Distribution (HdrHistogram - Recorded Latency)
 50.000%  248.32ms
 75.000%  337.41ms
 90.000%  346.62ms
 99.000%  353.54ms
 99.900%  357.89ms
 99.990%  361.73ms
 99.999%  362.75ms
100.000%  362.75ms

  Detailed Percentile spectrum:
       Value   Percentile   TotalCount 1/(1-Percentile)

       1.383     0.000000            1         1.00
      67.903     0.100000         1491         1.11
      75.647     0.200000         2980         1.25
     164.735     0.300000         4476         1.43
     206.591     0.400000         5962         1.67
     248.319     0.500000         7454         2.00
     269.823     0.550000         8198         2.22
     290.815     0.600000         8942         2.50
     312.063     0.650000         9690         2.86
     333.567     0.700000        10435         3.33
     337.407     0.750000        11191         4.00
     338.943     0.775000        11574         4.44
     340.479     0.800000        11921         5.00
     342.015     0.825000        12352         5.71
     343.295     0.850000        12685         6.67
     345.087     0.875000        13040         8.00
     345.855     0.887500        13238         8.89
     346.623     0.900000        13450        10.00
     347.391     0.912500        13637        11.43
     348.159     0.925000        13794        13.33
     348.927     0.937500        13974        16.00
     349.439     0.943750        14104        17.78
     349.695     0.950000        14166        20.00
     350.207     0.956250        14278        22.86
     350.719     0.962500        14387        26.67
     350.975     0.968750        14438        32.00
     351.231     0.971875        14493        35.56
     351.487     0.975000        14536        40.00
     351.743     0.978125        14576        45.71
     352.255     0.981250        14644        53.33
     352.511     0.984375        14672        64.00
     352.767     0.985938        14695        71.11
     353.023     0.987500        14717        80.00
     353.279     0.989062        14741        91.43
     353.535     0.990625        14761       106.67
     354.047     0.992188        14804       128.00
     354.047     0.992969        14804       142.22
     354.303     0.993750        14819       160.00
     354.303     0.994531        14819       182.86
     354.559     0.995313        14839       213.33
     354.815     0.996094        14851       256.00
     354.815     0.996484        14851       284.44
     355.071     0.996875        14858       320.00
     355.327     0.997266        14861       365.71
     355.583     0.997656        14868       426.67
     355.839     0.998047        14871       512.00
     356.607     0.998242        14876       568.89
     356.863     0.998437        14878       640.00
     357.631     0.998633        14884       731.43
     357.631     0.998828        14884       853.33
     357.887     0.999023        14886      1024.00
     358.655     0.999121        14890      1137.78
     358.655     0.999219        14890      1280.00
     358.655     0.999316        14890      1462.86
     359.423     0.999414        14892      1706.67
     359.679     0.999512        14894      2048.00
     359.679     0.999561        14894      2275.56
     359.935     0.999609        14895      2560.00
     359.935     0.999658        14895      2925.71
     360.191     0.999707        14896      3413.33
     360.703     0.999756        14897      4096.00
     360.703     0.999780        14897      4551.11
     360.959     0.999805        14898      5120.00
     360.959     0.999829        14898      5851.43
     360.959     0.999854        14898      6826.67
     361.727     0.999878        14899      8192.00
     361.727     0.999890        14899      9102.22
     361.727     0.999902        14899     10240.00
     361.727     0.999915        14899     11702.86
     361.727     0.999927        14899     13653.33
     362.751     0.999939        14900     16384.00
     362.751     1.000000        14900          inf
#[Mean    =      226.619, StdDeviation   =      109.728]
#[Max     =      362.496, Total count    =        14900]
#[Buckets =           27, SubBuckets     =         2048]
----------------------------------------------------------
  17778 requests in 1.00m, 0.85GB read
Requests/sec:    296.28
Transfer/sec:     14.51MB

--- metrics ---
requests=17778
duration_s=60.004361
bytes=913006968
rps=296.28
p50_ms=248.319
p95_ms=349.695
p99_ms=353.535
p999_ms=357.887
err_connect=0
err_read=0
err_write=0
err_status=0
err_timeout=0
--- end ---
