Running 1m test @ http://127.0.0.1:8082/json
  2 threads and 100 connections
  Thread calibration: mean lat.: 161.237ms, rate sampling interval: 516ms
  Thread calibration: mean lat.: 161.696ms, rate sampling interval: 517ms
  Thread Stats   Avg      Stdev     Max   +/- Stdev
    Latency   443.98ms  183.02ms 724.48ms   58.66%
    Req/Sec     0.99k    32.86     1.03k    75.00%
  Latency Distribution (HdrHistogram - Recorded Latency)
 50.000%  510.72ms
 75.000%  603.65ms
 90.000%  652.29ms
 99.000%  707.58ms
 99.900%  717.31ms
 99.990%  722.43ms
 99.999%  724.48ms
100.000%  724.99ms

  Detailed Percentile spectrum:
       Value   Percentile   TotalCount 1/(1-Percentile)

      51.455     0.000000            1         1.00
     175.743     0.100000         9890         1.11
     239.487     0.200000        19781         1.25
     314.367     0.300000        29692         1.43
     353.535     0.400000        39568         1.67
     510.719     0.500000        49434         2.00
     535.039     0.550000        54352         2.22
     557.055     0.600000        59343         2.50
     572.927     0.650000        64313         2.86
     591.359     0.700000        69296         3.33
     603.647     0.750000        74314         4.00
     611.327     0.775000        76696         4.44
     621.055     0.800000        79086         5.00
     630.271     0.825000        81535         5.71
     637.951     0.850000        84027         6.67
     645.631     0.875000        86520         8.00
     649.215     0.887500        87833         8.89
     652.287     0.900000        89038        10.00
     655.359     0.912500        90200        11.43
     659.967     0.925000        91507        13.33
     667.135     0.937500        92670        16.00
     672.255     0.943750        93281        17.78
     678.399     0.950000        93926        20.00
     683.519     0.956250        94545        22.86
     688.127     0.962500        95163        26.67
     692.735     0.968750        95734        32.00
     695.295     0.971875        96080        35.56
     697.343     0.975000        96364        40.00
     699.391     0.978125        96665        45.71
     701.439     0.981250        97020        53.33
     703.487     0.984375        97334        64.00
     704.511     0.985938        97488        71.11
     705.535     0.987500        97624        80.00
     706.559     0.989062        97773        91.43
     707.583     0.990625        97909       106.67
     709.119     0.992188        98094       128.00
     709.631     0.992969        98168       142.22
     710.143     0.993750        98220       160.00
     710.655     0.994531        98287       182.86
     711.679     0.995313        98391       213.33
     712.191     0.996094        98439       256.00
     712.703     0.996484        98490       284.44
     713.215     0.996875        98527       320.00
     713.727     0.997266        98574       365.71
     714.239     0.997656        98599       426.67
     714.751     0.998047        98632       512.00
     715.263     0.998242        98657       568.89
     715.775     0.998437        98681       640.00
     716.287     0.998633        98694       731.43
     716.799     0.998828        98721       853.33
     717.311     0.999023        98732      1024.00
     717.823     0.999121        98748      1137.78
     717.823     0.999219        98748      1280.00
     718.335     0.999316        98760      1462.86
     718.847     0.999414        98771      1706.67
     719.359     0.999512        98781      2048.00
     719.359     0.999561        98781      2275.56
     719.871     0.999609        98787      2560.00
     720.383     0.999658        98793      2925.71
     720.383     0.999707        98793      3413.33
     720.895     0.999756        98799      4096.00
     721.407     0.999780        98805      4551.11
     721.407     0.999805        98805      5120.00
     721.407     0.999829        98805      5851.43
     721.919     0.999854        98810      6826.67
     721.919     0.999878        98810      8192.00
     722.431     0.999890        98813      9102.22
     722.431     0.999902        98813     10240.00
     722.431     0.999915        98813     11702.86
     722.943     0.999927        98815     13653.33
     722.943     0.999939        98815     16384.00
     723.455     0.999945        98818     18204.44
     723.455     0.999951        98818     20480.00
     723.455     0.999957        98818     23405.71
     723.455     0.999963        98818     27306.67
     723.455     0.999969        98818     32768.00
     723.967     0.999973        98819     36408.89
     723.967     0.999976        98819     40960.00
     723.967     0.999979        98819     46811.43
     724.479     0.999982        98820     54613.33
     724.479     0.999985        98820     65536.00
     724.479     0.999986        98820     72817.78
     724.479     0.999988        98820     81920.00
     724.479     0.999989        98820     93622.86
     724.991     0.999991        98821    109226.67
     724.991     1.000000        98821          inf
#[Mean    =      443.983, StdDeviation   =      183.021]
#[Max     =      724.480, Total count    =        98821]
#[Buckets =           27, SubBuckets     =         2048]
----------------------------------------------------------
  118709 requests in 1.00m, 132.57MB read
Requests/sec:   1978.46
Transfer/sec:      2.21MB

--- metrics ---
requests=118709
duration_s=60.000684
bytes=139008239
rps=1978.46
p50_ms=510.719
p95_ms=678.399
p99_ms=707.583
p999_ms=717.311
err_connect=0
err_read=0
err_write=0
err_status=0
err_timeout=0
--- end ---
