Running 1m test @ http://127.0.0.1:8084/json
  2 threads and 100 connections
  Thread calibration: mean lat.: 1.506ms, rate sampling interval: 10ms
  Thread calibration: mean lat.: 1.914ms, rate sampling interval: 10ms
  Thread Stats   Avg      Stdev     Max   +/- Stdev
    Latency     1.66ms  806.28us  10.99ms   76.42%
    Req/Sec     1.05k     1.26k    5.55k    89.23%
  Latency Distribution (HdrHistogram - Recorded Latency)
 50.000%    1.53ms
 75.000%    2.03ms
 90.000%    2.60ms
 99.000%    4.30ms
 99.900%    7.55ms
 99.990%    9.79ms
 99.999%   10.68ms
100.000%   11.00ms

  Detailed Percentile spectrum:
       Value   Percentile   TotalCount 1/(1-Percentile)

       0.114     0.000000            1         1.00
       0.824     0.100000         9955         1.11
       1.022     0.200000        19953         1.25
       1.193     0.300000        29851         1.43
       1.359     0.400000        39865         1.67
       1.531     0.500000        49766         2.00
       1.622     0.550000        54768         2.22
       1.713     0.600000        59701         2.50
       1.807     0.650000        64683         2.86
       1.913     0.700000        69679         3.33
       2.030     0.750000        74655         4.00
       2.097     0.775000        77173         4.44
       2.167     0.800000        79630         5.00
       2.245     0.825000        82106         5.71
       2.341     0.850000        84595         6.67
       2.455     0.875000        87095         8.00
       2.525     0.887500        88346         8.89
       2.601     0.900000        89570        10.00
       2.695     0.912500        90812        11.43
       2.799     0.925000        92038        13.33
       2.925     0.937500        93288        16.00
       2.997     0.943750        93904        17.78
       3.077     0.950000        94532        20.00
       3.173     0.956250        95151        22.86
       3.277     0.962500        95770        26.67
       3.415     0.968750        96396        32.00
       3.487     0.971875        96709        35.56
       3.571     0.975000        97013        40.00
       3.669     0.978125        97326        45.71
       3.797     0.981250        97637        53.33
       3.943     0.984375        97947        64.00
       4.021     0.985938        98101        71.11
       4.119     0.987500        98259        80.00
       4.215     0.989062        98417        91.43
       4.351     0.990625        98568       106.67
       4.507     0.992188        98724       128.00
       4.627     0.992969        98803       142.22
       4.799     0.993750        98879       160.00
       5.003     0.994531        98958       182.86
       5.223     0.995313        99036       213.33
       5.471     0.996094        99112       256.00
       5.667     0.996484        99152       284.44
       5.831     0.996875        99190       320.00
       6.039     0.997266        99228       365.71
       6.275     0.997656        99267       426.67
       6.603     0.998047        99307       512.00
       6.795     0.998242        99326       568.89
       6.927     0.998437        99345       640.00
       7.035     0.998633        99365       731.43
       7.271     0.998828        99384       853.33
       7.571     0.999023        99403      1024.00
       7.659     0.999121        99413      1137.78
       7.763     0.999219        99423      1280.00
       7.919     0.999316        99432      1462.86
       8.015     0.999414        99442      1706.67
       8.303     0.999512        99453      2048.00
       8.335     0.999561        99457      2275.56
       8.519     0.999609        99463      2560.00
       8.559     0.999658        99466      2925.71
       8.951     0.999707        99471      3413.33
       9.071     0.999756        99476      4096.00
       9.191     0.999780        99479      4551.11
       9.215     0.999805        99481      5120.00
       9.231     0.999829        99483      5851.43
       9.455     0.999854        99486      6826.67
       9.607     0.999878        99488      8192.00
       9.791     0.999890        99490      9102.22
       9.967     0.999902        99491     10240.00
      10.063     0.999915        99492     11702.86
      10.103     0.999927        99493     13653.33
      10.327     0.999939        99494     16384.00
      10.423     0.999945        99495     18204.44
      10.463     0.999951        99496     20480.00
      10.463     0.999957        99496     23405.71
      10.487     0.999963        99497     27306.67
      10.487     0.999969        99497     32768.00
      10.559     0.999973        99498     36408.89
      10.559     0.999976        99498     40960.00
      10.559     0.999979        99498     46811.43
      10.679     0.999982        99499     54613.33
      10.679     0.999985        99499     65536.00
      10.679     0.999986        99499     72817.78
      10.679     0.999988        99499     81920.00
      10.679     0.999989        99499     93622.86
      10.999     0.999991        99500    109226.67
      10.999     1.000000        99500          inf
#[Mean    =        1.661, StdDeviation   =        0.806]
#[Max     =       10.992, Total count    =        99500]
#[Buckets =           27, SubBuckets     =         2048]
----------------------------------------------------------
  118904 requests in 1.00m, 128.59MB read
Requests/sec:   1981.67
Transfer/sec:      2.14MB

--- metrics ---
requests=118904
duration_s=60.002065
bytes=134837136
rps=1981.67
p50_ms=1.531
p95_ms=3.077
p99_ms=4.295
p999_ms=7.555
err_connect=0
err_read=0
err_write=0
err_status=0
err_timeout=0
--- end ---
