Running 1m test @ http://127.0.0.1:8080/json
  2 threads and 100 connections
  Thread calibration: mean lat.: 3.048ms, rate sampling interval: 10ms
  Thread calibration: mean lat.: 3.058ms, rate sampling interval: 10ms
  Thread Stats   Avg      Stdev     Max   +/- Stdev
    Latency     1.32ms  481.15us   3.68ms   66.64%
    Req/Sec     1.05k   136.17     1.67k    74.66%
  Latency Distribution (HdrHistogram - Recorded Latency)
 50.000%    1.26ms
 75.000%    1.63ms
 90.000%    2.01ms
 99.000%    2.58ms
 99.900%    2.93ms
 99.990%    3.33ms
 99.999%    3.62ms
100.000%    3.68ms

  Detailed Percentile spectrum:
       Value   Percentile   TotalCount 1/(1-Percentile)

       0.165     0.000000            1         1.00
       0.756     0.100000         9962         1.11
       0.889     0.200000        19966         1.25
       1.014     0.300000        29959         1.43
       1.134     0.400000        39817         1.67
       1.259     0.500000        49799         2.00
       1.325     0.550000        54794         2.22
       1.393     0.600000        59730         2.50
       1.464     0.650000        64718         2.86
       1.544     0.700000        69674         3.33
       1.633     0.750000        74640         4.00
       1.685     0.775000        77163         4.44
       1.736     0.800000        79632         5.00
       1.794     0.825000        82093         5.71
       1.856     0.850000        84581         6.67
       1.928     0.875000        87086         8.00
       1.966     0.887500        88333         8.89
       2.006     0.900000        89559        10.00
       2.049     0.912500        90807        11.43
       2.099     0.925000        92068        13.33
       2.153     0.937500        93285        16.00
       2.185     0.943750        93923        17.78
       2.217     0.950000        94528        20.00
       2.257     0.956250        95156        22.86
       2.297     0.962500        95782        26.67
       2.347     0.968750        96392        32.00
       2.375     0.971875        96724        35.56
       2.401     0.975000        97016        40.00
       2.433     0.978125        97332        45.71
       2.463     0.981250        97648        53.33
       2.499     0.984375        97958        64.00
       2.517     0.985938        98106        71.11
       2.539     0.987500        98266        80.00
       2.567     0.989062        98418        91.43
       2.593     0.990625        98578       106.67
       2.621     0.992188        98728       128.00
       2.635     0.992969        98806       142.22
       2.651     0.993750        98881       160.00
       2.671     0.994531        98956       182.86
       2.693     0.995313        99037       213.33
       2.717     0.996094        99112       256.00
       2.731     0.996484        99153       284.44
       2.751     0.996875        99193       320.00
       2.769     0.997266        99230       365.71
       2.789     0.997656        99270       426.67
       2.815     0.998047        99306       512.00
       2.831     0.998242        99327       568.89
       2.849     0.998437        99345       640.00
       2.871     0.998633        99364       731.43
       2.897     0.998828        99384       853.33
       2.933     0.999023        99404      1024.00
       2.955     0.999121        99416      1137.78
       2.971     0.999219        99423      1280.00
       2.997     0.999316        99432      1462.86
       3.017     0.999414        99442      1706.67
       3.061     0.999512        99453      2048.00
       3.071     0.999561        99457      2275.56
       3.097     0.999609        99462      2560.00
       3.113     0.999658        99466      2925.71
       3.129     0.999707        99471      3413.33
       3.211     0.999756        99476      4096.00
       3.231     0.999780        99479      4551.11
       3.265     0.999805        99481      5120.00
       3.307     0.999829        99483      5851.43
       3.311     0.999854        99486      6826.67
       3.319     0.999878        99488      8192.00
       3.329     0.999890        99490      9102.22
       3.337     0.999902        99491     10240.00
       3.375     0.999915        99492     11702.86
       3.381     0.999927        99493     13653.33
       3.395     0.999939        99494     16384.00
       3.423     0.999945        99495     18204.44
       3.443     0.999951        99496     20480.00
       3.443     0.999957        99496     23405.71
       3.451     0.999963        99497     27306.67
       3.451     0.999969        99497     32768.00
       3.545     0.999973        99498     36408.89
       3.545     0.999976        99498     40960.00
       3.545     0.999979        99498     46811.43
       3.623     0.999982        99499     54613.33
       3.623     0.999985        99499     65536.00
       3.623     0.999986        99499     72817.78
       3.623     0.999988        99499     81920.00
       3.623     0.999989        99499     93622.86
       3.681     0.999991        99500    109226.67
       3.681     1.000000        99500          inf
#[Mean    =        1.325, StdDeviation   =        0.481]
#[Max     =        3.680, Total count    =        99500]
#[Buckets =           27, SubBuckets     =         2048]
----------------------------------------------------------
  119802 requests in 1.00m, 132.30MB read
Requests/sec:   1996.65
Transfer/sec:      2.21MB

--- metrics ---
requests=119802
duration_s=60.001392
bytes=138730716
rps=1996.65
p50_ms=1.259
p95_ms=2.217
p99_ms=2.581
p999_ms=2.929
err_connect=0
err_read=0
err_write=0
err_status=0
err_timeout=0
--- end ---
