Running 1m test @ http://127.0.0.1:8084/file1m
  2 threads and 50 connections
  Thread calibration: mean lat.: 21.316ms, rate sampling interval: 63ms
  Thread calibration: mean lat.: 3.439ms, rate sampling interval: 12ms
  Thread Stats   Avg      Stdev     Max   +/- Stdev
    Latency    11.49ms   10.21ms  33.06ms   74.29%
    Req/Sec    25.35     73.73   500.00     89.22%
  Latency Distribution (HdrHistogram - Recorded Latency)
 50.000%    6.27ms
 75.000%   22.05ms
 90.000%   27.31ms
 99.000%   31.58ms
 99.900%   32.75ms
 99.990%   33.09ms
 99.999%   33.09ms
100.000%   33.09ms

  Detailed Percentile spectrum:
       Value   Percentile   TotalCount 1/(1-Percentile)

       1.315     0.000000            1         1.00
       2.085     0.100000          245         1.11
       2.409     0.200000          490         1.25
       2.775     0.300000          738         1.43
       3.293     0.400000          980         1.67
       6.271     0.500000         1225         2.00
       8.447     0.550000         1348         2.22
      11.735     0.600000         1470         2.50
      15.391     0.650000         1593         2.86
      18.911     0.700000         1715         3.33
      22.047     0.750000         1838         4.00
      23.151     0.775000         1899         4.44
      24.015     0.800000         1961         5.00
      24.767     0.825000         2022         5.71
      25.727     0.850000         2084         6.67
      26.607     0.875000         2144         8.00
      26.943     0.887500         2177         8.89
      27.311     0.900000         2205        10.00
      27.759     0.912500         2236        11.43
      28.159     0.925000         2269        13.33
      28.607     0.937500         2297        16.00
      28.895     0.943750         2313        17.78
      29.087     0.950000         2328        20.00
      29.199     0.956250         2343        22.86
      29.471     0.962500         2359        26.67
      29.823     0.968750         2374        32.00
      30.255     0.971875         2382        35.56
      30.415     0.975000         2389        40.00
      30.687     0.978125         2397        45.71
      30.863     0.981250         2405        53.33
      31.071     0.984375         2412        64.00
      31.199     0.985938         2416        71.11
      31.295     0.987500         2420        80.00
      31.503     0.989062         2424        91.43
      31.679     0.990625         2428       106.67
      31.759     0.992188         2431       128.00
      31.887     0.992969         2433       142.22
      31.967     0.993750         2435       160.00
      32.111     0.994531         2437       182.86
      32.191     0.995313         2439       213.33
      32.223     0.996094         2441       256.00
      32.255     0.996484         2442       284.44
      32.287     0.996875         2443       320.00
      32.319     0.997266         2444       365.71
      32.367     0.997656         2445       426.67
      32.511     0.998047         2446       512.00
      32.511     0.998242         2446       568.89
      32.735     0.998437         2447       640.00
      32.735     0.998633         2447       731.43
      32.751     0.998828         2448       853.33
      32.751     0.999023         2448      1024.00
      32.751     0.999121         2448      1137.78
      32.895     0.999219         2449      1280.00
      32.895     0.999316         2449      1462.86
      32.895     0.999414         2449      1706.67
      32.895     0.999512         2449      2048.00
      32.895     0.999561         2449      2275.56
      33.087     0.999609         2450      2560.00
      33.087     1.000000         2450          inf
#[Mean    =       11.493, StdDeviation   =       10.210]
#[Max     =       33.056, Total count    =         2450]
#[Buckets =           27, SubBuckets     =         2048]
----------------------------------------------------------
  2982 requests in 1.00m, 2.91GB read
Requests/sec:     49.69
Transfer/sec:     49.71MB

--- metrics ---
requests=2982
duration_s=60.012826
bytes=3127927056
rps=49.69
p50_ms=6.271
p95_ms=29.087
p99_ms=31.583
p999_ms=32.751
err_connect=0
err_read=0
err_write=0
err_status=0
err_timeout=0
--- end ---
