Running 1m test @ http://127.0.0.1:8080/file50k
  2 threads and 100 connections
  Thread calibration: mean lat.: 1.500ms, rate sampling interval: 10ms
  Thread calibration: mean lat.: 1.536ms, rate sampling interval: 10ms
  Thread Stats   Avg      Stdev     Max   +/- Stdev
    Latency     1.53ms  382.91us   4.12ms   67.17%
    Req/Sec   157.80     95.15   333.00     70.86%
  Latency Distribution (HdrHistogram - Recorded Latency)
 50.000%    1.52ms
 75.000%    1.78ms
 90.000%    2.02ms
 99.000%    2.50ms
 99.900%    2.82ms
 99.990%    3.33ms
 99.999%    4.12ms
100.000%    4.12ms

  Detailed Percentile spectrum:
       Value   Percentile   TotalCount 1/(1-Percentile)

       0.376     0.000000            1         1.00
       1.034     0.100000         1501         1.11
       1.181     0.200000         2987         1.25
       1.305     0.300000         4474         1.43
       1.413     0.400000         5964         1.67
       1.516     0.500000         7450         2.00
       1.566     0.550000         8204         2.22
       1.616     0.600000         8945         2.50
       1.667     0.650000         9686         2.86
       1.720     0.700000        10436         3.33
       1.779     0.750000        11178         4.00
       1.810     0.775000        11556         4.44
       1.846     0.800000        11930         5.00
       1.883     0.825000        12295         5.71
       1.921     0.850000        12670         6.67
       1.966     0.875000        13048         8.00
       1.990     0.887500        13226         8.89
       2.020     0.900000        13410        10.00
       2.057     0.912500        13600        11.43
       2.093     0.925000        13790        13.33
       2.133     0.937500        13969        16.00
       2.159     0.943750        14065        17.78
       2.187     0.950000        14163        20.00
       2.217     0.956250        14251        22.86
       2.249     0.962500        14343        26.67
       2.289     0.968750        14435        32.00
       2.315     0.971875        14483        35.56
       2.335     0.975000        14529        40.00
       2.361     0.978125        14578        45.71
       2.385     0.981250        14621        53.33
       2.421     0.984375        14668        64.00
       2.445     0.985938        14691        71.11
       2.465     0.987500        14714        80.00
       2.487     0.989062        14740        91.43
       2.511     0.990625        14761       106.67
       2.537     0.992188        14785       128.00
       2.555     0.992969        14796       142.22
       2.577     0.993750        14809       160.00
       2.597     0.994531        14821       182.86
       2.619     0.995313        14832       213.33
       2.645     0.996094        14842       256.00
       2.653     0.996484        14848       284.44
       2.665     0.996875        14854       320.00
       2.681     0.997266        14860       365.71
       2.707     0.997656        14866       426.67
       2.713     0.998047        14871       512.00
       2.735     0.998242        14874       568.89
       2.755     0.998437        14877       640.00
       2.771     0.998633        14880       731.43
       2.787     0.998828        14883       853.33
       2.821     0.999023        14886      1024.00
       2.825     0.999121        14887      1137.78
       2.841     0.999219        14889      1280.00
       2.855     0.999316        14890      1462.86
       2.961     0.999414        14892      1706.67
       2.975     0.999512        14893      2048.00
       3.015     0.999561        14894      2275.56
       3.023     0.999609        14895      2560.00
       3.023     0.999658        14895      2925.71
       3.029     0.999707        14896      3413.33
       3.073     0.999756        14897      4096.00
       3.073     0.999780        14897      4551.11
       3.229     0.999805        14898      5120.00
       3.229     0.999829        14898      5851.43
       3.229     0.999854        14898      6826.67
       3.325     0.999878        14899      8192.00
       3.325     0.999890        14899      9102.22
       3.325     0.999902        14899     10240.00
       3.325     0.999915        14899     11702.86
       3.325     0.999927        14899     13653.33
       4.119     0.999939        14900     16384.00
       4.119     1.000000        14900          inf
#[Mean    =        1.527, StdDeviation   =        0.383]
#[Max     =        4.116, Total count    =        14900]
#[Buckets =           27, SubBuckets     =         2048]
----------------------------------------------------------
  18002 requests in 1.00m, 0.86GB read
Requests/sec:    300.02
Transfer/sec:     14.69MB

--- metrics ---
requests=18002
duration_s=60.002529
bytes=924276686
rps=300.02
p50_ms=1.516
p95_ms=2.187
p99_ms=2.501
p999_ms=2.821
err_connect=0
err_read=0
err_write=0
err_status=0
err_timeout=0
--- end ---
