Running 1m test @ http://127.0.0.1:8084/file50k
  2 threads and 100 connections
  Thread calibration: mean lat.: 1.464ms, rate sampling interval: 10ms
  Thread calibration: mean lat.: 2.469ms, rate sampling interval: 10ms
  Thread Stats   Avg      Stdev     Max   +/- Stdev
    Latency     1.81ms  770.10us   7.67ms   71.92%
    Req/Sec   159.06    568.09     5.55k    97.82%
  Latency Distribution (HdrHistogram - Recorded Latency)
 50.000%    1.66ms
 75.000%    2.20ms
 90.000%    2.85ms
 99.000%    4.25ms
 99.900%    5.60ms
 99.990%    7.30ms
 99.999%    7.68ms
100.000%    7.68ms

  Detailed Percentile spectrum:
       Value   Percentile   TotalCount 1/(1-Percentile)

       0.334     0.000000            1         1.00
       0.978     0.100000         1495         1.11
       1.178     0.200000         2987         1.25
       1.350     0.300000         4471         1.43
       1.504     0.400000         5960         1.67
       1.658     0.500000         7452         2.00
       1.737     0.550000         8197         2.22
       1.823     0.600000         8944         2.50
       1.925     0.650000         9690         2.86
       2.055     0.700000        10433         3.33
       2.199     0.750000        11180         4.00
       2.271     0.775000        11554         4.44
       2.367     0.800000        11922         5.00
       2.477     0.825000        12299         5.71
       2.587     0.850000        12668         6.67
       2.719     0.875000        13038         8.00
       2.795     0.887500        13230         8.89
       2.853     0.900000        13414        10.00
       2.939     0.912500        13598        11.43
       3.033     0.925000        13785        13.33
       3.139     0.937500        13969        16.00
       3.199     0.943750        14063        17.78
       3.273     0.950000        14155        20.00
       3.363     0.956250        14250        22.86
       3.447     0.962500        14342        26.67
       3.557     0.968750        14435        32.00
       3.609     0.971875        14481        35.56
       3.671     0.975000        14528        40.00
       3.771     0.978125        14575        45.71
       3.833     0.981250        14621        53.33
       3.981     0.984375        14668        64.00
       4.057     0.985938        14692        71.11
       4.155     0.987500        14715        80.00
       4.211     0.989062        14740        91.43
       4.279     0.990625        14761       106.67
       4.427     0.992188        14785       128.00
       4.475     0.992969        14796       142.22
       4.527     0.993750        14807       160.00
       4.603     0.994531        14819       182.86
       4.723     0.995313        14831       213.33
       4.787     0.996094        14842       256.00
       4.835     0.996484        14849       284.44
       4.907     0.996875        14854       320.00
       4.967     0.997266        14860       365.71
       5.063     0.997656        14866       426.67
       5.155     0.998047        14871       512.00
       5.175     0.998242        14874       568.89
       5.279     0.998437        14877       640.00
       5.323     0.998633        14880       731.43
       5.347     0.998828        14883       853.33
       5.627     0.999023        14886      1024.00
       5.631     0.999121        14887      1137.78
       5.663     0.999219        14890      1280.00
       5.663     0.999316        14890      1462.86
       6.019     0.999414        14892      1706.67
       6.123     0.999512        14893      2048.00
       6.251     0.999561        14895      2275.56
       6.251     0.999609        14895      2560.00
       6.251     0.999658        14895      2925.71
       6.399     0.999707        14896      3413.33
       7.011     0.999756        14897      4096.00
       7.011     0.999780        14897      4551.11
       7.235     0.999805        14898      5120.00
       7.235     0.999829        14898      5851.43
       7.235     0.999854        14898      6826.67
       7.299     0.999878        14899      8192.00
       7.299     0.999890        14899      9102.22
       7.299     0.999902        14899     10240.00
       7.299     0.999915        14899     11702.86
       7.299     0.999927        14899     13653.33
       7.675     0.999939        14900     16384.00
       7.675     1.000000        14900          inf
#[Mean    =        1.810, StdDeviation   =        0.770]
#[Max     =        7.672, Total count    =        14900]
#[Buckets =           27, SubBuckets     =         2048]
----------------------------------------------------------
  17853 requests in 1.00m, 0.85GB read
Requests/sec:    297.53
Transfer/sec:     14.57MB

--- metrics ---
requests=17853
duration_s=60.003447
bytes=916519461
rps=297.53
p50_ms=1.658
p95_ms=3.273
p99_ms=4.251
p999_ms=5.603
err_connect=0
err_read=0
err_write=0
err_status=0
err_timeout=0
--- end ---
