Running 1m test @ http://127.0.0.1:8080/json
  2 threads and 100 connections
  Thread calibration: mean lat.: 1.434ms, rate sampling interval: 10ms
  Thread calibration: mean lat.: 1.450ms, rate sampling interval: 10ms
  Thread Stats   Avg      Stdev     Max   +/- Stdev
    Latency     1.45ms  535.10us   5.85ms   65.28%
    Req/Sec     1.05k   164.18     1.67k    78.28%
  Latency Distribution (HdrHistogram - Recorded Latency)
 50.000%    1.42ms
 75.000%    1.82ms
 90.000%    2.16ms
 99.000%    2.74ms
 99.900%    3.44ms
 99.990%    4.68ms
 99.999%    5.32ms
100.000%    5.85ms

  Detailed Percentile spectrum:
       Value   Percentile   TotalCount 1/(1-Percentile)

       0.114     0.000000            1         1.00
       0.755     0.100000         9987         1.11
       0.953     0.200000        19912         1.25
       1.115     0.300000        29898         1.43
       1.267     0.400000        39836         1.67
       1.416     0.500000        49807         2.00
       1.491     0.550000        54726         2.22
       1.568     0.600000        59707         2.50
       1.646     0.650000        64715         2.86
       1.729     0.700000        69684         3.33
       1.821     0.750000        74670         4.00
       1.868     0.775000        77153         4.44
       1.918     0.800000        79602         5.00
       1.972     0.825000        82092         5.71
       2.027     0.850000        84575         6.67
       2.093     0.875000        87070         8.00
       2.125     0.887500        88318         8.89
       2.159     0.900000        89563        10.00
       2.197     0.912500        90831        11.43
       2.239     0.925000        92048        13.33
       2.289     0.937500        93310        16.00
       2.317     0.943750        93937        17.78
       2.345     0.950000        94550        20.00
       2.379     0.956250        95151        22.86
       2.417     0.962500        95794        26.67
       2.461     0.968750        96403        32.00
       2.487     0.971875        96712        35.56
       2.513     0.975000        97025        40.00
       2.543     0.978125        97337        45.71
       2.583     0.981250        97638        53.33
       2.633     0.984375        97955        64.00
       2.659     0.985938        98106        71.11
       2.689     0.987500        98258        80.00
       2.721     0.989062        98413        91.43
       2.757     0.990625        98568       106.67
       2.801     0.992188        98723       128.00
       2.825     0.992969        98801       142.22
       2.859     0.993750        98886       160.00
       2.893     0.994531        98957       182.86
       2.941     0.995313        99035       213.33
       2.995     0.996094        99113       256.00
       3.025     0.996484        99151       284.44
       3.065     0.996875        99190       320.00
       3.099     0.997266        99228       365.71
       3.145     0.997656        99267       426.67
       3.203     0.998047        99306       512.00
       3.241     0.998242        99326       568.89
       3.289     0.998437        99346       640.00
       3.327     0.998633        99365       731.43
       3.383     0.998828        99384       853.33
       3.445     0.999023        99404      1024.00
       3.479     0.999121        99413      1137.78
       3.525     0.999219        99423      1280.00
       3.567     0.999316        99432      1462.86
       3.623     0.999414        99442      1706.67
       3.687     0.999512        99452      2048.00
       3.749     0.999561        99457      2275.56
       3.799     0.999609        99462      2560.00
       3.827     0.999658        99466      2925.71
       3.919     0.999707        99471      3413.33
       4.009     0.999756        99476      4096.00
       4.031     0.999780        99479      4551.11
       4.119     0.999805        99481      5120.00
       4.211     0.999829        99483      5851.43
       4.383     0.999854        99486      6826.67
       4.463     0.999878        99488      8192.00
       4.683     0.999890        99490      9102.22
       4.703     0.999902        99491     10240.00
       4.723     0.999915        99492     11702.86
       4.787     0.999927        99493     13653.33
       4.835     0.999939        99494     16384.00
       4.871     0.999945        99495     18204.44
       5.099     0.999951        99496     20480.00
       5.099     0.999957        99496     23405.71
       5.243     0.999963        99497     27306.67
       5.243     0.999969        99497     32768.00
       5.307     0.999973        99498     36408.89
       5.307     0.999976        99498     40960.00
       5.307     0.999979        99498     46811.43
       5.315     0.999982        99499     54613.33
       5.315     0.999985        99499     65536.00
       5.315     0.999986        99499     72817.78
       5.315     0.999988        99499     81920.00
       5.315     0.999989        99499     93622.86
       5.851     0.999991        99500    109226.67
       5.851     1.000000        99500          inf
#[Mean    =        1.446, StdDeviation   =        0.535]
#[Max     =        5.848, Total count    =        99500]
#[Buckets =           27, SubBuckets     =         2048]
----------------------------------------------------------
  119807 requests in 1.00m, 128.08MB read
Requests/sec:   1996.69
Transfer/sec:      2.13MB

--- metrics ---
requests=119807
duration_s=60.002655
bytes=134303647
rps=1996.69
p50_ms=1.416
p95_ms=2.345
p99_ms=2.739
p999_ms=3.437
err_connect=0
err_read=0
err_write=0
err_status=0
err_timeout=0
--- end ---
