Running 1m test @ http://127.0.0.1:8081/json
  2 threads and 100 connections
  Thread calibration: mean lat.: 1.266ms, rate sampling interval: 10ms
  Thread calibration: mean lat.: 1.259ms, rate sampling interval: 10ms
  Thread Stats   Avg      Stdev     Max   +/- Stdev
    Latency     1.22ms  480.49us   3.09ms   67.24%
    Req/Sec     1.05k   139.72     1.67k    74.97%
  Latency Distribution (HdrHistogram - Recorded Latency)
 50.000%    1.15ms
 75.000%    1.52ms
 90.000%    1.89ms
 99.000%    2.46ms
 99.900%    2.65ms
 99.990%    2.84ms
 99.999%    3.03ms
100.000%    3.10ms

  Detailed Percentile spectrum:
       Value   Percentile   TotalCount 1/(1-Percentile)

       0.134     0.000000            1         1.00
       0.650     0.100000        10013         1.11
       0.784     0.200000        19947         1.25
       0.905     0.300000        29921         1.43
       1.028     0.400000        39889         1.67
       1.153     0.500000        49752         2.00
       1.217     0.550000        54727         2.22
       1.285     0.600000        59706         2.50
       1.357     0.650000        64685         2.86
       1.435     0.700000        69666         3.33
       1.523     0.750000        74642         4.00
       1.572     0.775000        77132         4.44
       1.623     0.800000        79612         5.00
       1.677     0.825000        82131         5.71
       1.736     0.850000        84608         6.67
       1.805     0.875000        87077         8.00
       1.844     0.887500        88317         8.89
       1.888     0.900000        89572        10.00
       1.939     0.912500        90815        11.43
       1.993     0.925000        92062        13.33
       2.059     0.937500        93303        16.00
       2.099     0.943750        93924        17.78
       2.143     0.950000        94536        20.00
       2.193     0.956250        95168        22.86
       2.243     0.962500        95788        26.67
       2.291     0.968750        96407        32.00
       2.313     0.971875        96702        35.56
       2.337     0.975000        97023        40.00
       2.361     0.978125        97326        45.71
       2.387     0.981250        97643        53.33
       2.413     0.984375        97966        64.00
       2.425     0.985938        98101        71.11
       2.443     0.987500        98279        80.00
       2.457     0.989062        98420        91.43
       2.473     0.990625        98585       106.67
       2.491     0.992188        98735       128.00
       2.501     0.992969        98802       142.22
       2.513     0.993750        98884       160.00
       2.523     0.994531        98958       182.86
       2.537     0.995313        99048       213.33
       2.549     0.996094        99115       256.00
       2.557     0.996484        99153       284.44
       2.567     0.996875        99195       320.00
       2.579     0.997266        99234       365.71
       2.587     0.997656        99267       426.67
       2.601     0.998047        99310       512.00
       2.609     0.998242        99328       568.89
       2.617     0.998437        99345       640.00
       2.629     0.998633        99366       731.43
       2.639     0.998828        99385       853.33
       2.657     0.999023        99407      1024.00
       2.663     0.999121        99413      1137.78
       2.681     0.999219        99424      1280.00
       2.691     0.999316        99432      1462.86
       2.705     0.999414        99442      1706.67
       2.715     0.999512        99453      2048.00
       2.721     0.999561        99458      2275.56
       2.727     0.999609        99462      2560.00
       2.741     0.999658        99467      2925.71
       2.753     0.999707        99471      3413.33
       2.773     0.999756        99476      4096.00
       2.787     0.999780        99479      4551.11
       2.795     0.999805        99481      5120.00
       2.799     0.999829        99483      5851.43
       2.807     0.999854        99486      6826.67
       2.821     0.999878        99488      8192.00
       2.835     0.999890        99490      9102.22
       2.859     0.999902        99491     10240.00
       2.865     0.999915        99492     11702.86
       2.867     0.999927        99493     13653.33
       2.869     0.999939        99494     16384.00
       2.891     0.999945        99495     18204.44
       2.951     0.999951        99496     20480.00
       2.951     0.999957        99496     23405.71
       2.971     0.999963        99497     27306.67
       2.971     0.999969        99497     32768.00
       2.987     0.999973        99498     36408.89
       2.987     0.999976        99498     40960.00
       2.987     0.999979        99498     46811.43
       3.027     0.999982        99499     54613.33
       3.027     0.999985        99499     65536.00
       3.027     0.999986        99499     72817.78
       3.027     0.999988        99499     81920.00
       3.027     0.999989        99499     93622.86
       3.095     0.999991        99500    109226.67
       3.095     1.000000        99500          inf
#[Mean    =        1.218, StdDeviation   =        0.480]
#[Max     =        3.094, Total count    =        99500]
#[Buckets =           27, SubBuckets     =         2048]
----------------------------------------------------------
  119803 requests in 1.00m, 134.02MB read
Requests/sec:   1996.64
Transfer/sec:      2.23MB

--- metrics ---
requests=119803
duration_s=60.002266
bytes=140528919
rps=1996.64
p50_ms=1.153
p95_ms=2.143
p99_ms=2.465
p999_ms=2.653
err_connect=0
err_read=0
err_write=0
err_status=0
err_timeout=0
--- end ---
