Running 1m test @ http://127.0.0.1:8081/file1m
  2 threads and 50 connections
  Thread calibration: mean lat.: 2.729ms, rate sampling interval: 10ms
  Thread calibration: mean lat.: 2.815ms, rate sampling interval: 10ms
  Thread Stats   Avg      Stdev     Max   +/- Stdev
    Latency     2.74ms  501.24us   4.83ms   68.57%
    Req/Sec    26.05     69.39   333.00     87.12%
  Latency Distribution (HdrHistogram - Recorded Latency)
 50.000%    2.74ms
 75.000%    3.04ms
 90.000%    3.41ms
 99.000%    4.01ms
 99.900%    4.53ms
 99.990%    4.83ms
 99.999%    4.83ms
100.000%    4.83ms

  Detailed Percentile spectrum:
       Value   Percentile   TotalCount 1/(1-Percentile)

       1.384     0.000000            1         1.00
       2.123     0.100000          245         1.11
       2.311     0.200000          491         1.25
       2.473     0.300000          738         1.43
       2.607     0.400000          985         1.67
       2.741     0.500000         1227         2.00
       2.791     0.550000         1350         2.22
       2.843     0.600000         1470         2.50
       2.899     0.650000         1593         2.86
       2.959     0.700000         1716         3.33
       3.041     0.750000         1839         4.00
       3.091     0.775000         1903         4.44
       3.137     0.800000         1961         5.00
       3.193     0.825000         2023         5.71
       3.247     0.850000         2083         6.67
       3.333     0.875000         2144         8.00
       3.371     0.887500         2176         8.89
       3.409     0.900000         2205        10.00
       3.465     0.912500         2237        11.43
       3.521     0.925000         2268        13.33
       3.569     0.937500         2298        16.00
       3.597     0.943750         2314        17.78
       3.617     0.950000         2328        20.00
       3.675     0.956250         2343        22.86
       3.723     0.962500         2359        26.67
       3.769     0.968750         2375        32.00
       3.791     0.971875         2382        35.56
       3.807     0.975000         2389        40.00
       3.841     0.978125         2397        45.71
       3.879     0.981250         2405        53.33
       3.911     0.984375         2412        64.00
       3.941     0.985938         2416        71.11
       3.957     0.987500         2420        80.00
       3.991     0.989062         2424        91.43
       4.057     0.990625         2428       106.67
       4.079     0.992188         2431       128.00
       4.103     0.992969         2434       142.22
       4.111     0.993750         2435       160.00
       4.159     0.994531         2437       182.86
       4.191     0.995313         2439       213.33
       4.235     0.996094         2441       256.00
       4.319     0.996484         2442       284.44
       4.351     0.996875         2443       320.00
       4.431     0.997266         2444       365.71
       4.447     0.997656         2445       426.67
       4.459     0.998047         2446       512.00
       4.459     0.998242         2446       568.89
       4.463     0.998437         2447       640.00
       4.463     0.998633         2447       731.43
       4.535     0.998828         2448       853.33
       4.535     0.999023         2448      1024.00
       4.535     0.999121         2448      1137.78
       4.567     0.999219         2449      1280.00
       4.567     0.999316         2449      1462.86
       4.567     0.999414         2449      1706.67
       4.567     0.999512         2449      2048.00
       4.567     0.999561         2449      2275.56
       4.831     0.999609         2450      2560.00
       4.831     1.000000         2450          inf
#[Mean    =        2.745, StdDeviation   =        0.501]
#[Max     =        4.828, Total count    =         2450]
#[Buckets =           27, SubBuckets     =         2048]
----------------------------------------------------------
  3002 requests in 1.00m, 2.93GB read
Requests/sec:     50.03
Transfer/sec:     50.04MB

--- metrics ---
requests=3002
duration_s=60.004409
bytes=3148302470
rps=50.03
p50_ms=2.741
p95_ms=3.617
p99_ms=4.013
p999_ms=4.535
err_connect=0
err_read=0
err_write=0
err_status=0
err_timeout=0
--- end ---
