Running 1m test @ http://127.0.0.1:18081/json
  2 threads and 100 connections
  Thread calibration: mean lat.: 1.562ms, rate sampling interval: 10ms
  Thread calibration: mean lat.: 1.346ms, rate sampling interval: 10ms
  Thread Stats   Avg      Stdev     Max   +/- Stdev
    Latency     1.46ms  595.82us   5.83ms   70.22%
    Req/Sec     1.05k     1.31k    5.55k    89.26%
  Latency Distribution (HdrHistogram - Recorded Latency)
 50.000%    1.37ms
 75.000%    1.80ms
 90.000%    2.28ms
 99.000%    3.24ms
 99.900%    4.32ms
 99.990%    5.05ms
 99.999%    5.68ms
100.000%    5.84ms

  Detailed Percentile spectrum:
       Value   Percentile   TotalCount 1/(1-Percentile)

       0.275     0.000000            1         1.00
       0.793     0.100000        10000         1.11
       0.945     0.200000        19946         1.25
       1.086     0.300000        29858         1.43
       1.226     0.400000        39827         1.67
       1.371     0.500000        49756         2.00
       1.450     0.550000        54763         2.22
       1.530     0.600000        59717         2.50
       1.614     0.650000        64710         2.86
       1.707     0.700000        69671         3.33
       1.805     0.750000        74670         4.00
       1.857     0.775000        77119         4.44
       1.916     0.800000        79602         5.00
       1.985     0.825000        82095         5.71
       2.063     0.850000        84598         6.67
       2.163     0.875000        87071         8.00
       2.221     0.887500        88351         8.89
       2.279     0.900000        89580        10.00
       2.341     0.912500        90810        11.43
       2.407     0.925000        92040        13.33
       2.475     0.937500        93292        16.00
       2.509     0.943750        93906        17.78
       2.549     0.950000        94541        20.00
       2.597     0.956250        95163        22.86
       2.649     0.962500        95779        26.67
       2.723     0.968750        96402        32.00
       2.765     0.971875        96706        35.56
       2.817     0.975000        97021        40.00
       2.879     0.978125        97327        45.71
       2.947     0.981250        97635        53.33
       3.045     0.984375        97954        64.00
       3.091     0.985938        98102        71.11
       3.143     0.987500        98258        80.00
       3.203     0.989062        98412        91.43
       3.277     0.990625        98568       106.67
       3.371     0.992188        98723       128.00
       3.409     0.992969        98804       142.22
       3.479     0.993750        98879       160.00
       3.559     0.994531        98956       182.86
       3.623     0.995313        99035       213.33
       3.703     0.996094        99114       256.00
       3.751     0.996484        99152       284.44
       3.801     0.996875        99191       320.00
       3.865     0.997266        99228       365.71
       3.939     0.997656        99268       426.67
       4.025     0.998047        99306       512.00
       4.071     0.998242        99327       568.89
       4.131     0.998437        99346       640.00
       4.175     0.998633        99367       731.43
       4.235     0.998828        99384       853.33
       4.319     0.999023        99403      1024.00
       4.335     0.999121        99414      1137.78
       4.415     0.999219        99424      1280.00
       4.459     0.999316        99432      1462.86
       4.491     0.999414        99442      1706.67
       4.543     0.999512        99453      2048.00
       4.583     0.999561        99457      2275.56
       4.643     0.999609        99463      2560.00
       4.659     0.999658        99466      2925.71
       4.707     0.999707        99471      3413.33
       4.767     0.999756        99476      4096.00
       4.799     0.999780        99479      4551.11
       4.835     0.999805        99481      5120.00
       4.891     0.999829        99483      5851.43
       4.939     0.999854        99486      6826.67
       5.027     0.999878        99488      8192.00
       5.051     0.999890        99490      9102.22
       5.059     0.999902        99491     10240.00
       5.187     0.999915        99492     11702.86
       5.203     0.999927        99493     13653.33
       5.215     0.999939        99494     16384.00
       5.243     0.999945        99495     18204.44
       5.267     0.999951        99496     20480.00
       5.267     0.999957        99496     23405.71
       5.367     0.999963        99497     27306.67
       5.367     0.999969        99497     32768.00
       5.563     0.999973        99498     36408.89
       5.563     0.999976        99498     40960.00
       5.563     0.999979        99498     46811.43
       5.675     0.999982        99499     54613.33
       5.675     0.999985        99499     65536.00
       5.675     0.999986        99499     72817.78
       5.675     0.999988        99499     81920.00
       5.675     0.999989        99499     93622.86
       5.835     0.999991        99500    109226.67
       5.835     1.000000        99500          inf
#[Mean    =        1.465, StdDeviation   =        0.596]
#[Max     =        5.832, Total count    =        99500]
#[Buckets =           27, SubBuckets     =         2048]
----------------------------------------------------------
  118902 requests in 1.00m, 131.31MB read
Requests/sec:   1981.61
Transfer/sec:      2.19MB

--- metrics ---
requests=118902
duration_s=60.002741
bytes=137688516
rps=1981.61
p50_ms=1.371
p95_ms=2.549
p99_ms=3.245
p999_ms=4.315
err_connect=0
err_read=0
err_write=0
err_status=0
err_timeout=0
--- end ---
