Running 1m test @ http://127.0.0.1:8084/json
  2 threads and 100 connections
  Thread calibration: mean lat.: 1.636ms, rate sampling interval: 10ms
  Thread calibration: mean lat.: 1.234ms, rate sampling interval: 10ms
  Thread Stats   Avg      Stdev     Max   +/- Stdev
    Latency     1.44ms  807.97us  24.53ms   79.49%
    Req/Sec     1.05k     1.31k    5.55k    89.37%
  Latency Distribution (HdrHistogram - Recorded Latency)
 50.000%    1.31ms
 75.000%    1.83ms
 90.000%    2.38ms
 99.000%    3.25ms
 99.900%    4.68ms
 99.990%   23.39ms
 99.999%   24.35ms
100.000%   24.54ms

  Detailed Percentile spectrum:
       Value   Percentile   TotalCount 1/(1-Percentile)

       0.144     0.000000            1         1.00
       0.688     0.100000        10003         1.11
       0.853     0.200000        19955         1.25
       1.004     0.300000        29917         1.43
       1.151     0.400000        39819         1.67
       1.311     0.500000        49777         2.00
       1.398     0.550000        54787         2.22
       1.489     0.600000        59746         2.50
       1.588     0.650000        64675         2.86
       1.696     0.700000        69659         3.33
       1.830     0.750000        74651         4.00
       1.905     0.775000        77117         4.44
       1.991     0.800000        79606         5.00
       2.081     0.825000        82123         5.71
       2.177     0.850000        84578         6.67
       2.279     0.875000        87070         8.00
       2.329     0.887500        88351         8.89
       2.377     0.900000        89558        10.00
       2.431     0.912500        90825        11.43
       2.489     0.925000        92077        13.33
       2.561     0.937500        93299        16.00
       2.609     0.943750        93913        17.78
       2.661     0.950000        94542        20.00
       2.719     0.956250        95164        22.86
       2.785     0.962500        95774        26.67
       2.859     0.968750        96399        32.00
       2.901     0.971875        96707        35.56
       2.945     0.975000        97022        40.00
       2.993     0.978125        97325        45.71
       3.049     0.981250        97640        53.33
       3.107     0.984375        97948        64.00
       3.147     0.985938        98107        71.11
       3.183     0.987500        98265        80.00
       3.221     0.989062        98413        91.43
       3.269     0.990625        98576       106.67
       3.327     0.992188        98727       128.00
       3.357     0.992969        98801       142.22
       3.391     0.993750        98885       160.00
       3.439     0.994531        98958       182.86
       3.489     0.995313        99037       213.33
       3.569     0.996094        99112       256.00
       3.625     0.996484        99152       284.44
       3.673     0.996875        99192       320.00
       3.755     0.997266        99229       365.71
       3.827     0.997656        99267       426.67
       3.915     0.998047        99306       512.00
       3.975     0.998242        99326       568.89
       4.037     0.998437        99345       640.00
       4.167     0.998633        99364       731.43
       4.351     0.998828        99384       853.33
       4.695     0.999023        99403      1024.00
       4.991     0.999121        99413      1137.78
       6.483     0.999219        99423      1280.00
      11.335     0.999316        99432      1462.86
      16.367     0.999414        99442      1706.67
      17.551     0.999512        99452      2048.00
      17.999     0.999561        99457      2275.56
      18.415     0.999609        99462      2560.00
      18.511     0.999658        99466      2925.71
      19.167     0.999707        99472      3413.33
      19.391     0.999756        99476      4096.00
      19.647     0.999780        99479      4551.11
      20.815     0.999805        99481      5120.00
      21.087     0.999829        99483      5851.43
      22.799     0.999854        99486      6826.67
      22.927     0.999878        99488      8192.00
      23.391     0.999890        99490      9102.22
      23.439     0.999902        99491     10240.00
      23.551     0.999915        99492     11702.86
      23.743     0.999927        99494     13653.33
      23.743     0.999939        99494     16384.00
      23.983     0.999945        99495     18204.44
      24.063     0.999951        99496     20480.00
      24.063     0.999957        99496     23405.71
      24.175     0.999963        99497     27306.67
      24.175     0.999969        99497     32768.00
      24.207     0.999973        99498     36408.89
      24.207     0.999976        99498     40960.00
      24.207     0.999979        99498     46811.43
      24.351     0.999982        99499     54613.33
      24.351     0.999985        99499     65536.00
      24.351     0.999986        99499     72817.78
      24.351     0.999988        99499     81920.00
      24.351     0.999989        99499     93622.86
      24.543     0.999991        99500    109226.67
      24.543     1.000000        99500          inf
#[Mean    =        1.444, StdDeviation   =        0.808]
#[Max     =       24.528, Total count    =        99500]
#[Buckets =           27, SubBuckets     =         2048]
----------------------------------------------------------
  118902 requests in 1.00m, 128.59MB read
Requests/sec:   1981.63
Transfer/sec:      2.14MB

--- metrics ---
requests=118902
duration_s=60.001975
bytes=134834868
rps=1981.63
p50_ms=1.311
p95_ms=2.661
p99_ms=3.249
p999_ms=4.675
err_connect=0
err_read=0
err_write=0
err_status=0
err_timeout=0
--- end ---
