Running 1m test @ http://127.0.0.1:8081/file1m
  2 threads and 50 connections
  Thread calibration: mean lat.: 2.829ms, rate sampling interval: 10ms
  Thread calibration: mean lat.: 2.926ms, rate sampling interval: 10ms
  Thread Stats   Avg      Stdev     Max   +/- Stdev
    Latency     2.87ms  549.89us   4.98ms   68.37%
    Req/Sec    26.04     69.76   333.00     87.11%
  Latency Distribution (HdrHistogram - Recorded Latency)
 50.000%    2.84ms
 75.000%    3.23ms
 90.000%    3.59ms
 99.000%    4.27ms
 99.900%    4.85ms
 99.990%    4.99ms
 99.999%    4.99ms
100.000%    4.99ms

  Detailed Percentile spectrum:
       Value   Percentile   TotalCount 1/(1-Percentile)

       1.472     0.000000            1         1.00
       2.181     0.100000          245         1.11
       2.389     0.200000          490         1.25
       2.545     0.300000          736         1.43
       2.689     0.400000          980         1.67
       2.839     0.500000         1226         2.00
       2.907     0.550000         1351         2.22
       2.979     0.600000         1472         2.50
       3.059     0.650000         1593         2.86
       3.139     0.700000         1717         3.33
       3.229     0.750000         1839         4.00
       3.275     0.775000         1900         4.44
       3.323     0.800000         1960         5.00
       3.383     0.825000         2027         5.71
       3.427     0.850000         2083         6.67
       3.509     0.875000         2145         8.00
       3.551     0.887500         2175         8.89
       3.585     0.900000         2206        10.00
       3.651     0.912500         2236        11.43
       3.707     0.925000         2267        13.33
       3.777     0.937500         2298        16.00
       3.813     0.943750         2313        17.78
       3.859     0.950000         2328        20.00
       3.889     0.956250         2344        22.86
       3.927     0.962500         2359        26.67
       3.975     0.968750         2376        32.00
       4.007     0.971875         2382        35.56
       4.055     0.975000         2389        40.00
       4.111     0.978125         2397        45.71
       4.163     0.981250         2405        53.33
       4.187     0.984375         2412        64.00
       4.219     0.985938         2416        71.11
       4.243     0.987500         2422        80.00
       4.259     0.989062         2424        91.43
       4.331     0.990625         2428       106.67
       4.399     0.992188         2431       128.00
       4.423     0.992969         2433       142.22
       4.435     0.993750         2435       160.00
       4.447     0.994531         2437       182.86
       4.507     0.995313         2439       213.33
       4.551     0.996094         2441       256.00
       4.555     0.996484         2442       284.44
       4.635     0.996875         2443       320.00
       4.815     0.997266         2444       365.71
       4.819     0.997656         2446       426.67
       4.819     0.998047         2446       512.00
       4.819     0.998242         2446       568.89
       4.843     0.998437         2447       640.00
       4.843     0.998633         2447       731.43
       4.851     0.998828         2448       853.33
       4.851     0.999023         2448      1024.00
       4.851     0.999121         2448      1137.78
       4.907     0.999219         2449      1280.00
       4.907     0.999316         2449      1462.86
       4.907     0.999414         2449      1706.67
       4.907     0.999512         2449      2048.00
       4.907     0.999561         2449      2275.56
       4.987     0.999609         2450      2560.00
       4.987     1.000000         2450          inf
#[Mean    =        2.871, StdDeviation   =        0.550]
#[Max     =        4.984, Total count    =         2450]
#[Buckets =           27, SubBuckets     =         2048]
----------------------------------------------------------
  3002 requests in 1.00m, 2.93GB read
Requests/sec:     50.03
Transfer/sec:     50.04MB

--- metrics ---
requests=3002
duration_s=60.004405
bytes=3148302470
rps=50.03
p50_ms=2.839
p95_ms=3.859
p99_ms=4.267
p999_ms=4.851
err_connect=0
err_read=0
err_write=0
err_status=0
err_timeout=0
--- end ---
