Running 1m test @ http://127.0.0.1:8083/file50k
  2 threads and 100 connections
  Thread calibration: mean lat.: 1.315ms, rate sampling interval: 10ms
  Thread calibration: mean lat.: 2.299ms, rate sampling interval: 10ms
  Thread Stats   Avg      Stdev     Max   +/- Stdev
    Latency     1.77ms  772.44us   5.71ms   70.29%
    Req/Sec   158.62    567.10     5.55k    97.82%
  Latency Distribution (HdrHistogram - Recorded Latency)
 50.000%    1.61ms
 75.000%    2.17ms
 90.000%    2.90ms
 99.000%    4.04ms
 99.900%    5.20ms
 99.990%    5.69ms
 99.999%    5.71ms
100.000%    5.71ms

  Detailed Percentile spectrum:
       Value   Percentile   TotalCount 1/(1-Percentile)

       0.397     0.000000            1         1.00
       0.910     0.100000         1490         1.11
       1.125     0.200000         2980         1.25
       1.300     0.300000         4473         1.43
       1.454     0.400000         5971         1.67
       1.606     0.500000         7453         2.00
       1.689     0.550000         8198         2.22
       1.774     0.600000         8943         2.50
       1.884     0.650000         9688         2.86
       2.017     0.700000        10437         3.33
       2.167     0.750000        11180         4.00
       2.261     0.775000        11552         4.44
       2.353     0.800000        11926         5.00
       2.463     0.825000        12300         5.71
       2.601     0.850000        12665         6.67
       2.757     0.875000        13040         8.00
       2.821     0.887500        13225         8.89
       2.899     0.900000        13414        10.00
       2.983     0.912500        13597        11.43
       3.071     0.925000        13785        13.33
       3.173     0.937500        13972        16.00
       3.223     0.943750        14066        17.78
       3.283     0.950000        14158        20.00
       3.341     0.956250        14249        22.86
       3.409     0.962500        14342        26.67
       3.485     0.968750        14436        32.00
       3.521     0.971875        14486        35.56
       3.569     0.975000        14528        40.00
       3.627     0.978125        14576        45.71
       3.701     0.981250        14621        53.33
       3.815     0.984375        14669        64.00
       3.881     0.985938        14691        71.11
       3.951     0.987500        14714        80.00
       4.001     0.989062        14738        91.43
       4.065     0.990625        14761       106.67
       4.135     0.992188        14784       128.00
       4.191     0.992969        14796       142.22
       4.255     0.993750        14808       160.00
       4.307     0.994531        14819       182.86
       4.379     0.995313        14831       213.33
       4.435     0.996094        14842       256.00
       4.479     0.996484        14848       284.44
       4.539     0.996875        14854       320.00
       4.583     0.997266        14860       365.71
       4.683     0.997656        14866       426.67
       4.751     0.998047        14871       512.00
       4.851     0.998242        14874       568.89
       4.955     0.998437        14877       640.00
       5.055     0.998633        14880       731.43
       5.175     0.998828        14883       853.33
       5.227     0.999023        14886      1024.00
       5.231     0.999121        14887      1137.78
       5.367     0.999219        14889      1280.00
       5.379     0.999316        14892      1462.86
       5.379     0.999414        14892      1706.67
       5.387     0.999512        14893      2048.00
       5.463     0.999561        14894      2275.56
       5.531     0.999609        14895      2560.00
       5.531     0.999658        14895      2925.71
       5.571     0.999707        14896      3413.33
       5.607     0.999756        14897      4096.00
       5.607     0.999780        14897      4551.11
       5.619     0.999805        14898      5120.00
       5.619     0.999829        14898      5851.43
       5.619     0.999854        14898      6826.67
       5.687     0.999878        14899      8192.00
       5.687     0.999890        14899      9102.22
       5.687     0.999902        14899     10240.00
       5.687     0.999915        14899     11702.86
       5.687     0.999927        14899     13653.33
       5.711     0.999939        14900     16384.00
       5.711     1.000000        14900          inf
#[Mean    =        1.766, StdDeviation   =        0.772]
#[Max     =        5.708, Total count    =        14900]
#[Buckets =           27, SubBuckets     =         2048]
----------------------------------------------------------
  17852 requests in 1.00m, 0.86GB read
Requests/sec:    297.52
Transfer/sec:     14.60MB

--- metrics ---
requests=17852
duration_s=60.002556
bytes=918753180
rps=297.52
p50_ms=1.606
p95_ms=3.283
p99_ms=4.037
p999_ms=5.199
err_connect=0
err_read=0
err_write=0
err_status=0
err_timeout=0
--- end ---
