Running 1m test @ http://127.0.0.1:8080/file1m
  2 threads and 50 connections
  Thread calibration: mean lat.: 4.536ms, rate sampling interval: 10ms
  Thread calibration: mean lat.: 4.462ms, rate sampling interval: 10ms
  Thread Stats   Avg      Stdev     Max   +/- Stdev
    Latency     4.47ms    7.13ms  46.21ms   96.86%
    Req/Sec    25.98     69.84   444.00     86.78%
  Latency Distribution (HdrHistogram - Recorded Latency)
 50.000%    3.12ms
 75.000%    3.59ms
 90.000%    4.41ms
 99.000%   43.97ms
 99.900%   45.85ms
 99.990%   46.24ms
 99.999%   46.24ms
100.000%   46.24ms

  Detailed Percentile spectrum:
       Value   Percentile   TotalCount 1/(1-Percentile)

       1.574     0.000000            1         1.00
       2.415     0.100000          248         1.11
       2.617     0.200000          491         1.25
       2.813     0.300000          735         1.43
       2.971     0.400000          983         1.67
       3.121     0.500000         1229         2.00
       3.199     0.550000         1353         2.22
       3.275     0.600000         1473         2.50
       3.351     0.650000         1594         2.86
       3.447     0.700000         1715         3.33
       3.589     0.750000         1839         4.00
       3.675     0.775000         1899         4.44
       3.797     0.800000         1960         5.00
       3.917     0.825000         2022         5.71
       4.059     0.850000         2083         6.67
       4.207     0.875000         2144         8.00
       4.295     0.887500         2175         8.89
       4.407     0.900000         2205        10.00
       4.559     0.912500         2236        11.43
       4.695     0.925000         2267        13.33
       4.807     0.937500         2297        16.00
       4.879     0.943750         2313        17.78
       4.959     0.950000         2329        20.00
       5.107     0.956250         2343        22.86
       5.303     0.962500         2359        26.67
      42.815     0.968750         2375        32.00
      43.007     0.971875         2382        35.56
      43.135     0.975000         2389        40.00
      43.455     0.978125         2397        45.71
      43.711     0.981250         2408        53.33
      43.807     0.984375         2412        64.00
      43.871     0.985938         2416        71.11
      43.903     0.987500         2421        80.00
      43.967     0.989062         2426        91.43
      44.031     0.990625         2429       106.67
      44.095     0.992188         2432       128.00
      44.159     0.992969         2433       142.22
      44.255     0.993750         2435       160.00
      44.479     0.994531         2437       182.86
      44.671     0.995313         2440       213.33
      44.735     0.996094         2442       256.00
      44.735     0.996484         2442       284.44
      44.895     0.996875         2443       320.00
      45.055     0.997266         2444       365.71
      45.087     0.997656         2445       426.67
      45.631     0.998047         2446       512.00
      45.631     0.998242         2446       568.89
      45.663     0.998437         2447       640.00
      45.663     0.998633         2447       731.43
      45.855     0.998828         2448       853.33
      45.855     0.999023         2448      1024.00
      45.855     0.999121         2448      1137.78
      46.111     0.999219         2449      1280.00
      46.111     0.999316         2449      1462.86
      46.111     0.999414         2449      1706.67
      46.111     0.999512         2449      2048.00
      46.111     0.999561         2449      2275.56
      46.239     0.999609         2450      2560.00
      46.239     1.000000         2450          inf
#[Mean    =        4.474, StdDeviation   =        7.128]
#[Max     =       46.208, Total count    =         2450]
#[Buckets =           27, SubBuckets     =         2048]
----------------------------------------------------------
  3002 requests in 1.00m, 2.93GB read
Requests/sec:     50.03
Transfer/sec:     50.04MB

--- metrics ---
requests=3002
duration_s=60.004939
bytes=3148260442
rps=50.03
p50_ms=3.121
p95_ms=4.959
p99_ms=43.967
p999_ms=45.855
err_connect=0
err_read=0
err_write=0
err_status=0
err_timeout=0
--- end ---
