Running 30s test @ http://127.0.0.1:18082/file1m
  2 threads and 50 connections
  Thread calibration: mean lat.: 8.317ms, rate sampling interval: 85ms
  Thread calibration: mean lat.: 8.597ms, rate sampling interval: 86ms
  Thread Stats   Avg      Stdev     Max   +/- Stdev
    Latency     9.96ms   14.57ms  53.44ms   84.98%
    Req/Sec    24.08     54.91   220.00     86.18%
  Latency Distribution (HdrHistogram - Recorded Latency)
 50.000%    3.82ms
 75.000%    5.72ms
 90.000%   43.62ms
 99.000%   46.69ms
 99.900%   51.17ms
 99.990%   53.47ms
 99.999%   53.47ms
100.000%   53.47ms

  Detailed Percentile spectrum:
       Value   Percentile   TotalCount 1/(1-Percentile)

       1.459     0.000000            1         1.00
       2.367     0.100000           98         1.11
       2.709     0.200000          191         1.25
       3.065     0.300000          286         1.43
       3.427     0.400000          381         1.67
       3.821     0.500000          476         2.00
       4.029     0.550000          524         2.22
       4.303     0.600000          572         2.50
       4.667     0.650000          619         2.86
       5.055     0.700000          667         3.33
       5.715     0.750000          714         4.00
       6.027     0.775000          738         4.44
       6.655     0.800000          762         5.00
       7.747     0.825000          786         5.71
      42.015     0.850000          810         6.67
      43.199     0.875000          834         8.00
      43.359     0.887500          847         8.89
      43.615     0.900000          857        10.00
      43.871     0.912500          869        11.43
      44.191     0.925000          882        13.33
      44.383     0.937500          897        16.00
      44.415     0.943750          899        17.78
      44.575     0.950000          905        20.00
      44.767     0.956250          911        22.86
      45.087     0.962500          917        26.67
      45.311     0.968750          923        32.00
      45.407     0.971875          926        35.56
      45.759     0.975000          931        40.00
      45.823     0.978125          933        45.71
      46.015     0.981250          935        53.33
      46.335     0.984375          938        64.00
      46.495     0.985938          939        71.11
      46.591     0.987500          941        80.00
      46.687     0.989062          942        91.43
      47.071     0.990625          944       106.67
      47.199     0.992188          945       128.00
      47.327     0.992969          946       142.22
      47.551     0.993750          947       160.00
      47.551     0.994531          947       182.86
      47.775     0.995313          948       213.33
      47.871     0.996094          949       256.00
      47.871     0.996484          949       284.44
      47.967     0.996875          950       320.00
      47.967     0.997266          950       365.71
      47.967     0.997656          950       426.67
      51.167     0.998047          951       512.00
      51.167     0.998242          951       568.89
      51.167     0.998437          951       640.00
      51.167     0.998633          951       731.43
      51.167     0.998828          951       853.33
      53.471     0.999023          952      1024.00
      53.471     1.000000          952          inf
#[Mean    =        9.957, StdDeviation   =       14.571]
#[Max     =       53.440, Total count    =          952]
#[Buckets =           27, SubBuckets     =         2048]
----------------------------------------------------------
  1502 requests in 30.01s, 1.47GB read
Requests/sec:     50.05
Transfer/sec:     50.08MB

--- metrics ---
requests=1502
duration_s=30.010429
bytes=1575948990
rps=50.05
p50_ms=3.821
p95_ms=44.575
p99_ms=46.687
p999_ms=51.167
err_connect=0
err_read=0
err_write=0
err_status=0
err_timeout=0
--- end ---
