Running 1m test @ http://127.0.0.1:8084/file50k
  2 threads and 100 connections
  Thread calibration: mean lat.: 1.414ms, rate sampling interval: 10ms
  Thread calibration: mean lat.: 2.610ms, rate sampling interval: 10ms
  Thread Stats   Avg      Stdev     Max   +/- Stdev
    Latency     1.94ms    0.92ms   6.60ms   70.23%
    Req/Sec   158.69    570.62     5.55k    97.86%
  Latency Distribution (HdrHistogram - Recorded Latency)
 50.000%    1.69ms
 75.000%    2.44ms
 90.000%    3.30ms
 99.000%    4.60ms
 99.900%    5.56ms
 99.990%    6.00ms
 99.999%    6.60ms
100.000%    6.60ms

  Detailed Percentile spectrum:
       Value   Percentile   TotalCount 1/(1-Percentile)

       0.377     0.000000            1         1.00
       0.951     0.100000         1490         1.11
       1.179     0.200000         2987         1.25
       1.363     0.300000         4477         1.43
       1.525     0.400000         5961         1.67
       1.691     0.500000         7455         2.00
       1.784     0.550000         8198         2.22
       1.891     0.600000         8942         2.50
       2.038     0.650000         9687         2.86
       2.229     0.700000        10430         3.33
       2.443     0.750000        11177         4.00
       2.569     0.775000        11555         4.44
       2.697     0.800000        11924         5.00
       2.841     0.825000        12295         5.71
       2.987     0.850000        12666         6.67
       3.137     0.875000        13038         8.00
       3.221     0.887500        13226         8.89
       3.301     0.900000        13412        10.00
       3.397     0.912500        13603        11.43
       3.517     0.925000        13784        13.33
       3.631     0.937500        13974        16.00
       3.697     0.943750        14062        17.78
       3.753     0.950000        14156        20.00
       3.831     0.956250        14250        22.86
       3.919     0.962500        14342        26.67
       4.023     0.968750        14435        32.00
       4.073     0.971875        14481        35.56
       4.127     0.975000        14528        40.00
       4.191     0.978125        14575        45.71
       4.275     0.981250        14623        53.33
       4.347     0.984375        14671        64.00
       4.407     0.985938        14692        71.11
       4.447     0.987500        14714        80.00
       4.535     0.989062        14739        91.43
       4.635     0.990625        14762       106.67
       4.743     0.992188        14785       128.00
       4.775     0.992969        14796       142.22
       4.811     0.993750        14807       160.00
       4.895     0.994531        14819       182.86
       4.955     0.995313        14831       213.33
       5.043     0.996094        14842       256.00
       5.115     0.996484        14848       284.44
       5.171     0.996875        14855       320.00
       5.211     0.997266        14860       365.71
       5.275     0.997656        14866       426.67
       5.307     0.998047        14871       512.00
       5.395     0.998242        14874       568.89
       5.411     0.998437        14877       640.00
       5.459     0.998633        14880       731.43
       5.487     0.998828        14883       853.33
       5.563     0.999023        14886      1024.00
       5.571     0.999121        14887      1137.78
       5.631     0.999219        14889      1280.00
       5.635     0.999316        14890      1462.86
       5.655     0.999414        14892      1706.67
       5.667     0.999512        14893      2048.00
       5.671     0.999561        14895      2275.56
       5.671     0.999609        14895      2560.00
       5.671     0.999658        14895      2925.71
       5.715     0.999707        14896      3413.33
       5.727     0.999756        14897      4096.00
       5.727     0.999780        14897      4551.11
       5.951     0.999805        14898      5120.00
       5.951     0.999829        14898      5851.43
       5.951     0.999854        14898      6826.67
       5.999     0.999878        14899      8192.00
       5.999     0.999890        14899      9102.22
       5.999     0.999902        14899     10240.00
       5.999     0.999915        14899     11702.86
       5.999     0.999927        14899     13653.33
       6.599     0.999939        14900     16384.00
       6.599     1.000000        14900          inf
#[Mean    =        1.935, StdDeviation   =        0.917]
#[Max     =        6.596, Total count    =        14900]
#[Buckets =           27, SubBuckets     =         2048]
----------------------------------------------------------
  17853 requests in 1.00m, 0.85GB read
Requests/sec:    297.53
Transfer/sec:     14.57MB

--- metrics ---
requests=17853
duration_s=60.003305
bytes=916519461
rps=297.53
p50_ms=1.691
p95_ms=3.753
p99_ms=4.603
p999_ms=5.559
err_connect=0
err_read=0
err_write=0
err_status=0
err_timeout=0
--- end ---
