Running 1m test @ http://127.0.0.1:8082/file50k
  2 threads and 100 connections
  Thread calibration: mean lat.: 244.281ms, rate sampling interval: 635ms
  Thread calibration: mean lat.: 243.974ms, rate sampling interval: 634ms
  Thread Stats   Avg      Stdev     Max   +/- Stdev
    Latency   244.84ms   59.52ms 333.82ms   68.57%
    Req/Sec   149.78     12.23   157.00     80.13%
  Latency Distribution (HdrHistogram - Recorded Latency)
 50.000%  247.81ms
 75.000%  291.58ms
 90.000%  317.18ms
 99.000%  332.54ms
 99.900%  333.57ms
 99.990%  334.08ms
 99.999%  334.08ms
100.000%  334.08ms

  Detailed Percentile spectrum:
       Value   Percentile   TotalCount 1/(1-Percentile)

       1.171     0.000000            1         1.00
     178.687     0.100000         1491         1.11
     196.351     0.200000         2992         1.25
     213.119     0.300000         4480         1.43
     230.527     0.400000         5963         1.67
     247.807     0.500000         7468         2.00
     257.023     0.550000         8203         2.22
     265.215     0.600000         8953         2.50
     274.175     0.650000         9685         2.86
     282.367     0.700000        10430         3.33
     291.583     0.750000        11191         4.00
     295.679     0.775000        11574         4.44
     300.031     0.800000        11922         5.00
     304.639     0.825000        12299         5.71
     308.735     0.850000        12695         6.67
     312.831     0.875000        13065         8.00
     315.391     0.887500        13244         8.89
     317.183     0.900000        13410        10.00
     319.231     0.912500        13601        11.43
     322.047     0.925000        13803        13.33
     323.327     0.937500        13981        16.00
     325.375     0.943750        14081        17.78
     325.887     0.950000        14162        20.00
     326.655     0.956250        14269        22.86
     328.703     0.962500        14352        26.67
     329.215     0.968750        14447        32.00
     329.471     0.971875        14494        35.56
     329.727     0.975000        14530        40.00
     330.239     0.978125        14584        45.71
     331.775     0.981250        14638        53.33
     332.031     0.984375        14673        64.00
     332.287     0.985938        14703        71.11
     332.543     0.987500        14759        80.00
     332.543     0.989062        14759        91.43
     332.799     0.990625        14810       106.67
     332.799     0.992188        14810       128.00
     332.799     0.992969        14810       142.22
     332.799     0.993750        14810       160.00
     333.055     0.994531        14842       182.86
     333.055     0.995313        14842       213.33
     333.055     0.996094        14842       256.00
     333.311     0.996484        14873       284.44
     333.311     0.996875        14873       320.00
     333.311     0.997266        14873       365.71
     333.311     0.997656        14873       426.67
     333.311     0.998047        14873       512.00
     333.567     0.998242        14891       568.89
     333.567     0.998437        14891       640.00
     333.567     0.998633        14891       731.43
     333.567     0.998828        14891       853.33
     333.567     0.999023        14891      1024.00
     333.567     0.999121        14891      1137.78
     333.567     0.999219        14891      1280.00
     333.567     0.999316        14891      1462.86
     333.823     0.999414        14897      1706.67
     333.823     0.999512        14897      2048.00
     333.823     0.999561        14897      2275.56
     333.823     0.999609        14897      2560.00
     333.823     0.999658        14897      2925.71
     333.823     0.999707        14897      3413.33
     333.823     0.999756        14897      4096.00
     333.823     0.999780        14897      4551.11
     334.079     0.999805        14900      5120.00
     334.079     1.000000        14900          inf
#[Mean    =      244.844, StdDeviation   =       59.518]
#[Max     =      333.824, Total count    =        14900]
#[Buckets =           27, SubBuckets     =         2048]
----------------------------------------------------------
  17904 requests in 1.00m, 0.86GB read
Requests/sec:    298.38
Transfer/sec:     14.61MB

--- metrics ---
requests=17904
duration_s=60.004550
bytes=919477824
rps=298.38
p50_ms=247.807
p95_ms=325.887
p99_ms=332.543
p999_ms=333.567
err_connect=0
err_read=0
err_write=0
err_status=0
err_timeout=0
--- end ---
