Running 1m test @ http://127.0.0.1:8081/json
  2 threads and 100 connections
  Thread calibration: mean lat.: 1.196ms, rate sampling interval: 10ms
  Thread calibration: mean lat.: 1.655ms, rate sampling interval: 10ms
  Thread Stats   Avg      Stdev     Max   +/- Stdev
    Latency     1.46ms  676.57us  17.34ms   69.70%
    Req/Sec     1.05k     1.31k    5.55k    89.27%
  Latency Distribution (HdrHistogram - Recorded Latency)
 50.000%    1.33ms
 75.000%    1.86ms
 90.000%    2.40ms
 99.000%    3.46ms
 99.900%    4.17ms
 99.990%    4.54ms
 99.999%   12.88ms
100.000%   17.36ms

  Detailed Percentile spectrum:
       Value   Percentile   TotalCount 1/(1-Percentile)

       0.174     0.000000            1         1.00
       0.720     0.100000        10000         1.11
       0.883     0.200000        19944         1.25
       1.030     0.300000        29884         1.43
       1.175     0.400000        39855         1.67
       1.331     0.500000        49799         2.00
       1.416     0.550000        54775         2.22
       1.505     0.600000        59703         2.50
       1.604     0.650000        64716         2.86
       1.723     0.700000        69682         3.33
       1.861     0.750000        74626         4.00
       1.936     0.775000        77120         4.44
       2.017     0.800000        79626         5.00
       2.103     0.825000        82106         5.71
       2.199     0.850000        84596         6.67
       2.301     0.875000        87079         8.00
       2.349     0.887500        88319         8.89
       2.401     0.900000        89598        10.00
       2.453     0.912500        90826        11.43
       2.519     0.925000        92048        13.33
       2.613     0.937500        93298        16.00
       2.667     0.943750        93919        17.78
       2.727     0.950000        94528        20.00
       2.795     0.956250        95161        22.86
       2.873     0.962500        95778        26.67
       2.965     0.968750        96401        32.00
       3.017     0.971875        96709        35.56
       3.075     0.975000        97020        40.00
       3.133     0.978125        97326        45.71
       3.201     0.981250        97640        53.33
       3.275     0.984375        97949        64.00
       3.319     0.985938        98101        71.11
       3.377     0.987500        98261        80.00
       3.425     0.989062        98415        91.43
       3.487     0.990625        98574       106.67
       3.563     0.992188        98724       128.00
       3.623     0.992969        98807       142.22
       3.669     0.993750        98881       160.00
       3.715     0.994531        98958       182.86
       3.773     0.995313        99035       213.33
       3.837     0.996094        99112       256.00
       3.865     0.996484        99152       284.44
       3.915     0.996875        99190       320.00
       3.951     0.997266        99229       365.71
       3.985     0.997656        99269       426.67
       4.031     0.998047        99308       512.00
       4.057     0.998242        99327       568.89
       4.087     0.998437        99345       640.00
       4.119     0.998633        99369       731.43
       4.139     0.998828        99385       853.33
       4.171     0.999023        99404      1024.00
       4.187     0.999121        99413      1137.78
       4.207     0.999219        99423      1280.00
       4.223     0.999316        99432      1462.86
       4.251     0.999414        99442      1706.67
       4.279     0.999512        99452      2048.00
       4.295     0.999561        99457      2275.56
       4.315     0.999609        99462      2560.00
       4.335     0.999658        99467      2925.71
       4.347     0.999707        99471      3413.33
       4.375     0.999756        99476      4096.00
       4.403     0.999780        99479      4551.11
       4.427     0.999805        99481      5120.00
       4.447     0.999829        99483      5851.43
       4.471     0.999854        99486      6826.67
       4.515     0.999878        99489      8192.00
       4.539     0.999890        99490      9102.22
       4.559     0.999902        99491     10240.00
       4.587     0.999915        99492     11702.86
       4.599     0.999927        99493     13653.33
       4.607     0.999939        99494     16384.00
       4.735     0.999945        99495     18204.44
       4.767     0.999951        99496     20480.00
       4.767     0.999957        99496     23405.71
       4.967     0.999963        99497     27306.67
       4.967     0.999969        99497     32768.00
       5.011     0.999973        99498     36408.89
       5.011     0.999976        99498     40960.00
       5.011     0.999979        99498     46811.43
      12.879     0.999982        99499     54613.33
      12.879     0.999985        99499     65536.00
      12.879     0.999986        99499     72817.78
      12.879     0.999988        99499     81920.00
      12.879     0.999989        99499     93622.86
      17.359     0.999991        99500    109226.67
      17.359     1.000000        99500          inf
#[Mean    =        1.464, StdDeviation   =        0.677]
#[Max     =       17.344, Total count    =        99500]
#[Buckets =           27, SubBuckets     =         2048]
----------------------------------------------------------
  118904 requests in 1.00m, 133.01MB read
Requests/sec:   1981.64
Transfer/sec:      2.22MB

--- metrics ---
requests=118904
duration_s=60.002924
bytes=139474392
rps=1981.64
p50_ms=1.331
p95_ms=2.727
p99_ms=3.463
p999_ms=4.171
err_connect=0
err_read=0
err_write=0
err_status=0
err_timeout=0
--- end ---
