Running 1m test @ http://127.0.0.1:8084/file1m
  2 threads and 50 connections
  Thread calibration: mean lat.: 30.903ms, rate sampling interval: 91ms
  Thread calibration: mean lat.: 33.536ms, rate sampling interval: 96ms
  Thread Stats   Avg      Stdev     Max   +/- Stdev
    Latency    30.87ms   12.69ms  50.30ms   65.18%
    Req/Sec    24.47     72.61   277.00     90.22%
  Latency Distribution (HdrHistogram - Recorded Latency)
 50.000%   34.81ms
 75.000%   41.31ms
 90.000%   44.67ms
 99.000%   48.67ms
 99.900%   49.98ms
 99.990%   50.33ms
 99.999%   50.33ms
100.000%   50.33ms

  Detailed Percentile spectrum:
       Value   Percentile   TotalCount 1/(1-Percentile)

       2.063     0.000000            1         1.00
      10.567     0.100000          245         1.11
      17.871     0.200000          491         1.25
      24.895     0.300000          735         1.43
      30.031     0.400000          980         1.67
      34.815     0.500000         1225         2.00
      36.351     0.550000         1348         2.22
      37.919     0.600000         1472         2.50
      39.071     0.650000         1594         2.86
      40.255     0.700000         1715         3.33
      41.311     0.750000         1838         4.00
      41.855     0.775000         1901         4.44
      42.367     0.800000         1962         5.00
      42.879     0.825000         2024         5.71
      43.423     0.850000         2083         6.67
      44.063     0.875000         2145         8.00
      44.383     0.887500         2176         8.89
      44.671     0.900000         2209        10.00
      44.959     0.912500         2236        11.43
      45.279     0.925000         2267        13.33
      45.663     0.937500         2299        16.00
      45.919     0.943750         2314        17.78
      46.111     0.950000         2332        20.00
      46.271     0.956250         2343        22.86
      46.559     0.962500         2360        26.67
      46.879     0.968750         2374        32.00
      47.071     0.971875         2383        35.56
      47.295     0.975000         2390        40.00
      47.583     0.978125         2398        45.71
      47.807     0.981250         2405        53.33
      48.063     0.984375         2413        64.00
      48.319     0.985938         2416        71.11
      48.511     0.987500         2421        80.00
      48.639     0.989062         2425        91.43
      48.767     0.990625         2428       106.67
      48.927     0.992188         2432       128.00
      48.991     0.992969         2434       142.22
      49.023     0.993750         2436       160.00
      49.055     0.994531         2439       182.86
      49.055     0.995313         2439       213.33
      49.311     0.996094         2441       256.00
      49.407     0.996484         2443       284.44
      49.407     0.996875         2443       320.00
      49.439     0.997266         2444       365.71
      49.567     0.997656         2445       426.67
      49.695     0.998047         2446       512.00
      49.695     0.998242         2446       568.89
      49.727     0.998437         2447       640.00
      49.727     0.998633         2447       731.43
      49.983     0.998828         2448       853.33
      49.983     0.999023         2448      1024.00
      49.983     0.999121         2448      1137.78
      50.207     0.999219         2449      1280.00
      50.207     0.999316         2449      1462.86
      50.207     0.999414         2449      1706.67
      50.207     0.999512         2449      2048.00
      50.207     0.999561         2449      2275.56
      50.335     0.999609         2450      2560.00
      50.335     1.000000         2450          inf
#[Mean    =       30.874, StdDeviation   =       12.688]
#[Max     =       50.304, Total count    =         2450]
#[Buckets =           27, SubBuckets     =         2048]
----------------------------------------------------------
  2954 requests in 1.00m, 2.89GB read
Requests/sec:     49.22
Transfer/sec:     49.22MB

--- metrics ---
requests=2954
duration_s=60.020318
bytes=3097973689
rps=49.22
p50_ms=34.815
p95_ms=46.111
p99_ms=48.671
p999_ms=49.983
err_connect=0
err_read=0
err_write=0
err_status=0
err_timeout=0
--- end ---
