Running 1m test @ http://127.0.0.1:8083/file50k
  2 threads and 100 connections
  Thread calibration: mean lat.: 1.269ms, rate sampling interval: 10ms
  Thread calibration: mean lat.: 1.271ms, rate sampling interval: 10ms
  Thread Stats   Avg      Stdev     Max   +/- Stdev
    Latency     1.27ms  401.05us   2.72ms   66.58%
    Req/Sec   158.04     95.39   333.00     69.76%
  Latency Distribution (HdrHistogram - Recorded Latency)
 50.000%    1.25ms
 75.000%    1.53ms
 90.000%    1.79ms
 99.000%    2.28ms
 99.900%    2.51ms
 99.990%    2.69ms
 99.999%    2.72ms
100.000%    2.72ms

  Detailed Percentile spectrum:
       Value   Percentile   TotalCount 1/(1-Percentile)

       0.334     0.000000            1         1.00
       0.743     0.100000         1492         1.11
       0.899     0.200000         2987         1.25
       1.029     0.300000         4485         1.43
       1.142     0.400000         5964         1.67
       1.252     0.500000         7451         2.00
       1.304     0.550000         8196         2.22
       1.357     0.600000         8947         2.50
       1.412     0.650000         9691         2.86
       1.469     0.700000        10441         3.33
       1.531     0.750000        11177         4.00
       1.563     0.775000        11555         4.44
       1.597     0.800000        11923         5.00
       1.635     0.825000        12294         5.71
       1.682     0.850000        12673         6.67
       1.735     0.875000        13040         8.00
       1.764     0.887500        13231         8.89
       1.795     0.900000        13410        10.00
       1.826     0.912500        13599        11.43
       1.865     0.925000        13784        13.33
       1.910     0.937500        13969        16.00
       1.940     0.943750        14064        17.78
       1.970     0.950000        14155        20.00
       2.006     0.956250        14251        22.86
       2.043     0.962500        14342        26.67
       2.083     0.968750        14435        32.00
       2.107     0.971875        14488        35.56
       2.125     0.975000        14529        40.00
       2.153     0.978125        14578        45.71
       2.181     0.981250        14622        53.33
       2.213     0.984375        14672        64.00
       2.231     0.985938        14692        71.11
       2.249     0.987500        14714        80.00
       2.269     0.989062        14739        91.43
       2.289     0.990625        14761       106.67
       2.317     0.992188        14784       128.00
       2.329     0.992969        14796       142.22
       2.347     0.993750        14808       160.00
       2.359     0.994531        14819       182.86
       2.375     0.995313        14833       213.33
       2.383     0.996094        14843       256.00
       2.395     0.996484        14848       284.44
       2.407     0.996875        14855       320.00
       2.419     0.997266        14861       365.71
       2.439     0.997656        14866       426.67
       2.457     0.998047        14871       512.00
       2.467     0.998242        14875       568.89
       2.475     0.998437        14877       640.00
       2.489     0.998633        14880       731.43
       2.499     0.998828        14883       853.33
       2.519     0.999023        14886      1024.00
       2.521     0.999121        14888      1137.78
       2.523     0.999219        14889      1280.00
       2.531     0.999316        14890      1462.86
       2.543     0.999414        14892      1706.67
       2.555     0.999512        14893      2048.00
       2.557     0.999561        14894      2275.56
       2.559     0.999609        14895      2560.00
       2.559     0.999658        14895      2925.71
       2.577     0.999707        14896      3413.33
       2.597     0.999756        14897      4096.00
       2.597     0.999780        14897      4551.11
       2.639     0.999805        14898      5120.00
       2.639     0.999829        14898      5851.43
       2.639     0.999854        14898      6826.67
       2.691     0.999878        14899      8192.00
       2.691     0.999890        14899      9102.22
       2.691     0.999902        14899     10240.00
       2.691     0.999915        14899     11702.86
       2.691     0.999927        14899     13653.33
       2.719     0.999939        14900     16384.00
       2.719     1.000000        14900          inf
#[Mean    =        1.265, StdDeviation   =        0.401]
#[Max     =        2.718, Total count    =        14900]
#[Buckets =           27, SubBuckets     =         2048]
----------------------------------------------------------
  18002 requests in 1.00m, 0.86GB read
Requests/sec:    300.02
Transfer/sec:     14.73MB

--- metrics ---
requests=18002
duration_s=60.002007
bytes=926472930
rps=300.02
p50_ms=1.252
p95_ms=1.970
p99_ms=2.283
p999_ms=2.511
err_connect=0
err_read=0
err_write=0
err_status=0
err_timeout=0
--- end ---
