Running 1m test @ http://127.0.0.1:8084/file1m
  2 threads and 50 connections
  Thread calibration: mean lat.: 2.889ms, rate sampling interval: 10ms
  Thread calibration: mean lat.: 2.895ms, rate sampling interval: 10ms
  Thread Stats   Avg      Stdev     Max   +/- Stdev
    Latency     2.88ms  500.78us   4.88ms   67.84%
    Req/Sec    25.91     69.91   333.00     87.35%
  Latency Distribution (HdrHistogram - Recorded Latency)
 50.000%    2.88ms
 75.000%    3.21ms
 90.000%    3.52ms
 99.000%    4.03ms
 99.900%    4.64ms
 99.990%    4.89ms
 99.999%    4.89ms
100.000%    4.89ms

  Detailed Percentile spectrum:
       Value   Percentile   TotalCount 1/(1-Percentile)

       1.414     0.000000            1         1.00
       2.221     0.100000          247         1.11
       2.443     0.200000          495         1.25
       2.605     0.300000          735         1.43
       2.759     0.400000          981         1.67
       2.885     0.500000         1229         2.00
       2.945     0.550000         1349         2.22
       3.009     0.600000         1474         2.50
       3.073     0.650000         1598         2.86
       3.131     0.700000         1716         3.33
       3.207     0.750000         1839         4.00
       3.251     0.775000         1899         4.44
       3.299     0.800000         1961         5.00
       3.343     0.825000         2023         5.71
       3.395     0.850000         2083         6.67
       3.455     0.875000         2144         8.00
       3.481     0.887500         2176         8.89
       3.517     0.900000         2208        10.00
       3.563     0.912500         2236        11.43
       3.605     0.925000         2267        13.33
       3.657     0.937500         2297        16.00
       3.681     0.943750         2315        17.78
       3.705     0.950000         2329        20.00
       3.751     0.956250         2343        22.86
       3.795     0.962500         2360        26.67
       3.829     0.968750         2374        32.00
       3.871     0.971875         2384        35.56
       3.895     0.975000         2389        40.00
       3.915     0.978125         2397        45.71
       3.931     0.981250         2405        53.33
       3.965     0.984375         2412        64.00
       3.981     0.985938         2416        71.11
       3.995     0.987500         2420        80.00
       4.015     0.989062         2424        91.43
       4.035     0.990625         2428       106.67
       4.051     0.992188         2432       128.00
       4.073     0.992969         2433       142.22
       4.111     0.993750         2435       160.00
       4.127     0.994531         2437       182.86
       4.139     0.995313         2439       213.33
       4.163     0.996094         2441       256.00
       4.191     0.996484         2442       284.44
       4.203     0.996875         2443       320.00
       4.207     0.997266         2444       365.71
       4.315     0.997656         2445       426.67
       4.339     0.998047         2446       512.00
       4.339     0.998242         2446       568.89
       4.343     0.998437         2447       640.00
       4.343     0.998633         2447       731.43
       4.643     0.998828         2448       853.33
       4.643     0.999023         2448      1024.00
       4.643     0.999121         2448      1137.78
       4.651     0.999219         2449      1280.00
       4.651     0.999316         2449      1462.86
       4.651     0.999414         2449      1706.67
       4.651     0.999512         2449      2048.00
       4.651     0.999561         2449      2275.56
       4.887     0.999609         2450      2560.00
       4.887     1.000000         2450          inf
#[Mean    =        2.878, StdDeviation   =        0.501]
#[Max     =        4.884, Total count    =         2450]
#[Buckets =           27, SubBuckets     =         2048]
----------------------------------------------------------
  3002 requests in 1.00m, 2.93GB read
Requests/sec:     50.03
Transfer/sec:     50.04MB

--- metrics ---
requests=3002
duration_s=60.004041
bytes=3148242430
rps=50.03
p50_ms=2.885
p95_ms=3.705
p99_ms=4.033
p999_ms=4.643
err_connect=0
err_read=0
err_write=0
err_status=0
err_timeout=0
--- end ---
