Running 1m test @ http://127.0.0.1:8082/file50k
  2 threads and 100 connections
  Thread calibration: mean lat.: 241.608ms, rate sampling interval: 659ms
  Thread calibration: mean lat.: 191.071ms, rate sampling interval: 695ms
  Thread Stats   Avg      Stdev     Max   +/- Stdev
    Latency   218.21ms  111.41ms 353.02ms   43.84%
    Req/Sec   149.24      9.13   182.00     86.30%
  Latency Distribution (HdrHistogram - Recorded Latency)
 50.000%  236.93ms
 75.000%  335.61ms
 90.000%  344.83ms
 99.000%  350.72ms
 99.900%  352.26ms
 99.990%  353.02ms
 99.999%  353.28ms
100.000%  353.28ms

  Detailed Percentile spectrum:
       Value   Percentile   TotalCount 1/(1-Percentile)

       1.191     0.000000            1         1.00
      63.487     0.100000         1490         1.11
      70.655     0.200000         2986         1.25
     152.575     0.300000         4478         1.43
     194.687     0.400000         5965         1.67
     236.927     0.500000         7451         2.00
     258.047     0.550000         8197         2.22
     279.807     0.600000         8942         2.50
     301.055     0.650000         9695         2.86
     322.303     0.700000        10430         3.33
     335.615     0.750000        11243         4.00
     337.151     0.775000        11569         4.44
     338.687     0.800000        11943         5.00
     340.223     0.825000        12325         5.71
     341.759     0.850000        12688         6.67
     343.295     0.875000        13054         8.00
     344.063     0.887500        13235         8.89
     344.831     0.900000        13455        10.00
     345.599     0.912500        13662        11.43
     346.367     0.925000        13837        13.33
     347.135     0.937500        14020        16.00
     347.391     0.943750        14094        17.78
     347.903     0.950000        14224        20.00
     348.159     0.956250        14310        22.86
     348.415     0.962500        14371        26.67
     348.671     0.968750        14451        32.00
     348.927     0.971875        14512        35.56
     349.183     0.975000        14567        40.00
     349.439     0.978125        14618        45.71
     349.695     0.981250        14654        53.33
     349.951     0.984375        14686        64.00
     350.207     0.985938        14711        71.11
     350.463     0.987500        14734        80.00
     350.719     0.989062        14763        91.43
     350.719     0.990625        14763       106.67
     350.975     0.992188        14789       128.00
     351.231     0.992969        14813       142.22
     351.231     0.993750        14813       160.00
     351.487     0.994531        14840       182.86
     351.487     0.995313        14840       213.33
     351.743     0.996094        14867       256.00
     351.743     0.996484        14867       284.44
     351.743     0.996875        14867       320.00
     351.743     0.997266        14867       365.71
     351.743     0.997656        14867       426.67
     351.999     0.998047        14878       512.00
     351.999     0.998242        14878       568.89
     351.999     0.998437        14878       640.00
     352.255     0.998633        14889       731.43
     352.255     0.998828        14889       853.33
     352.255     0.999023        14889      1024.00
     352.255     0.999121        14889      1137.78
     352.255     0.999219        14889      1280.00
     352.511     0.999316        14897      1462.86
     352.511     0.999414        14897      1706.67
     352.511     0.999512        14897      2048.00
     352.511     0.999561        14897      2275.56
     352.511     0.999609        14897      2560.00
     352.511     0.999658        14897      2925.71
     352.511     0.999707        14897      3413.33
     352.511     0.999756        14897      4096.00
     352.511     0.999780        14897      4551.11
     352.767     0.999805        14898      5120.00
     352.767     0.999829        14898      5851.43
     352.767     0.999854        14898      6826.67
     353.023     0.999878        14899      8192.00
     353.023     0.999890        14899      9102.22
     353.023     0.999902        14899     10240.00
     353.023     0.999915        14899     11702.86
     353.023     0.999927        14899     13653.33
     353.279     0.999939        14900     16384.00
     353.279     1.000000        14900          inf
#[Mean    =      218.209, StdDeviation   =      111.409]
#[Max     =      353.024, Total count    =        14900]
#[Buckets =           27, SubBuckets     =         2048]
----------------------------------------------------------
  17780 requests in 1.00m, 0.85GB read
Requests/sec:    296.31
Transfer/sec:     14.51MB

--- metrics ---
requests=17780
duration_s=60.004240
bytes=913109680
rps=296.31
p50_ms=236.927
p95_ms=347.903
p99_ms=350.719
p999_ms=352.255
err_connect=0
err_read=0
err_write=0
err_status=0
err_timeout=0
--- end ---
