Running 1m test @ http://127.0.0.1:8082/file50k
  2 threads and 100 connections
  Thread calibration: mean lat.: 244.690ms, rate sampling interval: 636ms
  Thread calibration: mean lat.: 244.519ms, rate sampling interval: 635ms
  Thread Stats   Avg      Stdev     Max   +/- Stdev
    Latency   245.47ms   59.45ms 335.36ms   68.70%
    Req/Sec   149.90     12.02   157.00     82.05%
  Latency Distribution (HdrHistogram - Recorded Latency)
 50.000%  248.96ms
 75.000%  292.10ms
 90.000%  318.21ms
 99.000%  333.05ms
 99.900%  334.08ms
 99.990%  335.10ms
 99.999%  335.61ms
100.000%  335.61ms

  Detailed Percentile spectrum:
       Value   Percentile   TotalCount 1/(1-Percentile)

       1.099     0.000000            1         1.00
     179.455     0.100000         1492         1.11
     197.119     0.200000         2980         1.25
     214.271     0.300000         4470         1.43
     231.679     0.400000         5964         1.67
     248.959     0.500000         7450         2.00
     257.663     0.550000         8199         2.22
     266.239     0.600000         8952         2.50
     274.431     0.650000         9687         2.86
     283.647     0.700000        10441         3.33
     292.095     0.750000        11199         4.00
     295.679     0.775000        11554         4.44
     300.543     0.800000        11932         5.00
     305.151     0.825000        12302         5.71
     308.735     0.850000        12680         6.67
     313.343     0.875000        13062         8.00
     315.391     0.887500        13240         8.89
     318.207     0.900000        13413        10.00
     319.743     0.912500        13611        11.43
     322.047     0.925000        13799        13.33
     323.583     0.937500        13980        16.00
     325.631     0.943750        14066        17.78
     326.399     0.950000        14189        20.00
     327.167     0.956250        14270        22.86
     328.447     0.962500        14353        26.67
     329.215     0.968750        14482        32.00
     329.215     0.971875        14482        35.56
     329.727     0.975000        14543        40.00
     330.239     0.978125        14580        45.71
     332.031     0.981250        14649        53.33
     332.287     0.984375        14678        64.00
     332.543     0.985938        14709        71.11
     332.799     0.987500        14746        80.00
     332.799     0.989062        14746        91.43
     333.055     0.990625        14791       106.67
     333.055     0.992188        14791       128.00
     333.311     0.992969        14825       142.22
     333.311     0.993750        14825       160.00
     333.311     0.994531        14825       182.86
     333.567     0.995313        14850       213.33
     333.567     0.996094        14850       256.00
     333.567     0.996484        14850       284.44
     333.823     0.996875        14874       320.00
     333.823     0.997266        14874       365.71
     333.823     0.997656        14874       426.67
     333.823     0.998047        14874       512.00
     333.823     0.998242        14874       568.89
     334.079     0.998437        14888       640.00
     334.079     0.998633        14888       731.43
     334.079     0.998828        14888       853.33
     334.079     0.999023        14888      1024.00
     334.079     0.999121        14888      1137.78
     334.335     0.999219        14894      1280.00
     334.335     0.999316        14894      1462.86
     334.335     0.999414        14894      1706.67
     334.335     0.999512        14894      2048.00
     334.335     0.999561        14894      2275.56
     334.591     0.999609        14897      2560.00
     334.591     0.999658        14897      2925.71
     334.591     0.999707        14897      3413.33
     334.591     0.999756        14897      4096.00
     334.591     0.999780        14897      4551.11
     334.847     0.999805        14898      5120.00
     334.847     0.999829        14898      5851.43
     334.847     0.999854        14898      6826.67
     335.103     0.999878        14899      8192.00
     335.103     0.999890        14899      9102.22
     335.103     0.999902        14899     10240.00
     335.103     0.999915        14899     11702.86
     335.103     0.999927        14899     13653.33
     335.615     0.999939        14900     16384.00
     335.615     1.000000        14900          inf
#[Mean    =      245.467, StdDeviation   =       59.451]
#[Max     =      335.360, Total count    =        14900]
#[Buckets =           27, SubBuckets     =         2048]
----------------------------------------------------------
  17904 requests in 1.00m, 0.86GB read
Requests/sec:    298.38
Transfer/sec:     14.61MB

--- metrics ---
requests=17904
duration_s=60.004098
bytes=919477824
rps=298.38
p50_ms=248.959
p95_ms=326.399
p99_ms=333.055
p999_ms=334.079
err_connect=0
err_read=0
err_write=0
err_status=0
err_timeout=0
--- end ---
