Running 1m test @ http://127.0.0.1:8081/json
  2 threads and 100 connections
  Thread calibration: mean lat.: 1.183ms, rate sampling interval: 10ms
  Thread calibration: mean lat.: 1.180ms, rate sampling interval: 10ms
  Thread Stats   Avg      Stdev     Max   +/- Stdev
    Latency     1.16ms  464.04us   4.18ms   66.29%
    Req/Sec     1.05k   166.05     1.67k    82.25%
  Latency Distribution (HdrHistogram - Recorded Latency)
 50.000%    1.10ms
 75.000%    1.48ms
 90.000%    1.81ms
 99.000%    2.34ms
 99.900%    2.64ms
 99.990%    3.33ms
 99.999%    4.04ms
100.000%    4.18ms

  Detailed Percentile spectrum:
       Value   Percentile   TotalCount 1/(1-Percentile)

       0.170     0.000000            1         1.00
       0.610     0.100000        10007         1.11
       0.741     0.200000        19978         1.25
       0.853     0.300000        29891         1.43
       0.971     0.400000        39807         1.67
       1.101     0.500000        49809         2.00
       1.170     0.550000        54753         2.22
       1.244     0.600000        59767         2.50
       1.318     0.650000        64717         2.86
       1.399     0.700000        69690         3.33
       1.481     0.750000        74629         4.00
       1.526     0.775000        77138         4.44
       1.572     0.800000        79625         5.00
       1.622     0.825000        82101         5.71
       1.676     0.850000        84584         6.67
       1.738     0.875000        87074         8.00
       1.771     0.887500        88323         8.89
       1.808     0.900000        89554        10.00
       1.849     0.912500        90804        11.43
       1.893     0.925000        92042        13.33
       1.948     0.937500        93283        16.00
       1.979     0.943750        93905        17.78
       2.013     0.950000        94532        20.00
       2.049     0.956250        95161        22.86
       2.095     0.962500        95793        26.67
       2.139     0.968750        96414        32.00
       2.163     0.971875        96711        35.56
       2.193     0.975000        97033        40.00
       2.221     0.978125        97340        45.71
       2.249     0.981250        97650        53.33
       2.279     0.984375        97961        64.00
       2.295     0.985938        98113        71.11
       2.311     0.987500        98269        80.00
       2.329     0.989062        98417        91.43
       2.349     0.990625        98570       106.67
       2.375     0.992188        98733       128.00
       2.391     0.992969        98806       142.22
       2.407     0.993750        98888       160.00
       2.425     0.994531        98959       182.86
       2.443     0.995313        99036       213.33
       2.469     0.996094        99119       256.00
       2.481     0.996484        99152       284.44
       2.495     0.996875        99191       320.00
       2.513     0.997266        99231       365.71
       2.529     0.997656        99267       426.67
       2.551     0.998047        99306       512.00
       2.569     0.998242        99328       568.89
       2.575     0.998437        99346       640.00
       2.589     0.998633        99364       731.43
       2.619     0.998828        99384       853.33
       2.647     0.999023        99403      1024.00
       2.661     0.999121        99414      1137.78
       2.681     0.999219        99423      1280.00
       2.705     0.999316        99433      1462.86
       2.719     0.999414        99443      1706.67
       2.743     0.999512        99452      2048.00
       2.749     0.999561        99458      2275.56
       2.787     0.999609        99462      2560.00
       2.813     0.999658        99466      2925.71
       2.851     0.999707        99471      3413.33
       2.945     0.999756        99476      4096.00
       2.995     0.999780        99479      4551.11
       3.005     0.999805        99481      5120.00
       3.057     0.999829        99483      5851.43
       3.083     0.999854        99486      6826.67
       3.137     0.999878        99488      8192.00
       3.331     0.999890        99490      9102.22
       3.371     0.999902        99491     10240.00
       3.433     0.999915        99492     11702.86
       3.455     0.999927        99493     13653.33
       3.503     0.999939        99494     16384.00
       3.533     0.999945        99495     18204.44
       3.605     0.999951        99496     20480.00
       3.605     0.999957        99496     23405.71
       3.613     0.999963        99497     27306.67
       3.613     0.999969        99497     32768.00
       3.927     0.999973        99498     36408.89
       3.927     0.999976        99498     40960.00
       3.927     0.999979        99498     46811.43
       4.039     0.999982        99499     54613.33
       4.039     0.999985        99499     65536.00
       4.039     0.999986        99499     72817.78
       4.039     0.999988        99499     81920.00
       4.039     0.999989        99499     93622.86
       4.179     0.999991        99500    109226.67
       4.179     1.000000        99500          inf
#[Mean    =        1.164, StdDeviation   =        0.464]
#[Max     =        4.176, Total count    =        99500]
#[Buckets =           27, SubBuckets     =         2048]
----------------------------------------------------------
  119804 requests in 1.00m, 134.02MB read
Requests/sec:   1996.65
Transfer/sec:      2.23MB

--- metrics ---
requests=119804
duration_s=60.002412
bytes=140530092
rps=1996.65
p50_ms=1.101
p95_ms=2.013
p99_ms=2.343
p999_ms=2.641
err_connect=0
err_read=0
err_write=0
err_status=0
err_timeout=0
--- end ---
