Running 1m test @ http://127.0.0.1:18081/json
  2 threads and 100 connections
  Thread calibration: mean lat.: 1.399ms, rate sampling interval: 10ms
  Thread calibration: mean lat.: 1.804ms, rate sampling interval: 10ms
  Thread Stats   Avg      Stdev     Max   +/- Stdev
    Latency     1.56ms  695.87us   6.63ms   73.60%
    Req/Sec     1.05k     1.30k    5.55k    89.18%
  Latency Distribution (HdrHistogram - Recorded Latency)
 50.000%    1.44ms
 75.000%    1.89ms
 90.000%    2.43ms
 99.000%    3.93ms
 99.900%    5.21ms
 99.990%    6.20ms
 99.999%    6.53ms
100.000%    6.63ms

  Detailed Percentile spectrum:
       Value   Percentile   TotalCount 1/(1-Percentile)

       0.202     0.000000            1         1.00
       0.807     0.100000         9957         1.11
       0.987     0.200000        19904         1.25
       1.141     0.300000        29907         1.43
       1.288     0.400000        39831         1.67
       1.438     0.500000        49780         2.00
       1.517     0.550000        54772         2.22
       1.600     0.600000        59754         2.50
       1.686     0.650000        64702         2.86
       1.782     0.700000        69666         3.33
       1.891     0.750000        74645         4.00
       1.953     0.775000        77148         4.44
       2.021     0.800000        79618         5.00
       2.103     0.825000        82150         5.71
       2.197     0.850000        84618         6.67
       2.307     0.875000        87078         8.00
       2.365     0.887500        88309         8.89
       2.433     0.900000        89580        10.00
       2.501     0.912500        90795        11.43
       2.587     0.925000        92065        13.33
       2.697     0.937500        93285        16.00
       2.763     0.943750        93920        17.78
       2.841     0.950000        94526        20.00
       2.937     0.956250        95152        22.86
       3.051     0.962500        95774        26.67
       3.179     0.968750        96393        32.00
       3.257     0.971875        96703        35.56
       3.339     0.975000        97020        40.00
       3.429     0.978125        97327        45.71
       3.539     0.981250        97636        53.33
       3.655     0.984375        97946        64.00
       3.723     0.985938        98106        71.11
       3.789     0.987500        98257        80.00
       3.865     0.989062        98412        91.43
       3.959     0.990625        98570       106.67
       4.065     0.992188        98723       128.00
       4.123     0.992969        98805       142.22
       4.191     0.993750        98879       160.00
       4.259     0.994531        98960       182.86
       4.339     0.995313        99036       213.33
       4.439     0.996094        99112       256.00
       4.491     0.996484        99151       284.44
       4.559     0.996875        99191       320.00
       4.635     0.997266        99228       365.71
       4.695     0.997656        99267       426.67
       4.815     0.998047        99307       512.00
       4.879     0.998242        99327       568.89
       4.935     0.998437        99345       640.00
       5.007     0.998633        99365       731.43
       5.107     0.998828        99385       853.33
       5.219     0.999023        99403      1024.00
       5.295     0.999121        99413      1137.78
       5.323     0.999219        99423      1280.00
       5.403     0.999316        99432      1462.86
       5.467     0.999414        99442      1706.67
       5.595     0.999512        99452      2048.00
       5.635     0.999561        99457      2275.56
       5.671     0.999609        99463      2560.00
       5.719     0.999658        99466      2925.71
       5.803     0.999707        99471      3413.33
       5.851     0.999756        99476      4096.00
       5.903     0.999780        99479      4551.11
       6.035     0.999805        99481      5120.00
       6.043     0.999829        99483      5851.43
       6.107     0.999854        99486      6826.67
       6.151     0.999878        99488      8192.00
       6.195     0.999890        99490      9102.22
       6.203     0.999902        99491     10240.00
       6.267     0.999915        99492     11702.86
       6.363     0.999927        99493     13653.33
       6.367     0.999939        99494     16384.00
       6.431     0.999945        99495     18204.44
       6.471     0.999951        99496     20480.00
       6.471     0.999957        99496     23405.71
       6.511     0.999963        99497     27306.67
       6.511     0.999969        99497     32768.00
       6.519     0.999973        99498     36408.89
       6.519     0.999976        99498     40960.00
       6.519     0.999979        99498     46811.43
       6.531     0.999982        99499     54613.33
       6.531     0.999985        99499     65536.00
       6.531     0.999986        99499     72817.78
       6.531     0.999988        99499     81920.00
       6.531     0.999989        99499     93622.86
       6.631     0.999991        99500    109226.67
       6.631     1.000000        99500          inf
#[Mean    =        1.557, StdDeviation   =        0.696]
#[Max     =        6.628, Total count    =        99500]
#[Buckets =           27, SubBuckets     =         2048]
----------------------------------------------------------
  118910 requests in 1.00m, 131.32MB read
Requests/sec:   1981.73
Transfer/sec:      2.19MB

--- metrics ---
requests=118910
duration_s=60.003114
bytes=137697780
rps=1981.73
p50_ms=1.438
p95_ms=2.841
p99_ms=3.927
p999_ms=5.211
err_connect=0
err_read=0
err_write=0
err_status=0
err_timeout=0
--- end ---
