Running 1m test @ http://127.0.0.1:8080/file1m
  2 threads and 50 connections
  Thread calibration: mean lat.: 6.533ms, rate sampling interval: 23ms
  Thread calibration: mean lat.: 21.252ms, rate sampling interval: 65ms
  Thread Stats   Avg      Stdev     Max   +/- Stdev
    Latency    14.25ms   12.44ms  55.04ms   74.82%
    Req/Sec    24.86     71.21   390.00     89.22%
  Latency Distribution (HdrHistogram - Recorded Latency)
 50.000%    9.37ms
 75.000%   25.90ms
 90.000%   32.08ms
 99.000%   43.71ms
 99.900%   47.84ms
 99.990%   55.07ms
 99.999%   55.07ms
100.000%   55.07ms

  Detailed Percentile spectrum:
       Value   Percentile   TotalCount 1/(1-Percentile)

       1.527     0.000000            1         1.00
       2.343     0.100000          245         1.11
       2.685     0.200000          490         1.25
       3.157     0.300000          735         1.43
       4.919     0.400000          980         1.67
       9.367     0.500000         1225         2.00
      12.127     0.550000         1348         2.22
      15.655     0.600000         1470         2.50
      19.407     0.650000         1593         2.86
      22.895     0.700000         1716         3.33
      25.903     0.750000         1838         4.00
      26.991     0.775000         1899         4.44
      28.047     0.800000         1962         5.00
      29.119     0.825000         2023         5.71
      30.095     0.850000         2083         6.67
      31.103     0.875000         2145         8.00
      31.583     0.887500         2177         8.89
      32.079     0.900000         2205        10.00
      32.591     0.912500         2236        11.43
      33.119     0.925000         2267        13.33
      33.951     0.937500         2299        16.00
      34.431     0.943750         2315        17.78
      35.231     0.950000         2328        20.00
      35.807     0.956250         2343        22.86
      36.799     0.962500         2359        26.67
      38.367     0.968750         2374        32.00
      42.271     0.971875         2382        35.56
      42.911     0.975000         2389        40.00
      43.167     0.978125         2400        45.71
      43.199     0.981250         2405        53.33
      43.359     0.984375         2414        64.00
      43.391     0.985938         2416        71.11
      43.519     0.987500         2420        80.00
      43.615     0.989062         2424        91.43
      43.871     0.990625         2428       106.67
      43.967     0.992188         2431       128.00
      44.031     0.992969         2434       142.22
      44.095     0.993750         2435       160.00
      44.191     0.994531         2438       182.86
      44.255     0.995313         2439       213.33
      44.351     0.996094         2441       256.00
      44.415     0.996484         2443       284.44
      44.415     0.996875         2443       320.00
      44.671     0.997266         2444       365.71
      45.023     0.997656         2445       426.67
      45.279     0.998047         2446       512.00
      45.279     0.998242         2446       568.89
      46.079     0.998437         2447       640.00
      46.079     0.998633         2447       731.43
      47.839     0.998828         2449       853.33
      47.839     0.999023         2449      1024.00
      47.839     0.999121         2449      1137.78
      47.839     0.999219         2449      1280.00
      47.839     0.999316         2449      1462.86
      47.839     0.999414         2449      1706.67
      47.839     0.999512         2449      2048.00
      47.839     0.999561         2449      2275.56
      55.071     0.999609         2450      2560.00
      55.071     1.000000         2450          inf
#[Mean    =       14.252, StdDeviation   =       12.444]
#[Max     =       55.040, Total count    =         2450]
#[Buckets =           27, SubBuckets     =         2048]
----------------------------------------------------------
  2977 requests in 1.00m, 2.91GB read
Requests/sec:     49.61
Transfer/sec:     49.62MB

--- metrics ---
requests=2977
duration_s=60.004251
bytes=3122042417
rps=49.61
p50_ms=9.367
p95_ms=35.231
p99_ms=43.711
p999_ms=47.839
err_connect=0
err_read=0
err_write=0
err_status=0
err_timeout=0
--- end ---
