Running 1m test @ http://127.0.0.1:8080/json
  2 threads and 100 connections
  Thread calibration: mean lat.: 741.343ms, rate sampling interval: 5197ms
  Thread calibration: mean lat.: 579.505ms, rate sampling interval: 4280ms
  Thread Stats   Avg      Stdev     Max   +/- Stdev
    Latency     1.66ms  705.76us   7.59ms   69.67%
    Req/Sec     1.00k     3.91     1.00k    80.00%
  Latency Distribution (HdrHistogram - Recorded Latency)
 50.000%    1.57ms
 75.000%    2.07ms
 90.000%    2.58ms
 99.000%    3.76ms
 99.900%    5.25ms
 99.990%    6.86ms
 99.999%    7.48ms
100.000%    7.59ms

  Detailed Percentile spectrum:
       Value   Percentile   TotalCount 1/(1-Percentile)

       0.151     0.000000            1         1.00
       0.845     0.100000         9973         1.11
       1.046     0.200000        19945         1.25
       1.224     0.300000        29884         1.43
       1.395     0.400000        39842         1.67
       1.572     0.500000        49760         2.00
       1.661     0.550000        54754         2.22
       1.749     0.600000        59709         2.50
       1.849     0.650000        64707         2.86
       1.954     0.700000        69652         3.33
       2.071     0.750000        74648         4.00
       2.137     0.775000        77159         4.44
       2.211     0.800000        79630         5.00
       2.291     0.825000        82089         5.71
       2.379     0.850000        84596         6.67
       2.477     0.875000        87103         8.00
       2.527     0.887500        88336         8.89
       2.581     0.900000        89561        10.00
       2.637     0.912500        90832        11.43
       2.699     0.925000        92068        13.33
       2.779     0.937500        93290        16.00
       2.831     0.943750        93910        17.78
       2.889     0.950000        94550        20.00
       2.957     0.956250        95152        22.86
       3.037     0.962500        95772        26.67
       3.139     0.968750        96403        32.00
       3.191     0.971875        96705        35.56
       3.257     0.975000        97013        40.00
       3.329     0.978125        97327        45.71
       3.409     0.981250        97637        53.33
       3.505     0.984375        97947        64.00
       3.561     0.985938        98102        71.11
       3.627     0.987500        98259        80.00
       3.711     0.989062        98414        91.43
       3.801     0.990625        98570       106.67
       3.907     0.992188        98724       128.00
       3.971     0.992969        98801       142.22
       4.051     0.993750        98880       160.00
       4.135     0.994531        98960       182.86
       4.227     0.995313        99036       213.33
       4.343     0.996094        99112       256.00
       4.415     0.996484        99151       284.44
       4.491     0.996875        99190       320.00
       4.567     0.997266        99229       365.71
       4.679     0.997656        99268       426.67
       4.779     0.998047        99307       512.00
       4.859     0.998242        99326       568.89
       4.947     0.998437        99345       640.00
       5.043     0.998633        99364       731.43
       5.139     0.998828        99384       853.33
       5.255     0.999023        99403      1024.00
       5.347     0.999121        99413      1137.78
       5.415     0.999219        99423      1280.00
       5.483     0.999316        99432      1462.86
       5.559     0.999414        99442      1706.67
       5.647     0.999512        99452      2048.00
       5.759     0.999561        99457      2275.56
       5.987     0.999609        99462      2560.00
       6.067     0.999658        99466      2925.71
       6.163     0.999707        99471      3413.33
       6.307     0.999756        99476      4096.00
       6.383     0.999780        99479      4551.11
       6.431     0.999805        99481      5120.00
       6.487     0.999829        99483      5851.43
       6.703     0.999854        99486      6826.67
       6.767     0.999878        99488      8192.00
       6.855     0.999890        99491      9102.22
       6.855     0.999902        99491     10240.00
       6.883     0.999915        99492     11702.86
       6.967     0.999927        99493     13653.33
       6.987     0.999939        99494     16384.00
       7.011     0.999945        99495     18204.44
       7.079     0.999951        99496     20480.00
       7.079     0.999957        99496     23405.71
       7.219     0.999963        99497     27306.67
       7.219     0.999969        99497     32768.00
       7.295     0.999973        99498     36408.89
       7.295     0.999976        99498     40960.00
       7.295     0.999979        99498     46811.43
       7.483     0.999982        99499     54613.33
       7.483     0.999985        99499     65536.00
       7.483     0.999986        99499     72817.78
       7.483     0.999988        99499     81920.00
       7.483     0.999989        99499     93622.86
       7.591     0.999991        99500    109226.67
       7.591     1.000000        99500          inf
#[Mean    =        1.661, StdDeviation   =        0.706]
#[Max     =        7.588, Total count    =        99500]
#[Buckets =           27, SubBuckets     =         2048]
----------------------------------------------------------
  118903 requests in 1.00m, 131.31MB read
Requests/sec:   1981.63
Transfer/sec:      2.19MB

--- metrics ---
requests=118903
duration_s=60.002748
bytes=137689674
rps=1981.63
p50_ms=1.572
p95_ms=2.889
p99_ms=3.763
p999_ms=5.247
err_connect=0
err_read=0
err_write=0
err_status=0
err_timeout=0
--- end ---
