Running 1m test @ http://127.0.0.1:8082/json
  2 threads and 100 connections
  Thread calibration: mean lat.: 367.603ms, rate sampling interval: 1374ms
  Thread calibration: mean lat.: 367.583ms, rate sampling interval: 1375ms
  Thread Stats   Avg      Stdev     Max   +/- Stdev
    Latency     2.08s   741.89ms   3.51s    63.27%
    Req/Sec     0.95k    27.09     0.99k    63.89%
  Latency Distribution (HdrHistogram - Recorded Latency)
 50.000%    2.04s 
 75.000%    2.62s 
 90.000%    3.18s 
 99.000%    3.49s 
 99.900%    3.51s 
 99.990%    3.51s 
 99.999%    3.51s 
100.000%    3.51s 

  Detailed Percentile spectrum:
       Value   Percentile   TotalCount 1/(1-Percentile)

     749.055     0.000000            1         1.00
    1130.495     0.100000         9411         1.11
    1391.615     0.200000        18854         1.25
    1501.183     0.300000        28307         1.43
    1781.759     0.400000        37650         1.67
    2044.927     0.500000        47053         2.00
    2177.023     0.550000        51927         2.22
    2365.439     0.600000        56463         2.50
    2527.231     0.650000        61180         2.86
    2588.671     0.700000        66027         3.33
    2619.391     0.750000        70782         4.00
    2672.639     0.775000        72931         4.44
    2760.703     0.800000        75278         5.00
    2912.255     0.825000        77621         5.71
    3012.607     0.850000        80005         6.67
    3102.719     0.875000        82352         8.00
    3151.871     0.887500        83529         8.89
    3182.591     0.900000        84760        10.00
    3209.215     0.912500        85886        11.43
    3237.887     0.925000        87049        13.33
    3313.663     0.937500        88290        16.00
    3319.807     0.943750        89017        17.78
    3323.903     0.950000        89546        20.00
    3330.047     0.956250        90089        22.86
    3354.623     0.962500        90562        26.67
    3395.583     0.968750        91178        32.00
    3409.919     0.971875        91443        35.56
    3438.591     0.975000        91761        40.00
    3461.119     0.978125        92030        45.71
    3471.359     0.981250        92414        53.33
    3475.455     0.984375        92659        64.00
    3479.551     0.985938        92837        71.11
    3481.599     0.987500        92923        80.00
    3485.695     0.989062        93145        91.43
    3487.743     0.990625        93250       106.67
    3491.839     0.992188        93453       128.00
    3491.839     0.992969        93453       142.22
    3493.887     0.993750        93563       160.00
    3495.935     0.994531        93645       182.86
    3495.935     0.995313        93645       213.33
    3497.983     0.996094        93745       256.00
    3500.031     0.996484        93870       284.44
    3500.031     0.996875        93870       320.00
    3500.031     0.997266        93870       365.71
    3500.031     0.997656        93870       426.67
    3502.079     0.998047        93942       512.00
    3502.079     0.998242        93942       568.89
    3502.079     0.998437        93942       640.00
    3504.127     0.998633        93986       731.43
    3504.127     0.998828        93986       853.33
    3506.175     0.999023        94027      1024.00
    3506.175     0.999121        94027      1137.78
    3506.175     0.999219        94027      1280.00
    3506.175     0.999316        94027      1462.86
    3508.223     0.999414        94058      1706.67
    3508.223     0.999512        94058      2048.00
    3508.223     0.999561        94058      2275.56
    3508.223     0.999609        94058      2560.00
    3508.223     0.999658        94058      2925.71
    3508.223     0.999707        94058      3413.33
    3510.271     0.999756        94072      4096.00
    3510.271     0.999780        94072      4551.11
    3510.271     0.999805        94072      5120.00
    3510.271     0.999829        94072      5851.43
    3510.271     0.999854        94072      6826.67
    3512.319     0.999878        94084      8192.00
    3512.319     1.000000        94084          inf
#[Mean    =     2082.488, StdDeviation   =      741.894]
#[Max     =     3510.272, Total count    =        94084]
#[Buckets =           27, SubBuckets     =         2048]
----------------------------------------------------------
  112807 requests in 1.00m, 125.98MB read
Requests/sec:   1880.10
Transfer/sec:      2.10MB

--- metrics ---
requests=112807
duration_s=60.000437
bytes=132096997
rps=1880.10
p50_ms=2044.927
p95_ms=3323.903
p99_ms=3485.695
p999_ms=3506.175
err_connect=0
err_read=0
err_write=0
err_status=0
err_timeout=0
--- end ---
