Running 1m test @ http://127.0.0.1:8080/file50k
  2 threads and 100 connections
  Thread calibration: mean lat.: 1.505ms, rate sampling interval: 10ms
  Thread calibration: mean lat.: 1.403ms, rate sampling interval: 10ms
  Thread Stats   Avg      Stdev     Max   +/- Stdev
    Latency     1.46ms  429.55us   3.83ms   66.22%
    Req/Sec   158.51     96.64   333.00     69.58%
  Latency Distribution (HdrHistogram - Recorded Latency)
 50.000%    1.45ms
 75.000%    1.75ms
 90.000%    2.03ms
 99.000%    2.52ms
 99.900%    2.86ms
 99.990%    3.22ms
 99.999%    3.83ms
100.000%    3.83ms

  Detailed Percentile spectrum:
       Value   Percentile   TotalCount 1/(1-Percentile)

       0.446     0.000000            1         1.00
       0.908     0.100000         1491         1.11
       1.070     0.200000         2991         1.25
       1.202     0.300000         4472         1.43
       1.328     0.400000         5972         1.67
       1.449     0.500000         7458         2.00
       1.510     0.550000         8203         2.22
       1.568     0.600000         8942         2.50
       1.625     0.650000         9685         2.86
       1.686     0.700000        10431         3.33
       1.751     0.750000        11181         4.00
       1.786     0.775000        11557         4.44
       1.823     0.800000        11923         5.00
       1.866     0.825000        12293         5.71
       1.913     0.850000        12665         6.67
       1.968     0.875000        13041         8.00
       1.998     0.887500        13228         8.89
       2.034     0.900000        13412        10.00
       2.073     0.912500        13606        11.43
       2.117     0.925000        13784        13.33
       2.165     0.937500        13972        16.00
       2.191     0.943750        14068        17.78
       2.221     0.950000        14162        20.00
       2.245     0.956250        14254        22.86
       2.287     0.962500        14350        26.67
       2.323     0.968750        14437        32.00
       2.343     0.971875        14484        35.56
       2.363     0.975000        14529        40.00
       2.385     0.978125        14578        45.71
       2.413     0.981250        14623        53.33
       2.441     0.984375        14670        64.00
       2.451     0.985938        14691        71.11
       2.477     0.987500        14716        80.00
       2.501     0.989062        14738        91.43
       2.523     0.990625        14761       106.67
       2.553     0.992188        14785       128.00
       2.573     0.992969        14796       142.22
       2.589     0.993750        14807       160.00
       2.609     0.994531        14819       182.86
       2.629     0.995313        14831       213.33
       2.645     0.996094        14842       256.00
       2.671     0.996484        14848       284.44
       2.691     0.996875        14854       320.00
       2.703     0.997266        14860       365.71
       2.729     0.997656        14866       426.67
       2.763     0.998047        14871       512.00
       2.775     0.998242        14874       568.89
       2.807     0.998437        14877       640.00
       2.819     0.998633        14880       731.43
       2.845     0.998828        14883       853.33
       2.907     0.999023        14886      1024.00
       2.921     0.999121        14888      1137.78
       2.973     0.999219        14889      1280.00
       2.977     0.999316        14890      1462.86
       3.023     0.999414        14892      1706.67
       3.055     0.999512        14893      2048.00
       3.121     0.999561        14894      2275.56
       3.123     0.999609        14895      2560.00
       3.123     0.999658        14895      2925.71
       3.127     0.999707        14896      3413.33
       3.145     0.999756        14897      4096.00
       3.145     0.999780        14897      4551.11
       3.203     0.999805        14898      5120.00
       3.203     0.999829        14898      5851.43
       3.203     0.999854        14898      6826.67
       3.225     0.999878        14899      8192.00
       3.225     0.999890        14899      9102.22
       3.225     0.999902        14899     10240.00
       3.225     0.999915        14899     11702.86
       3.225     0.999927        14899     13653.33
       3.829     0.999939        14900     16384.00
       3.829     1.000000        14900          inf
#[Mean    =        1.464, StdDeviation   =        0.430]
#[Max     =        3.828, Total count    =        14900]
#[Buckets =           27, SubBuckets     =         2048]
----------------------------------------------------------
  18002 requests in 1.00m, 0.86GB read
Requests/sec:    300.02
Transfer/sec:     14.69MB

--- metrics ---
requests=18002
duration_s=60.002982
bytes=924276686
rps=300.02
p50_ms=1.449
p95_ms=2.221
p99_ms=2.515
p999_ms=2.857
err_connect=0
err_read=0
err_write=0
err_status=0
err_timeout=0
--- end ---
