Running 1m test @ http://127.0.0.1:8084/file1m
  2 threads and 50 connections
  Thread calibration: mean lat.: 22.935ms, rate sampling interval: 10ms
  Thread calibration: mean lat.: 23.049ms, rate sampling interval: 10ms
  Thread Stats   Avg      Stdev     Max   +/- Stdev
    Latency     2.98ms  529.05us   4.87ms   67.71%
    Req/Sec    25.88     69.47   333.00     87.27%
  Latency Distribution (HdrHistogram - Recorded Latency)
 50.000%    2.98ms
 75.000%    3.32ms
 90.000%    3.68ms
 99.000%    4.26ms
 99.900%    4.63ms
 99.990%    4.87ms
 99.999%    4.87ms
100.000%    4.87ms

  Detailed Percentile spectrum:
       Value   Percentile   TotalCount 1/(1-Percentile)

       1.233     0.000000            1         1.00
       2.305     0.100000          247         1.11
       2.539     0.200000          491         1.25
       2.701     0.300000          737         1.43
       2.845     0.400000          980         1.67
       2.979     0.500000         1226         2.00
       3.045     0.550000         1354         2.22
       3.115     0.600000         1474         2.50
       3.181     0.650000         1593         2.86
       3.249     0.700000         1716         3.33
       3.315     0.750000         1838         4.00
       3.361     0.775000         1902         4.44
       3.421     0.800000         1964         5.00
       3.487     0.825000         2023         5.71
       3.541     0.850000         2085         6.67
       3.601     0.875000         2144         8.00
       3.633     0.887500         2175         8.89
       3.677     0.900000         2207        10.00
       3.721     0.912500         2236        11.43
       3.769     0.925000         2268        13.33
       3.817     0.937500         2298        16.00
       3.847     0.943750         2313        17.78
       3.875     0.950000         2328        20.00
       3.901     0.956250         2343        22.86
       3.929     0.962500         2360        26.67
       3.963     0.968750         2374        32.00
       3.977     0.971875         2382        35.56
       3.997     0.975000         2390        40.00
       4.025     0.978125         2397        45.71
       4.111     0.981250         2407        53.33
       4.143     0.984375         2412        64.00
       4.179     0.985938         2417        71.11
       4.195     0.987500         2420        80.00
       4.239     0.989062         2424        91.43
       4.275     0.990625         2428       106.67
       4.319     0.992188         2431       128.00
       4.347     0.992969         2433       142.22
       4.363     0.993750         2435       160.00
       4.391     0.994531         2437       182.86
       4.403     0.995313         2440       213.33
       4.407     0.996094         2441       256.00
       4.455     0.996484         2442       284.44
       4.483     0.996875         2443       320.00
       4.531     0.997266         2444       365.71
       4.539     0.997656         2445       426.67
       4.583     0.998047         2446       512.00
       4.583     0.998242         2446       568.89
       4.611     0.998437         2447       640.00
       4.611     0.998633         2447       731.43
       4.627     0.998828         2448       853.33
       4.627     0.999023         2448      1024.00
       4.627     0.999121         2448      1137.78
       4.863     0.999219         2449      1280.00
       4.863     0.999316         2449      1462.86
       4.863     0.999414         2449      1706.67
       4.863     0.999512         2449      2048.00
       4.863     0.999561         2449      2275.56
       4.871     0.999609         2450      2560.00
       4.871     1.000000         2450          inf
#[Mean    =        2.983, StdDeviation   =        0.529]
#[Max     =        4.868, Total count    =         2450]
#[Buckets =           27, SubBuckets     =         2048]
----------------------------------------------------------
  3002 requests in 1.00m, 2.93GB read
Requests/sec:     50.03
Transfer/sec:     50.04MB

--- metrics ---
requests=3002
duration_s=60.004352
bytes=3148242430
rps=50.03
p50_ms=2.979
p95_ms=3.875
p99_ms=4.259
p999_ms=4.627
err_connect=0
err_read=0
err_write=0
err_status=0
err_timeout=0
--- end ---
