Running 1m test @ http://127.0.0.1:8084/file50k
  2 threads and 100 connections
  Thread calibration: mean lat.: 1.471ms, rate sampling interval: 10ms
  Thread calibration: mean lat.: 2.289ms, rate sampling interval: 10ms
  Thread Stats   Avg      Stdev     Max   +/- Stdev
    Latency     1.82ms  810.11us   8.49ms   75.97%
    Req/Sec   157.89    555.68     5.55k    97.78%
  Latency Distribution (HdrHistogram - Recorded Latency)
 50.000%    1.66ms
 75.000%    2.18ms
 90.000%    2.82ms
 99.000%    4.64ms
 99.900%    7.18ms
 99.990%    8.05ms
 99.999%    8.49ms
100.000%    8.49ms

  Detailed Percentile spectrum:
       Value   Percentile   TotalCount 1/(1-Percentile)

       0.360     0.000000            1         1.00
       0.986     0.100000         1492         1.11
       1.195     0.200000         2988         1.25
       1.362     0.300000         4480         1.43
       1.515     0.400000         5963         1.67
       1.664     0.500000         7452         2.00
       1.743     0.550000         8200         2.22
       1.829     0.600000         8940         2.50
       1.924     0.650000         9690         2.86
       2.043     0.700000        10432         3.33
       2.181     0.750000        11179         4.00
       2.251     0.775000        11552         4.44
       2.331     0.800000        11926         5.00
       2.413     0.825000        12297         5.71
       2.525     0.850000        12675         6.67
       2.651     0.875000        13039         8.00
       2.731     0.887500        13227         8.89
       2.821     0.900000        13414        10.00
       2.921     0.912500        13597        11.43
       3.027     0.925000        13785        13.33
       3.139     0.937500        13970        16.00
       3.233     0.943750        14062        17.78
       3.317     0.950000        14155        20.00
       3.411     0.956250        14250        22.86
       3.523     0.962500        14342        26.67
       3.663     0.968750        14436        32.00
       3.747     0.971875        14483        35.56
       3.835     0.975000        14528        40.00
       3.941     0.978125        14575        45.71
       4.069     0.981250        14621        53.33
       4.255     0.984375        14669        64.00
       4.319     0.985938        14691        71.11
       4.423     0.987500        14715        80.00
       4.575     0.989062        14738        91.43
       4.679     0.990625        14761       106.67
       4.795     0.992188        14784       128.00
       4.895     0.992969        14796       142.22
       5.075     0.993750        14807       160.00
       5.199     0.994531        14819       182.86
       5.367     0.995313        14831       213.33
       5.495     0.996094        14842       256.00
       5.611     0.996484        14850       284.44
       5.803     0.996875        14854       320.00
       5.867     0.997266        14860       365.71
       6.067     0.997656        14867       426.67
       6.183     0.998047        14871       512.00
       6.451     0.998242        14874       568.89
       6.803     0.998437        14877       640.00
       6.835     0.998633        14880       731.43
       7.103     0.998828        14883       853.33
       7.291     0.999023        14886      1024.00
       7.343     0.999121        14888      1137.78
       7.363     0.999219        14889      1280.00
       7.427     0.999316        14890      1462.86
       7.499     0.999414        14892      1706.67
       7.599     0.999512        14893      2048.00
       7.627     0.999561        14894      2275.56
       7.807     0.999609        14895      2560.00
       7.807     0.999658        14895      2925.71
       7.903     0.999707        14896      3413.33
       7.939     0.999756        14897      4096.00
       7.939     0.999780        14897      4551.11
       8.043     0.999805        14898      5120.00
       8.043     0.999829        14898      5851.43
       8.043     0.999854        14898      6826.67
       8.047     0.999878        14899      8192.00
       8.047     0.999890        14899      9102.22
       8.047     0.999902        14899     10240.00
       8.047     0.999915        14899     11702.86
       8.047     0.999927        14899     13653.33
       8.495     0.999939        14900     16384.00
       8.495     1.000000        14900          inf
#[Mean    =        1.822, StdDeviation   =        0.810]
#[Max     =        8.488, Total count    =        14900]
#[Buckets =           27, SubBuckets     =         2048]
----------------------------------------------------------
  17852 requests in 1.00m, 0.85GB read
Requests/sec:    297.52
Transfer/sec:     14.57MB

--- metrics ---
requests=17852
duration_s=60.003482
bytes=916468124
rps=297.52
p50_ms=1.664
p95_ms=3.317
p99_ms=4.643
p999_ms=7.175
err_connect=0
err_read=0
err_write=0
err_status=0
err_timeout=0
--- end ---
