Running 1m test @ http://127.0.0.1:8084/file50k
  2 threads and 100 connections
  Thread calibration: mean lat.: 1.481ms, rate sampling interval: 10ms
  Thread calibration: mean lat.: 2.315ms, rate sampling interval: 10ms
  Thread Stats   Avg      Stdev     Max   +/- Stdev
    Latency     1.75ms  735.45us   6.37ms   74.47%
    Req/Sec   158.95    568.12     5.55k    97.82%
  Latency Distribution (HdrHistogram - Recorded Latency)
 50.000%    1.62ms
 75.000%    2.06ms
 90.000%    2.69ms
 99.000%    4.19ms
 99.900%    5.34ms
 99.990%    5.99ms
 99.999%    6.38ms
100.000%    6.38ms

  Detailed Percentile spectrum:
       Value   Percentile   TotalCount 1/(1-Percentile)

       0.377     0.000000            1         1.00
       0.960     0.100000         1494         1.11
       1.156     0.200000         2984         1.25
       1.322     0.300000         4472         1.43
       1.471     0.400000         5965         1.67
       1.617     0.500000         7453         2.00
       1.691     0.550000         8199         2.22
       1.765     0.600000         8940         2.50
       1.849     0.650000         9693         2.86
       1.948     0.700000        10434         3.33
       2.063     0.750000        11181         4.00
       2.135     0.775000        11552         4.44
       2.211     0.800000        11922         5.00
       2.301     0.825000        12300         5.71
       2.395     0.850000        12665         6.67
       2.521     0.875000        13043         8.00
       2.601     0.887500        13227         8.89
       2.695     0.900000        13413        10.00
       2.803     0.912500        13598        11.43
       2.927     0.925000        13785        13.33
       3.061     0.937500        13969        16.00
       3.151     0.943750        14062        17.78
       3.225     0.950000        14155        20.00
       3.319     0.956250        14249        22.86
       3.431     0.962500        14342        26.67
       3.555     0.968750        14436        32.00
       3.619     0.971875        14482        35.56
       3.707     0.975000        14530        40.00
       3.775     0.978125        14576        45.71
       3.861     0.981250        14622        53.33
       3.947     0.984375        14668        64.00
       4.003     0.985938        14691        71.11
       4.069     0.987500        14714        80.00
       4.147     0.989062        14738        91.43
       4.223     0.990625        14762       106.67
       4.315     0.992188        14785       128.00
       4.367     0.992969        14796       142.22
       4.435     0.993750        14807       160.00
       4.491     0.994531        14819       182.86
       4.611     0.995313        14831       213.33
       4.679     0.996094        14843       256.00
       4.711     0.996484        14848       284.44
       4.743     0.996875        14854       320.00
       4.867     0.997266        14860       365.71
       4.923     0.997656        14866       426.67
       5.051     0.998047        14872       512.00
       5.087     0.998242        14874       568.89
       5.099     0.998437        14877       640.00
       5.163     0.998633        14880       731.43
       5.311     0.998828        14883       853.33
       5.383     0.999023        14886      1024.00
       5.447     0.999121        14887      1137.78
       5.511     0.999219        14889      1280.00
       5.563     0.999316        14890      1462.86
       5.623     0.999414        14892      1706.67
       5.679     0.999512        14893      2048.00
       5.739     0.999561        14894      2275.56
       5.803     0.999609        14895      2560.00
       5.803     0.999658        14895      2925.71
       5.871     0.999707        14896      3413.33
       5.959     0.999756        14897      4096.00
       5.959     0.999780        14897      4551.11
       5.983     0.999805        14898      5120.00
       5.983     0.999829        14898      5851.43
       5.983     0.999854        14898      6826.67
       5.995     0.999878        14899      8192.00
       5.995     0.999890        14899      9102.22
       5.995     0.999902        14899     10240.00
       5.995     0.999915        14899     11702.86
       5.995     0.999927        14899     13653.33
       6.375     0.999939        14900     16384.00
       6.375     1.000000        14900          inf
#[Mean    =        1.747, StdDeviation   =        0.735]
#[Max     =        6.372, Total count    =        14900]
#[Buckets =           27, SubBuckets     =         2048]
----------------------------------------------------------
  17852 requests in 1.00m, 0.85GB read
Requests/sec:    297.52
Transfer/sec:     14.57MB

--- metrics ---
requests=17852
duration_s=60.002543
bytes=916472220
rps=297.52
p50_ms=1.617
p95_ms=3.225
p99_ms=4.191
p999_ms=5.339
err_connect=0
err_read=0
err_write=0
err_status=0
err_timeout=0
--- end ---
