Running 1m test @ http://127.0.0.1:8084/json
  2 threads and 100 connections
  Thread calibration: mean lat.: 1.269ms, rate sampling interval: 10ms
  Thread calibration: mean lat.: 1.613ms, rate sampling interval: 10ms
  Thread Stats   Avg      Stdev     Max   +/- Stdev
    Latency     1.46ms  738.27us  28.78ms   71.65%
    Req/Sec     1.05k     1.33k    5.55k    89.72%
  Latency Distribution (HdrHistogram - Recorded Latency)
 50.000%    1.36ms
 75.000%    1.87ms
 90.000%    2.40ms
 99.000%    3.17ms
 99.900%    4.39ms
 99.990%   22.74ms
 99.999%   28.78ms
100.000%   28.80ms

  Detailed Percentile spectrum:
       Value   Percentile   TotalCount 1/(1-Percentile)

       0.157     0.000000            1         1.00
       0.665     0.100000         9960         1.11
       0.837     0.200000        19900         1.25
       1.008     0.300000        29904         1.43
       1.181     0.400000        39820         1.67
       1.362     0.500000        49761         2.00
       1.457     0.550000        54754         2.22
       1.552     0.600000        59749         2.50
       1.647     0.650000        64683         2.86
       1.747     0.700000        69670         3.33
       1.869     0.750000        74657         4.00
       1.941     0.775000        77136         4.44
       2.024     0.800000        79622         5.00
       2.119     0.825000        82132         5.71
       2.217     0.850000        84607         6.67
       2.309     0.875000        87086         8.00
       2.353     0.887500        88321         8.89
       2.397     0.900000        89565        10.00
       2.445     0.912500        90822        11.43
       2.491     0.925000        92062        13.33
       2.545     0.937500        93317        16.00
       2.577     0.943750        93908        17.78
       2.621     0.950000        94544        20.00
       2.671     0.956250        95162        22.86
       2.733     0.962500        95786        26.67
       2.801     0.968750        96401        32.00
       2.841     0.971875        96702        35.56
       2.887     0.975000        97030        40.00
       2.929     0.978125        97328        45.71
       2.977     0.981250        97643        53.33
       3.035     0.984375        97949        64.00
       3.069     0.985938        98106        71.11
       3.107     0.987500        98269        80.00
       3.145     0.989062        98412        91.43
       3.191     0.990625        98571       106.67
       3.253     0.992188        98727       128.00
       3.279     0.992969        98802       142.22
       3.313     0.993750        98883       160.00
       3.359     0.994531        98959       182.86
       3.411     0.995313        99036       213.33
       3.481     0.996094        99112       256.00
       3.533     0.996484        99151       284.44
       3.589     0.996875        99192       320.00
       3.645     0.997266        99230       365.71
       3.709     0.997656        99270       426.67
       3.781     0.998047        99308       512.00
       3.833     0.998242        99326       568.89
       3.909     0.998437        99345       640.00
       4.019     0.998633        99364       731.43
       4.155     0.998828        99384       853.33
       4.403     0.999023        99403      1024.00
       4.723     0.999121        99413      1137.78
       4.947     0.999219        99423      1280.00
       5.207     0.999316        99432      1462.86
       5.475     0.999414        99442      1706.67
       5.839     0.999512        99453      2048.00
       6.051     0.999561        99457      2275.56
       6.459     0.999609        99462      2560.00
       7.183     0.999658        99466      2925.71
       9.831     0.999707        99471      3413.33
      11.663     0.999756        99476      4096.00
      15.183     0.999780        99480      4551.11
      15.807     0.999805        99481      5120.00
      16.087     0.999829        99483      5851.43
      17.663     0.999854        99486      6826.67
      18.287     0.999878        99488      8192.00
      22.735     0.999890        99490      9102.22
      22.815     0.999902        99491     10240.00
      22.927     0.999915        99492     11702.86
      22.959     0.999927        99493     13653.33
      26.671     0.999939        99494     16384.00
      26.831     0.999945        99495     18204.44
      27.615     0.999951        99496     20480.00
      27.615     0.999957        99496     23405.71
      27.775     0.999963        99497     27306.67
      27.775     0.999969        99497     32768.00
      28.703     0.999973        99498     36408.89
      28.703     0.999976        99498     40960.00
      28.703     0.999979        99498     46811.43
      28.783     0.999982        99499     54613.33
      28.783     0.999985        99499     65536.00
      28.783     0.999986        99499     72817.78
      28.783     0.999988        99499     81920.00
      28.783     0.999989        99499     93622.86
      28.799     0.999991        99500    109226.67
      28.799     1.000000        99500          inf
#[Mean    =        1.455, StdDeviation   =        0.738]
#[Max     =       28.784, Total count    =        99500]
#[Buckets =           27, SubBuckets     =         2048]
----------------------------------------------------------
  118908 requests in 1.00m, 128.60MB read
Requests/sec:   1981.72
Transfer/sec:      2.14MB

--- metrics ---
requests=118908
duration_s=60.002386
bytes=134841672
rps=1981.72
p50_ms=1.362
p95_ms=2.621
p99_ms=3.169
p999_ms=4.387
err_connect=0
err_read=0
err_write=0
err_status=0
err_timeout=0
--- end ---
