Running 1m test @ http://127.0.0.1:8084/file50k
  2 threads and 100 connections
  Thread calibration: mean lat.: 1.364ms, rate sampling interval: 10ms
  Thread calibration: mean lat.: 1.357ms, rate sampling interval: 10ms
  Thread Stats   Avg      Stdev     Max   +/- Stdev
    Latency     1.34ms  380.88us   3.02ms   67.22%
    Req/Sec   159.01     95.74   333.00     70.26%
  Latency Distribution (HdrHistogram - Recorded Latency)
 50.000%    1.33ms
 75.000%    1.60ms
 90.000%    1.83ms
 99.000%    2.31ms
 99.900%    2.61ms
 99.990%    2.97ms
 99.999%    3.02ms
100.000%    3.02ms

  Detailed Percentile spectrum:
       Value   Percentile   TotalCount 1/(1-Percentile)

       0.471     0.000000            1         1.00
       0.845     0.100000         1494         1.11
       0.994     0.200000         2982         1.25
       1.122     0.300000         4478         1.43
       1.230     0.400000         5965         1.67
       1.334     0.500000         7453         2.00
       1.384     0.550000         8207         2.22
       1.436     0.600000         8947         2.50
       1.486     0.650000         9691         2.86
       1.539     0.700000        10439         3.33
       1.598     0.750000        11180         4.00
       1.629     0.775000        11550         4.44
       1.659     0.800000        11922         5.00
       1.693     0.825000        12301         5.71
       1.733     0.850000        12666         6.67
       1.778     0.875000        13046         8.00
       1.804     0.887500        13225         8.89
       1.831     0.900000        13412        10.00
       1.866     0.912500        13600        11.43
       1.902     0.925000        13790        13.33
       1.942     0.937500        13969        16.00
       1.971     0.943750        14065        17.78
       1.994     0.950000        14156        20.00
       2.018     0.956250        14250        22.86
       2.055     0.962500        14343        26.67
       2.101     0.968750        14439        32.00
       2.123     0.971875        14486        35.56
       2.147     0.975000        14528        40.00
       2.173     0.978125        14578        45.71
       2.201     0.981250        14621        53.33
       2.239     0.984375        14671        64.00
       2.261     0.985938        14693        71.11
       2.283     0.987500        14714        80.00
       2.303     0.989062        14740        91.43
       2.335     0.990625        14762       106.67
       2.373     0.992188        14784       128.00
       2.393     0.992969        14796       142.22
       2.409     0.993750        14809       160.00
       2.425     0.994531        14819       182.86
       2.451     0.995313        14831       213.33
       2.473     0.996094        14842       256.00
       2.493     0.996484        14850       284.44
       2.505     0.996875        14854       320.00
       2.533     0.997266        14860       365.71
       2.551     0.997656        14866       426.67
       2.571     0.998047        14871       512.00
       2.575     0.998242        14875       568.89
       2.583     0.998437        14877       640.00
       2.595     0.998633        14881       731.43
       2.599     0.998828        14883       853.33
       2.621     0.999023        14886      1024.00
       2.627     0.999121        14887      1137.78
       2.681     0.999219        14889      1280.00
       2.689     0.999316        14890      1462.86
       2.693     0.999414        14892      1706.67
       2.695     0.999512        14894      2048.00
       2.695     0.999561        14894      2275.56
       2.743     0.999609        14895      2560.00
       2.743     0.999658        14895      2925.71
       2.747     0.999707        14896      3413.33
       2.895     0.999756        14898      4096.00
       2.895     0.999780        14898      4551.11
       2.895     0.999805        14898      5120.00
       2.895     0.999829        14898      5851.43
       2.895     0.999854        14898      6826.67
       2.973     0.999878        14899      8192.00
       2.973     0.999890        14899      9102.22
       2.973     0.999902        14899     10240.00
       2.973     0.999915        14899     11702.86
       2.973     0.999927        14899     13653.33
       3.019     0.999939        14900     16384.00
       3.019     1.000000        14900          inf
#[Mean    =        1.343, StdDeviation   =        0.381]
#[Max     =        3.018, Total count    =        14900]
#[Buckets =           27, SubBuckets     =         2048]
----------------------------------------------------------
  18002 requests in 1.00m, 0.86GB read
Requests/sec:    300.02
Transfer/sec:     14.69MB

--- metrics ---
requests=18002
duration_s=60.002968
bytes=924168674
rps=300.02
p50_ms=1.334
p95_ms=1.994
p99_ms=2.313
p999_ms=2.609
err_connect=0
err_read=0
err_write=0
err_status=0
err_timeout=0
--- end ---
