Running 1m test @ http://127.0.0.1:8083/file50k
  2 threads and 100 connections
  Thread calibration: mean lat.: 1.331ms, rate sampling interval: 10ms
  Thread calibration: mean lat.: 1.240ms, rate sampling interval: 10ms
  Thread Stats   Avg      Stdev     Max   +/- Stdev
    Latency     1.29ms  422.86us   3.59ms   66.30%
    Req/Sec   158.40     95.08   333.00     70.55%
  Latency Distribution (HdrHistogram - Recorded Latency)
 50.000%    1.28ms
 75.000%    1.57ms
 90.000%    1.83ms
 99.000%    2.32ms
 99.900%    2.58ms
 99.990%    2.97ms
 99.999%    3.60ms
100.000%    3.60ms

  Detailed Percentile spectrum:
       Value   Percentile   TotalCount 1/(1-Percentile)

       0.222     0.000000            1         1.00
       0.736     0.100000         1493         1.11
       0.890     0.200000         2982         1.25
       1.031     0.300000         4478         1.43
       1.161     0.400000         5971         1.67
       1.280     0.500000         7459         2.00
       1.334     0.550000         8206         2.22
       1.392     0.600000         8950         2.50
       1.451     0.650000         9688         2.86
       1.510     0.700000        10442         3.33
       1.569     0.750000        11181         4.00
       1.604     0.775000        11554         4.44
       1.640     0.800000        11927         5.00
       1.679     0.825000        12297         5.71
       1.721     0.850000        12666         6.67
       1.771     0.875000        13038         8.00
       1.801     0.887500        13229         8.89
       1.832     0.900000        13412        10.00
       1.871     0.912500        13598        11.43
       1.914     0.925000        13784        13.33
       1.965     0.937500        13970        16.00
       1.994     0.943750        14063        17.78
       2.023     0.950000        14155        20.00
       2.053     0.956250        14254        22.86
       2.091     0.962500        14344        26.67
       2.129     0.968750        14440        32.00
       2.149     0.971875        14484        35.56
       2.169     0.975000        14531        40.00
       2.189     0.978125        14575        45.71
       2.213     0.981250        14623        53.33
       2.249     0.984375        14671        64.00
       2.263     0.985938        14693        71.11
       2.283     0.987500        14715        80.00
       2.305     0.989062        14739        91.43
       2.329     0.990625        14761       106.67
       2.349     0.992188        14784       128.00
       2.369     0.992969        14796       142.22
       2.383     0.993750        14808       160.00
       2.407     0.994531        14819       182.86
       2.435     0.995313        14831       213.33
       2.461     0.996094        14844       256.00
       2.471     0.996484        14849       284.44
       2.479     0.996875        14854       320.00
       2.487     0.997266        14860       365.71
       2.511     0.997656        14866       426.67
       2.531     0.998047        14871       512.00
       2.543     0.998242        14875       568.89
       2.551     0.998437        14877       640.00
       2.563     0.998633        14880       731.43
       2.573     0.998828        14883       853.33
       2.577     0.999023        14886      1024.00
       2.583     0.999121        14887      1137.78
       2.611     0.999219        14890      1280.00
       2.611     0.999316        14890      1462.86
       2.675     0.999414        14892      1706.67
       2.697     0.999512        14893      2048.00
       2.699     0.999561        14894      2275.56
       2.727     0.999609        14895      2560.00
       2.727     0.999658        14895      2925.71
       2.735     0.999707        14896      3413.33
       2.737     0.999756        14897      4096.00
       2.737     0.999780        14897      4551.11
       2.759     0.999805        14898      5120.00
       2.759     0.999829        14898      5851.43
       2.759     0.999854        14898      6826.67
       2.967     0.999878        14899      8192.00
       2.967     0.999890        14899      9102.22
       2.967     0.999902        14899     10240.00
       2.967     0.999915        14899     11702.86
       2.967     0.999927        14899     13653.33
       3.595     0.999939        14900     16384.00
       3.595     1.000000        14900          inf
#[Mean    =        1.285, StdDeviation   =        0.423]
#[Max     =        3.594, Total count    =        14900]
#[Buckets =           27, SubBuckets     =         2048]
----------------------------------------------------------
  18002 requests in 1.00m, 0.86GB read
Requests/sec:    300.02
Transfer/sec:     14.73MB

--- metrics ---
requests=18002
duration_s=60.003610
bytes=926472930
rps=300.02
p50_ms=1.280
p95_ms=2.023
p99_ms=2.319
p999_ms=2.577
err_connect=0
err_read=0
err_write=0
err_status=0
err_timeout=0
--- end ---
