Running 1m test @ http://127.0.0.1:8081/json
  2 threads and 100 connections
  Thread calibration: mean lat.: 1.154ms, rate sampling interval: 10ms
  Thread calibration: mean lat.: 1.142ms, rate sampling interval: 10ms
  Thread Stats   Avg      Stdev     Max   +/- Stdev
    Latency     1.16ms  476.99us   3.02ms   67.32%
    Req/Sec     1.05k   137.79     1.67k    76.14%
  Latency Distribution (HdrHistogram - Recorded Latency)
 50.000%    1.09ms
 75.000%    1.47ms
 90.000%    1.84ms
 99.000%    2.40ms
 99.900%    2.60ms
 99.990%    2.82ms
 99.999%    2.94ms
100.000%    3.02ms

  Detailed Percentile spectrum:
       Value   Percentile   TotalCount 1/(1-Percentile)

       0.165     0.000000            1         1.00
       0.610     0.100000        10018         1.11
       0.739     0.200000        19964         1.25
       0.852     0.300000        29878         1.43
       0.968     0.400000        39835         1.67
       1.089     0.500000        49768         2.00
       1.155     0.550000        54787         2.22
       1.220     0.600000        59726         2.50
       1.292     0.650000        64734         2.86
       1.374     0.700000        69665         3.33
       1.469     0.750000        74665         4.00
       1.517     0.775000        77121         4.44
       1.572     0.800000        79606         5.00
       1.631     0.825000        82123         5.71
       1.692     0.850000        84602         6.67
       1.761     0.875000        87074         8.00
       1.800     0.887500        88336         8.89
       1.842     0.900000        89554        10.00
       1.890     0.912500        90820        11.43
       1.943     0.925000        92053        13.33
       2.007     0.937500        93292        16.00
       2.043     0.943750        93910        17.78
       2.089     0.950000        94535        20.00
       2.137     0.956250        95151        22.86
       2.189     0.962500        95786        26.67
       2.239     0.968750        96396        32.00
       2.263     0.971875        96717        35.56
       2.285     0.975000        97034        40.00
       2.307     0.978125        97350        45.71
       2.329     0.981250        97641        53.33
       2.353     0.984375        97954        64.00
       2.365     0.985938        98103        71.11
       2.379     0.987500        98267        80.00
       2.393     0.989062        98421        91.43
       2.409     0.990625        98587       106.67
       2.429     0.992188        98732       128.00
       2.437     0.992969        98801       142.22
       2.447     0.993750        98879       160.00
       2.459     0.994531        98962       182.86
       2.473     0.995313        99037       213.33
       2.487     0.996094        99114       256.00
       2.497     0.996484        99153       284.44
       2.507     0.996875        99191       320.00
       2.519     0.997266        99229       365.71
       2.529     0.997656        99268       426.67
       2.545     0.998047        99307       512.00
       2.551     0.998242        99328       568.89
       2.561     0.998437        99349       640.00
       2.571     0.998633        99367       731.43
       2.583     0.998828        99385       853.33
       2.601     0.999023        99406      1024.00
       2.607     0.999121        99414      1137.78
       2.617     0.999219        99423      1280.00
       2.625     0.999316        99432      1462.86
       2.633     0.999414        99442      1706.67
       2.645     0.999512        99452      2048.00
       2.657     0.999561        99458      2275.56
       2.663     0.999609        99462      2560.00
       2.677     0.999658        99466      2925.71
       2.691     0.999707        99471      3413.33
       2.715     0.999756        99476      4096.00
       2.729     0.999780        99479      4551.11
       2.733     0.999805        99481      5120.00
       2.757     0.999829        99483      5851.43
       2.771     0.999854        99486      6826.67
       2.787     0.999878        99488      8192.00
       2.817     0.999890        99490      9102.22
       2.827     0.999902        99491     10240.00
       2.831     0.999915        99492     11702.86
       2.843     0.999927        99493     13653.33
       2.845     0.999939        99494     16384.00
       2.855     0.999945        99495     18204.44
       2.857     0.999951        99496     20480.00
       2.857     0.999957        99496     23405.71
       2.901     0.999963        99497     27306.67
       2.901     0.999969        99497     32768.00
       2.919     0.999973        99498     36408.89
       2.919     0.999976        99498     40960.00
       2.919     0.999979        99498     46811.43
       2.941     0.999982        99499     54613.33
       2.941     0.999985        99499     65536.00
       2.941     0.999986        99499     72817.78
       2.941     0.999988        99499     81920.00
       2.941     0.999989        99499     93622.86
       3.017     0.999991        99500    109226.67
       3.017     1.000000        99500          inf
#[Mean    =        1.165, StdDeviation   =        0.477]
#[Max     =        3.016, Total count    =        99500]
#[Buckets =           27, SubBuckets     =         2048]
----------------------------------------------------------
  119803 requests in 1.00m, 134.02MB read
Requests/sec:   1996.63
Transfer/sec:      2.23MB

--- metrics ---
requests=119803
duration_s=60.002573
bytes=140528919
rps=1996.63
p50_ms=1.089
p95_ms=2.089
p99_ms=2.401
p999_ms=2.597
err_connect=0
err_read=0
err_write=0
err_status=0
err_timeout=0
--- end ---
