Running 1m test @ http://127.0.0.1:8083/file1m
  2 threads and 50 connections
  Thread calibration: mean lat.: 2.691ms, rate sampling interval: 10ms
  Thread calibration: mean lat.: 2.872ms, rate sampling interval: 10ms
  Thread Stats   Avg      Stdev     Max   +/- Stdev
    Latency     2.80ms  573.03us   4.64ms   64.86%
    Req/Sec    25.73     68.86   333.00     87.37%
  Latency Distribution (HdrHistogram - Recorded Latency)
 50.000%    2.74ms
 75.000%    3.19ms
 90.000%    3.61ms
 99.000%    4.26ms
 99.900%    4.55ms
 99.990%    4.64ms
 99.999%    4.64ms
100.000%    4.64ms

  Detailed Percentile spectrum:
       Value   Percentile   TotalCount 1/(1-Percentile)

       1.293     0.000000            1         1.00
       2.087     0.100000          247         1.11
       2.265     0.200000          493         1.25
       2.439     0.300000          737         1.43
       2.599     0.400000          982         1.67
       2.745     0.500000         1227         2.00
       2.811     0.550000         1349         2.22
       2.905     0.600000         1470         2.50
       2.981     0.650000         1594         2.86
       3.081     0.700000         1715         3.33
       3.191     0.750000         1839         4.00
       3.247     0.775000         1899         4.44
       3.319     0.800000         1963         5.00
       3.379     0.825000         2022         5.71
       3.433     0.850000         2086         6.67
       3.511     0.875000         2145         8.00
       3.559     0.887500         2175         8.89
       3.605     0.900000         2206        10.00
       3.653     0.912500         2237        11.43
       3.695     0.925000         2268        13.33
       3.763     0.937500         2297        16.00
       3.801     0.943750         2315        17.78
       3.831     0.950000         2328        20.00
       3.883     0.956250         2343        22.86
       3.933     0.962500         2360        26.67
       3.991     0.968750         2375        32.00
       4.011     0.971875         2382        35.56
       4.033     0.975000         2389        40.00
       4.069     0.978125         2397        45.71
       4.111     0.981250         2408        53.33
       4.123     0.984375         2412        64.00
       4.147     0.985938         2416        71.11
       4.199     0.987500         2421        80.00
       4.227     0.989062         2424        91.43
       4.259     0.990625         2428       106.67
       4.283     0.992188         2431       128.00
       4.311     0.992969         2433       142.22
       4.327     0.993750         2435       160.00
       4.343     0.994531         2437       182.86
       4.379     0.995313         2439       213.33
       4.387     0.996094         2441       256.00
       4.403     0.996484         2443       284.44
       4.403     0.996875         2443       320.00
       4.435     0.997266         2444       365.71
       4.455     0.997656         2445       426.67
       4.479     0.998047         2446       512.00
       4.479     0.998242         2446       568.89
       4.539     0.998437         2447       640.00
       4.539     0.998633         2447       731.43
       4.551     0.998828         2448       853.33
       4.551     0.999023         2448      1024.00
       4.551     0.999121         2448      1137.78
       4.615     0.999219         2449      1280.00
       4.615     0.999316         2449      1462.86
       4.615     0.999414         2449      1706.67
       4.615     0.999512         2449      2048.00
       4.615     0.999561         2449      2275.56
       4.643     0.999609         2450      2560.00
       4.643     1.000000         2450          inf
#[Mean    =        2.803, StdDeviation   =        0.573]
#[Max     =        4.640, Total count    =         2450]
#[Buckets =           27, SubBuckets     =         2048]
----------------------------------------------------------
  3002 requests in 1.00m, 2.93GB read
Requests/sec:     50.03
Transfer/sec:     50.04MB

--- metrics ---
requests=3002
duration_s=60.004790
bytes=3148632690
rps=50.03
p50_ms=2.745
p95_ms=3.831
p99_ms=4.255
p999_ms=4.551
err_connect=0
err_read=0
err_write=0
err_status=0
err_timeout=0
--- end ---
