Running 1m test @ http://127.0.0.1:8080/json
  2 threads and 100 connections
  Thread calibration: mean lat.: 1.274ms, rate sampling interval: 10ms
  Thread calibration: mean lat.: 1.318ms, rate sampling interval: 10ms
  Thread Stats   Avg      Stdev     Max   +/- Stdev
    Latency     1.30ms  478.35us   3.59ms   66.59%
    Req/Sec     1.05k   137.47     1.67k    74.59%
  Latency Distribution (HdrHistogram - Recorded Latency)
 50.000%    1.24ms
 75.000%    1.61ms
 90.000%    1.96ms
 99.000%    2.58ms
 99.900%    2.85ms
 99.990%    3.26ms
 99.999%    3.55ms
100.000%    3.60ms

  Detailed Percentile spectrum:
       Value   Percentile   TotalCount 1/(1-Percentile)

       0.234     0.000000            1         1.00
       0.727     0.100000         9950         1.11
       0.860     0.200000        19905         1.25
       0.985     0.300000        29912         1.43
       1.110     0.400000        39824         1.67
       1.239     0.500000        49795         2.00
       1.304     0.550000        54768         2.22
       1.373     0.600000        59722         2.50
       1.446     0.650000        64708         2.86
       1.524     0.700000        69673         3.33
       1.609     0.750000        74648         4.00
       1.656     0.775000        77133         4.44
       1.705     0.800000        79625         5.00
       1.761     0.825000        82126         5.71
       1.819     0.850000        84592         6.67
       1.884     0.875000        87081         8.00
       1.922     0.887500        88309         8.89
       1.963     0.900000        89569        10.00
       2.005     0.912500        90804        11.43
       2.053     0.925000        92057        13.33
       2.109     0.937500        93319        16.00
       2.139     0.943750        93918        17.78
       2.177     0.950000        94569        20.00
       2.215     0.956250        95168        22.86
       2.261     0.962500        95783        26.67
       2.321     0.968750        96399        32.00
       2.351     0.971875        96722        35.56
       2.383     0.975000        97017        40.00
       2.419     0.978125        97336        45.71
       2.455     0.981250        97635        53.33
       2.493     0.984375        97959        64.00
       2.513     0.985938        98114        71.11
       2.537     0.987500        98273        80.00
       2.559     0.989062        98417        91.43
       2.583     0.990625        98577       106.67
       2.607     0.992188        98725       128.00
       2.621     0.992969        98803       142.22
       2.635     0.993750        98888       160.00
       2.649     0.994531        98960       182.86
       2.667     0.995313        99035       213.33
       2.685     0.996094        99115       256.00
       2.697     0.996484        99153       284.44
       2.711     0.996875        99196       320.00
       2.725     0.997266        99232       365.71
       2.743     0.997656        99269       426.67
       2.763     0.998047        99308       512.00
       2.779     0.998242        99330       568.89
       2.793     0.998437        99345       640.00
       2.809     0.998633        99365       731.43
       2.833     0.998828        99386       853.33
       2.859     0.999023        99407      1024.00
       2.877     0.999121        99414      1137.78
       2.893     0.999219        99425      1280.00
       2.905     0.999316        99432      1462.86
       2.937     0.999414        99443      1706.67
       2.963     0.999512        99452      2048.00
       2.973     0.999561        99457      2275.56
       2.983     0.999609        99462      2560.00
       2.999     0.999658        99466      2925.71
       3.025     0.999707        99471      3413.33
       3.057     0.999756        99476      4096.00
       3.075     0.999780        99479      4551.11
       3.091     0.999805        99481      5120.00
       3.103     0.999829        99483      5851.43
       3.137     0.999854        99486      6826.67
       3.165     0.999878        99488      8192.00
       3.263     0.999890        99490      9102.22
       3.291     0.999902        99491     10240.00
       3.319     0.999915        99492     11702.86
       3.323     0.999927        99493     13653.33
       3.331     0.999939        99494     16384.00
       3.361     0.999945        99495     18204.44
       3.395     0.999951        99496     20480.00
       3.395     0.999957        99496     23405.71
       3.407     0.999963        99497     27306.67
       3.407     0.999969        99497     32768.00
       3.537     0.999973        99498     36408.89
       3.537     0.999976        99498     40960.00
       3.537     0.999979        99498     46811.43
       3.547     0.999982        99499     54613.33
       3.547     0.999985        99499     65536.00
       3.547     0.999986        99499     72817.78
       3.547     0.999988        99499     81920.00
       3.547     0.999989        99499     93622.86
       3.595     0.999991        99500    109226.67
       3.595     1.000000        99500          inf
#[Mean    =        1.298, StdDeviation   =        0.478]
#[Max     =        3.594, Total count    =        99500]
#[Buckets =           27, SubBuckets     =         2048]
----------------------------------------------------------
  119807 requests in 1.00m, 132.31MB read
Requests/sec:   1996.68
Transfer/sec:      2.21MB

--- metrics ---
requests=119807
duration_s=60.002987
bytes=138736506
rps=1996.68
p50_ms=1.239
p95_ms=2.177
p99_ms=2.575
p999_ms=2.851
err_connect=0
err_read=0
err_write=0
err_status=0
err_timeout=0
--- end ---
