Running 1m test @ http://127.0.0.1:8084/json
  2 threads and 100 connections
  Thread calibration: mean lat.: 1.173ms, rate sampling interval: 10ms
  Thread calibration: mean lat.: 1.181ms, rate sampling interval: 10ms
  Thread Stats   Avg      Stdev     Max   +/- Stdev
    Latency     1.20ms  469.35us   4.77ms   68.33%
    Req/Sec     1.05k   143.96     1.67k    76.43%
  Latency Distribution (HdrHistogram - Recorded Latency)
 50.000%    1.12ms
 75.000%    1.49ms
 90.000%    1.86ms
 99.000%    2.41ms
 99.900%    2.70ms
 99.990%    3.67ms
 99.999%    4.61ms
100.000%    4.78ms

  Detailed Percentile spectrum:
       Value   Percentile   TotalCount 1/(1-Percentile)

       0.154     0.000000            1         1.00
       0.652     0.100000         9952         1.11
       0.788     0.200000        19977         1.25
       0.900     0.300000        29884         1.43
       1.009     0.400000        39826         1.67
       1.124     0.500000        49820         2.00
       1.185     0.550000        54777         2.22
       1.250     0.600000        59706         2.50
       1.321     0.650000        64690         2.86
       1.403     0.700000        69652         3.33
       1.493     0.750000        74674         4.00
       1.540     0.775000        77125         4.44
       1.591     0.800000        79608         5.00
       1.644     0.825000        82097         5.71
       1.706     0.850000        84614         6.67
       1.774     0.875000        87077         8.00
       1.812     0.887500        88309         8.89
       1.859     0.900000        89572        10.00
       1.909     0.912500        90806        11.43
       1.968     0.925000        92065        13.33
       2.032     0.937500        93285        16.00
       2.069     0.943750        93928        17.78
       2.109     0.950000        94544        20.00
       2.153     0.956250        95161        22.86
       2.199     0.962500        95783        26.67
       2.243     0.968750        96398        32.00
       2.265     0.971875        96714        35.56
       2.287     0.975000        97013        40.00
       2.313     0.978125        97350        45.71
       2.337     0.981250        97657        53.33
       2.361     0.984375        97965        64.00
       2.373     0.985938        98102        71.11
       2.389     0.987500        98276        80.00
       2.401     0.989062        98419        91.43
       2.419     0.990625        98582       106.67
       2.437     0.992188        98728       128.00
       2.447     0.992969        98803       142.22
       2.457     0.993750        98882       160.00
       2.471     0.994531        98960       182.86
       2.489     0.995313        99040       213.33
       2.507     0.996094        99117       256.00
       2.517     0.996484        99165       284.44
       2.525     0.996875        99193       320.00
       2.541     0.997266        99233       365.71
       2.557     0.997656        99270       426.67
       2.575     0.998047        99307       512.00
       2.587     0.998242        99326       568.89
       2.609     0.998437        99346       640.00
       2.633     0.998633        99364       731.43
       2.667     0.998828        99384       853.33
       2.703     0.999023        99403      1024.00
       2.747     0.999121        99414      1137.78
       2.783     0.999219        99423      1280.00
       2.867     0.999316        99432      1462.86
       2.951     0.999414        99442      1706.67
       3.085     0.999512        99452      2048.00
       3.133     0.999561        99457      2275.56
       3.177     0.999609        99462      2560.00
       3.219     0.999658        99466      2925.71
       3.267     0.999707        99471      3413.33
       3.321     0.999756        99477      4096.00
       3.395     0.999780        99479      4551.11
       3.443     0.999805        99481      5120.00
       3.497     0.999829        99483      5851.43
       3.509     0.999854        99486      6826.67
       3.587     0.999878        99488      8192.00
       3.671     0.999890        99490      9102.22
       3.735     0.999902        99491     10240.00
       3.769     0.999915        99492     11702.86
       3.809     0.999927        99493     13653.33
       3.855     0.999939        99494     16384.00
       4.025     0.999945        99495     18204.44
       4.063     0.999951        99496     20480.00
       4.063     0.999957        99496     23405.71
       4.247     0.999963        99497     27306.67
       4.247     0.999969        99497     32768.00
       4.519     0.999973        99498     36408.89
       4.519     0.999976        99498     40960.00
       4.519     0.999979        99498     46811.43
       4.611     0.999982        99499     54613.33
       4.611     0.999985        99499     65536.00
       4.611     0.999986        99499     72817.78
       4.611     0.999988        99499     81920.00
       4.611     0.999989        99499     93622.86
       4.775     0.999991        99500    109226.67
       4.775     1.000000        99500          inf
#[Mean    =        1.198, StdDeviation   =        0.469]
#[Max     =        4.772, Total count    =        99500]
#[Buckets =           27, SubBuckets     =         2048]
----------------------------------------------------------
  119802 requests in 1.00m, 129.56MB read
Requests/sec:   1996.64
Transfer/sec:      2.16MB

--- metrics ---
requests=119802
duration_s=60.001899
bytes=135855468
rps=1996.64
p50_ms=1.124
p95_ms=2.109
p99_ms=2.411
p999_ms=2.697
err_connect=0
err_read=0
err_write=0
err_status=0
err_timeout=0
--- end ---
