Running 30s test @ http://127.0.0.1:8080/file1m
  2 threads and 50 connections
  Thread calibration: mean lat.: 7.943ms, rate sampling interval: 55ms
  Thread calibration: mean lat.: 7.594ms, rate sampling interval: 50ms
  Thread Stats   Avg      Stdev     Max   +/- Stdev
    Latency     4.85ms    8.03ms  46.30ms   96.00%
    Req/Sec    24.14     59.63   232.00     87.04%
  Latency Distribution (HdrHistogram - Recorded Latency)
 50.000%    3.22ms
 75.000%    3.71ms
 90.000%    4.33ms
 99.000%   44.58ms
 99.900%   45.50ms
 99.990%   46.33ms
 99.999%   46.33ms
100.000%   46.33ms

  Detailed Percentile spectrum:
       Value   Percentile   TotalCount 1/(1-Percentile)

       1.542     0.000000            1         1.00
       2.381     0.100000           97         1.11
       2.685     0.200000          193         1.25
       2.859     0.300000          286         1.43
       3.027     0.400000          381         1.67
       3.217     0.500000          476         2.00
       3.301     0.550000          524         2.22
       3.385     0.600000          571         2.50
       3.487     0.650000          620         2.86
       3.609     0.700000          667         3.33
       3.715     0.750000          714         4.00
       3.789     0.775000          738         4.44
       3.865     0.800000          761         5.00
       3.939     0.825000          785         5.71
       4.033     0.850000          809         6.67
       4.163     0.875000          833         8.00
       4.259     0.887500          845         8.89
       4.327     0.900000          857        10.00
       4.419     0.912500          868        11.43
       4.531     0.925000          881        13.33
       4.819     0.937500          892        16.00
       4.963     0.943750          899        17.78
       5.115     0.950000          905        20.00
       5.231     0.956250          910        22.86
      42.847     0.962500          916        26.67
      43.487     0.968750          922        32.00
      43.839     0.971875          926        35.56
      44.095     0.975000          928        40.00
      44.159     0.978125          932        45.71
      44.223     0.981250          934        53.33
      44.319     0.984375          937        64.00
      44.351     0.985938          938        71.11
      44.415     0.987500          940        80.00
      44.575     0.989062          942        91.43
      44.607     0.990625          943       106.67
      44.767     0.992188          944       128.00
      44.831     0.992969          945       142.22
      44.895     0.993750          946       160.00
      44.895     0.994531          946       182.86
      45.023     0.995313          947       213.33
      45.055     0.996094          948       256.00
      45.055     0.996484          948       284.44
      45.311     0.996875          949       320.00
      45.311     0.997266          949       365.71
      45.311     0.997656          949       426.67
      45.503     0.998047          950       512.00
      45.503     0.998242          950       568.89
      45.503     0.998437          950       640.00
      45.503     0.998633          950       731.43
      45.503     0.998828          950       853.33
      46.335     0.999023          951      1024.00
      46.335     1.000000          951          inf
#[Mean    =        4.852, StdDeviation   =        8.035]
#[Max     =       46.304, Total count    =          951]
#[Buckets =           27, SubBuckets     =         2048]
----------------------------------------------------------
  1502 requests in 30.01s, 1.47GB read
Requests/sec:     50.06
Transfer/sec:     50.06MB

--- metrics ---
requests=1502
duration_s=30.005158
bytes=1575178942
rps=50.06
p50_ms=3.217
p95_ms=5.055
p99_ms=44.575
p999_ms=45.503
err_connect=0
err_read=0
err_write=0
err_status=0
err_timeout=0
--- end ---
