Running 1m test @ http://127.0.0.1:8081/json
  2 threads and 100 connections
  Thread calibration: mean lat.: 1.197ms, rate sampling interval: 10ms
  Thread calibration: mean lat.: 1.117ms, rate sampling interval: 10ms
  Thread Stats   Avg      Stdev     Max   +/- Stdev
    Latency     1.16ms  505.36us   3.85ms   65.56%
    Req/Sec     1.05k   146.39     1.67k    81.91%
  Latency Distribution (HdrHistogram - Recorded Latency)
 50.000%    1.08ms
 75.000%    1.51ms
 90.000%    1.90ms
 99.000%    2.38ms
 99.900%    2.71ms
 99.990%    3.29ms
 99.999%    3.58ms
100.000%    3.85ms

  Detailed Percentile spectrum:
       Value   Percentile   TotalCount 1/(1-Percentile)

       0.115     0.000000            1         1.00
       0.559     0.100000         9960         1.11
       0.710     0.200000        19966         1.25
       0.834     0.300000        29910         1.43
       0.954     0.400000        39852         1.67
       1.081     0.500000        49774         2.00
       1.152     0.550000        54751         2.22
       1.229     0.600000        59714         2.50
       1.310     0.650000        64682         2.86
       1.405     0.700000        69688         3.33
       1.513     0.750000        74659         4.00
       1.569     0.775000        77139         4.44
       1.627     0.800000        79630         5.00
       1.688     0.825000        82110         5.71
       1.754     0.850000        84586         6.67
       1.824     0.875000        87075         8.00
       1.862     0.887500        88354         8.89
       1.899     0.900000        89567        10.00
       1.940     0.912500        90811        11.43
       1.986     0.925000        92039        13.33
       2.034     0.937500        93285        16.00
       2.063     0.943750        93939        17.78
       2.095     0.950000        94567        20.00
       2.123     0.956250        95153        22.86
       2.155     0.962500        95791        26.67
       2.189     0.968750        96401        32.00
       2.209     0.971875        96708        35.56
       2.233     0.975000        97027        40.00
       2.257     0.978125        97324        45.71
       2.285     0.981250        97637        53.33
       2.317     0.984375        97946        64.00
       2.335     0.985938        98104        71.11
       2.353     0.987500        98276        80.00
       2.369     0.989062        98412        91.43
       2.391     0.990625        98577       106.67
       2.419     0.992188        98726       128.00
       2.433     0.992969        98803       142.22
       2.453     0.993750        98882       160.00
       2.473     0.994531        98963       182.86
       2.497     0.995313        99035       213.33
       2.529     0.996094        99113       256.00
       2.543     0.996484        99154       284.44
       2.561     0.996875        99196       320.00
       2.579     0.997266        99229       365.71
       2.597     0.997656        99268       426.67
       2.629     0.998047        99307       512.00
       2.645     0.998242        99326       568.89
       2.659     0.998437        99345       640.00
       2.677     0.998633        99366       731.43
       2.697     0.998828        99386       853.33
       2.717     0.999023        99404      1024.00
       2.733     0.999121        99413      1137.78
       2.761     0.999219        99424      1280.00
       2.779     0.999316        99432      1462.86
       2.819     0.999414        99442      1706.67
       2.853     0.999512        99452      2048.00
       2.883     0.999561        99457      2275.56
       2.915     0.999609        99462      2560.00
       2.931     0.999658        99466      2925.71
       2.975     0.999707        99471      3413.33
       3.029     0.999756        99476      4096.00
       3.071     0.999780        99479      4551.11
       3.101     0.999805        99481      5120.00
       3.135     0.999829        99483      5851.43
       3.169     0.999854        99486      6826.67
       3.229     0.999878        99488      8192.00
       3.285     0.999890        99490      9102.22
       3.311     0.999902        99491     10240.00
       3.317     0.999915        99492     11702.86
       3.395     0.999927        99493     13653.33
       3.397     0.999939        99494     16384.00
       3.399     0.999945        99495     18204.44
       3.403     0.999951        99496     20480.00
       3.403     0.999957        99496     23405.71
       3.425     0.999963        99497     27306.67
       3.425     0.999969        99497     32768.00
       3.513     0.999973        99498     36408.89
       3.513     0.999976        99498     40960.00
       3.513     0.999979        99498     46811.43
       3.577     0.999982        99499     54613.33
       3.577     0.999985        99499     65536.00
       3.577     0.999986        99499     72817.78
       3.577     0.999988        99499     81920.00
       3.577     0.999989        99499     93622.86
       3.851     0.999991        99500    109226.67
       3.851     1.000000        99500          inf
#[Mean    =        1.163, StdDeviation   =        0.505]
#[Max     =        3.850, Total count    =        99500]
#[Buckets =           27, SubBuckets     =         2048]
----------------------------------------------------------
  119806 requests in 1.00m, 134.02MB read
Requests/sec:   1996.69
Transfer/sec:      2.23MB

--- metrics ---
requests=119806
duration_s=60.002247
bytes=140532438
rps=1996.69
p50_ms=1.081
p95_ms=2.095
p99_ms=2.383
p999_ms=2.715
err_connect=0
err_read=0
err_write=0
err_status=0
err_timeout=0
--- end ---
