Running 1m test @ http://127.0.0.1:8081/json
  2 threads and 100 connections
  Thread calibration: mean lat.: 1.272ms, rate sampling interval: 10ms
  Thread calibration: mean lat.: 1.190ms, rate sampling interval: 10ms
  Thread Stats   Avg      Stdev     Max   +/- Stdev
    Latency     1.14ms  514.33us  10.36ms   68.97%
    Req/Sec     1.05k   140.25     2.00k    77.65%
  Latency Distribution (HdrHistogram - Recorded Latency)
 50.000%    1.08ms
 75.000%    1.46ms
 90.000%    1.82ms
 99.000%    2.46ms
 99.900%    3.61ms
 99.990%    5.41ms
 99.999%   10.32ms
100.000%   10.37ms

  Detailed Percentile spectrum:
       Value   Percentile   TotalCount 1/(1-Percentile)

       0.120     0.000000            1         1.00
       0.532     0.100000         9996         1.11
       0.692     0.200000        19961         1.25
       0.822     0.300000        29854         1.43
       0.955     0.400000        39811         1.67
       1.083     0.500000        49780         2.00
       1.150     0.550000        54729         2.22
       1.220     0.600000        59749         2.50
       1.294     0.650000        64714         2.86
       1.374     0.700000        69655         3.33
       1.459     0.750000        74675         4.00
       1.504     0.775000        77135         4.44
       1.555     0.800000        79635         5.00
       1.609     0.825000        82092         5.71
       1.670     0.850000        84593         6.67
       1.740     0.875000        87100         8.00
       1.776     0.887500        88312         8.89
       1.818     0.900000        89558        10.00
       1.864     0.912500        90794        11.43
       1.917     0.925000        92064        13.33
       1.975     0.937500        93290        16.00
       2.007     0.943750        93904        17.78
       2.043     0.950000        94528        20.00
       2.081     0.956250        95156        22.86
       2.123     0.962500        95784        26.67
       2.171     0.968750        96400        32.00
       2.197     0.971875        96711        35.56
       2.225     0.975000        97013        40.00
       2.259     0.978125        97340        45.71
       2.297     0.981250        97640        53.33
       2.341     0.984375        97956        64.00
       2.369     0.985938        98102        71.11
       2.405     0.987500        98262        80.00
       2.439     0.989062        98412        91.43
       2.477     0.990625        98572       106.67
       2.537     0.992188        98723       128.00
       2.577     0.992969        98804       142.22
       2.615     0.993750        98881       160.00
       2.661     0.994531        98957       182.86
       2.723     0.995313        99034       213.33
       2.797     0.996094        99114       256.00
       2.855     0.996484        99153       284.44
       2.923     0.996875        99193       320.00
       2.987     0.997266        99228       365.71
       3.065     0.997656        99267       426.67
       3.151     0.998047        99307       512.00
       3.201     0.998242        99326       568.89
       3.249     0.998437        99345       640.00
       3.337     0.998633        99364       731.43
       3.493     0.998828        99384       853.33
       3.625     0.999023        99403      1024.00
       3.723     0.999121        99413      1137.78
       3.817     0.999219        99423      1280.00
       3.879     0.999316        99432      1462.86
       3.993     0.999414        99442      1706.67
       4.135     0.999512        99452      2048.00
       4.187     0.999561        99457      2275.56
       4.315     0.999609        99462      2560.00
       4.415     0.999658        99466      2925.71
       4.523     0.999707        99471      3413.33
       4.671     0.999756        99476      4096.00
       4.747     0.999780        99479      4551.11
       4.787     0.999805        99481      5120.00
       5.135     0.999829        99483      5851.43
       5.183     0.999854        99486      6826.67
       5.383     0.999878        99488      8192.00
       5.411     0.999890        99490      9102.22
       9.047     0.999902        99491     10240.00
       9.375     0.999915        99492     11702.86
       9.479     0.999927        99493     13653.33
       9.583     0.999939        99495     16384.00
       9.583     0.999945        99495     18204.44
       9.727     0.999951        99496     20480.00
       9.727     0.999957        99496     23405.71
       9.911     0.999963        99497     27306.67
       9.911     0.999969        99497     32768.00
      10.255     0.999973        99498     36408.89
      10.255     0.999976        99498     40960.00
      10.255     0.999979        99498     46811.43
      10.319     0.999982        99499     54613.33
      10.319     0.999985        99499     65536.00
      10.319     0.999986        99499     72817.78
      10.319     0.999988        99499     81920.00
      10.319     0.999989        99499     93622.86
      10.367     0.999991        99500    109226.67
      10.367     1.000000        99500          inf
#[Mean    =        1.140, StdDeviation   =        0.514]
#[Max     =       10.360, Total count    =        99500]
#[Buckets =           27, SubBuckets     =         2048]
----------------------------------------------------------
  119805 requests in 1.00m, 134.02MB read
Requests/sec:   1996.67
Transfer/sec:      2.23MB

--- metrics ---
requests=119805
duration_s=60.002412
bytes=140531265
rps=1996.67
p50_ms=1.083
p95_ms=2.043
p99_ms=2.461
p999_ms=3.607
err_connect=0
err_read=0
err_write=0
err_status=0
err_timeout=0
--- end ---
