Running 1m test @ http://127.0.0.1:8081/file50k
  2 threads and 100 connections
  Thread calibration: mean lat.: 1.347ms, rate sampling interval: 10ms
  Thread calibration: mean lat.: 1.340ms, rate sampling interval: 10ms
  Thread Stats   Avg      Stdev     Max   +/- Stdev
    Latency     1.32ms  385.03us   2.92ms   66.89%
    Req/Sec   158.89     95.53   333.00     70.34%
  Latency Distribution (HdrHistogram - Recorded Latency)
 50.000%    1.32ms
 75.000%    1.58ms
 90.000%    1.82ms
 99.000%    2.30ms
 99.900%    2.56ms
 99.990%    2.90ms
 99.999%    2.92ms
100.000%    2.92ms

  Detailed Percentile spectrum:
       Value   Percentile   TotalCount 1/(1-Percentile)

       0.400     0.000000            1         1.00
       0.824     0.100000         1498         1.11
       0.964     0.200000         2987         1.25
       1.088     0.300000         4479         1.43
       1.208     0.400000         5966         1.67
       1.316     0.500000         7460         2.00
       1.366     0.550000         8202         2.22
       1.418     0.600000         8948         2.50
       1.469     0.650000         9685         2.86
       1.521     0.700000        10445         3.33
       1.575     0.750000        11180         4.00
       1.603     0.775000        11553         4.44
       1.636     0.800000        11921         5.00
       1.670     0.825000        12298         5.71
       1.713     0.850000        12671         6.67
       1.762     0.875000        13040         8.00
       1.788     0.887500        13226         8.89
       1.819     0.900000        13417        10.00
       1.853     0.912500        13597        11.43
       1.893     0.925000        13785        13.33
       1.945     0.937500        13972        16.00
       1.971     0.943750        14063        17.78
       1.999     0.950000        14158        20.00
       2.031     0.956250        14250        22.86
       2.069     0.962500        14342        26.67
       2.109     0.968750        14437        32.00
       2.129     0.971875        14484        35.56
       2.155     0.975000        14530        40.00
       2.177     0.978125        14575        45.71
       2.203     0.981250        14622        53.33
       2.241     0.984375        14673        64.00
       2.255     0.985938        14692        71.11
       2.271     0.987500        14718        80.00
       2.283     0.989062        14738        91.43
       2.311     0.990625        14762       106.67
       2.349     0.992188        14784       128.00
       2.361     0.992969        14796       142.22
       2.381     0.993750        14808       160.00
       2.407     0.994531        14820       182.86
       2.427     0.995313        14831       213.33
       2.449     0.996094        14842       256.00
       2.463     0.996484        14848       284.44
       2.471     0.996875        14854       320.00
       2.483     0.997266        14860       365.71
       2.491     0.997656        14866       426.67
       2.505     0.998047        14871       512.00
       2.515     0.998242        14874       568.89
       2.519     0.998437        14877       640.00
       2.529     0.998633        14880       731.43
       2.545     0.998828        14884       853.33
       2.563     0.999023        14887      1024.00
       2.563     0.999121        14887      1137.78
       2.575     0.999219        14889      1280.00
       2.587     0.999316        14890      1462.86
       2.601     0.999414        14892      1706.67
       2.603     0.999512        14893      2048.00
       2.613     0.999561        14894      2275.56
       2.629     0.999609        14895      2560.00
       2.629     0.999658        14895      2925.71
       2.643     0.999707        14896      3413.33
       2.655     0.999756        14897      4096.00
       2.655     0.999780        14897      4551.11
       2.793     0.999805        14898      5120.00
       2.793     0.999829        14898      5851.43
       2.793     0.999854        14898      6826.67
       2.901     0.999878        14899      8192.00
       2.901     0.999890        14899      9102.22
       2.901     0.999902        14899     10240.00
       2.901     0.999915        14899     11702.86
       2.901     0.999927        14899     13653.33
       2.921     0.999939        14900     16384.00
       2.921     1.000000        14900          inf
#[Mean    =        1.323, StdDeviation   =        0.385]
#[Max     =        2.920, Total count    =        14900]
#[Buckets =           27, SubBuckets     =         2048]
----------------------------------------------------------
  18002 requests in 1.00m, 0.86GB read
Requests/sec:    300.02
Transfer/sec:     14.69MB

--- metrics ---
requests=18002
duration_s=60.002771
bytes=924528714
rps=300.02
p50_ms=1.316
p95_ms=1.999
p99_ms=2.301
p999_ms=2.555
err_connect=0
err_read=0
err_write=0
err_status=0
err_timeout=0
--- end ---
