Running 1m test @ http://127.0.0.1:18080/file1m
  2 threads and 50 connections
  Thread calibration: mean lat.: 5.188ms, rate sampling interval: 10ms
  Thread calibration: mean lat.: 5.102ms, rate sampling interval: 10ms
  Thread Stats   Avg      Stdev     Max   +/- Stdev
    Latency     4.82ms    7.67ms  47.78ms   96.37%
    Req/Sec    26.04     69.55   400.00     86.74%
  Latency Distribution (HdrHistogram - Recorded Latency)
 50.000%    3.26ms
 75.000%    3.71ms
 90.000%    4.77ms
 99.000%   44.45ms
 99.900%   46.05ms
 99.990%   47.81ms
 99.999%   47.81ms
100.000%   47.81ms

  Detailed Percentile spectrum:
       Value   Percentile   TotalCount 1/(1-Percentile)

       1.485     0.000000            1         1.00
       2.559     0.100000          246         1.11
       2.791     0.200000          491         1.25
       2.965     0.300000          737         1.43
       3.103     0.400000          985         1.67
       3.257     0.500000         1228         2.00
       3.331     0.550000         1354         2.22
       3.413     0.600000         1475         2.50
       3.499     0.650000         1596         2.86
       3.607     0.700000         1721         3.33
       3.715     0.750000         1841         4.00
       3.775     0.775000         1902         4.44
       3.883     0.800000         1965         5.00
       4.015     0.825000         2026         5.71
       4.203     0.850000         2086         6.67
       4.411     0.875000         2148         8.00
       4.587     0.887500         2179         8.89
       4.771     0.900000         2209        10.00
       4.927     0.912500         2240        11.43
       5.051     0.925000         2270        13.33
       5.259     0.937500         2302        16.00
       5.335     0.943750         2316        17.78
       5.411     0.950000         2332        20.00
       5.563     0.956250         2347        22.86
       6.179     0.962500         2362        26.67
      43.359     0.968750         2379        32.00
      43.423     0.971875         2386        35.56
      43.615     0.975000         2394        40.00
      43.967     0.978125         2402        45.71
      44.159     0.981250         2411        53.33
      44.223     0.984375         2417        64.00
      44.255     0.985938         2422        71.11
      44.287     0.987500         2425        80.00
      44.415     0.989062         2428        91.43
      44.479     0.990625         2431       106.67
      44.575     0.992188         2435       128.00
      44.671     0.992969         2437       142.22
      44.799     0.993750         2439       160.00
      44.927     0.994531         2441       182.86
      44.991     0.995313         2443       213.33
      45.055     0.996094         2445       256.00
      45.119     0.996484         2446       284.44
      45.151     0.996875         2447       320.00
      45.215     0.997266         2448       365.71
      45.503     0.997656         2450       426.67
      45.503     0.998047         2450       512.00
      45.503     0.998242         2450       568.89
      45.663     0.998437         2451       640.00
      45.663     0.998633         2451       731.43
      46.047     0.998828         2452       853.33
      46.047     0.999023         2452      1024.00
      46.047     0.999121         2452      1137.78
      46.655     0.999219         2453      1280.00
      46.655     0.999316         2453      1462.86
      46.655     0.999414         2453      1706.67
      46.655     0.999512         2453      2048.00
      46.655     0.999561         2453      2275.56
      47.807     0.999609         2454      2560.00
      47.807     1.000000         2454          inf
#[Mean    =        4.822, StdDeviation   =        7.667]
#[Max     =       47.776, Total count    =         2454]
#[Buckets =           27, SubBuckets     =         2048]
----------------------------------------------------------
  3002 requests in 1.00m, 2.93GB read
Requests/sec:     50.03
Transfer/sec:     50.04MB

--- metrics ---
requests=3002
duration_s=60.004498
bytes=3148260442
rps=50.03
p50_ms=3.257
p95_ms=5.407
p99_ms=44.447
p999_ms=46.047
err_connect=0
err_read=0
err_write=0
err_status=0
err_timeout=0
--- end ---
