Running 30s test @ http://127.0.0.1:8080/json
  2 threads and 100 connections
  Thread calibration: mean lat.: 1.381ms, rate sampling interval: 10ms
  Thread calibration: mean lat.: 1.336ms, rate sampling interval: 10ms
  Thread Stats   Avg      Stdev     Max   +/- Stdev
    Latency     1.37ms  470.80us   4.02ms   66.94%
    Req/Sec     1.05k   138.39     1.67k    75.88%
  Latency Distribution (HdrHistogram - Recorded Latency)
 50.000%    1.32ms
 75.000%    1.67ms
 90.000%    2.01ms
 99.000%    2.61ms
 99.900%    3.02ms
 99.990%    3.81ms
 99.999%    4.03ms
100.000%    4.03ms

  Detailed Percentile spectrum:
       Value   Percentile   TotalCount 1/(1-Percentile)

       0.268     0.000000            1         1.00
       0.795     0.100000         3968         1.11
       0.946     0.200000         7900         1.25
       1.076     0.300000        11877         1.43
       1.199     0.400000        15816         1.67
       1.322     0.500000        19754         2.00
       1.385     0.550000        21727         2.22
       1.449     0.600000        23700         2.50
       1.514     0.650000        25698         2.86
       1.588     0.700000        27669         3.33
       1.671     0.750000        29634         4.00
       1.718     0.775000        30626         4.44
       1.767     0.800000        31606         5.00
       1.817     0.825000        32600         5.71
       1.876     0.850000        33585         6.67
       1.938     0.875000        34573         8.00
       1.973     0.887500        35063         8.89
       2.012     0.900000        35560        10.00
       2.053     0.912500        36058        11.43
       2.099     0.925000        36558        13.33
       2.153     0.937500        37038        16.00
       2.185     0.943750        37295        17.78
       2.219     0.950000        37539        20.00
       2.257     0.956250        37777        22.86
       2.299     0.962500        38027        26.67
       2.351     0.968750        38266        32.00
       2.381     0.971875        38397        35.56
       2.417     0.975000        38522        40.00
       2.443     0.978125        38638        45.71
       2.483     0.981250        38760        53.33
       2.523     0.984375        38884        64.00
       2.545     0.985938        38949        71.11
       2.573     0.987500        39011        80.00
       2.597     0.989062        39068        91.43
       2.625     0.990625        39131       106.67
       2.653     0.992188        39193       128.00
       2.673     0.992969        39227       142.22
       2.691     0.993750        39255       160.00
       2.713     0.994531        39286       182.86
       2.739     0.995313        39316       213.33
       2.763     0.996094        39346       256.00
       2.775     0.996484        39363       284.44
       2.797     0.996875        39379       320.00
       2.829     0.997266        39392       365.71
       2.855     0.997656        39409       426.67
       2.887     0.998047        39423       512.00
       2.903     0.998242        39431       568.89
       2.925     0.998437        39439       640.00
       2.943     0.998633        39447       731.43
       2.965     0.998828        39454       853.33
       3.019     0.999023        39462      1024.00
       3.033     0.999121        39466      1137.78
       3.057     0.999219        39471      1280.00
       3.061     0.999316        39473      1462.86
       3.095     0.999414        39477      1706.67
       3.111     0.999512        39481      2048.00
       3.115     0.999561        39483      2275.56
       3.133     0.999609        39485      2560.00
       3.167     0.999658        39487      2925.71
       3.199     0.999707        39489      3413.33
       3.289     0.999756        39491      4096.00
       3.519     0.999780        39492      4551.11
       3.587     0.999805        39493      5120.00
       3.669     0.999829        39494      5851.43
       3.713     0.999854        39495      6826.67
       3.807     0.999878        39496      8192.00
       3.807     0.999890        39496      9102.22
       3.813     0.999902        39497     10240.00
       3.813     0.999915        39497     11702.86
       3.831     0.999927        39498     13653.33
       3.831     0.999939        39498     16384.00
       3.831     0.999945        39498     18204.44
       3.879     0.999951        39499     20480.00
       3.879     0.999957        39499     23405.71
       3.879     0.999963        39499     27306.67
       3.879     0.999969        39499     32768.00
       3.879     0.999973        39499     36408.89
       4.025     0.999976        39500     40960.00
       4.025     1.000000        39500          inf
#[Mean    =        1.369, StdDeviation   =        0.471]
#[Max     =        4.024, Total count    =        39500]
#[Buckets =           27, SubBuckets     =         2048]
----------------------------------------------------------
  59802 requests in 30.00s, 66.04MB read
Requests/sec:   1993.25
Transfer/sec:      2.20MB

--- metrics ---
requests=59802
duration_s=30.002261
bytes=69250716
rps=1993.25
p50_ms=1.322
p95_ms=2.219
p99_ms=2.613
p999_ms=3.019
err_connect=0
err_read=0
err_write=0
err_status=0
err_timeout=0
--- end ---
