Running 1m test @ http://127.0.0.1:8083/file50k
  2 threads and 100 connections
  Thread calibration: mean lat.: 1.377ms, rate sampling interval: 10ms
  Thread calibration: mean lat.: 2.227ms, rate sampling interval: 10ms
  Thread Stats   Avg      Stdev     Max   +/- Stdev
    Latency     1.68ms  702.95us   5.41ms   71.95%
    Req/Sec   158.60    574.32     5.55k    97.88%
  Latency Distribution (HdrHistogram - Recorded Latency)
 50.000%    1.55ms
 75.000%    2.02ms
 90.000%    2.70ms
 99.000%    3.82ms
 99.900%    5.01ms
 99.990%    5.38ms
 99.999%    5.41ms
100.000%    5.41ms

  Detailed Percentile spectrum:
       Value   Percentile   TotalCount 1/(1-Percentile)

       0.321     0.000000            1         1.00
       0.916     0.100000         1491         1.11
       1.109     0.200000         2990         1.25
       1.266     0.300000         4479         1.43
       1.413     0.400000         5966         1.67
       1.550     0.500000         7451         2.00
       1.621     0.550000         8200         2.22
       1.696     0.600000         8944         2.50
       1.782     0.650000         9685         2.86
       1.893     0.700000        10434         3.33
       2.023     0.750000        11177         4.00
       2.101     0.775000        11559         4.44
       2.191     0.800000        11929         5.00
       2.299     0.825000        12300         5.71
       2.411     0.850000        12669         6.67
       2.543     0.875000        13041         8.00
       2.617     0.887500        13225         8.89
       2.699     0.900000        13414        10.00
       2.783     0.912500        13600        11.43
       2.877     0.925000        13788        13.33
       2.961     0.937500        13972        16.00
       3.001     0.943750        14062        17.78
       3.051     0.950000        14155        20.00
       3.103     0.956250        14249        22.86
       3.159     0.962500        14345        26.67
       3.241     0.968750        14435        32.00
       3.295     0.971875        14481        35.56
       3.345     0.975000        14528        40.00
       3.393     0.978125        14576        45.71
       3.459     0.981250        14621        53.33
       3.573     0.984375        14668        64.00
       3.623     0.985938        14691        71.11
       3.707     0.987500        14714        80.00
       3.777     0.989062        14738        91.43
       3.853     0.990625        14761       106.67
       3.941     0.992188        14784       128.00
       3.983     0.992969        14796       142.22
       4.029     0.993750        14807       160.00
       4.111     0.994531        14819       182.86
       4.195     0.995313        14831       213.33
       4.263     0.996094        14844       256.00
       4.347     0.996484        14848       284.44
       4.427     0.996875        14854       320.00
       4.711     0.997266        14860       365.71
       4.779     0.997656        14866       426.67
       4.867     0.998047        14871       512.00
       4.907     0.998242        14875       568.89
       4.935     0.998437        14877       640.00
       4.963     0.998633        14880       731.43
       5.003     0.998828        14884       853.33
       5.015     0.999023        14886      1024.00
       5.035     0.999121        14887      1137.78
       5.119     0.999219        14889      1280.00
       5.151     0.999316        14891      1462.86
       5.159     0.999414        14892      1706.67
       5.175     0.999512        14893      2048.00
       5.199     0.999561        14894      2275.56
       5.215     0.999609        14895      2560.00
       5.215     0.999658        14895      2925.71
       5.223     0.999707        14896      3413.33
       5.235     0.999756        14897      4096.00
       5.235     0.999780        14897      4551.11
       5.243     0.999805        14898      5120.00
       5.243     0.999829        14898      5851.43
       5.243     0.999854        14898      6826.67
       5.383     0.999878        14899      8192.00
       5.383     0.999890        14899      9102.22
       5.383     0.999902        14899     10240.00
       5.383     0.999915        14899     11702.86
       5.383     0.999927        14899     13653.33
       5.415     0.999939        14900     16384.00
       5.415     1.000000        14900          inf
#[Mean    =        1.684, StdDeviation   =        0.703]
#[Max     =        5.412, Total count    =        14900]
#[Buckets =           27, SubBuckets     =         2048]
----------------------------------------------------------
  17852 requests in 1.00m, 0.86GB read
Requests/sec:    297.52
Transfer/sec:     14.60MB

--- metrics ---
requests=17852
duration_s=60.002849
bytes=918753180
rps=297.52
p50_ms=1.550
p95_ms=3.051
p99_ms=3.823
p999_ms=5.007
err_connect=0
err_read=0
err_write=0
err_status=0
err_timeout=0
--- end ---
