Running 1m test @ http://127.0.0.1:8082/file1m
  2 threads and 50 connections
  Thread calibration: mean lat.: 925.461ms, rate sampling interval: 1993ms
  Thread calibration: mean lat.: 75.560ms, rate sampling interval: 187ms
  Thread Stats   Avg      Stdev     Max   +/- Stdev
    Latency   500.80ms  447.76ms   1.00s    59.92%
    Req/Sec    24.55     46.80   134.00     83.16%
  Latency Distribution (HdrHistogram - Recorded Latency)
 50.000%   94.78ms
 75.000%  964.61ms
 90.000%  988.16ms
 99.000%    1.00s 
 99.900%    1.00s 
 99.990%    1.00s 
 99.999%    1.00s 
100.000%    1.00s 

  Detailed Percentile spectrum:
       Value   Percentile   TotalCount 1/(1-Percentile)

       3.003     0.000000            1         1.00
      58.271     0.100000          245         1.11
      67.327     0.200000          490         1.25
      76.543     0.300000          735         1.43
      85.631     0.400000          983         1.67
      94.783     0.500000         1227         2.00
     933.887     0.550000         1359         2.22
     942.079     0.600000         1472         2.50
     949.759     0.650000         1602         2.86
     957.439     0.700000         1716         3.33
     964.607     0.750000         1838         4.00
     968.703     0.775000         1901         4.44
     973.311     0.800000         1962         5.00
     976.895     0.825000         2036         5.71
     980.479     0.850000         2086         6.67
     983.551     0.875000         2151         8.00
     986.623     0.887500         2183         8.89
     988.159     0.900000         2206        10.00
     989.695     0.912500         2247        11.43
     992.767     0.925000         2279        13.33
     993.279     0.937500         2298        16.00
     996.351     0.943750         2332        17.78
     996.351     0.950000         2332        20.00
     996.863     0.956250         2346        22.86
     998.399     0.962500         2364        26.67
     998.911     0.968750         2381        32.00
     999.423     0.971875         2397        35.56
     999.423     0.975000         2397        40.00
     999.423     0.978125         2397        45.71
    1001.471     0.981250         2408        53.33
    1001.983     0.984375         2421        64.00
    1001.983     0.985938         2421        71.11
    1001.983     0.987500         2421        80.00
    1002.495     0.989062         2440        91.43
    1002.495     0.990625         2440       106.67
    1002.495     0.992188         2440       128.00
    1002.495     0.992969         2440       142.22
    1002.495     0.993750         2440       160.00
    1002.495     0.994531         2440       182.86
    1002.495     0.995313         2440       213.33
    1003.007     0.996094         2449       256.00
    1003.007     0.996484         2449       284.44
    1003.007     0.996875         2449       320.00
    1003.007     0.997266         2449       365.71
    1003.007     0.997656         2449       426.67
    1003.007     0.998047         2449       512.00
    1003.007     0.998242         2449       568.89
    1003.007     0.998437         2449       640.00
    1003.007     0.998633         2449       731.43
    1003.007     0.998828         2449       853.33
    1003.007     0.999023         2449      1024.00
    1003.007     0.999121         2449      1137.78
    1003.007     0.999219         2449      1280.00
    1003.007     0.999316         2449      1462.86
    1003.007     0.999414         2449      1706.67
    1003.007     0.999512         2449      2048.00
    1003.007     0.999561         2449      2275.56
    1003.519     0.999609         2450      2560.00
    1003.519     1.000000         2450          inf
#[Mean    =      500.803, StdDeviation   =      447.756]
#[Max     =     1003.008, Total count    =         2450]
#[Buckets =           27, SubBuckets     =         2048]
----------------------------------------------------------
  2953 requests in 1.00m, 2.88GB read
Requests/sec:     49.18
Transfer/sec:     49.19MB

--- metrics ---
requests=2953
duration_s=60.049461
bytes=3097009964
rps=49.18
p50_ms=94.783
p95_ms=996.351
p99_ms=1002.495
p999_ms=1003.007
err_connect=0
err_read=0
err_write=0
err_status=0
err_timeout=0
--- end ---
