Running 1m test @ http://127.0.0.1:8084/file1m
  2 threads and 50 connections
  Thread calibration: mean lat.: 2.939ms, rate sampling interval: 10ms
  Thread calibration: mean lat.: 2.802ms, rate sampling interval: 10ms
  Thread Stats   Avg      Stdev     Max   +/- Stdev
    Latency     2.82ms  590.82us   5.50ms   68.20%
    Req/Sec    25.91     69.47   333.00     87.23%
  Latency Distribution (HdrHistogram - Recorded Latency)
 50.000%    2.79ms
 75.000%    3.19ms
 90.000%    3.60ms
 99.000%    4.37ms
 99.900%    4.89ms
 99.990%    5.50ms
 99.999%    5.50ms
100.000%    5.50ms

  Detailed Percentile spectrum:
       Value   Percentile   TotalCount 1/(1-Percentile)

       1.215     0.000000            1         1.00
       2.093     0.100000          246         1.11
       2.307     0.200000          495         1.25
       2.479     0.300000          735         1.43
       2.639     0.400000          980         1.67
       2.793     0.500000         1228         2.00
       2.867     0.550000         1348         2.22
       2.941     0.600000         1470         2.50
       3.023     0.650000         1593         2.86
       3.099     0.700000         1715         3.33
       3.187     0.750000         1840         4.00
       3.231     0.775000         1899         4.44
       3.283     0.800000         1960         5.00
       3.349     0.825000         2022         5.71
       3.417     0.850000         2083         6.67
       3.499     0.875000         2145         8.00
       3.535     0.887500         2176         8.89
       3.597     0.900000         2205        10.00
       3.659     0.912500         2236        11.43
       3.725     0.925000         2267        13.33
       3.781     0.937500         2297        16.00
       3.813     0.943750         2314        17.78
       3.851     0.950000         2328        20.00
       3.893     0.956250         2343        22.86
       3.923     0.962500         2359        26.67
       3.979     0.968750         2374        32.00
       3.999     0.971875         2382        35.56
       4.049     0.975000         2389        40.00
       4.099     0.978125         2397        45.71
       4.155     0.981250         2405        53.33
       4.183     0.984375         2412        64.00
       4.211     0.985938         2416        71.11
       4.263     0.987500         2420        80.00
       4.291     0.989062         2424        91.43
       4.383     0.990625         2428       106.67
       4.443     0.992188         2431       128.00
       4.475     0.992969         2433       142.22
       4.507     0.993750         2435       160.00
       4.559     0.994531         2437       182.86
       4.615     0.995313         2439       213.33
       4.631     0.996094         2441       256.00
       4.655     0.996484         2442       284.44
       4.763     0.996875         2443       320.00
       4.775     0.997266         2444       365.71
       4.791     0.997656         2445       426.67
       4.827     0.998047         2446       512.00
       4.827     0.998242         2446       568.89
       4.867     0.998437         2447       640.00
       4.867     0.998633         2447       731.43
       4.887     0.998828         2448       853.33
       4.887     0.999023         2448      1024.00
       4.887     0.999121         2448      1137.78
       4.947     0.999219         2449      1280.00
       4.947     0.999316         2449      1462.86
       4.947     0.999414         2449      1706.67
       4.947     0.999512         2449      2048.00
       4.947     0.999561         2449      2275.56
       5.499     0.999609         2450      2560.00
       5.499     1.000000         2450          inf
#[Mean    =        2.817, StdDeviation   =        0.591]
#[Max     =        5.496, Total count    =         2450]
#[Buckets =           27, SubBuckets     =         2048]
----------------------------------------------------------
  3002 requests in 1.00m, 2.93GB read
Requests/sec:     50.03
Transfer/sec:     50.04MB

--- metrics ---
requests=3002
duration_s=60.004809
bytes=3148242430
rps=50.03
p50_ms=2.793
p95_ms=3.851
p99_ms=4.371
p999_ms=4.887
err_connect=0
err_read=0
err_write=0
err_status=0
err_timeout=0
--- end ---
