Running 1m test @ http://127.0.0.1:8080/file1m
  2 threads and 50 connections
  Thread calibration: mean lat.: 3.972ms, rate sampling interval: 10ms
  Thread calibration: mean lat.: 4.167ms, rate sampling interval: 10ms
  Thread Stats   Avg      Stdev     Max   +/- Stdev
    Latency     4.38ms    6.75ms  47.36ms   97.23%
    Req/Sec    26.06     70.25   444.00     86.98%
  Latency Distribution (HdrHistogram - Recorded Latency)
 50.000%    3.13ms
 75.000%    3.70ms
 90.000%    4.55ms
 99.000%   44.16ms
 99.900%   46.59ms
 99.990%   47.39ms
 99.999%   47.39ms
100.000%   47.39ms

  Detailed Percentile spectrum:
       Value   Percentile   TotalCount 1/(1-Percentile)

       1.457     0.000000            1         1.00
       2.409     0.100000          247         1.11
       2.645     0.200000          493         1.25
       2.831     0.300000          736         1.43
       2.981     0.400000          983         1.67
       3.129     0.500000         1227         2.00
       3.217     0.550000         1349         2.22
       3.299     0.600000         1474         2.50
       3.397     0.650000         1596         2.86
       3.529     0.700000         1717         3.33
       3.701     0.750000         1839         4.00
       3.807     0.775000         1901         4.44
       3.927     0.800000         1962         5.00
       4.059     0.825000         2025         5.71
       4.203     0.850000         2087         6.67
       4.351     0.875000         2146         8.00
       4.443     0.887500         2177         8.89
       4.547     0.900000         2207        10.00
       4.675     0.912500         2239        11.43
       4.803     0.925000         2269        13.33
       4.915     0.937500         2299        16.00
       4.979     0.943750         2316        17.78
       5.075     0.950000         2331        20.00
       5.143     0.956250         2345        22.86
       5.327     0.962500         2361        26.67
       5.499     0.968750         2376        32.00
       5.939     0.971875         2384        35.56
      43.007     0.975000         2391        40.00
      43.295     0.978125         2399        45.71
      43.743     0.981250         2410        53.33
      43.807     0.984375         2417        64.00
      43.839     0.985938         2419        71.11
      43.999     0.987500         2422        80.00
      44.127     0.989062         2426        91.43
      44.319     0.990625         2430       106.67
      44.447     0.992188         2433       128.00
      44.543     0.992969         2435       142.22
      44.639     0.993750         2437       160.00
      44.767     0.994531         2439       182.86
      44.895     0.995313         2443       213.33
      44.895     0.996094         2443       256.00
      44.927     0.996484         2444       284.44
      45.311     0.996875         2445       320.00
      45.375     0.997266         2446       365.71
      45.631     0.997656         2447       426.67
      45.823     0.998047         2448       512.00
      45.823     0.998242         2448       568.89
      46.079     0.998437         2449       640.00
      46.079     0.998633         2449       731.43
      46.591     0.998828         2451       853.33
      46.591     0.999023         2451      1024.00
      46.591     0.999121         2451      1137.78
      46.591     0.999219         2451      1280.00
      46.591     0.999316         2451      1462.86
      46.591     0.999414         2451      1706.67
      46.591     0.999512         2451      2048.00
      46.591     0.999561         2451      2275.56
      47.391     0.999609         2452      2560.00
      47.391     1.000000         2452          inf
#[Mean    =        4.377, StdDeviation   =        6.751]
#[Max     =       47.360, Total count    =         2452]
#[Buckets =           27, SubBuckets     =         2048]
----------------------------------------------------------
  3002 requests in 1.00m, 2.93GB read
Requests/sec:     50.03
Transfer/sec:     50.04MB

--- metrics ---
requests=3002
duration_s=60.005894
bytes=3148260442
rps=50.03
p50_ms=3.129
p95_ms=5.071
p99_ms=44.159
p999_ms=46.591
err_connect=0
err_read=0
err_write=0
err_status=0
err_timeout=0
--- end ---
