Running 1m test @ http://127.0.0.1:8084/json
  2 threads and 100 connections
  Thread calibration: mean lat.: 1.224ms, rate sampling interval: 10ms
  Thread calibration: mean lat.: 1.134ms, rate sampling interval: 10ms
  Thread Stats   Avg      Stdev     Max   +/- Stdev
    Latency     1.20ms  526.25us   3.64ms   64.25%
    Req/Sec     1.05k   141.74     1.67k    78.79%
  Latency Distribution (HdrHistogram - Recorded Latency)
 50.000%    1.12ms
 75.000%    1.58ms
 90.000%    1.97ms
 99.000%    2.42ms
 99.900%    2.66ms
 99.990%    3.19ms
 99.999%    3.57ms
100.000%    3.64ms

  Detailed Percentile spectrum:
       Value   Percentile   TotalCount 1/(1-Percentile)

       0.147     0.000000            1         1.00
       0.562     0.100000         9985         1.11
       0.720     0.200000        19915         1.25
       0.851     0.300000        29868         1.43
       0.983     0.400000        39866         1.67
       1.120     0.500000        49768         2.00
       1.196     0.550000        54764         2.22
       1.280     0.600000        59727         2.50
       1.372     0.650000        64712         2.86
       1.473     0.700000        69686         3.33
       1.583     0.750000        74654         4.00
       1.641     0.775000        77131         4.44
       1.702     0.800000        79637         5.00
       1.766     0.825000        82118         5.71
       1.832     0.850000        84576         6.67
       1.898     0.875000        87071         8.00
       1.934     0.887500        88315         8.89
       1.970     0.900000        89556        10.00
       2.011     0.912500        90830        11.43
       2.055     0.925000        92061        13.33
       2.101     0.937500        93313        16.00
       2.125     0.943750        93912        17.78
       2.153     0.950000        94552        20.00
       2.183     0.956250        95186        22.86
       2.215     0.962500        95776        26.67
       2.251     0.968750        96413        32.00
       2.269     0.971875        96714        35.56
       2.291     0.975000        97018        40.00
       2.313     0.978125        97338        45.71
       2.337     0.981250        97649        53.33
       2.363     0.984375        97946        64.00
       2.377     0.985938        98108        71.11
       2.395     0.987500        98280        80.00
       2.413     0.989062        98427        91.43
       2.429     0.990625        98568       106.67
       2.449     0.992188        98737       128.00
       2.459     0.992969        98802       142.22
       2.471     0.993750        98900       160.00
       2.477     0.994531        98958       182.86
       2.493     0.995313        99040       213.33
       2.513     0.996094        99113       256.00
       2.525     0.996484        99155       284.44
       2.535     0.996875        99192       320.00
       2.545     0.997266        99232       365.71
       2.561     0.997656        99270       426.67
       2.581     0.998047        99307       512.00
       2.593     0.998242        99328       568.89
       2.609     0.998437        99345       640.00
       2.623     0.998633        99365       731.43
       2.639     0.998828        99384       853.33
       2.661     0.999023        99403      1024.00
       2.673     0.999121        99413      1137.78
       2.687     0.999219        99423      1280.00
       2.701     0.999316        99432      1462.86
       2.737     0.999414        99442      1706.67
       2.781     0.999512        99453      2048.00
       2.801     0.999561        99457      2275.56
       2.869     0.999609        99462      2560.00
       2.897     0.999658        99466      2925.71
       2.927     0.999707        99471      3413.33
       2.967     0.999756        99476      4096.00
       3.037     0.999780        99479      4551.11
       3.077     0.999805        99481      5120.00
       3.079     0.999829        99483      5851.43
       3.107     0.999854        99486      6826.67
       3.133     0.999878        99488      8192.00
       3.191     0.999890        99490      9102.22
       3.225     0.999902        99491     10240.00
       3.233     0.999915        99492     11702.86
       3.257     0.999927        99493     13653.33
       3.281     0.999939        99494     16384.00
       3.287     0.999945        99495     18204.44
       3.301     0.999951        99496     20480.00
       3.301     0.999957        99496     23405.71
       3.437     0.999963        99497     27306.67
       3.437     0.999969        99497     32768.00
       3.475     0.999973        99498     36408.89
       3.475     0.999976        99498     40960.00
       3.475     0.999979        99498     46811.43
       3.569     0.999982        99499     54613.33
       3.569     0.999985        99499     65536.00
       3.569     0.999986        99499     72817.78
       3.569     0.999988        99499     81920.00
       3.569     0.999989        99499     93622.86
       3.641     0.999991        99500    109226.67
       3.641     1.000000        99500          inf
#[Mean    =        1.201, StdDeviation   =        0.526]
#[Max     =        3.640, Total count    =        99500]
#[Buckets =           27, SubBuckets     =         2048]
----------------------------------------------------------
  119806 requests in 1.00m, 129.57MB read
Requests/sec:   1996.64
Transfer/sec:      2.16MB

--- metrics ---
requests=119806
duration_s=60.003686
bytes=135860004
rps=1996.64
p50_ms=1.120
p95_ms=2.153
p99_ms=2.423
p999_ms=2.659
err_connect=0
err_read=0
err_write=0
err_status=0
err_timeout=0
--- end ---
