Running 1m test @ http://127.0.0.1:8080/file1m
  2 threads and 50 connections
  Thread calibration: mean lat.: 13.563ms, rate sampling interval: 39ms
  Thread calibration: mean lat.: 3.711ms, rate sampling interval: 10ms
  Thread Stats   Avg      Stdev     Max   +/- Stdev
    Latency     7.22ms    5.75ms  48.29ms   76.37%
    Req/Sec    25.82     84.09   657.00     89.62%
  Latency Distribution (HdrHistogram - Recorded Latency)
 50.000%    4.74ms
 75.000%   11.97ms
 90.000%   15.38ms
 99.000%   18.66ms
 99.900%   44.10ms
 99.990%   48.32ms
 99.999%   48.32ms
100.000%   48.32ms

  Detailed Percentile spectrum:
       Value   Percentile   TotalCount 1/(1-Percentile)

       0.757     0.000000            1         1.00
       1.891     0.100000          245         1.11
       2.351     0.200000          491         1.25
       2.801     0.300000          735         1.43
       3.337     0.400000          980         1.67
       4.743     0.500000         1225         2.00
       6.115     0.550000         1348         2.22
       7.323     0.600000         1470         2.50
       8.863     0.650000         1593         2.86
      10.567     0.700000         1716         3.33
      11.967     0.750000         1839         4.00
      12.543     0.775000         1899         4.44
      13.063     0.800000         1960         5.00
      13.647     0.825000         2022         5.71
      14.159     0.850000         2083         6.67
      14.831     0.875000         2146         8.00
      15.103     0.887500         2175         8.89
      15.383     0.900000         2206        10.00
      15.727     0.912500         2236        11.43
      16.087     0.925000         2267        13.33
      16.431     0.937500         2298        16.00
      16.639     0.943750         2315        17.78
      16.783     0.950000         2329        20.00
      16.927     0.956250         2343        22.86
      17.151     0.962500         2359        26.67
      17.391     0.968750         2374        32.00
      17.519     0.971875         2382        35.56
      17.567     0.975000         2390        40.00
      17.647     0.978125         2397        45.71
      17.791     0.981250         2405        53.33
      18.015     0.984375         2412        64.00
      18.175     0.985938         2416        71.11
      18.335     0.987500         2420        80.00
      18.607     0.989062         2424        91.43
      18.943     0.990625         2428       106.67
      19.279     0.992188         2431       128.00
      19.599     0.992969         2433       142.22
      19.695     0.993750         2435       160.00
      19.983     0.994531         2437       182.86
      20.255     0.995313         2439       213.33
      42.591     0.996094         2441       256.00
      42.911     0.996484         2442       284.44
      42.975     0.996875         2444       320.00
      42.975     0.997266         2444       365.71
      43.007     0.997656         2445       426.67
      43.359     0.998047         2446       512.00
      43.359     0.998242         2446       568.89
      43.999     0.998437         2447       640.00
      43.999     0.998633         2447       731.43
      44.095     0.998828         2448       853.33
      44.095     0.999023         2448      1024.00
      44.095     0.999121         2448      1137.78
      45.695     0.999219         2449      1280.00
      45.695     0.999316         2449      1462.86
      45.695     0.999414         2449      1706.67
      45.695     0.999512         2449      2048.00
      45.695     0.999561         2449      2275.56
      48.319     0.999609         2450      2560.00
      48.319     1.000000         2450          inf
#[Mean    =        7.219, StdDeviation   =        5.753]
#[Max     =       48.288, Total count    =         2450]
#[Buckets =           27, SubBuckets     =         2048]
----------------------------------------------------------
  2979 requests in 1.00m, 2.91GB read
Requests/sec:     49.65
Transfer/sec:     49.65MB

--- metrics ---
requests=2979
duration_s=60.005528
bytes=3124029636
rps=49.65
p50_ms=4.743
p95_ms=16.783
p99_ms=18.655
p999_ms=44.095
err_connect=0
err_read=0
err_write=0
err_status=0
err_timeout=0
--- end ---
