Running 1m test @ http://127.0.0.1:8080/json
  2 threads and 100 connections
  Thread calibration: mean lat.: 1.273ms, rate sampling interval: 10ms
  Thread calibration: mean lat.: 1.291ms, rate sampling interval: 10ms
  Thread Stats   Avg      Stdev     Max   +/- Stdev
    Latency     1.29ms  469.84us   3.68ms   67.36%
    Req/Sec     1.05k   136.79     1.67k    76.18%
  Latency Distribution (HdrHistogram - Recorded Latency)
 50.000%    1.22ms
 75.000%    1.59ms
 90.000%    1.94ms
 99.000%    2.57ms
 99.900%    2.92ms
 99.990%    3.21ms
 99.999%    3.58ms
100.000%    3.68ms

  Detailed Percentile spectrum:
       Value   Percentile   TotalCount 1/(1-Percentile)

       0.252     0.000000            1         1.00
       0.739     0.100000         9992         1.11
       0.866     0.200000        19938         1.25
       0.981     0.300000        29852         1.43
       1.097     0.400000        39837         1.67
       1.222     0.500000        49798         2.00
       1.285     0.550000        54778         2.22
       1.352     0.600000        59749         2.50
       1.426     0.650000        64701         2.86
       1.502     0.700000        69658         3.33
       1.586     0.750000        74632         4.00
       1.634     0.775000        77131         4.44
       1.684     0.800000        79637         5.00
       1.738     0.825000        82133         5.71
       1.798     0.850000        84592         6.67
       1.866     0.875000        87093         8.00
       1.904     0.887500        88339         8.89
       1.944     0.900000        89559        10.00
       1.988     0.912500        90801        11.43
       2.036     0.925000        92058        13.33
       2.093     0.937500        93311        16.00
       2.125     0.943750        93932        17.78
       2.161     0.950000        94539        20.00
       2.203     0.956250        95170        22.86
       2.249     0.962500        95774        26.67
       2.305     0.968750        96395        32.00
       2.337     0.971875        96712        35.56
       2.375     0.975000        97033        40.00
       2.413     0.978125        97337        45.71
       2.453     0.981250        97651        53.33
       2.493     0.984375        97955        64.00
       2.515     0.985938        98111        71.11
       2.539     0.987500        98265        80.00
       2.559     0.989062        98415        91.43
       2.585     0.990625        98580       106.67
       2.609     0.992188        98728       128.00
       2.623     0.992969        98804       142.22
       2.639     0.993750        98885       160.00
       2.657     0.994531        98966       182.86
       2.679     0.995313        99038       213.33
       2.705     0.996094        99117       256.00
       2.721     0.996484        99151       284.44
       2.743     0.996875        99196       320.00
       2.757     0.997266        99229       365.71
       2.779     0.997656        99267       426.67
       2.807     0.998047        99306       512.00
       2.831     0.998242        99328       568.89
       2.851     0.998437        99345       640.00
       2.871     0.998633        99364       731.43
       2.905     0.998828        99387       853.33
       2.921     0.999023        99403      1024.00
       2.933     0.999121        99414      1137.78
       2.959     0.999219        99423      1280.00
       2.975     0.999316        99433      1462.86
       2.993     0.999414        99442      1706.67
       3.027     0.999512        99453      2048.00
       3.039     0.999561        99458      2275.56
       3.063     0.999609        99462      2560.00
       3.095     0.999658        99466      2925.71
       3.109     0.999707        99471      3413.33
       3.133     0.999756        99476      4096.00
       3.153     0.999780        99479      4551.11
       3.157     0.999805        99481      5120.00
       3.179     0.999829        99483      5851.43
       3.185     0.999854        99486      6826.67
       3.189     0.999878        99488      8192.00
       3.213     0.999890        99490      9102.22
       3.259     0.999902        99491     10240.00
       3.283     0.999915        99492     11702.86
       3.341     0.999927        99493     13653.33
       3.353     0.999939        99494     16384.00
       3.361     0.999945        99495     18204.44
       3.367     0.999951        99496     20480.00
       3.367     0.999957        99496     23405.71
       3.379     0.999963        99497     27306.67
       3.379     0.999969        99497     32768.00
       3.383     0.999973        99498     36408.89
       3.383     0.999976        99498     40960.00
       3.383     0.999979        99498     46811.43
       3.581     0.999982        99499     54613.33
       3.581     0.999985        99499     65536.00
       3.581     0.999986        99499     72817.78
       3.581     0.999988        99499     81920.00
       3.581     0.999989        99499     93622.86
       3.685     0.999991        99500    109226.67
       3.685     1.000000        99500          inf
#[Mean    =        1.289, StdDeviation   =        0.470]
#[Max     =        3.684, Total count    =        99500]
#[Buckets =           27, SubBuckets     =         2048]
----------------------------------------------------------
  119802 requests in 1.00m, 132.30MB read
Requests/sec:   1996.63
Transfer/sec:      2.20MB

--- metrics ---
requests=119802
duration_s=60.002022
bytes=138730716
rps=1996.63
p50_ms=1.222
p95_ms=2.161
p99_ms=2.573
p999_ms=2.921
err_connect=0
err_read=0
err_write=0
err_status=0
err_timeout=0
--- end ---
