Running 1m test @ http://127.0.0.1:8080/json
  2 threads and 100 connections
  Thread calibration: mean lat.: 1.703ms, rate sampling interval: 10ms
  Thread calibration: mean lat.: 1.418ms, rate sampling interval: 10ms
  Thread Stats   Avg      Stdev     Max   +/- Stdev
    Latency     1.55ms  632.32us   6.72ms   72.43%
    Req/Sec     1.06k     1.31k    5.55k    89.20%
  Latency Distribution (HdrHistogram - Recorded Latency)
 50.000%    1.45ms
 75.000%    1.87ms
 90.000%    2.36ms
 99.000%    3.62ms
 99.900%    4.96ms
 99.990%    5.93ms
 99.999%    6.45ms
100.000%    6.73ms

  Detailed Percentile spectrum:
       Value   Percentile   TotalCount 1/(1-Percentile)

       0.189     0.000000            1         1.00
       0.849     0.100000         9959         1.11
       1.025     0.200000        19967         1.25
       1.173     0.300000        29912         1.43
       1.309     0.400000        39821         1.67
       1.448     0.500000        49786         2.00
       1.520     0.550000        54731         2.22
       1.597     0.600000        59755         2.50
       1.678     0.650000        64713         2.86
       1.765     0.700000        69674         3.33
       1.867     0.750000        74640         4.00
       1.923     0.775000        77130         4.44
       1.987     0.800000        79632         5.00
       2.061     0.825000        82149         5.71
       2.145     0.850000        84604         6.67
       2.243     0.875000        87078         8.00
       2.297     0.887500        88329         8.89
       2.361     0.900000        89581        10.00
       2.431     0.912500        90825        11.43
       2.503     0.925000        92060        13.33
       2.585     0.937500        93283        16.00
       2.635     0.943750        93918        17.78
       2.683     0.950000        94532        20.00
       2.745     0.956250        95159        22.86
       2.829     0.962500        95775        26.67
       2.933     0.968750        96402        32.00
       2.993     0.971875        96707        35.56
       3.069     0.975000        97019        40.00
       3.149     0.978125        97325        45.71
       3.241     0.981250        97636        53.33
       3.347     0.984375        97947        64.00
       3.403     0.985938        98102        71.11
       3.477     0.987500        98257        80.00
       3.567     0.989062        98413        91.43
       3.651     0.990625        98570       106.67
       3.765     0.992188        98726       128.00
       3.827     0.992969        98801       142.22
       3.895     0.993750        98880       160.00
       3.963     0.994531        98957       182.86
       4.047     0.995313        99035       213.33
       4.155     0.996094        99114       256.00
       4.231     0.996484        99152       284.44
       4.315     0.996875        99190       320.00
       4.383     0.997266        99228       365.71
       4.471     0.997656        99267       426.67
       4.615     0.998047        99308       512.00
       4.667     0.998242        99328       568.89
       4.743     0.998437        99345       640.00
       4.791     0.998633        99364       731.43
       4.883     0.998828        99384       853.33
       4.963     0.999023        99403      1024.00
       5.011     0.999121        99413      1137.78
       5.075     0.999219        99423      1280.00
       5.139     0.999316        99432      1462.86
       5.187     0.999414        99442      1706.67
       5.291     0.999512        99452      2048.00
       5.331     0.999561        99458      2275.56
       5.355     0.999609        99463      2560.00
       5.379     0.999658        99466      2925.71
       5.435     0.999707        99471      3413.33
       5.531     0.999756        99476      4096.00
       5.559     0.999780        99479      4551.11
       5.587     0.999805        99481      5120.00
       5.703     0.999829        99483      5851.43
       5.779     0.999854        99486      6826.67
       5.871     0.999878        99488      8192.00
       5.931     0.999890        99490      9102.22
       5.987     0.999902        99491     10240.00
       6.063     0.999915        99492     11702.86
       6.075     0.999927        99493     13653.33
       6.079     0.999939        99494     16384.00
       6.087     0.999945        99495     18204.44
       6.191     0.999951        99496     20480.00
       6.191     0.999957        99496     23405.71
       6.299     0.999963        99497     27306.67
       6.299     0.999969        99497     32768.00
       6.395     0.999973        99498     36408.89
       6.395     0.999976        99498     40960.00
       6.395     0.999979        99498     46811.43
       6.451     0.999982        99499     54613.33
       6.451     0.999985        99499     65536.00
       6.451     0.999986        99499     72817.78
       6.451     0.999988        99499     81920.00
       6.451     0.999989        99499     93622.86
       6.727     0.999991        99500    109226.67
       6.727     1.000000        99500          inf
#[Mean    =        1.547, StdDeviation   =        0.632]
#[Max     =        6.724, Total count    =        99500]
#[Buckets =           27, SubBuckets     =         2048]
----------------------------------------------------------
  118906 requests in 1.00m, 131.31MB read
Requests/sec:   1981.65
Transfer/sec:      2.19MB

--- metrics ---
requests=118906
duration_s=60.003401
bytes=137693148
rps=1981.65
p50_ms=1.448
p95_ms=2.683
p99_ms=3.615
p999_ms=4.959
err_connect=0
err_read=0
err_write=0
err_status=0
err_timeout=0
--- end ---
