Running 30s test @ http://127.0.0.1:18083/json
  2 threads and 100 connections
  Thread calibration: mean lat.: 1.723ms, rate sampling interval: 10ms
  Thread calibration: mean lat.: 1.736ms, rate sampling interval: 10ms
  Thread Stats   Avg      Stdev     Max   +/- Stdev
    Latency     1.72ms  760.32us   6.39ms   76.36%
    Req/Sec     1.05k   172.19     1.67k    82.21%
  Latency Distribution (HdrHistogram - Recorded Latency)
 50.000%    1.57ms
 75.000%    2.00ms
 90.000%    2.79ms
 99.000%    4.21ms
 99.900%    5.07ms
 99.990%    5.88ms
 99.999%    6.39ms
100.000%    6.39ms

  Detailed Percentile spectrum:
       Value   Percentile   TotalCount 1/(1-Percentile)

       0.277     0.000000            1         1.00
       0.951     0.100000         3964         1.11
       1.140     0.200000         7913         1.25
       1.294     0.300000        11855         1.43
       1.429     0.400000        15811         1.67
       1.566     0.500000        19762         2.00
       1.638     0.550000        21739         2.22
       1.715     0.600000        23715         2.50
       1.798     0.650000        25677         2.86
       1.888     0.700000        27664         3.33
       2.001     0.750000        29630         4.00
       2.063     0.775000        30621         4.44
       2.137     0.800000        31601         5.00
       2.231     0.825000        32598         5.71
       2.357     0.850000        33583         6.67
       2.537     0.875000        34565         8.00
       2.657     0.887500        35063         8.89
       2.785     0.900000        35550        10.00
       2.937     0.912500        36047        11.43
       3.089     0.925000        36545        13.33
       3.245     0.937500        37039        16.00
       3.325     0.943750        37287        17.78
       3.405     0.950000        37525        20.00
       3.485     0.956250        37773        22.86
       3.577     0.962500        38021        26.67
       3.685     0.968750        38269        32.00
       3.737     0.971875        38398        35.56
       3.789     0.975000        38514        40.00
       3.853     0.978125        38636        45.71
       3.921     0.981250        38762        53.33
       4.001     0.984375        38888        64.00
       4.049     0.985938        38950        71.11
       4.107     0.987500        39007        80.00
       4.171     0.989062        39069        91.43
       4.231     0.990625        39130       106.67
       4.299     0.992188        39192       128.00
       4.339     0.992969        39228       142.22
       4.395     0.993750        39254       160.00
       4.431     0.994531        39284       182.86
       4.479     0.995313        39316       213.33
       4.543     0.996094        39347       256.00
       4.595     0.996484        39362       284.44
       4.619     0.996875        39378       320.00
       4.671     0.997266        39392       365.71
       4.711     0.997656        39408       426.67
       4.783     0.998047        39423       512.00
       4.823     0.998242        39432       568.89
       4.851     0.998437        39439       640.00
       4.899     0.998633        39446       731.43
       4.947     0.998828        39454       853.33
       5.075     0.999023        39463      1024.00
       5.119     0.999121        39466      1137.78
       5.179     0.999219        39470      1280.00
       5.275     0.999316        39473      1462.86
       5.339     0.999414        39477      1706.67
       5.491     0.999512        39481      2048.00
       5.503     0.999561        39484      2275.56
       5.527     0.999609        39485      2560.00
       5.627     0.999658        39487      2925.71
       5.659     0.999707        39489      3413.33
       5.695     0.999756        39491      4096.00
       5.723     0.999780        39492      4551.11
       5.807     0.999805        39493      5120.00
       5.823     0.999829        39494      5851.43
       5.835     0.999854        39495      6826.67
       5.879     0.999878        39496      8192.00
       5.879     0.999890        39496      9102.22
       5.939     0.999902        39497     10240.00
       5.939     0.999915        39497     11702.86
       6.019     0.999927        39498     13653.33
       6.019     0.999939        39498     16384.00
       6.019     0.999945        39498     18204.44
       6.051     0.999951        39499     20480.00
       6.051     0.999957        39499     23405.71
       6.051     0.999963        39499     27306.67
       6.051     0.999969        39499     32768.00
       6.051     0.999973        39499     36408.89
       6.391     0.999976        39500     40960.00
       6.391     1.000000        39500          inf
#[Mean    =        1.724, StdDeviation   =        0.760]
#[Max     =        6.388, Total count    =        39500]
#[Buckets =           27, SubBuckets     =         2048]
----------------------------------------------------------
  59802 requests in 30.00s, 66.04MB read
Requests/sec:   1993.27
Transfer/sec:      2.20MB

--- metrics ---
requests=59802
duration_s=30.001998
bytes=69250716
rps=1993.27
p50_ms=1.566
p95_ms=3.405
p99_ms=4.211
p999_ms=5.067
err_connect=0
err_read=0
err_write=0
err_status=0
err_timeout=0
--- end ---
