Running 1m test @ http://127.0.0.1:8080/file1m
  2 threads and 50 connections
  Thread calibration: mean lat.: 57.124ms, rate sampling interval: 250ms
  Thread calibration: mean lat.: 143.845ms, rate sampling interval: 745ms
  Thread Stats   Avg      Stdev     Max   +/- Stdev
    Latency    14.28ms   12.97ms 233.60ms   80.38%
    Req/Sec    24.57     37.83   100.00     81.51%
  Latency Distribution (HdrHistogram - Recorded Latency)
 50.000%   10.22ms
 75.000%   24.37ms
 90.000%   31.44ms
 99.000%   44.86ms
 99.900%   67.01ms
 99.990%  233.73ms
 99.999%  233.73ms
100.000%  233.73ms

  Detailed Percentile spectrum:
       Value   Percentile   TotalCount 1/(1-Percentile)

       1.610     0.000000            1         1.00
       2.541     0.100000          247         1.11
       2.993     0.200000          492         1.25
       3.531     0.300000          737         1.43
       5.227     0.400000          981         1.67
      10.215     0.500000         1226         2.00
      12.479     0.550000         1349         2.22
      15.111     0.600000         1472         2.50
      18.271     0.650000         1594         2.86
      21.599     0.700000         1717         3.33
      24.527     0.750000         1839         4.00
      25.935     0.775000         1900         4.44
      27.103     0.800000         1961         5.00
      28.271     0.825000         2023         5.71
      29.215     0.850000         2084         6.67
      30.223     0.875000         2146         8.00
      30.815     0.887500         2176         8.89
      31.439     0.900000         2206        10.00
      31.967     0.912500         2238        11.43
      32.575     0.925000         2268        13.33
      33.311     0.937500         2299        16.00
      33.759     0.943750         2314        17.78
      34.431     0.950000         2329        20.00
      35.295     0.956250         2344        22.86
      36.607     0.962500         2360        26.67
      39.711     0.968750         2375        32.00
      42.975     0.971875         2383        35.56
      43.231     0.975000         2391        40.00
      43.583     0.978125         2399        45.71
      43.807     0.981250         2407        53.33
      44.031     0.984375         2413        64.00
      44.415     0.985938         2418        71.11
      44.607     0.987500         2421        80.00
      44.799     0.989062         2425        91.43
      45.183     0.990625         2429       106.67
      45.567     0.992188         2432       128.00
      45.791     0.992969         2435       142.22
      45.951     0.993750         2436       160.00
      46.879     0.994531         2438       182.86
      47.615     0.995313         2440       213.33
      49.311     0.996094         2442       256.00
      50.559     0.996484         2443       284.44
      51.903     0.996875         2444       320.00
      51.967     0.997266         2445       365.71
      52.479     0.997656         2446       426.67
      52.511     0.998047         2447       512.00
      52.511     0.998242         2447       568.89
      54.111     0.998437         2448       640.00
      54.111     0.998633         2448       731.43
      67.007     0.998828         2449       853.33
      67.007     0.999023         2449      1024.00
      67.007     0.999121         2449      1137.78
      93.887     0.999219         2450      1280.00
      93.887     0.999316         2450      1462.86
      93.887     0.999414         2450      1706.67
      93.887     0.999512         2450      2048.00
      93.887     0.999561         2450      2275.56
     233.727     0.999609         2451      2560.00
     233.727     1.000000         2451          inf
#[Mean    =       14.276, StdDeviation   =       12.974]
#[Max     =      233.600, Total count    =         2451]
#[Buckets =           27, SubBuckets     =         2048]
----------------------------------------------------------
  2978 requests in 1.00m, 2.91GB read
Requests/sec:     49.63
Transfer/sec:     49.63MB

--- metrics ---
requests=2978
duration_s=60.007095
bytes=3123091138
rps=49.63
p50_ms=10.215
p95_ms=34.431
p99_ms=44.863
p999_ms=67.007
err_connect=0
err_read=0
err_write=0
err_status=0
err_timeout=0
--- end ---
