Running 1m test @ http://127.0.0.1:8080/file1m
  2 threads and 50 connections
  Thread calibration: mean lat.: 4.763ms, rate sampling interval: 18ms
  Thread calibration: mean lat.: 22.162ms, rate sampling interval: 65ms
  Thread Stats   Avg      Stdev     Max   +/- Stdev
    Latency    13.45ms   11.62ms  55.58ms   75.80%
    Req/Sec    25.02     72.58   390.00     89.04%
  Latency Distribution (HdrHistogram - Recorded Latency)
 50.000%    8.35ms
 75.000%   24.01ms
 90.000%   30.88ms
 99.000%   43.55ms
 99.900%   48.61ms
 99.990%   55.62ms
 99.999%   55.62ms
100.000%   55.62ms

  Detailed Percentile spectrum:
       Value   Percentile   TotalCount 1/(1-Percentile)

       1.577     0.000000            1         1.00
       2.521     0.100000          245         1.11
       2.955     0.200000          490         1.25
       3.433     0.300000          736         1.43
       4.451     0.400000          980         1.67
       8.351     0.500000         1225         2.00
      10.935     0.550000         1348         2.22
      14.087     0.600000         1470         2.50
      17.487     0.650000         1593         2.86
      21.071     0.700000         1715         3.33
      24.015     0.750000         1838         4.00
      25.423     0.775000         1899         4.44
      26.735     0.800000         1960         5.00
      27.919     0.825000         2023         5.71
      28.863     0.850000         2083         6.67
      29.807     0.875000         2144         8.00
      30.335     0.887500         2175         8.89
      30.879     0.900000         2206        10.00
      31.359     0.912500         2237        11.43
      31.887     0.925000         2268        13.33
      32.383     0.937500         2297        16.00
      32.607     0.943750         2314        17.78
      32.927     0.950000         2328        20.00
      33.407     0.956250         2347        22.86
      33.631     0.962500         2360        26.67
      34.335     0.968750         2374        32.00
      34.751     0.971875         2383        35.56
      35.039     0.975000         2389        40.00
      35.743     0.978125         2400        45.71
      36.063     0.981250         2405        53.33
      42.495     0.984375         2412        64.00
      43.167     0.985938         2417        71.11
      43.231     0.987500         2421        80.00
      43.359     0.989062         2424        91.43
      43.647     0.990625         2429       106.67
      43.711     0.992188         2431       128.00
      43.935     0.992969         2433       142.22
      44.351     0.993750         2435       160.00
      44.415     0.994531         2437       182.86
      44.703     0.995313         2439       213.33
      45.119     0.996094         2441       256.00
      45.151     0.996484         2442       284.44
      45.183     0.996875         2443       320.00
      45.311     0.997266         2444       365.71
      45.375     0.997656         2445       426.67
      45.407     0.998047         2446       512.00
      45.407     0.998242         2446       568.89
      47.167     0.998437         2447       640.00
      47.167     0.998633         2447       731.43
      48.607     0.998828         2448       853.33
      48.607     0.999023         2448      1024.00
      48.607     0.999121         2448      1137.78
      48.639     0.999219         2449      1280.00
      48.639     0.999316         2449      1462.86
      48.639     0.999414         2449      1706.67
      48.639     0.999512         2449      2048.00
      48.639     0.999561         2449      2275.56
      55.615     0.999609         2450      2560.00
      55.615     1.000000         2450          inf
#[Mean    =       13.446, StdDeviation   =       11.618]
#[Max     =       55.584, Total count    =         2450]
#[Buckets =           27, SubBuckets     =         2048]
----------------------------------------------------------
  2979 requests in 1.00m, 2.91GB read
Requests/sec:     49.64
Transfer/sec:     49.65MB

--- metrics ---
requests=2979
duration_s=60.008875
bytes=3124139859
rps=49.64
p50_ms=8.351
p95_ms=32.927
p99_ms=43.551
p999_ms=48.607
err_connect=0
err_read=0
err_write=0
err_status=0
err_timeout=0
--- end ---
