Running 1m test @ http://127.0.0.1:8083/file1m
  2 threads and 50 connections
  Thread calibration: mean lat.: 2.818ms, rate sampling interval: 10ms
  Thread calibration: mean lat.: 2.731ms, rate sampling interval: 10ms
  Thread Stats   Avg      Stdev     Max   +/- Stdev
    Latency     2.80ms  581.26us   4.67ms   64.16%
    Req/Sec    25.83     69.12   333.00     87.30%
  Latency Distribution (HdrHistogram - Recorded Latency)
 50.000%    2.76ms
 75.000%    3.20ms
 90.000%    3.60ms
 99.000%    4.18ms
 99.900%    4.49ms
 99.990%    4.67ms
 99.999%    4.67ms
100.000%    4.67ms

  Detailed Percentile spectrum:
       Value   Percentile   TotalCount 1/(1-Percentile)

       1.168     0.000000            1         1.00
       2.069     0.100000          246         1.11
       2.253     0.200000          492         1.25
       2.457     0.300000          739         1.43
       2.603     0.400000          981         1.67
       2.755     0.500000         1230         2.00
       2.831     0.550000         1348         2.22
       2.911     0.600000         1472         2.50
       3.011     0.650000         1595         2.86
       3.113     0.700000         1720         3.33
       3.205     0.750000         1840         4.00
       3.265     0.775000         1899         4.44
       3.327     0.800000         1961         5.00
       3.397     0.825000         2024         5.71
       3.455     0.850000         2083         6.67
       3.529     0.875000         2146         8.00
       3.555     0.887500         2176         8.89
       3.599     0.900000         2205        10.00
       3.655     0.912500         2237        11.43
       3.703     0.925000         2267        13.33
       3.751     0.937500         2297        16.00
       3.787     0.943750         2313        17.78
       3.823     0.950000         2328        20.00
       3.853     0.956250         2343        22.86
       3.895     0.962500         2359        26.67
       3.935     0.968750         2374        32.00
       3.953     0.971875         2382        35.56
       3.977     0.975000         2390        40.00
       4.005     0.978125         2397        45.71
       4.059     0.981250         2405        53.33
       4.077     0.984375         2412        64.00
       4.111     0.985938         2416        71.11
       4.159     0.987500         2421        80.00
       4.175     0.989062         2424        91.43
       4.199     0.990625         2429       106.67
       4.207     0.992188         2431       128.00
       4.235     0.992969         2433       142.22
       4.259     0.993750         2435       160.00
       4.267     0.994531         2437       182.86
       4.279     0.995313         2439       213.33
       4.283     0.996094         2441       256.00
       4.319     0.996484         2443       284.44
       4.319     0.996875         2443       320.00
       4.343     0.997266         2444       365.71
       4.379     0.997656         2445       426.67
       4.391     0.998047         2446       512.00
       4.391     0.998242         2446       568.89
       4.455     0.998437         2447       640.00
       4.455     0.998633         2447       731.43
       4.495     0.998828         2448       853.33
       4.495     0.999023         2448      1024.00
       4.495     0.999121         2448      1137.78
       4.583     0.999219         2449      1280.00
       4.583     0.999316         2449      1462.86
       4.583     0.999414         2449      1706.67
       4.583     0.999512         2449      2048.00
       4.583     0.999561         2449      2275.56
       4.671     0.999609         2450      2560.00
       4.671     1.000000         2450          inf
#[Mean    =        2.801, StdDeviation   =        0.581]
#[Max     =        4.668, Total count    =         2450]
#[Buckets =           27, SubBuckets     =         2048]
----------------------------------------------------------
  3002 requests in 1.00m, 2.93GB read
Requests/sec:     50.03
Transfer/sec:     50.04MB

--- metrics ---
requests=3002
duration_s=60.003633
bytes=3148632690
rps=50.03
p50_ms=2.755
p95_ms=3.823
p99_ms=4.183
p999_ms=4.495
err_connect=0
err_read=0
err_write=0
err_status=0
err_timeout=0
--- end ---
