Running 1m test @ http://127.0.0.1:8080/file1m
  2 threads and 50 connections
  Thread calibration: mean lat.: 4.883ms, rate sampling interval: 10ms
  Thread calibration: mean lat.: 4.769ms, rate sampling interval: 10ms
  Thread Stats   Avg      Stdev     Max   +/- Stdev
    Latency     4.74ms    7.43ms  45.95ms   96.61%
    Req/Sec    26.01     70.02   444.00     86.81%
  Latency Distribution (HdrHistogram - Recorded Latency)
 50.000%    3.29ms
 75.000%    3.77ms
 90.000%    4.66ms
 99.000%   44.51ms
 99.900%   45.85ms
 99.990%   45.98ms
 99.999%   45.98ms
100.000%   45.98ms

  Detailed Percentile spectrum:
       Value   Percentile   TotalCount 1/(1-Percentile)

       1.585     0.000000            1         1.00
       2.513     0.100000          247         1.11
       2.769     0.200000          491         1.25
       2.955     0.300000          738         1.43
       3.135     0.400000          982         1.67
       3.293     0.500000         1226         2.00
       3.385     0.550000         1350         2.22
       3.461     0.600000         1473         2.50
       3.547     0.650000         1594         2.86
       3.651     0.700000         1716         3.33
       3.767     0.750000         1839         4.00
       3.833     0.775000         1900         4.44
       3.921     0.800000         1961         5.00
       4.025     0.825000         2023         5.71
       4.147     0.850000         2084         6.67
       4.335     0.875000         2145         8.00
       4.487     0.887500         2176         8.89
       4.655     0.900000         2206        10.00
       4.883     0.912500         2237        11.43
       5.019     0.925000         2269        13.33
       5.251     0.937500         2298        16.00
       5.363     0.943750         2315        17.78
       5.519     0.950000         2330        20.00
       5.651     0.956250         2344        22.86
       6.055     0.962500         2361        26.67
      43.103     0.968750         2375        32.00
      43.455     0.971875         2385        35.56
      43.711     0.975000         2390        40.00
      43.903     0.978125         2398        45.71
      43.999     0.981250         2406        53.33
      44.319     0.984375         2413        64.00
      44.415     0.985938         2418        71.11
      44.447     0.987500         2421        80.00
      44.511     0.989062         2427        91.43
      44.575     0.990625         2429       106.67
      44.927     0.992188         2432       128.00
      44.991     0.992969         2434       142.22
      45.087     0.993750         2436       160.00
      45.151     0.994531         2439       182.86
      45.407     0.995313         2441       213.33
      45.471     0.996094         2443       256.00
      45.471     0.996484         2443       284.44
      45.503     0.996875         2444       320.00
      45.535     0.997266         2445       365.71
      45.599     0.997656         2446       426.67
      45.759     0.998047         2447       512.00
      45.759     0.998242         2447       568.89
      45.791     0.998437         2448       640.00
      45.791     0.998633         2448       731.43
      45.855     0.998828         2449       853.33
      45.855     0.999023         2449      1024.00
      45.855     0.999121         2449      1137.78
      45.951     0.999219         2450      1280.00
      45.951     0.999316         2450      1462.86
      45.951     0.999414         2450      1706.67
      45.951     0.999512         2450      2048.00
      45.951     0.999561         2450      2275.56
      45.983     0.999609         2451      2560.00
      45.983     1.000000         2451          inf
#[Mean    =        4.738, StdDeviation   =        7.432]
#[Max     =       45.952, Total count    =         2451]
#[Buckets =           27, SubBuckets     =         2048]
----------------------------------------------------------
  3002 requests in 1.00m, 2.93GB read
Requests/sec:     50.03
Transfer/sec:     50.04MB

--- metrics ---
requests=3002
duration_s=60.004089
bytes=3148260442
rps=50.03
p50_ms=3.293
p95_ms=5.507
p99_ms=44.511
p999_ms=45.855
err_connect=0
err_read=0
err_write=0
err_status=0
err_timeout=0
--- end ---
