Running 1m test @ http://127.0.0.1:8082/file50k
  2 threads and 100 connections
  Thread calibration: mean lat.: 247.726ms, rate sampling interval: 669ms
  Thread calibration: mean lat.: 238.876ms, rate sampling interval: 707ms
  Thread Stats   Avg      Stdev     Max   +/- Stdev
    Latency   246.29ms  105.85ms 367.10ms   72.03%
    Req/Sec   150.09     10.07   185.00     87.50%
  Latency Distribution (HdrHistogram - Recorded Latency)
 50.000%  278.78ms
 75.000%  342.02ms
 90.000%  350.98ms
 99.000%  358.14ms
 99.900%  361.21ms
 99.990%  366.33ms
 99.999%  367.36ms
100.000%  367.36ms

  Detailed Percentile spectrum:
       Value   Percentile   TotalCount 1/(1-Percentile)

       1.194     0.000000            1         1.00
      71.935     0.100000         1493         1.11
      90.879     0.200000         2980         1.25
     194.175     0.300000         4471         1.43
     236.543     0.400000         5962         1.67
     278.783     0.500000         7452         2.00
     300.031     0.550000         8207         2.22
     321.023     0.600000         8956         2.50
     335.615     0.650000         9715         2.86
     338.943     0.700000        10504         3.33
     342.015     0.750000        11203         4.00
     343.295     0.775000        11554         4.44
     345.087     0.800000        11954         5.00
     346.367     0.825000        12293         5.71
     347.647     0.850000        12679         6.67
     349.695     0.875000        13078         8.00
     350.463     0.887500        13291         8.89
     350.975     0.900000        13425        10.00
     351.743     0.912500        13600        11.43
     352.767     0.925000        13830        13.33
     353.535     0.937500        13989        16.00
     354.047     0.943750        14100        17.78
     354.303     0.950000        14167        20.00
     354.815     0.956250        14279        22.86
     355.071     0.962500        14357        26.67
     355.583     0.968750        14461        32.00
     355.839     0.971875        14521        35.56
     356.095     0.975000        14555        40.00
     356.351     0.978125        14590        45.71
     356.607     0.981250        14621        53.33
     357.119     0.984375        14670        64.00
     357.375     0.985938        14697        71.11
     357.631     0.987500        14719        80.00
     358.143     0.989062        14758        91.43
     358.399     0.990625        14779       106.67
     358.655     0.992188        14798       128.00
     358.655     0.992969        14798       142.22
     358.911     0.993750        14816       160.00
     359.167     0.994531        14837       182.86
     359.167     0.995313        14837       213.33
     359.423     0.996094        14849       256.00
     359.423     0.996484        14849       284.44
     359.679     0.996875        14858       320.00
     359.935     0.997266        14873       365.71
     359.935     0.997656        14873       426.67
     359.935     0.998047        14873       512.00
     360.191     0.998242        14877       568.89
     360.191     0.998437        14877       640.00
     360.447     0.998633        14880       731.43
     360.703     0.998828        14883       853.33
     361.215     0.999023        14887      1024.00
     361.215     0.999121        14887      1137.78
     361.727     0.999219        14889      1280.00
     362.239     0.999316        14892      1462.86
     362.239     0.999414        14892      1706.67
     362.751     0.999512        14893      2048.00
     363.007     0.999561        14895      2275.56
     363.007     0.999609        14895      2560.00
     363.007     0.999658        14895      2925.71
     363.263     0.999707        14896      3413.33
     364.287     0.999756        14897      4096.00
     364.287     0.999780        14897      4551.11
     365.311     0.999805        14898      5120.00
     365.311     0.999829        14898      5851.43
     365.311     0.999854        14898      6826.67
     366.335     0.999878        14899      8192.00
     366.335     0.999890        14899      9102.22
     366.335     0.999902        14899     10240.00
     366.335     0.999915        14899     11702.86
     366.335     0.999927        14899     13653.33
     367.359     0.999939        14900     16384.00
     367.359     1.000000        14900          inf
#[Mean    =      246.291, StdDeviation   =      105.851]
#[Max     =      367.104, Total count    =        14900]
#[Buckets =           27, SubBuckets     =         2048]
----------------------------------------------------------
  17772 requests in 1.00m, 0.85GB read
Requests/sec:    296.18
Transfer/sec:     14.51MB

--- metrics ---
requests=17772
duration_s=60.004159
bytes=912698832
rps=296.18
p50_ms=278.783
p95_ms=354.303
p99_ms=358.143
p999_ms=361.215
err_connect=0
err_read=0
err_write=0
err_status=0
err_timeout=0
--- end ---
