Running 1m test @ http://127.0.0.1:8084/file1m
  2 threads and 50 connections
  Thread calibration: mean lat.: 2.802ms, rate sampling interval: 10ms
  Thread calibration: mean lat.: 2.738ms, rate sampling interval: 10ms
  Thread Stats   Avg      Stdev     Max   +/- Stdev
    Latency     2.76ms  587.85us   5.43ms   69.06%
    Req/Sec    25.89     69.50   333.00     87.31%
  Latency Distribution (HdrHistogram - Recorded Latency)
 50.000%    2.72ms
 75.000%    3.13ms
 90.000%    3.53ms
 99.000%    4.36ms
 99.900%    5.05ms
 99.990%    5.43ms
 99.999%    5.43ms
100.000%    5.43ms

  Detailed Percentile spectrum:
       Value   Percentile   TotalCount 1/(1-Percentile)

       1.124     0.000000            1         1.00
       2.042     0.100000          245         1.11
       2.269     0.200000          490         1.25
       2.423     0.300000          736         1.43
       2.575     0.400000          982         1.67
       2.719     0.500000         1227         2.00
       2.795     0.550000         1349         2.22
       2.879     0.600000         1472         2.50
       2.953     0.650000         1594         2.86
       3.037     0.700000         1716         3.33
       3.127     0.750000         1838         4.00
       3.173     0.775000         1900         4.44
       3.233     0.800000         1960         5.00
       3.297     0.825000         2023         5.71
       3.361     0.850000         2083         6.67
       3.445     0.875000         2145         8.00
       3.489     0.887500         2177         8.89
       3.525     0.900000         2205        10.00
       3.593     0.912500         2237        11.43
       3.651     0.925000         2268        13.33
       3.699     0.937500         2297        16.00
       3.743     0.943750         2313        17.78
       3.785     0.950000         2329        20.00
       3.855     0.956250         2344        22.86
       3.921     0.962500         2359        26.67
       3.987     0.968750         2374        32.00
       4.027     0.971875         2382        35.56
       4.073     0.975000         2389        40.00
       4.111     0.978125         2397        45.71
       4.175     0.981250         2405        53.33
       4.223     0.984375         2412        64.00
       4.267     0.985938         2416        71.11
       4.331     0.987500         2421        80.00
       4.343     0.989062         2424        91.43
       4.367     0.990625         2428       106.67
       4.415     0.992188         2431       128.00
       4.435     0.992969         2433       142.22
       4.447     0.993750         2435       160.00
       4.479     0.994531         2437       182.86
       4.523     0.995313         2440       213.33
       4.531     0.996094         2441       256.00
       4.547     0.996484         2442       284.44
       4.619     0.996875         2443       320.00
       4.635     0.997266         2444       365.71
       4.663     0.997656         2445       426.67
       4.739     0.998047         2446       512.00
       4.739     0.998242         2446       568.89
       4.791     0.998437         2447       640.00
       4.791     0.998633         2447       731.43
       5.047     0.998828         2448       853.33
       5.047     0.999023         2448      1024.00
       5.047     0.999121         2448      1137.78
       5.051     0.999219         2449      1280.00
       5.051     0.999316         2449      1462.86
       5.051     0.999414         2449      1706.67
       5.051     0.999512         2449      2048.00
       5.051     0.999561         2449      2275.56
       5.431     0.999609         2450      2560.00
       5.431     1.000000         2450          inf
#[Mean    =        2.765, StdDeviation   =        0.588]
#[Max     =        5.428, Total count    =         2450]
#[Buckets =           27, SubBuckets     =         2048]
----------------------------------------------------------
  3002 requests in 1.00m, 2.93GB read
Requests/sec:     50.03
Transfer/sec:     50.04MB

--- metrics ---
requests=3002
duration_s=60.004550
bytes=3148242430
rps=50.03
p50_ms=2.719
p95_ms=3.785
p99_ms=4.363
p999_ms=5.047
err_connect=0
err_read=0
err_write=0
err_status=0
err_timeout=0
--- end ---
