Running 1m test @ http://127.0.0.1:8081/file50k
  2 threads and 100 connections
  Thread calibration: mean lat.: 1.471ms, rate sampling interval: 10ms
  Thread calibration: mean lat.: 2.458ms, rate sampling interval: 10ms
  Thread Stats   Avg      Stdev     Max   +/- Stdev
    Latency     1.88ms  828.43us   6.54ms   72.19%
    Req/Sec   158.63    562.85     5.55k    97.78%
  Latency Distribution (HdrHistogram - Recorded Latency)
 50.000%    1.68ms
 75.000%    2.26ms
 90.000%    3.12ms
 99.000%    4.38ms
 99.900%    5.14ms
 99.990%    6.36ms
 99.999%    6.54ms
100.000%    6.54ms

  Detailed Percentile spectrum:
       Value   Percentile   TotalCount 1/(1-Percentile)

       0.391     0.000000            1         1.00
       0.997     0.100000         1494         1.11
       1.207     0.200000         2982         1.25
       1.372     0.300000         4473         1.43
       1.526     0.400000         5960         1.67
       1.683     0.500000         7453         2.00
       1.758     0.550000         8201         2.22
       1.850     0.600000         8951         2.50
       1.955     0.650000         9688         2.86
       2.097     0.700000        10437         3.33
       2.259     0.750000        11179         4.00
       2.367     0.775000        11550         4.44
       2.473     0.800000        11920         5.00
       2.605     0.825000        12295         5.71
       2.755     0.850000        12665         6.67
       2.925     0.875000        13039         8.00
       3.021     0.887500        13224         8.89
       3.125     0.900000        13413        10.00
       3.221     0.912500        13598        11.43
       3.327     0.925000        13784        13.33
       3.453     0.937500        13971        16.00
       3.505     0.943750        14062        17.78
       3.579     0.950000        14156        20.00
       3.653     0.956250        14250        22.86
       3.733     0.962500        14342        26.67
       3.839     0.968750        14438        32.00
       3.889     0.971875        14484        35.56
       3.943     0.975000        14529        40.00
       4.011     0.978125        14575        45.71
       4.087     0.981250        14621        53.33
       4.171     0.984375        14669        64.00
       4.211     0.985938        14691        71.11
       4.271     0.987500        14715        80.00
       4.339     0.989062        14738        91.43
       4.407     0.990625        14762       106.67
       4.475     0.992188        14784       128.00
       4.523     0.992969        14796       142.22
       4.583     0.993750        14808       160.00
       4.643     0.994531        14821       182.86
       4.699     0.995313        14833       213.33
       4.727     0.996094        14842       256.00
       4.775     0.996484        14848       284.44
       4.803     0.996875        14854       320.00
       4.863     0.997266        14860       365.71
       4.915     0.997656        14866       426.67
       4.971     0.998047        14871       512.00
       5.019     0.998242        14875       568.89
       5.043     0.998437        14878       640.00
       5.063     0.998633        14880       731.43
       5.107     0.998828        14883       853.33
       5.151     0.999023        14886      1024.00
       5.223     0.999121        14887      1137.78
       5.315     0.999219        14889      1280.00
       5.343     0.999316        14890      1462.86
       5.379     0.999414        14892      1706.67
       5.391     0.999512        14893      2048.00
       5.403     0.999561        14894      2275.56
       5.451     0.999609        14895      2560.00
       5.451     0.999658        14895      2925.71
       5.499     0.999707        14896      3413.33
       5.603     0.999756        14897      4096.00
       5.603     0.999780        14897      4551.11
       6.043     0.999805        14898      5120.00
       6.043     0.999829        14898      5851.43
       6.043     0.999854        14898      6826.67
       6.359     0.999878        14899      8192.00
       6.359     0.999890        14899      9102.22
       6.359     0.999902        14899     10240.00
       6.359     0.999915        14899     11702.86
       6.359     0.999927        14899     13653.33
       6.539     0.999939        14900     16384.00
       6.539     1.000000        14900          inf
#[Mean    =        1.876, StdDeviation   =        0.828]
#[Max     =        6.536, Total count    =        14900]
#[Buckets =           27, SubBuckets     =         2048]
----------------------------------------------------------
  17852 requests in 1.00m, 0.85GB read
Requests/sec:    297.52
Transfer/sec:     14.57MB

--- metrics ---
requests=17852
duration_s=60.002611
bytes=916825164
rps=297.52
p50_ms=1.683
p95_ms=3.579
p99_ms=4.379
p999_ms=5.135
err_connect=0
err_read=0
err_write=0
err_status=0
err_timeout=0
--- end ---
