Running 1m test @ http://127.0.0.1:8082/file1m
  2 threads and 50 connections
  Thread calibration: mean lat.: 79.987ms, rate sampling interval: 199ms
  Thread calibration: mean lat.: 926.017ms, rate sampling interval: 1992ms
  Thread Stats   Avg      Stdev     Max   +/- Stdev
    Latency   501.28ms  446.82ms   1.00s    59.22%
    Req/Sec    24.53     44.38   126.00     82.55%
  Latency Distribution (HdrHistogram - Recorded Latency)
 50.000%   97.15ms
 75.000%  964.09ms
 90.000%  988.16ms
 99.000%    1.00s 
 99.900%    1.00s 
 99.990%    1.00s 
 99.999%    1.00s 
100.000%    1.00s 

  Detailed Percentile spectrum:
       Value   Percentile   TotalCount 1/(1-Percentile)

       3.695     0.000000            1         1.00
      58.847     0.100000          246         1.11
      68.351     0.200000          490         1.25
      77.823     0.300000          735         1.43
      87.103     0.400000          980         1.67
      97.151     0.500000         1225         2.00
     933.375     0.550000         1356         2.22
     942.079     0.600000         1484         2.50
     949.247     0.650000         1601         2.86
     956.927     0.700000         1718         3.33
     964.095     0.750000         1842         4.00
     968.703     0.775000         1903         4.44
     973.311     0.800000         1972         5.00
     976.383     0.825000         2040         5.71
     979.967     0.850000         2090         6.67
     983.039     0.875000         2144         8.00
     986.111     0.887500         2181         8.89
     988.159     0.900000         2209        10.00
     989.183     0.912500         2243        11.43
     992.255     0.925000         2277        13.33
     993.791     0.937500         2302        16.00
     994.815     0.943750         2329        17.78
     994.815     0.950000         2329        20.00
     995.327     0.956250         2343        22.86
     997.887     0.962500         2360        26.67
     998.399     0.968750         2382        32.00
     998.399     0.971875         2382        35.56
     998.911     0.975000         2393        40.00
     999.423     0.978125         2399        45.71
    1000.447     0.981250         2416        53.33
    1000.447     0.984375         2416        64.00
    1000.447     0.985938         2416        71.11
    1000.959     0.987500         2436        80.00
    1000.959     0.989062         2436        91.43
    1000.959     0.990625         2436       106.67
    1000.959     0.992188         2436       128.00
    1000.959     0.992969         2436       142.22
    1000.959     0.993750         2436       160.00
    1001.471     0.994531         2445       182.86
    1001.471     0.995313         2445       213.33
    1001.471     0.996094         2445       256.00
    1001.471     0.996484         2445       284.44
    1001.471     0.996875         2445       320.00
    1001.471     0.997266         2445       365.71
    1001.471     0.997656         2445       426.67
    1001.983     0.998047         2448       512.00
    1001.983     0.998242         2448       568.89
    1001.983     0.998437         2448       640.00
    1001.983     0.998633         2448       731.43
    1001.983     0.998828         2448       853.33
    1001.983     0.999023         2448      1024.00
    1001.983     0.999121         2448      1137.78
    1002.495     0.999219         2450      1280.00
    1002.495     1.000000         2450          inf
#[Mean    =      501.278, StdDeviation   =      446.823]
#[Max     =     1001.984, Total count    =         2450]
#[Buckets =           27, SubBuckets     =         2048]
----------------------------------------------------------
  2953 requests in 1.00m, 2.88GB read
Requests/sec:     49.18
Transfer/sec:     49.18MB

--- metrics ---
requests=2953
duration_s=60.049652
bytes=3096911502
rps=49.18
p50_ms=97.151
p95_ms=994.815
p99_ms=1000.959
p999_ms=1001.983
err_connect=0
err_read=0
err_write=0
err_status=0
err_timeout=0
--- end ---
