Running 1m test @ http://127.0.0.1:8083/file50k
  2 threads and 100 connections
  Thread calibration: mean lat.: 1.222ms, rate sampling interval: 10ms
  Thread calibration: mean lat.: 1.246ms, rate sampling interval: 10ms
  Thread Stats   Avg      Stdev     Max   +/- Stdev
    Latency     1.26ms  401.99us   2.69ms   66.50%
    Req/Sec   158.08     95.29   333.00     70.01%
  Latency Distribution (HdrHistogram - Recorded Latency)
 50.000%    1.25ms
 75.000%    1.53ms
 90.000%    1.79ms
 99.000%    2.27ms
 99.900%    2.55ms
 99.990%    2.66ms
 99.999%    2.69ms
100.000%    2.69ms

  Detailed Percentile spectrum:
       Value   Percentile   TotalCount 1/(1-Percentile)

       0.266     0.000000            1         1.00
       0.740     0.100000         1494         1.11
       0.892     0.200000         2984         1.25
       1.022     0.300000         4475         1.43
       1.142     0.400000         5968         1.67
       1.250     0.500000         7450         2.00
       1.306     0.550000         8203         2.22
       1.357     0.600000         8944         2.50
       1.412     0.650000         9694         2.86
       1.468     0.700000        10432         3.33
       1.527     0.750000        11175         4.00
       1.561     0.775000        11559         4.44
       1.598     0.800000        11932         5.00
       1.638     0.825000        12299         5.71
       1.682     0.850000        12669         6.67
       1.729     0.875000        13043         8.00
       1.759     0.887500        13226         8.89
       1.791     0.900000        13414        10.00
       1.827     0.912500        13599        11.43
       1.863     0.925000        13790        13.33
       1.909     0.937500        13970        16.00
       1.935     0.943750        14066        17.78
       1.962     0.950000        14156        20.00
       1.997     0.956250        14250        22.86
       2.033     0.962500        14343        26.67
       2.075     0.968750        14435        32.00
       2.099     0.971875        14485        35.56
       2.123     0.975000        14528        40.00
       2.151     0.978125        14578        45.71
       2.177     0.981250        14621        53.33
       2.209     0.984375        14668        64.00
       2.223     0.985938        14691        71.11
       2.241     0.987500        14715        80.00
       2.257     0.989062        14740        91.43
       2.283     0.990625        14762       106.67
       2.301     0.992188        14788       128.00
       2.311     0.992969        14796       142.22
       2.329     0.993750        14807       160.00
       2.339     0.994531        14819       182.86
       2.361     0.995313        14832       213.33
       2.383     0.996094        14842       256.00
       2.397     0.996484        14850       284.44
       2.405     0.996875        14855       320.00
       2.427     0.997266        14860       365.71
       2.447     0.997656        14866       426.67
       2.475     0.998047        14871       512.00
       2.489     0.998242        14874       568.89
       2.493     0.998437        14877       640.00
       2.511     0.998633        14880       731.43
       2.521     0.998828        14883       853.33
       2.545     0.999023        14886      1024.00
       2.549     0.999121        14889      1137.78
       2.549     0.999219        14889      1280.00
       2.553     0.999316        14890      1462.86
       2.571     0.999414        14892      1706.67
       2.573     0.999512        14893      2048.00
       2.579     0.999561        14894      2275.56
       2.607     0.999609        14896      2560.00
       2.607     0.999658        14896      2925.71
       2.607     0.999707        14896      3413.33
       2.637     0.999756        14897      4096.00
       2.637     0.999780        14897      4551.11
       2.647     0.999805        14898      5120.00
       2.647     0.999829        14898      5851.43
       2.647     0.999854        14898      6826.67
       2.665     0.999878        14899      8192.00
       2.665     0.999890        14899      9102.22
       2.665     0.999902        14899     10240.00
       2.665     0.999915        14899     11702.86
       2.665     0.999927        14899     13653.33
       2.693     0.999939        14900     16384.00
       2.693     1.000000        14900          inf
#[Mean    =        1.263, StdDeviation   =        0.402]
#[Max     =        2.692, Total count    =        14900]
#[Buckets =           27, SubBuckets     =         2048]
----------------------------------------------------------
  18002 requests in 1.00m, 0.86GB read
Requests/sec:    300.02
Transfer/sec:     14.73MB

--- metrics ---
requests=18002
duration_s=60.002508
bytes=926472930
rps=300.02
p50_ms=1.250
p95_ms=1.962
p99_ms=2.271
p999_ms=2.545
err_connect=0
err_read=0
err_write=0
err_status=0
err_timeout=0
--- end ---
