Running 1m test @ http://127.0.0.1:8083/file1m
  2 threads and 50 connections
  Thread calibration: mean lat.: 2.718ms, rate sampling interval: 10ms
  Thread calibration: mean lat.: 2.747ms, rate sampling interval: 10ms
  Thread Stats   Avg      Stdev     Max   +/- Stdev
    Latency     2.81ms  585.24us   4.62ms   64.98%
    Req/Sec    25.75     69.19   333.00     87.33%
  Latency Distribution (HdrHistogram - Recorded Latency)
 50.000%    2.76ms
 75.000%    3.21ms
 90.000%    3.60ms
 99.000%    4.34ms
 99.900%    4.56ms
 99.990%    4.63ms
 99.999%    4.63ms
100.000%    4.63ms

  Detailed Percentile spectrum:
       Value   Percentile   TotalCount 1/(1-Percentile)

       1.061     0.000000            1         1.00
       2.081     0.100000          245         1.11
       2.271     0.200000          491         1.25
       2.437     0.300000          735         1.43
       2.613     0.400000          981         1.67
       2.763     0.500000         1227         2.00
       2.835     0.550000         1349         2.22
       2.909     0.600000         1471         2.50
       2.985     0.650000         1594         2.86
       3.087     0.700000         1716         3.33
       3.211     0.750000         1839         4.00
       3.271     0.775000         1899         4.44
       3.331     0.800000         1960         5.00
       3.405     0.825000         2022         5.71
       3.471     0.850000         2083         6.67
       3.523     0.875000         2144         8.00
       3.563     0.887500         2176         8.89
       3.603     0.900000         2205        10.00
       3.649     0.912500         2237        11.43
       3.699     0.925000         2269        13.33
       3.745     0.937500         2297        16.00
       3.777     0.943750         2313        17.78
       3.807     0.950000         2328        20.00
       3.851     0.956250         2344        22.86
       3.905     0.962500         2359        26.67
       3.957     0.968750         2374        32.00
       3.985     0.971875         2382        35.56
       4.017     0.975000         2389        40.00
       4.071     0.978125         2397        45.71
       4.119     0.981250         2405        53.33
       4.151     0.984375         2412        64.00
       4.179     0.985938         2416        71.11
       4.263     0.987500         2420        80.00
       4.279     0.989062         2424        91.43
       4.351     0.990625         2430       106.67
       4.395     0.992188         2431       128.00
       4.407     0.992969         2433       142.22
       4.431     0.993750         2435       160.00
       4.443     0.994531         2437       182.86
       4.467     0.995313         2439       213.33
       4.475     0.996094         2441       256.00
       4.487     0.996484         2442       284.44
       4.495     0.996875         2443       320.00
       4.503     0.997266         2444       365.71
       4.507     0.997656         2445       426.67
       4.535     0.998047         2446       512.00
       4.535     0.998242         2446       568.89
       4.551     0.998437         2447       640.00
       4.551     0.998633         2447       731.43
       4.559     0.998828         2448       853.33
       4.559     0.999023         2448      1024.00
       4.559     0.999121         2448      1137.78
       4.567     0.999219         2449      1280.00
       4.567     0.999316         2449      1462.86
       4.567     0.999414         2449      1706.67
       4.567     0.999512         2449      2048.00
       4.567     0.999561         2449      2275.56
       4.627     0.999609         2450      2560.00
       4.627     1.000000         2450          inf
#[Mean    =        2.806, StdDeviation   =        0.585]
#[Max     =        4.624, Total count    =         2450]
#[Buckets =           27, SubBuckets     =         2048]
----------------------------------------------------------
  3002 requests in 1.00m, 2.93GB read
Requests/sec:     50.03
Transfer/sec:     50.04MB

--- metrics ---
requests=3002
duration_s=60.004189
bytes=3148632690
rps=50.03
p50_ms=2.763
p95_ms=3.807
p99_ms=4.339
p999_ms=4.559
err_connect=0
err_read=0
err_write=0
err_status=0
err_timeout=0
--- end ---
