Running 1m test @ http://127.0.0.1:8081/json
  2 threads and 100 connections
  Thread calibration: mean lat.: 1.619ms, rate sampling interval: 10ms
  Thread calibration: mean lat.: 2.224ms, rate sampling interval: 10ms
  Thread Stats   Avg      Stdev     Max   +/- Stdev
    Latency     1.67ms    0.94ms  25.38ms   79.19%
    Req/Sec     1.05k     1.34k    5.55k    89.70%
  Latency Distribution (HdrHistogram - Recorded Latency)
 50.000%    1.51ms
 75.000%    2.10ms
 90.000%    2.76ms
 99.000%    4.41ms
 99.900%    5.24ms
 99.990%   23.63ms
 99.999%   24.98ms
100.000%   25.39ms

  Detailed Percentile spectrum:
       Value   Percentile   TotalCount 1/(1-Percentile)

       0.155     0.000000            1         1.00
       0.748     0.100000         9993         1.11
       0.952     0.200000        19910         1.25
       1.128     0.300000        29862         1.43
       1.308     0.400000        39835         1.67
       1.506     0.500000        49781         2.00
       1.604     0.550000        54741         2.22
       1.711     0.600000        59703         2.50
       1.834     0.650000        64711         2.86
       1.963     0.700000        69673         3.33
       2.097     0.750000        74657         4.00
       2.169     0.775000        77128         4.44
       2.245     0.800000        79638         5.00
       2.331     0.825000        82097         5.71
       2.431     0.850000        84580         6.67
       2.561     0.875000        87087         8.00
       2.651     0.887500        88315         8.89
       2.763     0.900000        89567        10.00
       2.893     0.912500        90807        11.43
       3.041     0.925000        92041        13.33
       3.197     0.937500        93287        16.00
       3.281     0.943750        93906        17.78
       3.369     0.950000        94531        20.00
       3.457     0.956250        95153        22.86
       3.561     0.962500        95777        26.67
       3.687     0.968750        96395        32.00
       3.757     0.971875        96712        35.56
       3.833     0.975000        97014        40.00
       3.923     0.978125        97331        45.71
       4.015     0.981250        97637        53.33
       4.139     0.984375        97949        64.00
       4.215     0.985938        98102        71.11
       4.283     0.987500        98263        80.00
       4.359     0.989062        98412        91.43
       4.439     0.990625        98570       106.67
       4.543     0.992188        98730       128.00
       4.595     0.992969        98801       142.22
       4.659     0.993750        98881       160.00
       4.727     0.994531        98956       182.86
       4.787     0.995313        99034       213.33
       4.859     0.996094        99112       256.00
       4.891     0.996484        99156       284.44
       4.927     0.996875        99191       320.00
       4.971     0.997266        99229       365.71
       5.011     0.997656        99268       426.67
       5.071     0.998047        99307       512.00
       5.095     0.998242        99327       568.89
       5.119     0.998437        99346       640.00
       5.143     0.998633        99365       731.43
       5.183     0.998828        99384       853.33
       5.255     0.999023        99405      1024.00
       5.295     0.999121        99414      1137.78
       5.359     0.999219        99423      1280.00
       5.547     0.999316        99432      1462.86
      11.631     0.999414        99442      1706.67
      14.623     0.999512        99452      2048.00
      15.095     0.999561        99457      2275.56
      16.039     0.999609        99462      2560.00
      16.815     0.999658        99466      2925.71
      18.415     0.999707        99471      3413.33
      19.663     0.999756        99476      4096.00
      20.207     0.999780        99479      4551.11
      21.119     0.999805        99481      5120.00
      21.663     0.999829        99483      5851.43
      22.815     0.999854        99486      6826.67
      23.391     0.999878        99488      8192.00
      23.631     0.999890        99490      9102.22
      23.743     0.999902        99491     10240.00
      23.759     0.999915        99492     11702.86
      23.871     0.999927        99493     13653.33
      24.015     0.999939        99494     16384.00
      24.175     0.999945        99495     18204.44
      24.319     0.999951        99496     20480.00
      24.319     0.999957        99496     23405.71
      24.607     0.999963        99497     27306.67
      24.607     0.999969        99497     32768.00
      24.863     0.999973        99498     36408.89
      24.863     0.999976        99498     40960.00
      24.863     0.999979        99498     46811.43
      24.975     0.999982        99499     54613.33
      24.975     0.999985        99499     65536.00
      24.975     0.999986        99499     72817.78
      24.975     0.999988        99499     81920.00
      24.975     0.999989        99499     93622.86
      25.391     0.999991        99500    109226.67
      25.391     1.000000        99500          inf
#[Mean    =        1.669, StdDeviation   =        0.944]
#[Max     =       25.376, Total count    =        99500]
#[Buckets =           27, SubBuckets     =         2048]
----------------------------------------------------------
  118907 requests in 1.00m, 133.02MB read
Requests/sec:   1981.70
Transfer/sec:      2.22MB

--- metrics ---
requests=118907
duration_s=60.002514
bytes=139477911
rps=1981.70
p50_ms=1.506
p95_ms=3.369
p99_ms=4.407
p999_ms=5.239
err_connect=0
err_read=0
err_write=0
err_status=0
err_timeout=0
--- end ---
