Running 1m test @ http://127.0.0.1:8082/json
  2 threads and 100 connections
  Thread calibration: mean lat.: 394.041ms, rate sampling interval: 1354ms
  Thread calibration: mean lat.: 394.096ms, rate sampling interval: 1354ms
  Thread Stats   Avg      Stdev     Max   +/- Stdev
    Latency     2.37s   966.71ms   4.06s    58.82%
    Req/Sec     0.93k    13.51     0.96k    75.00%
  Latency Distribution (HdrHistogram - Recorded Latency)
 50.000%    2.41s 
 75.000%    3.18s 
 90.000%    3.69s 
 99.000%    4.03s 
 99.900%    4.05s 
 99.990%    4.06s 
 99.999%    4.06s 
100.000%    4.06s 

  Detailed Percentile spectrum:
       Value   Percentile   TotalCount 1/(1-Percentile)

     708.095     0.000000            1         1.00
     993.279     0.100000         9315         1.11
    1369.087     0.200000        18582         1.25
    1725.439     0.300000        27891         1.43
    2037.759     0.400000        37191         1.67
    2410.495     0.500000        46577         2.00
    2553.855     0.550000        51144         2.22
    2711.551     0.600000        55759         2.50
    2879.487     0.650000        60405         2.86
    2992.127     0.700000        65044         3.33
    3180.543     0.750000        69688         4.00
    3276.799     0.775000        72039         4.44
    3360.767     0.800000        74334         5.00
    3446.783     0.825000        76661         5.71
    3549.183     0.850000        78986         6.67
    3608.575     0.875000        81309         8.00
    3645.439     0.887500        82476         8.89
    3688.447     0.900000        83643        10.00
    3737.599     0.912500        84791        11.43
    3809.279     0.925000        85946        13.33
    3864.575     0.937500        87158        16.00
    3883.007     0.943750        87701        17.78
    3909.631     0.950000        88297        20.00
    3928.063     0.956250        88858        22.86
    3942.399     0.962500        89453        26.67
    3958.783     0.968750        90079        32.00
    3971.071     0.971875        90308        35.56
    3981.311     0.975000        90627        40.00
    3991.551     0.978125        90886        45.71
    4007.935     0.981250        91187        53.33
    4016.127     0.984375        91530        64.00
    4018.175     0.985938        91615        71.11
    4022.271     0.987500        91764        80.00
    4026.367     0.989062        91940        91.43
    4028.415     0.990625        92055       106.67
    4032.511     0.992188        92298       128.00
    4032.511     0.992969        92298       142.22
    4034.559     0.993750        92403       160.00
    4034.559     0.994531        92403       182.86
    4036.607     0.995313        92496       213.33
    4038.655     0.996094        92565       256.00
    4040.703     0.996484        92647       284.44
    4040.703     0.996875        92647       320.00
    4042.751     0.997266        92697       365.71
    4042.751     0.997656        92697       426.67
    4044.799     0.998047        92747       512.00
    4044.799     0.998242        92747       568.89
    4046.847     0.998437        92775       640.00
    4048.895     0.998633        92817       731.43
    4048.895     0.998828        92817       853.33
    4050.943     0.999023        92842      1024.00
    4050.943     0.999121        92842      1137.78
    4050.943     0.999219        92842      1280.00
    4052.991     0.999316        92862      1462.86
    4052.991     0.999414        92862      1706.67
    4055.039     0.999512        92880      2048.00
    4055.039     0.999561        92880      2275.56
    4055.039     0.999609        92880      2560.00
    4055.039     0.999658        92880      2925.71
    4057.087     0.999707        92894      3413.33
    4057.087     0.999756        92894      4096.00
    4057.087     0.999780        92894      4551.11
    4057.087     0.999805        92894      5120.00
    4057.087     0.999829        92894      5851.43
    4059.135     0.999854        92900      6826.67
    4059.135     0.999878        92900      8192.00
    4059.135     0.999890        92900      9102.22
    4059.135     0.999902        92900     10240.00
    4061.183     0.999915        92903     11702.86
    4061.183     0.999927        92903     13653.33
    4063.231     0.999939        92909     16384.00
    4063.231     1.000000        92909          inf
#[Mean    =     2373.060, StdDeviation   =      966.706]
#[Max     =     4061.184, Total count    =        92909]
#[Buckets =           27, SubBuckets     =         2048]
----------------------------------------------------------
  111706 requests in 1.00m, 124.75MB read
Requests/sec:   1861.75
Transfer/sec:      2.08MB

--- metrics ---
requests=111706
duration_s=60.000546
bytes=130807726
rps=1861.75
p50_ms=2410.495
p95_ms=3909.631
p99_ms=4028.415
p999_ms=4048.895
err_connect=0
err_read=0
err_write=0
err_status=0
err_timeout=0
--- end ---
