Running 1m test @ http://127.0.0.1:8082/json
  2 threads and 100 connections
  Thread calibration: mean lat.: 1994.443ms, rate sampling interval: 7512ms
  Thread calibration: mean lat.: 1995.299ms, rate sampling interval: 7507ms
  Thread Stats   Avg      Stdev     Max   +/- Stdev
    Latency    14.89s     6.03s   25.72s    57.57%
    Req/Sec   574.75     20.00   604.00     66.67%
  Latency Distribution (HdrHistogram - Recorded Latency)
 50.000%   14.79s 
 75.000%   20.27s 
 90.000%   23.20s 
 99.000%   25.51s 
 99.900%   25.72s 
 99.990%   25.74s 
 99.999%   25.74s 
100.000%   25.74s 

  Detailed Percentile spectrum:
       Value   Percentile   TotalCount 1/(1-Percentile)

    4276.223     0.000000            1         1.00
    6553.599     0.100000         5670         1.11
    8650.751     0.200000        11348         1.25
   10772.479     0.300000        16993         1.43
   12828.671     0.400000        22709         1.67
   14794.751     0.500000        28349         2.00
   15581.183     0.550000        31171         2.22
   16637.951     0.600000        33990         2.50
   17891.327     0.650000        36853         2.86
   18956.287     0.700000        39653         3.33
   20267.007     0.750000        42490         4.00
   20692.991     0.775000        43914         4.44
   21217.279     0.800000        45317         5.00
   21643.263     0.825000        46759         5.71
   22216.703     0.850000        48193         6.67
   22740.991     0.875000        49611         8.00
   22921.215     0.887500        50285         8.89
   23199.743     0.900000        51046        10.00
   23412.735     0.912500        51738        11.43
   23674.879     0.925000        52426        13.33
   24297.471     0.937500        53103        16.00
   24526.847     0.943750        53478        17.78
   24674.303     0.950000        53855        20.00
   24821.759     0.956250        54177        22.86
   24936.447     0.962500        54573        26.67
   25034.751     0.968750        54894        32.00
   25083.903     0.971875        55063        35.56
   25149.439     0.975000        55265        40.00
   25214.975     0.978125        55444        45.71
   25296.895     0.981250        55596        53.33
   25378.815     0.984375        55777        64.00
   25411.583     0.985938        55855        71.11
   25460.735     0.987500        55969        80.00
   25493.503     0.989062        56052        91.43
   25526.271     0.990625        56112       106.67
   25575.423     0.992188        56235       128.00
   25591.807     0.992969        56269       142.22
   25608.191     0.993750        56315       160.00
   25624.575     0.994531        56373       182.86
   25640.959     0.995313        56406       213.33
   25657.343     0.996094        56454       256.00
   25657.343     0.996484        56454       284.44
   25673.727     0.996875        56478       320.00
   25690.111     0.997266        56528       365.71
   25690.111     0.997656        56528       426.67
   25706.495     0.998047        56583       512.00
   25706.495     0.998242        56583       568.89
   25706.495     0.998437        56583       640.00
   25706.495     0.998633        56583       731.43
   25706.495     0.998828        56583       853.33
   25722.879     0.999023        56612      1024.00
   25722.879     0.999121        56612      1137.78
   25722.879     0.999219        56612      1280.00
   25722.879     0.999316        56612      1462.86
   25722.879     0.999414        56612      1706.67
   25739.263     0.999512        56642      2048.00
   25739.263     1.000000        56642          inf
#[Mean    =    14889.313, StdDeviation   =     6031.661]
#[Max     =    25722.880, Total count    =        56642]
#[Buckets =           27, SubBuckets     =         2048]
----------------------------------------------------------
  68332 requests in 1.00m, 76.31MB read
Requests/sec:   1138.86
Transfer/sec:      1.27MB

--- metrics ---
requests=68332
duration_s=60.000377
bytes=80016772
rps=1138.86
p50_ms=14794.751
p95_ms=24674.303
p99_ms=25509.887
p999_ms=25722.879
err_connect=0
err_read=0
err_write=0
err_status=0
err_timeout=0
--- end ---
