Running 30s test @ http://127.0.0.1:8080/json
  2 threads and 100 connections
  Thread calibration: mean lat.: 1.409ms, rate sampling interval: 10ms
  Thread calibration: mean lat.: 1.783ms, rate sampling interval: 10ms
  Thread Stats   Avg      Stdev     Max   +/- Stdev
    Latency     1.59ms  722.32us   7.39ms   73.50%
    Req/Sec     1.05k     1.29k    5.55k    89.14%
  Latency Distribution (HdrHistogram - Recorded Latency)
 50.000%    1.45ms
 75.000%    1.95ms
 90.000%    2.50ms
 99.000%    4.02ms
 99.900%    5.29ms
 99.990%    6.76ms
 99.999%    7.39ms
100.000%    7.39ms

  Detailed Percentile spectrum:
       Value   Percentile   TotalCount 1/(1-Percentile)

       0.199     0.000000            1         1.00
       0.814     0.100000         3957         1.11
       0.995     0.200000         7915         1.25
       1.149     0.300000        11860         1.43
       1.297     0.400000        15825         1.67
       1.453     0.500000        19765         2.00
       1.534     0.550000        21730         2.22
       1.627     0.600000        23717         2.50
       1.724     0.650000        25688         2.86
       1.827     0.700000        27657         3.33
       1.949     0.750000        29633         4.00
       2.017     0.775000        30616         4.44
       2.091     0.800000        31610         5.00
       2.179     0.825000        32600         5.71
       2.271     0.850000        33578         6.67
       2.381     0.875000        34584         8.00
       2.439     0.887500        35075         8.89
       2.499     0.900000        35552        10.00
       2.569     0.912500        36048        11.43
       2.649     0.925000        36541        13.33
       2.757     0.937500        37038        16.00
       2.825     0.943750        37279        17.78
       2.911     0.950000        37525        20.00
       2.999     0.956250        37773        22.86
       3.115     0.962500        38020        26.67
       3.243     0.968750        38266        32.00
       3.319     0.971875        38392        35.56
       3.403     0.975000        38513        40.00
       3.489     0.978125        38637        45.71
       3.587     0.981250        38760        53.33
       3.701     0.984375        38884        64.00
       3.781     0.985938        38946        71.11
       3.859     0.987500        39007        80.00
       3.965     0.989062        39069        91.43
       4.077     0.990625        39131       106.67
       4.207     0.992188        39193       128.00
       4.275     0.992969        39223       142.22
       4.363     0.993750        39257       160.00
       4.415     0.994531        39284       182.86
       4.495     0.995313        39315       213.33
       4.603     0.996094        39346       256.00
       4.659     0.996484        39364       284.44
       4.719     0.996875        39377       320.00
       4.775     0.997266        39392       365.71
       4.879     0.997656        39410       426.67
       4.971     0.998047        39423       512.00
       5.015     0.998242        39431       568.89
       5.055     0.998437        39439       640.00
       5.127     0.998633        39446       731.43
       5.215     0.998828        39454       853.33
       5.307     0.999023        39462      1024.00
       5.355     0.999121        39467      1137.78
       5.467     0.999219        39470      1280.00
       5.527     0.999316        39474      1462.86
       5.755     0.999414        39477      1706.67
       5.911     0.999512        39481      2048.00
       5.947     0.999561        39483      2275.56
       6.023     0.999609        39485      2560.00
       6.167     0.999658        39487      2925.71
       6.367     0.999707        39489      3413.33
       6.451     0.999756        39491      4096.00
       6.487     0.999780        39492      4551.11
       6.559     0.999805        39493      5120.00
       6.639     0.999829        39494      5851.43
       6.651     0.999854        39495      6826.67
       6.763     0.999878        39496      8192.00
       6.763     0.999890        39496      9102.22
       6.783     0.999902        39497     10240.00
       6.783     0.999915        39497     11702.86
       6.891     0.999927        39498     13653.33
       6.891     0.999939        39498     16384.00
       6.891     0.999945        39498     18204.44
       7.119     0.999951        39499     20480.00
       7.119     0.999957        39499     23405.71
       7.119     0.999963        39499     27306.67
       7.119     0.999969        39499     32768.00
       7.119     0.999973        39499     36408.89
       7.391     0.999976        39500     40960.00
       7.391     1.000000        39500          inf
#[Mean    =        1.587, StdDeviation   =        0.722]
#[Max     =        7.388, Total count    =        39500]
#[Buckets =           27, SubBuckets     =         2048]
----------------------------------------------------------
  58907 requests in 30.00s, 65.05MB read
Requests/sec:   1963.36
Transfer/sec:      2.17MB

--- metrics ---
requests=58907
duration_s=30.003103
bytes=68214306
rps=1963.36
p50_ms=1.453
p95_ms=2.911
p99_ms=4.019
p999_ms=5.291
err_connect=0
err_read=0
err_write=0
err_status=0
err_timeout=0
--- end ---
