Running 1m test @ http://127.0.0.1:8082/json
  2 threads and 100 connections
  Thread calibration: mean lat.: 289.250ms, rate sampling interval: 894ms
  Thread calibration: mean lat.: 289.808ms, rate sampling interval: 896ms
  Thread Stats   Avg      Stdev     Max   +/- Stdev
    Latency     1.72s   763.22ms   3.30s    58.07%
    Req/Sec     0.94k    39.19     1.01k    65.45%
  Latency Distribution (HdrHistogram - Recorded Latency)
 50.000%    1.84s 
 75.000%    2.27s 
 90.000%    2.79s 
 99.000%    3.24s 
 99.900%    3.29s 
 99.990%    3.30s 
 99.999%    3.30s 
100.000%    3.30s 

  Detailed Percentile spectrum:
       Value   Percentile   TotalCount 1/(1-Percentile)

     447.231     0.000000            1         1.00
     740.863     0.100000         9406         1.11
     915.455     0.200000        18793         1.25
    1040.895     0.300000        28183         1.43
    1454.079     0.400000        37578         1.67
    1836.031     0.500000        47002         2.00
    1894.399     0.550000        51807         2.22
    1969.151     0.600000        56401         2.50
    2117.631     0.650000        61072         2.86
    2201.599     0.700000        65848         3.33
    2265.087     0.750000        70758         4.00
    2324.479     0.775000        72804         4.44
    2394.111     0.800000        75160         5.00
    2523.135     0.825000        77500         5.71
    2586.623     0.850000        80096         6.67
    2633.727     0.875000        82192         8.00
    2729.983     0.887500        83391         8.89
    2785.279     0.900000        84567        10.00
    2846.719     0.912500        85723        11.43
    2879.487     0.925000        86971        13.33
    2916.351     0.937500        88103        16.00
    2942.975     0.943750        88652        17.78
    2994.175     0.950000        89266        20.00
    3020.799     0.956250        89855        22.86
    3055.615     0.962500        90421        26.67
    3100.671     0.968750        91012        32.00
    3115.007     0.971875        91337        35.56
    3129.343     0.975000        91598        40.00
    3151.871     0.978125        91880        45.71
    3178.495     0.981250        92186        53.33
    3196.927     0.984375        92465        64.00
    3207.167     0.985938        92633        71.11
    3219.455     0.987500        92777        80.00
    3235.839     0.989062        92907        91.43
    3250.175     0.990625        93060       106.67
    3264.511     0.992188        93204       128.00
    3268.607     0.992969        93272       142.22
    3276.799     0.993750        93389       160.00
    3278.847     0.994531        93427       182.86
    3282.943     0.995313        93564       213.33
    3284.991     0.996094        93673       256.00
    3284.991     0.996484        93673       284.44
    3284.991     0.996875        93673       320.00
    3287.039     0.997266        93785       365.71
    3287.039     0.997656        93785       426.67
    3287.039     0.998047        93785       512.00
    3287.039     0.998242        93785       568.89
    3289.087     0.998437        93849       640.00
    3289.087     0.998633        93849       731.43
    3289.087     0.998828        93849       853.33
    3289.087     0.999023        93849      1024.00
    3291.135     0.999121        93883      1137.78
    3291.135     0.999219        93883      1280.00
    3291.135     0.999316        93883      1462.86
    3291.135     0.999414        93883      1706.67
    3293.183     0.999512        93897      2048.00
    3293.183     0.999561        93897      2275.56
    3293.183     0.999609        93897      2560.00
    3295.231     0.999658        93913      2925.71
    3295.231     0.999707        93913      3413.33
    3295.231     0.999756        93913      4096.00
    3295.231     0.999780        93913      4551.11
    3297.279     0.999805        93921      5120.00
    3297.279     0.999829        93921      5851.43
    3297.279     0.999854        93921      6826.67
    3297.279     0.999878        93921      8192.00
    3299.327     0.999890        93931      9102.22
    3299.327     0.999902        93931     10240.00
    3299.327     0.999915        93931     11702.86
    3299.327     0.999927        93931     13653.33
    3299.327     0.999939        93931     16384.00
    3299.327     0.999945        93931     18204.44
    3299.327     0.999951        93931     20480.00
    3299.327     0.999957        93931     23405.71
    3299.327     0.999963        93931     27306.67
    3299.327     0.999969        93931     32768.00
    3299.327     0.999973        93931     36408.89
    3299.327     0.999976        93931     40960.00
    3299.327     0.999979        93931     46811.43
    3299.327     0.999982        93931     54613.33
    3299.327     0.999985        93931     65536.00
    3299.327     0.999986        93931     72817.78
    3299.327     0.999988        93931     81920.00
    3299.327     0.999989        93931     93622.86
    3301.375     0.999991        93932    109226.67
    3301.375     1.000000        93932          inf
#[Mean    =     1715.849, StdDeviation   =      763.221]
#[Max     =     3299.328, Total count    =        93932]
#[Buckets =           27, SubBuckets     =         2048]
----------------------------------------------------------
  113230 requests in 1.00m, 126.45MB read
Requests/sec:   1887.17
Transfer/sec:      2.11MB

--- metrics ---
requests=113230
duration_s=59.999955
bytes=132592330
rps=1887.17
p50_ms=1836.031
p95_ms=2994.175
p99_ms=3244.031
p999_ms=3289.087
err_connect=0
err_read=0
err_write=0
err_status=0
err_timeout=0
--- end ---
