Running 1m test @ http://127.0.0.1:8083/json
  2 threads and 100 connections
  Thread calibration: mean lat.: 1.262ms, rate sampling interval: 10ms
  Thread calibration: mean lat.: 1.843ms, rate sampling interval: 10ms
  Thread Stats   Avg      Stdev     Max   +/- Stdev
    Latency     1.53ms  744.12us  10.05ms   68.98%
    Req/Sec     1.06k     1.33k    5.55k    89.56%
  Latency Distribution (HdrHistogram - Recorded Latency)
 50.000%    1.41ms
 75.000%    1.98ms
 90.000%    2.48ms
 99.000%    3.71ms
 99.900%    4.30ms
 99.990%    5.45ms
 99.999%    9.35ms
100.000%   10.06ms

  Detailed Percentile spectrum:
       Value   Percentile   TotalCount 1/(1-Percentile)

       0.152     0.000000            1         1.00
       0.674     0.100000         9980         1.11
       0.862     0.200000        19947         1.25
       1.039     0.300000        29850         1.43
       1.220     0.400000        39815         1.67
       1.415     0.500000        49768         2.00
       1.517     0.550000        54761         2.22
       1.623     0.600000        59726         2.50
       1.733     0.650000        64705         2.86
       1.847     0.700000        69677         3.33
       1.975     0.750000        74628         4.00
       2.047     0.775000        77123         4.44
       2.129     0.800000        79651         5.00
       2.209     0.825000        82095         5.71
       2.287     0.850000        84602         6.67
       2.379     0.875000        87112         8.00
       2.427     0.887500        88318         8.89
       2.481     0.900000        89554        10.00
       2.551     0.912500        90802        11.43
       2.655     0.925000        92042        13.33
       2.791     0.937500        93287        16.00
       2.871     0.943750        93921        17.78
       2.947     0.950000        94527        20.00
       3.031     0.956250        95159        22.86
       3.125     0.962500        95777        26.67
       3.231     0.968750        96408        32.00
       3.285     0.971875        96704        35.56
       3.339     0.975000        97016        40.00
       3.403     0.978125        97330        45.71
       3.467     0.981250        97642        53.33
       3.533     0.984375        97947        64.00
       3.571     0.985938        98102        71.11
       3.623     0.987500        98260        80.00
       3.679     0.989062        98416        91.43
       3.743     0.990625        98573       106.67
       3.807     0.992188        98723       128.00
       3.843     0.992969        98801       142.22
       3.889     0.993750        98886       160.00
       3.931     0.994531        98956       182.86
       3.987     0.995313        99035       213.33
       4.039     0.996094        99112       256.00
       4.067     0.996484        99154       284.44
       4.089     0.996875        99192       320.00
       4.107     0.997266        99228       365.71
       4.139     0.997656        99274       426.67
       4.179     0.998047        99306       512.00
       4.199     0.998242        99329       568.89
       4.219     0.998437        99345       640.00
       4.239     0.998633        99364       731.43
       4.267     0.998828        99384       853.33
       4.299     0.999023        99408      1024.00
       4.303     0.999121        99414      1137.78
       4.335     0.999219        99424      1280.00
       4.351     0.999316        99433      1462.86
       4.395     0.999414        99442      1706.67
       4.423     0.999512        99452      2048.00
       4.447     0.999561        99457      2275.56
       4.467     0.999609        99462      2560.00
       4.495     0.999658        99466      2925.71
       4.535     0.999707        99471      3413.33
       4.791     0.999756        99476      4096.00
       5.123     0.999780        99479      4551.11
       5.167     0.999805        99481      5120.00
       5.243     0.999829        99483      5851.43
       5.339     0.999854        99486      6826.67
       5.379     0.999878        99488      8192.00
       5.451     0.999890        99490      9102.22
       5.455     0.999902        99491     10240.00
       5.731     0.999915        99492     11702.86
       5.999     0.999927        99493     13653.33
       6.055     0.999939        99494     16384.00
       6.067     0.999945        99495     18204.44
       9.095     0.999951        99496     20480.00
       9.095     0.999957        99496     23405.71
       9.135     0.999963        99497     27306.67
       9.135     0.999969        99497     32768.00
       9.215     0.999973        99498     36408.89
       9.215     0.999976        99498     40960.00
       9.215     0.999979        99498     46811.43
       9.351     0.999982        99499     54613.33
       9.351     0.999985        99499     65536.00
       9.351     0.999986        99499     72817.78
       9.351     0.999988        99499     81920.00
       9.351     0.999989        99499     93622.86
      10.055     0.999991        99500    109226.67
      10.055     1.000000        99500          inf
#[Mean    =        1.528, StdDeviation   =        0.744]
#[Max     =       10.048, Total count    =        99500]
#[Buckets =           27, SubBuckets     =         2048]
----------------------------------------------------------
  118902 requests in 1.00m, 145.03MB read
Requests/sec:   1981.64
Transfer/sec:      2.42MB

--- metrics ---
requests=118902
duration_s=60.001885
bytes=152075158
rps=1981.64
p50_ms=1.415
p95_ms=2.947
p99_ms=3.715
p999_ms=4.295
err_connect=0
err_read=0
err_write=0
err_status=0
err_timeout=0
--- end ---
