Running 1m test @ http://127.0.0.1:8081/json
  2 threads and 100 connections
  Thread calibration: mean lat.: 1.206ms, rate sampling interval: 10ms
  Thread calibration: mean lat.: 1.708ms, rate sampling interval: 10ms
  Thread Stats   Avg      Stdev     Max   +/- Stdev
    Latency     1.45ms  673.31us   4.46ms   70.23%
    Req/Sec     1.05k     1.35k    5.55k    89.71%
  Latency Distribution (HdrHistogram - Recorded Latency)
 50.000%    1.33ms
 75.000%    1.81ms
 90.000%    2.39ms
 99.000%    3.42ms
 99.900%    3.95ms
 99.990%    4.22ms
 99.999%    4.34ms
100.000%    4.46ms

  Detailed Percentile spectrum:
       Value   Percentile   TotalCount 1/(1-Percentile)

       0.151     0.000000            1         1.00
       0.705     0.100000         9997         1.11
       0.872     0.200000        19913         1.25
       1.024     0.300000        29863         1.43
       1.172     0.400000        39802         1.67
       1.333     0.500000        49813         2.00
       1.415     0.550000        54737         2.22
       1.503     0.600000        59722         2.50
       1.594     0.650000        64717         2.86
       1.692     0.700000        69673         3.33
       1.809     0.750000        74632         4.00
       1.879     0.775000        77129         4.44
       1.960     0.800000        79629         5.00
       2.055     0.825000        82116         5.71
       2.151     0.850000        84581         6.67
       2.255     0.875000        87084         8.00
       2.317     0.887500        88351         8.89
       2.389     0.900000        89578        10.00
       2.475     0.912500        90796        11.43
       2.577     0.925000        92050        13.33
       2.687     0.937500        93294        16.00
       2.749     0.943750        93912        17.78
       2.815     0.950000        94525        20.00
       2.883     0.956250        95151        22.86
       2.949     0.962500        95772        26.67
       3.029     0.968750        96397        32.00
       3.069     0.971875        96708        35.56
       3.119     0.975000        97030        40.00
       3.163     0.978125        97327        45.71
       3.215     0.981250        97636        53.33
       3.273     0.984375        97947        64.00
       3.309     0.985938        98103        71.11
       3.353     0.987500        98257        80.00
       3.391     0.989062        98416        91.43
       3.447     0.990625        98571       106.67
       3.509     0.992188        98725       128.00
       3.541     0.992969        98803       142.22
       3.589     0.993750        98879       160.00
       3.631     0.994531        98957       182.86
       3.681     0.995313        99034       213.33
       3.727     0.996094        99116       256.00
       3.753     0.996484        99159       284.44
       3.771     0.996875        99190       320.00
       3.801     0.997266        99230       365.71
       3.823     0.997656        99267       426.67
       3.863     0.998047        99309       512.00
       3.881     0.998242        99326       568.89
       3.895     0.998437        99346       640.00
       3.909     0.998633        99364       731.43
       3.933     0.998828        99388       853.33
       3.955     0.999023        99404      1024.00
       3.977     0.999121        99415      1137.78
       3.989     0.999219        99423      1280.00
       4.011     0.999316        99433      1462.86
       4.023     0.999414        99442      1706.67
       4.043     0.999512        99452      2048.00
       4.051     0.999561        99457      2275.56
       4.061     0.999609        99462      2560.00
       4.067     0.999658        99466      2925.71
       4.079     0.999707        99471      3413.33
       4.103     0.999756        99477      4096.00
       4.115     0.999780        99479      4551.11
       4.127     0.999805        99482      5120.00
       4.143     0.999829        99483      5851.43
       4.191     0.999854        99486      6826.67
       4.211     0.999878        99488      8192.00
       4.223     0.999890        99490      9102.22
       4.247     0.999902        99491     10240.00
       4.267     0.999915        99493     11702.86
       4.267     0.999927        99493     13653.33
       4.279     0.999939        99494     16384.00
       4.291     0.999945        99495     18204.44
       4.295     0.999951        99496     20480.00
       4.295     0.999957        99496     23405.71
       4.319     0.999963        99497     27306.67
       4.319     0.999969        99497     32768.00
       4.331     0.999973        99498     36408.89
       4.331     0.999976        99498     40960.00
       4.331     0.999979        99498     46811.43
       4.339     0.999982        99499     54613.33
       4.339     0.999985        99499     65536.00
       4.339     0.999986        99499     72817.78
       4.339     0.999988        99499     81920.00
       4.339     0.999989        99499     93622.86
       4.459     0.999991        99500    109226.67
       4.459     1.000000        99500          inf
#[Mean    =        1.453, StdDeviation   =        0.673]
#[Max     =        4.456, Total count    =        99500]
#[Buckets =           27, SubBuckets     =         2048]
----------------------------------------------------------
  118904 requests in 1.00m, 133.01MB read
Requests/sec:   1981.61
Transfer/sec:      2.22MB

--- metrics ---
requests=118904
duration_s=60.003623
bytes=139474392
rps=1981.61
p50_ms=1.333
p95_ms=2.815
p99_ms=3.421
p999_ms=3.953
err_connect=0
err_read=0
err_write=0
err_status=0
err_timeout=0
--- end ---
