Running 1m test @ http://127.0.0.1:8083/json
  2 threads and 100 connections
  Thread calibration: mean lat.: 1.198ms, rate sampling interval: 10ms
  Thread calibration: mean lat.: 1.202ms, rate sampling interval: 10ms
  Thread Stats   Avg      Stdev     Max   +/- Stdev
    Latency     1.20ms  478.24us   3.14ms   66.33%
    Req/Sec     1.05k   146.42     1.67k    81.87%
  Latency Distribution (HdrHistogram - Recorded Latency)
 50.000%    1.14ms
 75.000%    1.52ms
 90.000%    1.87ms
 99.000%    2.44ms
 99.900%    2.73ms
 99.990%    2.98ms
 99.999%    3.13ms
100.000%    3.14ms

  Detailed Percentile spectrum:
       Value   Percentile   TotalCount 1/(1-Percentile)

       0.182     0.000000            2         1.00
       0.626     0.100000         9982         1.11
       0.766     0.200000        19920         1.25
       0.892     0.300000        29922         1.43
       1.015     0.400000        39861         1.67
       1.141     0.500000        49756         2.00
       1.207     0.550000        54778         2.22
       1.279     0.600000        59748         2.50
       1.357     0.650000        64689         2.86
       1.439     0.700000        69696         3.33
       1.523     0.750000        74625         4.00
       1.570     0.775000        77151         4.44
       1.618     0.800000        79610         5.00
       1.671     0.825000        82119         5.71
       1.731     0.850000        84591         6.67
       1.794     0.875000        87066         8.00
       1.828     0.887500        88312         8.89
       1.865     0.900000        89559        10.00
       1.908     0.912500        90802        11.43
       1.954     0.925000        92040        13.33
       2.006     0.937500        93286        16.00
       2.036     0.943750        93913        17.78
       2.073     0.950000        94556        20.00
       2.113     0.956250        95168        22.86
       2.157     0.962500        95780        26.67
       2.203     0.968750        96391        32.00
       2.231     0.971875        96709        35.56
       2.257     0.975000        97019        40.00
       2.289     0.978125        97331        45.71
       2.327     0.981250        97652        53.33
       2.361     0.984375        97960        64.00
       2.381     0.985938        98118        71.11
       2.397     0.987500        98262        80.00
       2.425     0.989062        98419        91.43
       2.449     0.990625        98573       106.67
       2.475     0.992188        98730       128.00
       2.491     0.992969        98801       142.22
       2.505     0.993750        98883       160.00
       2.523     0.994531        98958       182.86
       2.543     0.995313        99042       213.33
       2.563     0.996094        99116       256.00
       2.575     0.996484        99156       284.44
       2.591     0.996875        99196       320.00
       2.609     0.997266        99229       365.71
       2.629     0.997656        99271       426.67
       2.653     0.998047        99309       512.00
       2.663     0.998242        99326       568.89
       2.677     0.998437        99346       640.00
       2.689     0.998633        99364       731.43
       2.705     0.998828        99384       853.33
       2.729     0.999023        99403      1024.00
       2.757     0.999121        99413      1137.78
       2.771     0.999219        99423      1280.00
       2.797     0.999316        99433      1462.86
       2.813     0.999414        99444      1706.67
       2.837     0.999512        99452      2048.00
       2.847     0.999561        99460      2275.56
       2.857     0.999609        99463      2560.00
       2.863     0.999658        99468      2925.71
       2.867     0.999707        99471      3413.33
       2.903     0.999756        99476      4096.00
       2.923     0.999780        99479      4551.11
       2.931     0.999805        99484      5120.00
       2.931     0.999829        99484      5851.43
       2.947     0.999854        99486      6826.67
       2.961     0.999878        99489      8192.00
       2.979     0.999890        99490      9102.22
       2.981     0.999902        99491     10240.00
       2.991     0.999915        99492     11702.86
       2.999     0.999927        99493     13653.33
       3.017     0.999939        99494     16384.00
       3.037     0.999945        99495     18204.44
       3.043     0.999951        99496     20480.00
       3.043     0.999957        99496     23405.71
       3.061     0.999963        99497     27306.67
       3.061     0.999969        99497     32768.00
       3.091     0.999973        99498     36408.89
       3.091     0.999976        99498     40960.00
       3.091     0.999979        99498     46811.43
       3.131     0.999982        99499     54613.33
       3.131     0.999985        99499     65536.00
       3.131     0.999986        99499     72817.78
       3.131     0.999988        99499     81920.00
       3.131     0.999989        99499     93622.86
       3.137     0.999991        99500    109226.67
       3.137     1.000000        99500          inf
#[Mean    =        1.202, StdDeviation   =        0.478]
#[Max     =        3.136, Total count    =        99500]
#[Buckets =           27, SubBuckets     =         2048]
----------------------------------------------------------
  119802 requests in 1.00m, 146.13MB read
Requests/sec:   1996.63
Transfer/sec:      2.44MB

--- metrics ---
requests=119802
duration_s=60.002147
bytes=153226258
rps=1996.63
p50_ms=1.141
p95_ms=2.073
p99_ms=2.439
p999_ms=2.729
err_connect=0
err_read=0
err_write=0
err_status=0
err_timeout=0
--- end ---
