Running 1m test @ http://127.0.0.1:8084/file50k
  2 threads and 100 connections
  Thread calibration: mean lat.: 1.327ms, rate sampling interval: 10ms
  Thread calibration: mean lat.: 1.339ms, rate sampling interval: 10ms
  Thread Stats   Avg      Stdev     Max   +/- Stdev
    Latency     1.34ms  386.56us   3.13ms   66.99%
    Req/Sec   158.91     96.19   333.00     70.03%
  Latency Distribution (HdrHistogram - Recorded Latency)
 50.000%    1.33ms
 75.000%    1.60ms
 90.000%    1.84ms
 99.000%    2.29ms
 99.900%    2.68ms
 99.990%    3.04ms
 99.999%    3.13ms
100.000%    3.13ms

  Detailed Percentile spectrum:
       Value   Percentile   TotalCount 1/(1-Percentile)

       0.325     0.000000            1         1.00
       0.830     0.100000         1493         1.11
       0.988     0.200000         2980         1.25
       1.117     0.300000         4480         1.43
       1.230     0.400000         5965         1.67
       1.331     0.500000         7452         2.00
       1.384     0.550000         8195         2.22
       1.432     0.600000         8950         2.50
       1.482     0.650000         9698         2.86
       1.537     0.700000        10433         3.33
       1.596     0.750000        11177         4.00
       1.628     0.775000        11550         4.44
       1.664     0.800000        11925         5.00
       1.700     0.825000        12300         5.71
       1.736     0.850000        12670         6.67
       1.784     0.875000        13053         8.00
       1.809     0.887500        13224         8.89
       1.837     0.900000        13411        10.00
       1.868     0.912500        13598        11.43
       1.903     0.925000        13788        13.33
       1.951     0.937500        13970        16.00
       1.976     0.943750        14062        17.78
       2.002     0.950000        14155        20.00
       2.032     0.956250        14252        22.86
       2.065     0.962500        14345        26.67
       2.101     0.968750        14438        32.00
       2.123     0.971875        14482        35.56
       2.145     0.975000        14528        40.00
       2.169     0.978125        14578        45.71
       2.199     0.981250        14622        53.33
       2.231     0.984375        14670        64.00
       2.245     0.985938        14691        71.11
       2.263     0.987500        14715        80.00
       2.279     0.989062        14738        91.43
       2.303     0.990625        14763       106.67
       2.333     0.992188        14785       128.00
       2.363     0.992969        14797       142.22
       2.381     0.993750        14807       160.00
       2.407     0.994531        14819       182.86
       2.441     0.995313        14834       213.33
       2.465     0.996094        14842       256.00
       2.477     0.996484        14848       284.44
       2.509     0.996875        14854       320.00
       2.533     0.997266        14860       365.71
       2.547     0.997656        14866       426.67
       2.573     0.998047        14871       512.00
       2.585     0.998242        14874       568.89
       2.619     0.998437        14877       640.00
       2.625     0.998633        14880       731.43
       2.675     0.998828        14883       853.33
       2.687     0.999023        14887      1024.00
       2.687     0.999121        14887      1137.78
       2.707     0.999219        14890      1280.00
       2.707     0.999316        14890      1462.86
       2.777     0.999414        14893      1706.67
       2.777     0.999512        14893      2048.00
       2.787     0.999561        14894      2275.56
       2.807     0.999609        14895      2560.00
       2.807     0.999658        14895      2925.71
       2.835     0.999707        14896      3413.33
       2.881     0.999756        14897      4096.00
       2.881     0.999780        14897      4551.11
       2.885     0.999805        14898      5120.00
       2.885     0.999829        14898      5851.43
       2.885     0.999854        14898      6826.67
       3.043     0.999878        14899      8192.00
       3.043     0.999890        14899      9102.22
       3.043     0.999902        14899     10240.00
       3.043     0.999915        14899     11702.86
       3.043     0.999927        14899     13653.33
       3.127     0.999939        14900     16384.00
       3.127     1.000000        14900          inf
#[Mean    =        1.339, StdDeviation   =        0.387]
#[Max     =        3.126, Total count    =        14900]
#[Buckets =           27, SubBuckets     =         2048]
----------------------------------------------------------
  18002 requests in 1.00m, 0.86GB read
Requests/sec:    300.02
Transfer/sec:     14.69MB

--- metrics ---
requests=18002
duration_s=60.001859
bytes=924168674
rps=300.02
p50_ms=1.331
p95_ms=2.002
p99_ms=2.289
p999_ms=2.683
err_connect=0
err_read=0
err_write=0
err_status=0
err_timeout=0
--- end ---
