Running 1m test @ http://127.0.0.1:8084/file50k
  2 threads and 100 connections
  Thread calibration: mean lat.: 1.460ms, rate sampling interval: 10ms
  Thread calibration: mean lat.: 2.582ms, rate sampling interval: 10ms
  Thread Stats   Avg      Stdev     Max   +/- Stdev
    Latency     1.92ms    1.32ms  29.15ms   90.60%
    Req/Sec   158.48    562.00     5.55k    97.81%
  Latency Distribution (HdrHistogram - Recorded Latency)
 50.000%    1.69ms
 75.000%    2.28ms
 90.000%    3.14ms
 99.000%    4.52ms
 99.900%   26.24ms
 99.990%   27.82ms
 99.999%   29.17ms
100.000%   29.17ms

  Detailed Percentile spectrum:
       Value   Percentile   TotalCount 1/(1-Percentile)

       0.300     0.000000            1         1.00
       0.976     0.100000         1497         1.11
       1.181     0.200000         2981         1.25
       1.364     0.300000         4474         1.43
       1.536     0.400000         5969         1.67
       1.686     0.500000         7451         2.00
       1.767     0.550000         8197         2.22
       1.857     0.600000         8944         2.50
       1.961     0.650000         9690         2.86
       2.103     0.700000        10430         3.33
       2.275     0.750000        11175         4.00
       2.381     0.775000        11552         4.44
       2.485     0.800000        11921         5.00
       2.623     0.825000        12295         5.71
       2.769     0.850000        12666         6.67
       2.941     0.875000        13041         8.00
       3.035     0.887500        13228         8.89
       3.145     0.900000        13413        10.00
       3.255     0.912500        13600        11.43
       3.371     0.925000        13783        13.33
       3.507     0.937500        13970        16.00
       3.587     0.943750        14062        17.78
       3.663     0.950000        14155        20.00
       3.733     0.956250        14250        22.86
       3.841     0.962500        14343        26.67
       3.951     0.968750        14435        32.00
       4.021     0.971875        14481        35.56
       4.079     0.975000        14531        40.00
       4.159     0.978125        14575        45.71
       4.219     0.981250        14624        53.33
       4.315     0.984375        14669        64.00
       4.355     0.985938        14691        71.11
       4.419     0.987500        14714        80.00
       4.487     0.989062        14739        91.43
       4.551     0.990625        14762       106.67
       4.631     0.992188        14785       128.00
       4.675     0.992969        14796       142.22
       4.735     0.993750        14807       160.00
       4.851     0.994531        14819       182.86
       4.931     0.995313        14831       213.33
       5.091     0.996094        14844       256.00
       5.163     0.996484        14848       284.44
       5.395     0.996875        14854       320.00
       5.567     0.997266        14860       365.71
       5.883     0.997656        14866       426.67
       6.587     0.998047        14871       512.00
      10.487     0.998242        14874       568.89
      25.103     0.998437        14877       640.00
      25.967     0.998633        14880       731.43
      26.191     0.998828        14883       853.33
      26.255     0.999023        14887      1024.00
      26.255     0.999121        14887      1137.78
      26.415     0.999219        14889      1280.00
      26.431     0.999316        14890      1462.86
      26.591     0.999414        14892      1706.67
      26.687     0.999512        14893      2048.00
      26.703     0.999561        14894      2275.56
      26.719     0.999609        14895      2560.00
      26.719     0.999658        14895      2925.71
      26.799     0.999707        14896      3413.33
      26.831     0.999756        14897      4096.00
      26.831     0.999780        14897      4551.11
      26.991     0.999805        14898      5120.00
      26.991     0.999829        14898      5851.43
      26.991     0.999854        14898      6826.67
      27.823     0.999878        14899      8192.00
      27.823     0.999890        14899      9102.22
      27.823     0.999902        14899     10240.00
      27.823     0.999915        14899     11702.86
      27.823     0.999927        14899     13653.33
      29.167     0.999939        14900     16384.00
      29.167     1.000000        14900          inf
#[Mean    =        1.920, StdDeviation   =        1.318]
#[Max     =       29.152, Total count    =        14900]
#[Buckets =           27, SubBuckets     =         2048]
----------------------------------------------------------
  17853 requests in 1.00m, 0.85GB read
Requests/sec:    297.54
Transfer/sec:     14.57MB

--- metrics ---
requests=17853
duration_s=60.002934
bytes=916519461
rps=297.54
p50_ms=1.686
p95_ms=3.663
p99_ms=4.523
p999_ms=26.239
err_connect=0
err_read=0
err_write=0
err_status=0
err_timeout=0
--- end ---
