Running 1m test @ http://127.0.0.1:8080/json
  2 threads and 100 connections
  Thread calibration: mean lat.: 1.410ms, rate sampling interval: 10ms
  Thread calibration: mean lat.: 1.793ms, rate sampling interval: 10ms
  Thread Stats   Avg      Stdev     Max   +/- Stdev
    Latency     1.56ms  677.95us   6.84ms   73.83%
    Req/Sec     1.05k     1.30k    5.55k    89.20%
  Latency Distribution (HdrHistogram - Recorded Latency)
 50.000%    1.44ms
 75.000%    1.89ms
 90.000%    2.43ms
 99.000%    3.84ms
 99.900%    5.11ms
 99.990%    6.13ms
 99.999%    6.74ms
100.000%    6.84ms

  Detailed Percentile spectrum:
       Value   Percentile   TotalCount 1/(1-Percentile)

       0.210     0.000000            1         1.00
       0.837     0.100000         9959         1.11
       1.007     0.200000        19932         1.25
       1.155     0.300000        29867         1.43
       1.293     0.400000        39839         1.67
       1.438     0.500000        49787         2.00
       1.514     0.550000        54762         2.22
       1.594     0.600000        59738         2.50
       1.680     0.650000        64703         2.86
       1.780     0.700000        69655         3.33
       1.891     0.750000        74654         4.00
       1.953     0.775000        77121         4.44
       2.022     0.800000        79636         5.00
       2.103     0.825000        82129         5.71
       2.195     0.850000        84623         6.67
       2.305     0.875000        87065         8.00
       2.365     0.887500        88348         8.89
       2.431     0.900000        89561        10.00
       2.505     0.912500        90799        11.43
       2.585     0.925000        92041        13.33
       2.675     0.937500        93303        16.00
       2.737     0.943750        93910        17.78
       2.809     0.950000        94527        20.00
       2.899     0.956250        95168        22.86
       3.003     0.962500        95782        26.67
       3.125     0.968750        96391        32.00
       3.197     0.971875        96705        35.56
       3.269     0.975000        97020        40.00
       3.359     0.978125        97325        45.71
       3.459     0.981250        97635        53.33
       3.575     0.984375        97950        64.00
       3.639     0.985938        98104        71.11
       3.699     0.987500        98257        80.00
       3.791     0.989062        98415        91.43
       3.873     0.990625        98569       106.67
       3.983     0.992188        98725       128.00
       4.039     0.992969        98801       142.22
       4.111     0.993750        98882       160.00
       4.199     0.994531        98958       182.86
       4.279     0.995313        99034       213.33
       4.395     0.996094        99114       256.00
       4.487     0.996484        99152       284.44
       4.563     0.996875        99190       320.00
       4.627     0.997266        99229       365.71
       4.715     0.997656        99267       426.67
       4.839     0.998047        99306       512.00
       4.895     0.998242        99326       568.89
       4.947     0.998437        99345       640.00
       4.999     0.998633        99364       731.43
       5.071     0.998828        99384       853.33
       5.127     0.999023        99405      1024.00
       5.179     0.999121        99413      1137.78
       5.231     0.999219        99423      1280.00
       5.267     0.999316        99433      1462.86
       5.331     0.999414        99442      1706.67
       5.411     0.999512        99452      2048.00
       5.431     0.999561        99457      2275.56
       5.531     0.999609        99462      2560.00
       5.579     0.999658        99466      2925.71
       5.623     0.999707        99471      3413.33
       5.655     0.999756        99476      4096.00
       5.687     0.999780        99479      4551.11
       5.739     0.999805        99481      5120.00
       5.907     0.999829        99483      5851.43
       6.071     0.999854        99487      6826.67
       6.115     0.999878        99488      8192.00
       6.131     0.999890        99490      9102.22
       6.239     0.999902        99491     10240.00
       6.259     0.999915        99492     11702.86
       6.287     0.999927        99493     13653.33
       6.447     0.999939        99494     16384.00
       6.587     0.999945        99495     18204.44
       6.667     0.999951        99496     20480.00
       6.667     0.999957        99496     23405.71
       6.671     0.999963        99497     27306.67
       6.671     0.999969        99497     32768.00
       6.723     0.999973        99498     36408.89
       6.723     0.999976        99498     40960.00
       6.723     0.999979        99498     46811.43
       6.743     0.999982        99499     54613.33
       6.743     0.999985        99499     65536.00
       6.743     0.999986        99499     72817.78
       6.743     0.999988        99499     81920.00
       6.743     0.999989        99499     93622.86
       6.839     0.999991        99500    109226.67
       6.839     1.000000        99500          inf
#[Mean    =        1.562, StdDeviation   =        0.678]
#[Max     =        6.836, Total count    =        99500]
#[Buckets =           27, SubBuckets     =         2048]
----------------------------------------------------------
  118904 requests in 1.00m, 131.31MB read
Requests/sec:   1981.65
Transfer/sec:      2.19MB

--- metrics ---
requests=118904
duration_s=60.002445
bytes=137690832
rps=1981.65
p50_ms=1.438
p95_ms=2.809
p99_ms=3.837
p999_ms=5.115
err_connect=0
err_read=0
err_write=0
err_status=0
err_timeout=0
--- end ---
