Running 1m test @ http://127.0.0.1:8084/json
  2 threads and 100 connections
  Thread calibration: mean lat.: 1.270ms, rate sampling interval: 10ms
  Thread calibration: mean lat.: 1.703ms, rate sampling interval: 10ms
  Thread Stats   Avg      Stdev     Max   +/- Stdev
    Latency     1.48ms  674.69us   7.02ms   68.64%
    Req/Sec     1.05k     1.38k    5.55k    89.61%
  Latency Distribution (HdrHistogram - Recorded Latency)
 50.000%    1.39ms
 75.000%    1.86ms
 90.000%    2.39ms
 99.000%    3.36ms
 99.900%    4.25ms
 99.990%    5.47ms
 99.999%    6.27ms
100.000%    7.02ms

  Detailed Percentile spectrum:
       Value   Percentile   TotalCount 1/(1-Percentile)

       0.169     0.000000            1         1.00
       0.689     0.100000         9960         1.11
       0.883     0.200000        19931         1.25
       1.057     0.300000        29898         1.43
       1.216     0.400000        39837         1.67
       1.387     0.500000        49787         2.00
       1.471     0.550000        54754         2.22
       1.555     0.600000        59727         2.50
       1.642     0.650000        64699         2.86
       1.738     0.700000        69709         3.33
       1.855     0.750000        74649         4.00
       1.922     0.775000        77130         4.44
       1.999     0.800000        79622         5.00
       2.087     0.825000        82133         5.71
       2.183     0.850000        84626         6.67
       2.287     0.875000        87086         8.00
       2.341     0.887500        88343         8.89
       2.395     0.900000        89558        10.00
       2.467     0.912500        90805        11.43
       2.557     0.925000        92052        13.33
       2.653     0.937500        93292        16.00
       2.707     0.943750        93923        17.78
       2.767     0.950000        94525        20.00
       2.831     0.956250        95155        22.86
       2.899     0.962500        95776        26.67
       2.977     0.968750        96405        32.00
       3.019     0.971875        96715        35.56
       3.063     0.975000        97019        40.00
       3.109     0.978125        97324        45.71
       3.163     0.981250        97638        53.33
       3.225     0.984375        97953        64.00
       3.255     0.985938        98107        71.11
       3.291     0.987500        98260        80.00
       3.329     0.989062        98416        91.43
       3.377     0.990625        98570       106.67
       3.441     0.992188        98723       128.00
       3.477     0.992969        98802       142.22
       3.509     0.993750        98879       160.00
       3.571     0.994531        98956       182.86
       3.639     0.995313        99034       213.33
       3.713     0.996094        99113       256.00
       3.757     0.996484        99151       284.44
       3.819     0.996875        99190       320.00
       3.861     0.997266        99229       365.71
       3.929     0.997656        99268       426.67
       3.997     0.998047        99310       512.00
       4.025     0.998242        99326       568.89
       4.051     0.998437        99346       640.00
       4.089     0.998633        99364       731.43
       4.155     0.998828        99385       853.33
       4.291     0.999023        99403      1024.00
       4.383     0.999121        99413      1137.78
       4.455     0.999219        99423      1280.00
       4.591     0.999316        99432      1462.86
       4.663     0.999414        99442      1706.67
       4.791     0.999512        99452      2048.00
       4.871     0.999561        99457      2275.56
       5.003     0.999609        99462      2560.00
       5.043     0.999658        99467      2925.71
       5.115     0.999707        99471      3413.33
       5.319     0.999756        99476      4096.00
       5.351     0.999780        99479      4551.11
       5.371     0.999805        99481      5120.00
       5.391     0.999829        99483      5851.43
       5.447     0.999854        99486      6826.67
       5.451     0.999878        99488      8192.00
       5.475     0.999890        99490      9102.22
       5.503     0.999902        99491     10240.00
       5.547     0.999915        99492     11702.86
       5.551     0.999927        99493     13653.33
       5.555     0.999939        99494     16384.00
       5.635     0.999945        99495     18204.44
       5.807     0.999951        99496     20480.00
       5.807     0.999957        99496     23405.71
       5.899     0.999963        99497     27306.67
       5.899     0.999969        99497     32768.00
       6.031     0.999973        99498     36408.89
       6.031     0.999976        99498     40960.00
       6.031     0.999979        99498     46811.43
       6.271     0.999982        99499     54613.33
       6.271     0.999985        99499     65536.00
       6.271     0.999986        99499     72817.78
       6.271     0.999988        99499     81920.00
       6.271     0.999989        99499     93622.86
       7.023     0.999991        99500    109226.67
       7.023     1.000000        99500          inf
#[Mean    =        1.477, StdDeviation   =        0.675]
#[Max     =        7.020, Total count    =        99500]
#[Buckets =           27, SubBuckets     =         2048]
----------------------------------------------------------
  118903 requests in 1.00m, 128.59MB read
Requests/sec:   1981.65
Transfer/sec:      2.14MB

--- metrics ---
requests=118903
duration_s=60.002120
bytes=134836002
rps=1981.65
p50_ms=1.387
p95_ms=2.767
p99_ms=3.355
p999_ms=4.251
err_connect=0
err_read=0
err_write=0
err_status=0
err_timeout=0
--- end ---
