Running 1m test @ http://127.0.0.1:8081/file1m
  2 threads and 50 connections
  Thread calibration: mean lat.: 2.961ms, rate sampling interval: 10ms
  Thread calibration: mean lat.: 2.853ms, rate sampling interval: 10ms
  Thread Stats   Avg      Stdev     Max   +/- Stdev
    Latency     2.86ms  646.89us   7.48ms   69.59%
    Req/Sec    25.85     69.59   333.00     87.22%
  Latency Distribution (HdrHistogram - Recorded Latency)
 50.000%    2.83ms
 75.000%    3.21ms
 90.000%    3.69ms
 99.000%    4.64ms
 99.900%    5.95ms
 99.990%    7.49ms
 99.999%    7.49ms
100.000%    7.49ms

  Detailed Percentile spectrum:
       Value   Percentile   TotalCount 1/(1-Percentile)

       1.222     0.000000            1         1.00
       2.075     0.100000          247         1.11
       2.305     0.200000          492         1.25
       2.513     0.300000          739         1.43
       2.679     0.400000          980         1.67
       2.825     0.500000         1225         2.00
       2.899     0.550000         1351         2.22
       2.961     0.600000         1475         2.50
       3.043     0.650000         1593         2.86
       3.127     0.700000         1716         3.33
       3.215     0.750000         1838         4.00
       3.271     0.775000         1900         4.44
       3.349     0.800000         1963         5.00
       3.417     0.825000         2023         5.71
       3.495     0.850000         2083         6.67
       3.579     0.875000         2145         8.00
       3.635     0.887500         2177         8.89
       3.687     0.900000         2205        10.00
       3.741     0.912500         2236        11.43
       3.787     0.925000         2267        13.33
       3.861     0.937500         2297        16.00
       3.919     0.943750         2313        17.78
       3.977     0.950000         2328        20.00
       4.029     0.956250         2343        22.86
       4.123     0.962500         2359        26.67
       4.191     0.968750         2374        32.00
       4.219     0.971875         2383        35.56
       4.263     0.975000         2389        40.00
       4.295     0.978125         2397        45.71
       4.327     0.981250         2405        53.33
       4.371     0.984375         2412        64.00
       4.427     0.985938         2416        71.11
       4.543     0.987500         2420        80.00
       4.599     0.989062         2424        91.43
       4.695     0.990625         2428       106.67
       4.739     0.992188         2431       128.00
       4.767     0.992969         2433       142.22
       4.867     0.993750         2435       160.00
       4.967     0.994531         2437       182.86
       5.003     0.995313         2439       213.33
       5.143     0.996094         2441       256.00
       5.155     0.996484         2442       284.44
       5.183     0.996875         2443       320.00
       5.263     0.997266         2444       365.71
       5.415     0.997656         2445       426.67
       5.443     0.998047         2446       512.00
       5.443     0.998242         2446       568.89
       5.699     0.998437         2447       640.00
       5.699     0.998633         2447       731.43
       5.947     0.998828         2448       853.33
       5.947     0.999023         2448      1024.00
       5.947     0.999121         2448      1137.78
       6.199     0.999219         2449      1280.00
       6.199     0.999316         2449      1462.86
       6.199     0.999414         2449      1706.67
       6.199     0.999512         2449      2048.00
       6.199     0.999561         2449      2275.56
       7.487     0.999609         2450      2560.00
       7.487     1.000000         2450          inf
#[Mean    =        2.857, StdDeviation   =        0.647]
#[Max     =        7.484, Total count    =         2450]
#[Buckets =           27, SubBuckets     =         2048]
----------------------------------------------------------
  3002 requests in 1.00m, 2.93GB read
Requests/sec:     50.03
Transfer/sec:     50.04MB

--- metrics ---
requests=3002
duration_s=60.005118
bytes=3148302470
rps=50.03
p50_ms=2.825
p95_ms=3.977
p99_ms=4.635
p999_ms=5.947
err_connect=0
err_read=0
err_write=0
err_status=0
err_timeout=0
--- end ---
