Running 1m test @ http://127.0.0.1:8082/json
  2 threads and 100 connections
  Thread calibration: mean lat.: 461.749ms, rate sampling interval: 1468ms
  Thread calibration: mean lat.: 462.374ms, rate sampling interval: 1470ms
  Thread Stats   Avg      Stdev     Max   +/- Stdev
    Latency     2.73s     1.11s    4.52s    55.44%
    Req/Sec     0.93k    17.06     0.97k    78.79%
  Latency Distribution (HdrHistogram - Recorded Latency)
 50.000%    2.79s 
 75.000%    3.70s 
 90.000%    4.18s 
 99.000%    4.47s 
 99.900%    4.51s 
 99.990%    4.52s 
 99.999%    4.53s 
100.000%    4.53s 

  Detailed Percentile spectrum:
       Value   Percentile   TotalCount 1/(1-Percentile)

     760.319     0.000000            1         1.00
    1155.071     0.100000         9212         1.11
    1525.759     0.200000        18431         1.25
    1896.447     0.300000        27636         1.43
    2459.647     0.400000        36852         1.67
    2787.327     0.500000        46099         2.00
    2996.223     0.550000        50702         2.22
    3182.591     0.600000        55265         2.50
    3364.863     0.650000        59852         2.86
    3543.039     0.700000        64508         3.33
    3696.639     0.750000        69152         4.00
    3807.231     0.775000        71367         4.44
    3895.295     0.800000        73761         5.00
    3979.263     0.825000        76007         5.71
    4073.471     0.850000        78325         6.67
    4130.815     0.875000        80586         8.00
    4151.295     0.887500        81768         8.89
    4175.871     0.900000        82951        10.00
    4206.591     0.912500        84062        11.43
    4259.839     0.925000        85178        13.33
    4321.279     0.937500        86398        16.00
    4337.663     0.943750        86991        17.78
    4354.047     0.950000        87479        20.00
    4382.719     0.956250        88071        22.86
    4399.103     0.962500        88703        26.67
    4423.679     0.968750        89275        32.00
    4431.871     0.971875        89586        35.56
    4440.063     0.975000        90027        40.00
    4444.159     0.978125        90258        45.71
    4448.255     0.981250        90449        53.33
    4452.351     0.984375        90698        64.00
    4456.447     0.985938        90876        71.11
    4460.543     0.987500        91011        80.00
    4464.639     0.989062        91120        91.43
    4472.831     0.990625        91286       106.67
    4476.927     0.992188        91366       128.00
    4481.023     0.992969        91452       142.22
    4485.119     0.993750        91539       160.00
    4489.215     0.994531        91615       182.86
    4493.311     0.995313        91700       213.33
    4497.407     0.996094        91785       256.00
    4497.407     0.996484        91785       284.44
    4501.503     0.996875        91869       320.00
    4501.503     0.997266        91869       365.71
    4501.503     0.997656        91869       426.67
    4505.599     0.998047        91940       512.00
    4505.599     0.998242        91940       568.89
    4505.599     0.998437        91940       640.00
    4509.695     0.998633        91988       731.43
    4509.695     0.998828        91988       853.33
    4513.791     0.999023        92041      1024.00
    4513.791     0.999121        92041      1137.78
    4513.791     0.999219        92041      1280.00
    4513.791     0.999316        92041      1462.86
    4513.791     0.999414        92041      1706.67
    4513.791     0.999512        92041      2048.00
    4513.791     0.999561        92041      2275.56
    4517.887     0.999609        92065      2560.00
    4517.887     0.999658        92065      2925.71
    4517.887     0.999707        92065      3413.33
    4517.887     0.999756        92065      4096.00
    4517.887     0.999780        92065      4551.11
    4517.887     0.999805        92065      5120.00
    4517.887     0.999829        92065      5851.43
    4521.983     0.999854        92077      6826.67
    4521.983     0.999878        92077      8192.00
    4521.983     0.999890        92077      9102.22
    4521.983     0.999902        92077     10240.00
    4521.983     0.999915        92077     11702.86
    4521.983     0.999927        92077     13653.33
    4521.983     0.999939        92077     16384.00
    4521.983     0.999945        92077     18204.44
    4521.983     0.999951        92077     20480.00
    4521.983     0.999957        92077     23405.71
    4521.983     0.999963        92077     27306.67
    4526.079     0.999969        92080     32768.00
    4526.079     1.000000        92080          inf
#[Mean    =     2729.929, StdDeviation   =     1107.490]
#[Max     =     4521.984, Total count    =        92080]
#[Buckets =           27, SubBuckets     =         2048]
----------------------------------------------------------
  110774 requests in 1.00m, 123.71MB read
Requests/sec:   1846.21
Transfer/sec:      2.06MB

--- metrics ---
requests=110774
duration_s=60.000612
bytes=129716354
rps=1846.21
p50_ms=2787.327
p95_ms=4354.047
p99_ms=4468.735
p999_ms=4509.695
err_connect=0
err_read=0
err_write=0
err_status=0
err_timeout=0
--- end ---
