Running 1m test @ http://127.0.0.1:8084/file1m
  2 threads and 50 connections
  Thread calibration: mean lat.: 2.809ms, rate sampling interval: 10ms
  Thread calibration: mean lat.: 2.721ms, rate sampling interval: 10ms
  Thread Stats   Avg      Stdev     Max   +/- Stdev
    Latency     2.72ms  508.20us   4.53ms   69.02%
    Req/Sec    25.90     69.67   333.00     87.38%
  Latency Distribution (HdrHistogram - Recorded Latency)
 50.000%    2.70ms
 75.000%    3.06ms
 90.000%    3.38ms
 99.000%    3.98ms
 99.900%    4.47ms
 99.990%    4.53ms
 99.999%    4.53ms
100.000%    4.53ms

  Detailed Percentile spectrum:
       Value   Percentile   TotalCount 1/(1-Percentile)

       1.295     0.000000            1         1.00
       2.081     0.100000          245         1.11
       2.295     0.200000          494         1.25
       2.433     0.300000          743         1.43
       2.569     0.400000          980         1.67
       2.703     0.500000         1226         2.00
       2.775     0.550000         1356         2.22
       2.837     0.600000         1471         2.50
       2.915     0.650000         1594         2.86
       2.983     0.700000         1717         3.33
       3.057     0.750000         1839         4.00
       3.103     0.775000         1904         4.44
       3.135     0.800000         1960         5.00
       3.183     0.825000         2026         5.71
       3.239     0.850000         2083         6.67
       3.309     0.875000         2145         8.00
       3.351     0.887500         2176         8.89
       3.381     0.900000         2208        10.00
       3.433     0.912500         2236        11.43
       3.477     0.925000         2267        13.33
       3.521     0.937500         2297        16.00
       3.555     0.943750         2314        17.78
       3.581     0.950000         2328        20.00
       3.641     0.956250         2343        22.86
       3.683     0.962500         2359        26.67
       3.739     0.968750         2374        32.00
       3.765     0.971875         2382        35.56
       3.783     0.975000         2389        40.00
       3.815     0.978125         2397        45.71
       3.837     0.981250         2405        53.33
       3.903     0.984375         2412        64.00
       3.917     0.985938         2416        71.11
       3.939     0.987500         2420        80.00
       3.953     0.989062         2424        91.43
       3.995     0.990625         2428       106.67
       4.023     0.992188         2431       128.00
       4.107     0.992969         2433       142.22
       4.123     0.993750         2435       160.00
       4.171     0.994531         2437       182.86
       4.203     0.995313         2439       213.33
       4.223     0.996094         2441       256.00
       4.235     0.996484         2442       284.44
       4.243     0.996875         2443       320.00
       4.251     0.997266         2444       365.71
       4.287     0.997656         2445       426.67
       4.319     0.998047         2446       512.00
       4.319     0.998242         2446       568.89
       4.419     0.998437         2447       640.00
       4.419     0.998633         2447       731.43
       4.467     0.998828         2448       853.33
       4.467     0.999023         2448      1024.00
       4.467     0.999121         2448      1137.78
       4.531     0.999219         2450      1280.00
       4.531     1.000000         2450          inf
#[Mean    =        2.723, StdDeviation   =        0.508]
#[Max     =        4.528, Total count    =         2450]
#[Buckets =           27, SubBuckets     =         2048]
----------------------------------------------------------
  3002 requests in 1.00m, 2.93GB read
Requests/sec:     50.03
Transfer/sec:     50.04MB

--- metrics ---
requests=3002
duration_s=60.004058
bytes=3148242430
rps=50.03
p50_ms=2.703
p95_ms=3.581
p99_ms=3.983
p999_ms=4.467
err_connect=0
err_read=0
err_write=0
err_status=0
err_timeout=0
--- end ---
