Running 1m test @ http://127.0.0.1:8081/json
  2 threads and 100 connections
  Thread calibration: mean lat.: 1.309ms, rate sampling interval: 10ms
  Thread calibration: mean lat.: 1.189ms, rate sampling interval: 10ms
  Thread Stats   Avg      Stdev     Max   +/- Stdev
    Latency     1.24ms  525.26us   3.77ms   64.19%
    Req/Sec     1.05k   157.02     1.67k    80.95%
  Latency Distribution (HdrHistogram - Recorded Latency)
 50.000%    1.18ms
 75.000%    1.62ms
 90.000%    2.00ms
 99.000%    2.46ms
 99.900%    2.68ms
 99.990%    2.94ms
 99.999%    3.48ms
100.000%    3.77ms

  Detailed Percentile spectrum:
       Value   Percentile   TotalCount 1/(1-Percentile)

       0.147     0.000000            1         1.00
       0.597     0.100000         9968         1.11
       0.751     0.200000        19904         1.25
       0.891     0.300000        29884         1.43
       1.034     0.400000        39834         1.67
       1.183     0.500000        49810         2.00
       1.264     0.550000        54771         2.22
       1.345     0.600000        59704         2.50
       1.432     0.650000        64709         2.86
       1.522     0.700000        69672         3.33
       1.620     0.750000        74635         4.00
       1.671     0.775000        77130         4.44
       1.727     0.800000        79643         5.00
       1.786     0.825000        82117         5.71
       1.852     0.850000        84623         6.67
       1.923     0.875000        87063         8.00
       1.959     0.887500        88316         8.89
       1.996     0.900000        89580        10.00
       2.037     0.912500        90821        11.43
       2.081     0.925000        92076        13.33
       2.129     0.937500        93284        16.00
       2.157     0.943750        93917        17.78
       2.185     0.950000        94525        20.00
       2.215     0.956250        95155        22.86
       2.249     0.962500        95783        26.67
       2.287     0.968750        96416        32.00
       2.305     0.971875        96709        35.56
       2.329     0.975000        97025        40.00
       2.353     0.978125        97333        45.71
       2.377     0.981250        97650        53.33
       2.405     0.984375        97964        64.00
       2.417     0.985938        98115        71.11
       2.433     0.987500        98258        80.00
       2.451     0.989062        98418        91.43
       2.469     0.990625        98587       106.67
       2.487     0.992188        98731       128.00
       2.499     0.992969        98807       142.22
       2.511     0.993750        98884       160.00
       2.527     0.994531        98958       182.86
       2.543     0.995313        99035       213.33
       2.561     0.996094        99116       256.00
       2.573     0.996484        99155       284.44
       2.583     0.996875        99190       320.00
       2.593     0.997266        99229       365.71
       2.603     0.997656        99272       426.67
       2.617     0.998047        99306       512.00
       2.627     0.998242        99330       568.89
       2.635     0.998437        99348       640.00
       2.645     0.998633        99367       731.43
       2.665     0.998828        99385       853.33
       2.685     0.999023        99404      1024.00
       2.707     0.999121        99414      1137.78
       2.719     0.999219        99423      1280.00
       2.731     0.999316        99432      1462.86
       2.751     0.999414        99442      1706.67
       2.779     0.999512        99452      2048.00
       2.791     0.999561        99457      2275.56
       2.809     0.999609        99462      2560.00
       2.819     0.999658        99466      2925.71
       2.839     0.999707        99471      3413.33
       2.847     0.999756        99476      4096.00
       2.863     0.999780        99480      4551.11
       2.871     0.999805        99481      5120.00
       2.885     0.999829        99484      5851.43
       2.907     0.999854        99486      6826.67
       2.927     0.999878        99488      8192.00
       2.939     0.999890        99490      9102.22
       2.969     0.999902        99491     10240.00
       3.031     0.999915        99493     11702.86
       3.031     0.999927        99493     13653.33
       3.095     0.999939        99494     16384.00
       3.097     0.999945        99495     18204.44
       3.101     0.999951        99496     20480.00
       3.101     0.999957        99496     23405.71
       3.113     0.999963        99497     27306.67
       3.113     0.999969        99497     32768.00
       3.185     0.999973        99498     36408.89
       3.185     0.999976        99498     40960.00
       3.185     0.999979        99498     46811.43
       3.483     0.999982        99499     54613.33
       3.483     0.999985        99499     65536.00
       3.483     0.999986        99499     72817.78
       3.483     0.999988        99499     81920.00
       3.483     0.999989        99499     93622.86
       3.767     0.999991        99500    109226.67
       3.767     1.000000        99500          inf
#[Mean    =        1.243, StdDeviation   =        0.525]
#[Max     =        3.766, Total count    =        99500]
#[Buckets =           27, SubBuckets     =         2048]
----------------------------------------------------------
  119802 requests in 1.00m, 134.02MB read
Requests/sec:   1996.62
Transfer/sec:      2.23MB

--- metrics ---
requests=119802
duration_s=60.002509
bytes=140527746
rps=1996.62
p50_ms=1.183
p95_ms=2.185
p99_ms=2.461
p999_ms=2.677
err_connect=0
err_read=0
err_write=0
err_status=0
err_timeout=0
--- end ---
