Running 1m test @ http://127.0.0.1:8080/file50k
  2 threads and 100 connections
  Thread calibration: mean lat.: 1.687ms, rate sampling interval: 10ms
  Thread calibration: mean lat.: 4.636ms, rate sampling interval: 13ms
  Thread Stats   Avg      Stdev     Max   +/- Stdev
    Latency     3.12ms    2.00ms  11.70ms   71.89%
    Req/Sec   155.33    463.97     4.17k    97.70%
  Latency Distribution (HdrHistogram - Recorded Latency)
 50.000%    2.16ms
 75.000%    4.65ms
 90.000%    6.14ms
 99.000%    8.44ms
 99.900%   10.38ms
 99.990%   11.47ms
 99.999%   11.70ms
100.000%   11.70ms

  Detailed Percentile spectrum:
       Value   Percentile   TotalCount 1/(1-Percentile)

       0.435     0.000000            1         1.00
       1.187     0.100000         1491         1.11
       1.470     0.200000         2986         1.25
       1.687     0.300000         4475         1.43
       1.891     0.400000         5973         1.67
       2.165     0.500000         7452         2.00
       2.463     0.550000         8196         2.22
       2.969     0.600000         8941         2.50
       3.575     0.650000         9685         2.86
       4.127     0.700000        10431         3.33
       4.647     0.750000        11183         4.00
       4.895     0.775000        11551         4.44
       5.147     0.800000        11926         5.00
       5.375     0.825000        12295         5.71
       5.615     0.850000        12669         6.67
       5.867     0.875000        13040         8.00
       5.991     0.887500        13227         8.89
       6.135     0.900000        13411        10.00
       6.303     0.912500        13599        11.43
       6.475     0.925000        13786        13.33
       6.659     0.937500        13970        16.00
       6.791     0.943750        14064        17.78
       6.919     0.950000        14156        20.00
       7.071     0.956250        14249        22.86
       7.207     0.962500        14342        26.67
       7.403     0.968750        14435        32.00
       7.503     0.971875        14481        35.56
       7.611     0.975000        14530        40.00
       7.715     0.978125        14575        45.71
       7.883     0.981250        14621        53.33
       8.079     0.984375        14669        64.00
       8.183     0.985938        14691        71.11
       8.279     0.987500        14715        80.00
       8.367     0.989062        14739        91.43
       8.511     0.990625        14761       106.67
       8.735     0.992188        14784       128.00
       8.831     0.992969        14796       142.22
       8.927     0.993750        14807       160.00
       9.015     0.994531        14819       182.86
       9.151     0.995313        14831       213.33
       9.271     0.996094        14842       256.00
       9.335     0.996484        14848       284.44
       9.575     0.996875        14855       320.00
       9.687     0.997266        14860       365.71
       9.831     0.997656        14866       426.67
       9.943     0.998047        14871       512.00
      10.023     0.998242        14874       568.89
      10.103     0.998437        14877       640.00
      10.143     0.998633        14880       731.43
      10.303     0.998828        14883       853.33
      10.407     0.999023        14887      1024.00
      10.407     0.999121        14887      1137.78
      10.495     0.999219        14889      1280.00
      10.607     0.999316        14890      1462.86
      10.655     0.999414        14892      1706.67
      10.751     0.999512        14893      2048.00
      10.855     0.999561        14895      2275.56
      10.855     0.999609        14895      2560.00
      10.855     0.999658        14895      2925.71
      10.975     0.999707        14896      3413.33
      10.991     0.999756        14897      4096.00
      10.991     0.999780        14897      4551.11
      11.039     0.999805        14898      5120.00
      11.039     0.999829        14898      5851.43
      11.039     0.999854        14898      6826.67
      11.471     0.999878        14899      8192.00
      11.471     0.999890        14899      9102.22
      11.471     0.999902        14899     10240.00
      11.471     0.999915        14899     11702.86
      11.471     0.999927        14899     13653.33
      11.703     0.999939        14900     16384.00
      11.703     1.000000        14900          inf
#[Mean    =        3.123, StdDeviation   =        1.998]
#[Max     =       11.696, Total count    =        14900]
#[Buckets =           27, SubBuckets     =         2048]
----------------------------------------------------------
  17854 requests in 1.00m, 0.85GB read
Requests/sec:    297.55
Transfer/sec:     14.57MB

--- metrics ---
requests=17854
duration_s=60.004273
bytes=916677922
rps=297.55
p50_ms=2.165
p95_ms=6.919
p99_ms=8.439
p999_ms=10.375
err_connect=0
err_read=0
err_write=0
err_status=0
err_timeout=0
--- end ---
