Running 1m test @ http://127.0.0.1:8082/file50k
  2 threads and 100 connections
  Thread calibration: mean lat.: 245.341ms, rate sampling interval: 637ms
  Thread calibration: mean lat.: 245.240ms, rate sampling interval: 636ms
  Thread Stats   Avg      Stdev     Max   +/- Stdev
    Latency   244.56ms   59.79ms 335.36ms   68.63%
    Req/Sec   149.61     11.76   157.00     78.85%
  Latency Distribution (HdrHistogram - Recorded Latency)
 50.000%  247.55ms
 75.000%  291.58ms
 90.000%  317.70ms
 99.000%  332.80ms
 99.900%  333.57ms
 99.990%  335.36ms
 99.999%  335.61ms
100.000%  335.61ms

  Detailed Percentile spectrum:
       Value   Percentile   TotalCount 1/(1-Percentile)

       1.256     0.000000            1         1.00
     178.431     0.100000         1492         1.11
     195.711     0.200000         2993         1.25
     212.863     0.300000         4475         1.43
     230.271     0.400000         5978         1.67
     247.551     0.500000         7457         2.00
     256.895     0.550000         8199         2.22
     264.959     0.600000         8940         2.50
     274.175     0.650000         9689         2.86
     282.623     0.700000        10442         3.33
     291.583     0.750000        11198         4.00
     295.679     0.775000        11574         4.44
     300.287     0.800000        11930         5.00
     304.639     0.825000        12298         5.71
     308.735     0.850000        12665         6.67
     312.831     0.875000        13049         8.00
     315.647     0.887500        13252         8.89
     317.695     0.900000        13412        10.00
     319.487     0.912500        13614        11.43
     322.303     0.925000        13801        13.33
     323.583     0.937500        13980        16.00
     325.631     0.943750        14071        17.78
     326.143     0.950000        14172        20.00
     326.655     0.956250        14250        22.86
     329.471     0.962500        14363        26.67
     329.983     0.968750        14473        32.00
     330.239     0.971875        14512        35.56
     330.495     0.975000        14548        40.00
     331.007     0.978125        14583        45.71
     332.031     0.981250        14624        53.33
     332.543     0.984375        14717        64.00
     332.543     0.985938        14717        71.11
     332.543     0.987500        14717        80.00
     332.799     0.989062        14784        91.43
     332.799     0.990625        14784       106.67
     332.799     0.992188        14784       128.00
     333.055     0.992969        14836       142.22
     333.055     0.993750        14836       160.00
     333.055     0.994531        14836       182.86
     333.055     0.995313        14836       213.33
     333.311     0.996094        14857       256.00
     333.311     0.996484        14857       284.44
     333.311     0.996875        14857       320.00
     333.567     0.997266        14885       365.71
     333.567     0.997656        14885       426.67
     333.567     0.998047        14885       512.00
     333.567     0.998242        14885       568.89
     333.567     0.998437        14885       640.00
     333.567     0.998633        14885       731.43
     333.567     0.998828        14885       853.33
     333.823     0.999023        14895      1024.00
     333.823     0.999121        14895      1137.78
     333.823     0.999219        14895      1280.00
     333.823     0.999316        14895      1462.86
     333.823     0.999414        14895      1706.67
     333.823     0.999512        14895      2048.00
     333.823     0.999561        14895      2275.56
     333.823     0.999609        14895      2560.00
     333.823     0.999658        14895      2925.71
     334.079     0.999707        14896      3413.33
     334.847     0.999756        14898      4096.00
     334.847     0.999780        14898      4551.11
     334.847     0.999805        14898      5120.00
     334.847     0.999829        14898      5851.43
     334.847     0.999854        14898      6826.67
     335.359     0.999878        14899      8192.00
     335.359     0.999890        14899      9102.22
     335.359     0.999902        14899     10240.00
     335.359     0.999915        14899     11702.86
     335.359     0.999927        14899     13653.33
     335.615     0.999939        14900     16384.00
     335.615     1.000000        14900          inf
#[Mean    =      244.563, StdDeviation   =       59.790]
#[Max     =      335.360, Total count    =        14900]
#[Buckets =           27, SubBuckets     =         2048]
----------------------------------------------------------
  17904 requests in 1.00m, 0.86GB read
Requests/sec:    298.38
Transfer/sec:     14.61MB

--- metrics ---
requests=17904
duration_s=60.003847
bytes=919477824
rps=298.38
p50_ms=247.551
p95_ms=326.143
p99_ms=332.799
p999_ms=333.567
err_connect=0
err_read=0
err_write=0
err_status=0
err_timeout=0
--- end ---
