Running 1m test @ http://127.0.0.1:8083/json
  2 threads and 100 connections
  Thread calibration: mean lat.: 1.278ms, rate sampling interval: 10ms
  Thread calibration: mean lat.: 1.712ms, rate sampling interval: 10ms
  Thread Stats   Avg      Stdev     Max   +/- Stdev
    Latency     1.48ms  634.66us   6.56ms   69.82%
    Req/Sec     1.05k     1.36k    5.55k    89.66%
  Latency Distribution (HdrHistogram - Recorded Latency)
 50.000%    1.42ms
 75.000%    1.85ms
 90.000%    2.27ms
 99.000%    3.48ms
 99.900%    4.45ms
 99.990%    5.91ms
 99.999%    6.35ms
100.000%    6.57ms

  Detailed Percentile spectrum:
       Value   Percentile   TotalCount 1/(1-Percentile)

       0.145     0.000000            1         1.00
       0.728     0.100000         9981         1.11
       0.922     0.200000        19929         1.25
       1.091     0.300000        29862         1.43
       1.252     0.400000        39832         1.67
       1.417     0.500000        49802         2.00
       1.496     0.550000        54781         2.22
       1.576     0.600000        59728         2.50
       1.661     0.650000        64695         2.86
       1.751     0.700000        69667         3.33
       1.846     0.750000        74640         4.00
       1.898     0.775000        77132         4.44
       1.956     0.800000        79636         5.00
       2.020     0.825000        82111         5.71
       2.097     0.850000        84587         6.67
       2.183     0.875000        87066         8.00
       2.229     0.887500        88346         8.89
       2.273     0.900000        89552        10.00
       2.323     0.912500        90810        11.43
       2.381     0.925000        92058        13.33
       2.445     0.937500        93287        16.00
       2.483     0.943750        93920        17.78
       2.527     0.950000        94531        20.00
       2.589     0.956250        95154        22.86
       2.669     0.962500        95769        26.67
       2.779     0.968750        96397        32.00
       2.839     0.971875        96702        35.56
       2.921     0.975000        97016        40.00
       3.005     0.978125        97324        45.71
       3.111     0.981250        97640        53.33
       3.227     0.984375        97946        64.00
       3.293     0.985938        98107        71.11
       3.359     0.987500        98257        80.00
       3.433     0.989062        98413        91.43
       3.505     0.990625        98571       106.67
       3.601     0.992188        98723       128.00
       3.647     0.992969        98802       142.22
       3.709     0.993750        98879       160.00
       3.763     0.994531        98956       182.86
       3.815     0.995313        99034       213.33
       3.877     0.996094        99114       256.00
       3.933     0.996484        99151       284.44
       4.015     0.996875        99190       320.00
       4.079     0.997266        99228       365.71
       4.175     0.997656        99267       426.67
       4.243     0.998047        99307       512.00
       4.283     0.998242        99328       568.89
       4.327     0.998437        99346       640.00
       4.379     0.998633        99364       731.43
       4.427     0.998828        99384       853.33
       4.459     0.999023        99404      1024.00
       4.483     0.999121        99413      1137.78
       4.531     0.999219        99424      1280.00
       4.563     0.999316        99433      1462.86
       4.583     0.999414        99442      1706.67
       4.635     0.999512        99455      2048.00
       4.647     0.999561        99459      2275.56
       4.663     0.999609        99463      2560.00
       4.699     0.999658        99466      2925.71
       4.743     0.999707        99471      3413.33
       4.795     0.999756        99476      4096.00
       4.931     0.999780        99479      4551.11
       5.035     0.999805        99481      5120.00
       5.155     0.999829        99483      5851.43
       5.615     0.999854        99486      6826.67
       5.827     0.999878        99488      8192.00
       5.911     0.999890        99490      9102.22
       5.915     0.999902        99491     10240.00
       5.923     0.999915        99492     11702.86
       5.959     0.999927        99493     13653.33
       5.975     0.999939        99494     16384.00
       6.023     0.999945        99495     18204.44
       6.107     0.999951        99496     20480.00
       6.107     0.999957        99496     23405.71
       6.115     0.999963        99497     27306.67
       6.115     0.999969        99497     32768.00
       6.307     0.999973        99498     36408.89
       6.307     0.999976        99498     40960.00
       6.307     0.999979        99498     46811.43
       6.347     0.999982        99499     54613.33
       6.347     0.999985        99499     65536.00
       6.347     0.999986        99499     72817.78
       6.347     0.999988        99499     81920.00
       6.347     0.999989        99499     93622.86
       6.567     0.999991        99500    109226.67
       6.567     1.000000        99500          inf
#[Mean    =        1.475, StdDeviation   =        0.635]
#[Max     =        6.564, Total count    =        99500]
#[Buckets =           27, SubBuckets     =         2048]
----------------------------------------------------------
  118902 requests in 1.00m, 145.03MB read
Requests/sec:   1981.64
Transfer/sec:      2.42MB

--- metrics ---
requests=118902
duration_s=60.001929
bytes=152075158
rps=1981.64
p50_ms=1.417
p95_ms=2.527
p99_ms=3.479
p999_ms=4.455
err_connect=0
err_read=0
err_write=0
err_status=0
err_timeout=0
--- end ---
