Running 1m test @ http://127.0.0.1:8083/file50k
  2 threads and 100 connections
  Thread calibration: mean lat.: 1.317ms, rate sampling interval: 10ms
  Thread calibration: mean lat.: 1.231ms, rate sampling interval: 10ms
  Thread Stats   Avg      Stdev     Max   +/- Stdev
    Latency     1.29ms  426.03us   2.79ms   65.85%
    Req/Sec   158.43     95.61   333.00     70.09%
  Latency Distribution (HdrHistogram - Recorded Latency)
 50.000%    1.28ms
 75.000%    1.59ms
 90.000%    1.84ms
 99.000%    2.33ms
 99.900%    2.62ms
 99.990%    2.74ms
 99.999%    2.79ms
100.000%    2.79ms

  Detailed Percentile spectrum:
       Value   Percentile   TotalCount 1/(1-Percentile)

       0.269     0.000000            1         1.00
       0.739     0.100000         1498         1.11
       0.892     0.200000         2980         1.25
       1.032     0.300000         4479         1.43
       1.165     0.400000         5972         1.67
       1.285     0.500000         7452         2.00
       1.343     0.550000         8203         2.22
       1.401     0.600000         8943         2.50
       1.462     0.650000         9693         2.86
       1.522     0.700000        10430         3.33
       1.588     0.750000        11184         4.00
       1.618     0.775000        11550         4.44
       1.653     0.800000        11923         5.00
       1.694     0.825000        12300         5.71
       1.736     0.850000        12673         6.67
       1.787     0.875000        13048         8.00
       1.814     0.887500        13231         8.89
       1.843     0.900000        13411        10.00
       1.881     0.912500        13599        11.43
       1.922     0.925000        13785        13.33
       1.968     0.937500        13969        16.00
       1.992     0.943750        14064        17.78
       2.023     0.950000        14155        20.00
       2.051     0.956250        14255        22.86
       2.091     0.962500        14342        26.67
       2.131     0.968750        14435        32.00
       2.149     0.971875        14485        35.56
       2.171     0.975000        14531        40.00
       2.195     0.978125        14577        45.71
       2.223     0.981250        14623        53.33
       2.257     0.984375        14668        64.00
       2.277     0.985938        14692        71.11
       2.291     0.987500        14717        80.00
       2.313     0.989062        14738        91.43
       2.335     0.990625        14764       106.67
       2.367     0.992188        14788       128.00
       2.375     0.992969        14796       142.22
       2.385     0.993750        14810       160.00
       2.401     0.994531        14819       182.86
       2.417     0.995313        14831       213.33
       2.439     0.996094        14843       256.00
       2.449     0.996484        14848       284.44
       2.459     0.996875        14854       320.00
       2.489     0.997266        14860       365.71
       2.525     0.997656        14866       426.67
       2.551     0.998047        14872       512.00
       2.559     0.998242        14874       568.89
       2.567     0.998437        14877       640.00
       2.591     0.998633        14880       731.43
       2.607     0.998828        14883       853.33
       2.625     0.999023        14886      1024.00
       2.639     0.999121        14887      1137.78
       2.647     0.999219        14890      1280.00
       2.647     0.999316        14890      1462.86
       2.653     0.999414        14892      1706.67
       2.675     0.999512        14894      2048.00
       2.675     0.999561        14894      2275.56
       2.677     0.999609        14895      2560.00
       2.677     0.999658        14895      2925.71
       2.689     0.999707        14896      3413.33
       2.703     0.999756        14897      4096.00
       2.703     0.999780        14897      4551.11
       2.713     0.999805        14898      5120.00
       2.713     0.999829        14898      5851.43
       2.713     0.999854        14898      6826.67
       2.743     0.999878        14899      8192.00
       2.743     0.999890        14899      9102.22
       2.743     0.999902        14899     10240.00
       2.743     0.999915        14899     11702.86
       2.743     0.999927        14899     13653.33
       2.787     0.999939        14900     16384.00
       2.787     1.000000        14900          inf
#[Mean    =        1.292, StdDeviation   =        0.426]
#[Max     =        2.786, Total count    =        14900]
#[Buckets =           27, SubBuckets     =         2048]
----------------------------------------------------------
  18002 requests in 1.00m, 0.86GB read
Requests/sec:    300.02
Transfer/sec:     14.73MB

--- metrics ---
requests=18002
duration_s=60.002336
bytes=926472930
rps=300.02
p50_ms=1.285
p95_ms=2.023
p99_ms=2.325
p999_ms=2.619
err_connect=0
err_read=0
err_write=0
err_status=0
err_timeout=0
--- end ---
