Running 1m test @ http://127.0.0.1:8083/file50k
  2 threads and 100 connections
  Thread calibration: mean lat.: 1.280ms, rate sampling interval: 10ms
  Thread calibration: mean lat.: 1.280ms, rate sampling interval: 10ms
  Thread Stats   Avg      Stdev     Max   +/- Stdev
    Latency     1.29ms  400.59us   2.70ms   66.42%
    Req/Sec   158.38     94.99   333.00     70.58%
  Latency Distribution (HdrHistogram - Recorded Latency)
 50.000%    1.28ms
 75.000%    1.56ms
 90.000%    1.82ms
 99.000%    2.30ms
 99.900%    2.55ms
 99.990%    2.70ms
 99.999%    2.70ms
100.000%    2.70ms

  Detailed Percentile spectrum:
       Value   Percentile   TotalCount 1/(1-Percentile)

       0.250     0.000000            1         1.00
       0.766     0.100000         1494         1.11
       0.922     0.200000         2981         1.25
       1.054     0.300000         4485         1.43
       1.171     0.400000         5968         1.67
       1.281     0.500000         7453         2.00
       1.334     0.550000         8202         2.22
       1.387     0.600000         8944         2.50
       1.442     0.650000         9692         2.86
       1.500     0.700000        10440         3.33
       1.560     0.750000        11183         4.00
       1.592     0.775000        11553         4.44
       1.631     0.800000        11920         5.00
       1.665     0.825000        12298         5.71
       1.708     0.850000        12667         6.67
       1.757     0.875000        13045         8.00
       1.784     0.887500        13224         8.89
       1.818     0.900000        13412        10.00
       1.848     0.912500        13598        11.43
       1.887     0.925000        13784        13.33
       1.929     0.937500        13973        16.00
       1.954     0.943750        14062        17.78
       1.985     0.950000        14155        20.00
       2.019     0.956250        14252        22.86
       2.051     0.962500        14343        26.67
       2.093     0.968750        14443        32.00
       2.111     0.971875        14481        35.56
       2.133     0.975000        14528        40.00
       2.161     0.978125        14575        45.71
       2.189     0.981250        14622        53.33
       2.227     0.984375        14668        64.00
       2.243     0.985938        14693        71.11
       2.259     0.987500        14715        80.00
       2.285     0.989062        14738        91.43
       2.311     0.990625        14761       106.67
       2.333     0.992188        14784       128.00
       2.349     0.992969        14797       142.22
       2.367     0.993750        14808       160.00
       2.381     0.994531        14819       182.86
       2.413     0.995313        14831       213.33
       2.429     0.996094        14842       256.00
       2.449     0.996484        14850       284.44
       2.455     0.996875        14854       320.00
       2.469     0.997266        14861       365.71
       2.483     0.997656        14866       426.67
       2.501     0.998047        14871       512.00
       2.507     0.998242        14875       568.89
       2.521     0.998437        14877       640.00
       2.523     0.998633        14880       731.43
       2.535     0.998828        14883       853.33
       2.547     0.999023        14886      1024.00
       2.551     0.999121        14887      1137.78
       2.555     0.999219        14889      1280.00
       2.561     0.999316        14890      1462.86
       2.571     0.999414        14892      1706.67
       2.599     0.999512        14893      2048.00
       2.603     0.999561        14894      2275.56
       2.607     0.999609        14895      2560.00
       2.607     0.999658        14895      2925.71
       2.621     0.999707        14896      3413.33
       2.639     0.999756        14897      4096.00
       2.639     0.999780        14897      4551.11
       2.693     0.999805        14898      5120.00
       2.693     0.999829        14898      5851.43
       2.693     0.999854        14898      6826.67
       2.699     0.999878        14899      8192.00
       2.699     0.999890        14899      9102.22
       2.699     0.999902        14899     10240.00
       2.699     0.999915        14899     11702.86
       2.699     0.999927        14899     13653.33
       2.701     0.999939        14900     16384.00
       2.701     1.000000        14900          inf
#[Mean    =        1.292, StdDeviation   =        0.401]
#[Max     =        2.700, Total count    =        14900]
#[Buckets =           27, SubBuckets     =         2048]
----------------------------------------------------------
  18002 requests in 1.00m, 0.86GB read
Requests/sec:    300.02
Transfer/sec:     14.73MB

--- metrics ---
requests=18002
duration_s=60.003000
bytes=926472930
rps=300.02
p50_ms=1.281
p95_ms=1.985
p99_ms=2.303
p999_ms=2.545
err_connect=0
err_read=0
err_write=0
err_status=0
err_timeout=0
--- end ---
