Running 1m test @ http://127.0.0.1:8080/json
  2 threads and 100 connections
  Thread calibration: mean lat.: 1953.166ms, rate sampling interval: 9633ms
  Thread calibration: mean lat.: 1954.236ms, rate sampling interval: 9641ms
  Thread Stats   Avg      Stdev     Max   +/- Stdev
    Latency     1.31ms  507.61us   4.36ms   67.23%
    Req/Sec     1.00k     0.46     1.00k   100.00%
  Latency Distribution (HdrHistogram - Recorded Latency)
 50.000%    1.24ms
 75.000%    1.64ms
 90.000%    2.03ms
 99.000%    2.65ms
 99.900%    3.15ms
 99.990%    3.84ms
 99.999%    4.22ms
100.000%    4.37ms

  Detailed Percentile spectrum:
       Value   Percentile   TotalCount 1/(1-Percentile)

       0.183     0.000000            1         1.00
       0.715     0.100000         9998         1.11
       0.860     0.200000        19904         1.25
       0.986     0.300000        29856         1.43
       1.110     0.400000        39800         1.67
       1.240     0.500000        49801         2.00
       1.305     0.550000        54749         2.22
       1.376     0.600000        59742         2.50
       1.454     0.650000        64709         2.86
       1.541     0.700000        69711         3.33
       1.636     0.750000        74636         4.00
       1.689     0.775000        77156         4.44
       1.747     0.800000        79637         5.00
       1.807     0.825000        82115         5.71
       1.872     0.850000        84581         6.67
       1.944     0.875000        87079         8.00
       1.984     0.887500        88313         8.89
       2.028     0.900000        89567        10.00
       2.075     0.912500        90822        11.43
       2.127     0.925000        92058        13.33
       2.183     0.937500        93285        16.00
       2.219     0.943750        93928        17.78
       2.255     0.950000        94531        20.00
       2.297     0.956250        95171        22.86
       2.337     0.962500        95779        26.67
       2.387     0.968750        96401        32.00
       2.417     0.971875        96711        35.56
       2.449     0.975000        97035        40.00
       2.483     0.978125        97328        45.71
       2.517     0.981250        97638        53.33
       2.555     0.984375        97961        64.00
       2.579     0.985938        98106        71.11
       2.603     0.987500        98265        80.00
       2.629     0.989062        98419        91.43
       2.657     0.990625        98569       106.67
       2.697     0.992188        98728       128.00
       2.719     0.992969        98803       142.22
       2.743     0.993750        98881       160.00
       2.771     0.994531        98957       182.86
       2.801     0.995313        99035       213.33
       2.849     0.996094        99115       256.00
       2.871     0.996484        99151       284.44
       2.891     0.996875        99193       320.00
       2.917     0.997266        99230       365.71
       2.947     0.997656        99267       426.67
       2.979     0.998047        99308       512.00
       2.999     0.998242        99327       568.89
       3.025     0.998437        99346       640.00
       3.061     0.998633        99364       731.43
       3.101     0.998828        99386       853.33
       3.153     0.999023        99404      1024.00
       3.171     0.999121        99414      1137.78
       3.197     0.999219        99423      1280.00
       3.215     0.999316        99432      1462.86
       3.255     0.999414        99442      1706.67
       3.341     0.999512        99452      2048.00
       3.393     0.999561        99457      2275.56
       3.421     0.999609        99462      2560.00
       3.455     0.999658        99466      2925.71
       3.481     0.999707        99471      3413.33
       3.555     0.999756        99476      4096.00
       3.625     0.999780        99479      4551.11
       3.637     0.999805        99481      5120.00
       3.667     0.999829        99483      5851.43
       3.747     0.999854        99486      6826.67
       3.815     0.999878        99488      8192.00
       3.841     0.999890        99490      9102.22
       3.877     0.999902        99491     10240.00
       3.891     0.999915        99492     11702.86
       3.919     0.999927        99493     13653.33
       3.923     0.999939        99494     16384.00
       3.955     0.999945        99495     18204.44
       3.979     0.999951        99496     20480.00
       3.979     0.999957        99496     23405.71
       4.143     0.999963        99497     27306.67
       4.143     0.999969        99497     32768.00
       4.207     0.999973        99498     36408.89
       4.207     0.999976        99498     40960.00
       4.207     0.999979        99498     46811.43
       4.219     0.999982        99499     54613.33
       4.219     0.999985        99499     65536.00
       4.219     0.999986        99499     72817.78
       4.219     0.999988        99499     81920.00
       4.219     0.999989        99499     93622.86
       4.367     0.999991        99500    109226.67
       4.367     1.000000        99500          inf
#[Mean    =        1.313, StdDeviation   =        0.508]
#[Max     =        4.364, Total count    =        99500]
#[Buckets =           27, SubBuckets     =         2048]
----------------------------------------------------------
  119802 requests in 1.00m, 132.30MB read
Requests/sec:   1996.63
Transfer/sec:      2.20MB

--- metrics ---
requests=119802
duration_s=60.002080
bytes=138730716
rps=1996.63
p50_ms=1.240
p95_ms=2.255
p99_ms=2.647
p999_ms=3.149
err_connect=0
err_read=0
err_write=0
err_status=0
err_timeout=0
--- end ---
