Running 1m test @ http://127.0.0.1:8084/json
  2 threads and 100 connections
  Thread calibration: mean lat.: 1.314ms, rate sampling interval: 10ms
  Thread calibration: mean lat.: 1.568ms, rate sampling interval: 10ms
  Thread Stats   Avg      Stdev     Max   +/- Stdev
    Latency     1.46ms  640.66us  27.57ms   66.82%
    Req/Sec     1.05k     1.30k    5.55k    89.02%
  Latency Distribution (HdrHistogram - Recorded Latency)
 50.000%    1.37ms
 75.000%    1.85ms
 90.000%    2.37ms
 99.000%    3.12ms
 99.900%    3.97ms
 99.990%    5.53ms
 99.999%    8.27ms
100.000%   27.58ms

  Detailed Percentile spectrum:
       Value   Percentile   TotalCount 1/(1-Percentile)

       0.150     0.000000            1         1.00
       0.709     0.100000         9987         1.11
       0.884     0.200000        19916         1.25
       1.042     0.300000        29873         1.43
       1.205     0.400000        39844         1.67
       1.368     0.500000        49809         2.00
       1.454     0.550000        54738         2.22
       1.544     0.600000        59729         2.50
       1.636     0.650000        64716         2.86
       1.733     0.700000        69675         3.33
       1.851     0.750000        74647         4.00
       1.922     0.775000        77116         4.44
       1.999     0.800000        79614         5.00
       2.085     0.825000        82127         5.71
       2.179     0.850000        84605         6.67
       2.275     0.875000        87094         8.00
       2.321     0.887500        88354         8.89
       2.367     0.900000        89562        10.00
       2.417     0.912500        90826        11.43
       2.467     0.925000        92058        13.33
       2.523     0.937500        93312        16.00
       2.557     0.943750        93934        17.78
       2.597     0.950000        94533        20.00
       2.643     0.956250        95162        22.86
       2.697     0.962500        95786        26.67
       2.763     0.968750        96410        32.00
       2.801     0.971875        96718        35.56
       2.839     0.975000        97020        40.00
       2.887     0.978125        97328        45.71
       2.937     0.981250        97646        53.33
       2.987     0.984375        97950        64.00
       3.021     0.985938        98107        71.11
       3.057     0.987500        98259        80.00
       3.095     0.989062        98414        91.43
       3.141     0.990625        98574       106.67
       3.187     0.992188        98724       128.00
       3.215     0.992969        98807       142.22
       3.249     0.993750        98880       160.00
       3.289     0.994531        98958       182.86
       3.339     0.995313        99035       213.33
       3.407     0.996094        99114       256.00
       3.433     0.996484        99153       284.44
       3.481     0.996875        99190       320.00
       3.529     0.997266        99229       365.71
       3.589     0.997656        99269       426.67
       3.663     0.998047        99306       512.00
       3.709     0.998242        99326       568.89
       3.759     0.998437        99345       640.00
       3.819     0.998633        99364       731.43
       3.889     0.998828        99384       853.33
       4.009     0.999023        99403      1024.00
       4.115     0.999121        99414      1137.78
       4.191     0.999219        99424      1280.00
       4.255     0.999316        99432      1462.86
       4.347     0.999414        99442      1706.67
       4.483     0.999512        99453      2048.00
       4.527     0.999561        99457      2275.56
       4.615     0.999609        99462      2560.00
       4.815     0.999658        99466      2925.71
       4.883     0.999707        99471      3413.33
       4.923     0.999756        99476      4096.00
       5.039     0.999780        99479      4551.11
       5.059     0.999805        99481      5120.00
       5.115     0.999829        99483      5851.43
       5.283     0.999854        99487      6826.67
       5.359     0.999878        99488      8192.00
       5.531     0.999890        99490      9102.22
       5.587     0.999902        99491     10240.00
       5.647     0.999915        99492     11702.86
       5.727     0.999927        99493     13653.33
       5.811     0.999939        99494     16384.00
       5.943     0.999945        99495     18204.44
       5.995     0.999951        99496     20480.00
       5.995     0.999957        99496     23405.71
       6.075     0.999963        99497     27306.67
       6.075     0.999969        99497     32768.00
       6.083     0.999973        99498     36408.89
       6.083     0.999976        99498     40960.00
       6.083     0.999979        99498     46811.43
       8.271     0.999982        99499     54613.33
       8.271     0.999985        99499     65536.00
       8.271     0.999986        99499     72817.78
       8.271     0.999988        99499     81920.00
       8.271     0.999989        99499     93622.86
      27.583     0.999991        99500    109226.67
      27.583     1.000000        99500          inf
#[Mean    =        1.458, StdDeviation   =        0.641]
#[Max     =       27.568, Total count    =        99500]
#[Buckets =           27, SubBuckets     =         2048]
----------------------------------------------------------
  118905 requests in 1.00m, 128.59MB read
Requests/sec:   1981.67
Transfer/sec:      2.14MB

--- metrics ---
requests=118905
duration_s=60.002310
bytes=134838270
rps=1981.67
p50_ms=1.368
p95_ms=2.597
p99_ms=3.119
p999_ms=3.967
err_connect=0
err_read=0
err_write=0
err_status=0
err_timeout=0
--- end ---
