Running 1m test @ http://127.0.0.1:8083/file1m
  2 threads and 50 connections
  Thread calibration: mean lat.: 2.625ms, rate sampling interval: 10ms
  Thread calibration: mean lat.: 2.651ms, rate sampling interval: 10ms
  Thread Stats   Avg      Stdev     Max   +/- Stdev
    Latency     2.64ms  475.23us   4.17ms   66.98%
    Req/Sec    25.74     68.58   333.00     87.29%
  Latency Distribution (HdrHistogram - Recorded Latency)
 50.000%    2.62ms
 75.000%    2.94ms
 90.000%    3.27ms
 99.000%    3.85ms
 99.900%    4.05ms
 99.990%    4.18ms
 99.999%    4.18ms
100.000%    4.18ms

  Detailed Percentile spectrum:
       Value   Percentile   TotalCount 1/(1-Percentile)

       1.353     0.000000            1         1.00
       2.019     0.100000          246         1.11
       2.211     0.200000          490         1.25
       2.361     0.300000          739         1.43
       2.489     0.400000          984         1.67
       2.619     0.500000         1225         2.00
       2.671     0.550000         1349         2.22
       2.729     0.600000         1474         2.50
       2.797     0.650000         1594         2.86
       2.861     0.700000         1718         3.33
       2.941     0.750000         1839         4.00
       2.989     0.775000         1905         4.44
       3.023     0.800000         1960         5.00
       3.077     0.825000         2022         5.71
       3.127     0.850000         2085         6.67
       3.191     0.875000         2144         8.00
       3.235     0.887500         2177         8.89
       3.267     0.900000         2206        10.00
       3.315     0.912500         2239        11.43
       3.357     0.925000         2267        13.33
       3.419     0.937500         2297        16.00
       3.461     0.943750         2313        17.78
       3.489     0.950000         2329        20.00
       3.517     0.956250         2343        22.86
       3.551     0.962500         2359        26.67
       3.621     0.968750         2374        32.00
       3.659     0.971875         2382        35.56
       3.695     0.975000         2390        40.00
       3.715     0.978125         2397        45.71
       3.747     0.981250         2405        53.33
       3.759     0.984375         2413        64.00
       3.785     0.985938         2416        71.11
       3.805     0.987500         2420        80.00
       3.839     0.989062         2424        91.43
       3.867     0.990625         2428       106.67
       3.893     0.992188         2431       128.00
       3.901     0.992969         2433       142.22
       3.913     0.993750         2435       160.00
       3.931     0.994531         2437       182.86
       3.949     0.995313         2439       213.33
       3.957     0.996094         2441       256.00
       3.965     0.996484         2442       284.44
       3.971     0.996875         2443       320.00
       3.975     0.997266         2444       365.71
       3.991     0.997656         2445       426.67
       4.019     0.998047         2446       512.00
       4.019     0.998242         2446       568.89
       4.023     0.998437         2447       640.00
       4.023     0.998633         2447       731.43
       4.051     0.998828         2448       853.33
       4.051     0.999023         2448      1024.00
       4.051     0.999121         2448      1137.78
       4.075     0.999219         2449      1280.00
       4.075     0.999316         2449      1462.86
       4.075     0.999414         2449      1706.67
       4.075     0.999512         2449      2048.00
       4.075     0.999561         2449      2275.56
       4.175     0.999609         2450      2560.00
       4.175     1.000000         2450          inf
#[Mean    =        2.636, StdDeviation   =        0.475]
#[Max     =        4.172, Total count    =         2450]
#[Buckets =           27, SubBuckets     =         2048]
----------------------------------------------------------
  3002 requests in 1.00m, 2.93GB read
Requests/sec:     50.03
Transfer/sec:     50.04MB

--- metrics ---
requests=3002
duration_s=60.003477
bytes=3148632690
rps=50.03
p50_ms=2.619
p95_ms=3.489
p99_ms=3.851
p999_ms=4.051
err_connect=0
err_read=0
err_write=0
err_status=0
err_timeout=0
--- end ---
