Running 1m test @ http://127.0.0.1:8084/file1m
  2 threads and 50 connections
  Thread calibration: mean lat.: 2.956ms, rate sampling interval: 10ms
  Thread calibration: mean lat.: 3.036ms, rate sampling interval: 10ms
  Thread Stats   Avg      Stdev     Max   +/- Stdev
    Latency     2.95ms  539.57us   5.11ms   68.12%
    Req/Sec    25.87     69.23   333.00     87.23%
  Latency Distribution (HdrHistogram - Recorded Latency)
 50.000%    2.94ms
 75.000%    3.31ms
 90.000%    3.61ms
 99.000%    4.22ms
 99.900%    5.01ms
 99.990%    5.11ms
 99.999%    5.11ms
100.000%    5.11ms

  Detailed Percentile spectrum:
       Value   Percentile   TotalCount 1/(1-Percentile)

       1.361     0.000000            1         1.00
       2.257     0.100000          247         1.11
       2.489     0.200000          491         1.25
       2.671     0.300000          736         1.43
       2.817     0.400000          982         1.67
       2.945     0.500000         1227         2.00
       3.027     0.550000         1349         2.22
       3.085     0.600000         1470         2.50
       3.149     0.650000         1598         2.86
       3.221     0.700000         1719         3.33
       3.309     0.750000         1838         4.00
       3.357     0.775000         1900         4.44
       3.411     0.800000         1966         5.00
       3.457     0.825000         2022         5.71
       3.505     0.850000         2086         6.67
       3.553     0.875000         2146         8.00
       3.583     0.887500         2177         8.89
       3.613     0.900000         2205        10.00
       3.659     0.912500         2236        11.43
       3.699     0.925000         2267        13.33
       3.757     0.937500         2297        16.00
       3.783     0.943750         2314        17.78
       3.815     0.950000         2328        20.00
       3.865     0.956250         2343        22.86
       3.907     0.962500         2360        26.67
       3.959     0.968750         2374        32.00
       3.991     0.971875         2382        35.56
       4.023     0.975000         2389        40.00
       4.047     0.978125         2397        45.71
       4.069     0.981250         2405        53.33
       4.111     0.984375         2412        64.00
       4.139     0.985938         2416        71.11
       4.163     0.987500         2421        80.00
       4.211     0.989062         2425        91.43
       4.227     0.990625         2429       106.67
       4.279     0.992188         2431       128.00
       4.319     0.992969         2433       142.22
       4.327     0.993750         2435       160.00
       4.383     0.994531         2438       182.86
       4.411     0.995313         2439       213.33
       4.487     0.996094         2441       256.00
       4.551     0.996484         2442       284.44
       4.603     0.996875         2443       320.00
       4.607     0.997266         2444       365.71
       4.643     0.997656         2445       426.67
       4.647     0.998047         2446       512.00
       4.647     0.998242         2446       568.89
       4.907     0.998437         2447       640.00
       4.907     0.998633         2447       731.43
       5.007     0.998828         2448       853.33
       5.007     0.999023         2448      1024.00
       5.007     0.999121         2448      1137.78
       5.095     0.999219         2449      1280.00
       5.095     0.999316         2449      1462.86
       5.095     0.999414         2449      1706.67
       5.095     0.999512         2449      2048.00
       5.095     0.999561         2449      2275.56
       5.115     0.999609         2450      2560.00
       5.115     1.000000         2450          inf
#[Mean    =        2.948, StdDeviation   =        0.540]
#[Max     =        5.112, Total count    =         2450]
#[Buckets =           27, SubBuckets     =         2048]
----------------------------------------------------------
  3002 requests in 1.00m, 2.93GB read
Requests/sec:     50.03
Transfer/sec:     50.04MB

--- metrics ---
requests=3002
duration_s=60.003999
bytes=3148242430
rps=50.03
p50_ms=2.945
p95_ms=3.815
p99_ms=4.219
p999_ms=5.007
err_connect=0
err_read=0
err_write=0
err_status=0
err_timeout=0
--- end ---
