Running 1m test @ http://127.0.0.1:8081/file50k
  2 threads and 100 connections
  Thread calibration: mean lat.: 1.480ms, rate sampling interval: 10ms
  Thread calibration: mean lat.: 2.545ms, rate sampling interval: 10ms
  Thread Stats   Avg      Stdev     Max   +/- Stdev
    Latency     1.88ms    0.87ms  24.27ms   74.34%
    Req/Sec   158.46    552.42     5.55k    97.69%
  Latency Distribution (HdrHistogram - Recorded Latency)
 50.000%    1.68ms
 75.000%    2.28ms
 90.000%    3.11ms
 99.000%    4.41ms
 99.900%    5.70ms
 99.990%   19.98ms
 99.999%   24.29ms
100.000%   24.29ms

  Detailed Percentile spectrum:
       Value   Percentile   TotalCount 1/(1-Percentile)

       0.334     0.000000            1         1.00
       0.998     0.100000         1491         1.11
       1.209     0.200000         2984         1.25
       1.382     0.300000         4472         1.43
       1.538     0.400000         5966         1.67
       1.683     0.500000         7459         2.00
       1.762     0.550000         8204         2.22
       1.854     0.600000         8948         2.50
       1.965     0.650000         9688         2.86
       2.107     0.700000        10436         3.33
       2.279     0.750000        11178         4.00
       2.379     0.775000        11552         4.44
       2.487     0.800000        11924         5.00
       2.613     0.825000        12293         5.71
       2.755     0.850000        12669         6.67
       2.925     0.875000        13040         8.00
       3.021     0.887500        13227         8.89
       3.109     0.900000        13411        10.00
       3.201     0.912500        13597        11.43
       3.301     0.925000        13785        13.33
       3.427     0.937500        13970        16.00
       3.501     0.943750        14062        17.78
       3.563     0.950000        14155        20.00
       3.641     0.956250        14250        22.86
       3.725     0.962500        14343        26.67
       3.829     0.968750        14435        32.00
       3.887     0.971875        14481        35.56
       3.949     0.975000        14529        40.00
       4.031     0.978125        14576        45.71
       4.123     0.981250        14622        53.33
       4.235     0.984375        14671        64.00
       4.279     0.985938        14693        71.11
       4.315     0.987500        14714        80.00
       4.375     0.989062        14738        91.43
       4.451     0.990625        14761       106.67
       4.519     0.992188        14784       128.00
       4.559     0.992969        14797       142.22
       4.599     0.993750        14807       160.00
       4.671     0.994531        14819       182.86
       4.743     0.995313        14831       213.33
       4.799     0.996094        14842       256.00
       4.911     0.996484        14848       284.44
       5.007     0.996875        14854       320.00
       5.087     0.997266        14860       365.71
       5.195     0.997656        14866       426.67
       5.279     0.998047        14871       512.00
       5.295     0.998242        14874       568.89
       5.363     0.998437        14877       640.00
       5.451     0.998633        14880       731.43
       5.631     0.998828        14883       853.33
       5.695     0.999023        14886      1024.00
       5.755     0.999121        14887      1137.78
       5.911     0.999219        14889      1280.00
       5.943     0.999316        14890      1462.86
       6.071     0.999414        14892      1706.67
       6.079     0.999512        14894      2048.00
       6.079     0.999561        14894      2275.56
       6.475     0.999609        14895      2560.00
       6.475     0.999658        14895      2925.71
       8.647     0.999707        14896      3413.33
       9.063     0.999756        14897      4096.00
       9.063     0.999780        14897      4551.11
       9.087     0.999805        14898      5120.00
       9.087     0.999829        14898      5851.43
       9.087     0.999854        14898      6826.67
      19.983     0.999878        14899      8192.00
      19.983     0.999890        14899      9102.22
      19.983     0.999902        14899     10240.00
      19.983     0.999915        14899     11702.86
      19.983     0.999927        14899     13653.33
      24.287     0.999939        14900     16384.00
      24.287     1.000000        14900          inf
#[Mean    =        1.884, StdDeviation   =        0.868]
#[Max     =       24.272, Total count    =        14900]
#[Buckets =           27, SubBuckets     =         2048]
----------------------------------------------------------
  17852 requests in 1.00m, 0.85GB read
Requests/sec:    297.52
Transfer/sec:     14.57MB

--- metrics ---
requests=17852
duration_s=60.002842
bytes=916825164
rps=297.52
p50_ms=1.683
p95_ms=3.563
p99_ms=4.415
p999_ms=5.695
err_connect=0
err_read=0
err_write=0
err_status=0
err_timeout=0
--- end ---
