Running 1m test @ http://127.0.0.1:8080/file50k
  2 threads and 100 connections
  Thread calibration: mean lat.: 1.464ms, rate sampling interval: 10ms
  Thread calibration: mean lat.: 1.465ms, rate sampling interval: 10ms
  Thread Stats   Avg      Stdev     Max   +/- Stdev
    Latency     1.48ms  386.89us   3.46ms   67.30%
    Req/Sec   158.50     95.58   333.00     70.86%
  Latency Distribution (HdrHistogram - Recorded Latency)
 50.000%    1.47ms
 75.000%    1.73ms
 90.000%    2.00ms
 99.000%    2.47ms
 99.900%    2.88ms
 99.990%    3.30ms
 99.999%    3.46ms
100.000%    3.46ms

  Detailed Percentile spectrum:
       Value   Percentile   TotalCount 1/(1-Percentile)

       0.464     0.000000            1         1.00
       0.989     0.100000         1497         1.11
       1.135     0.200000         2980         1.25
       1.257     0.300000         4472         1.43
       1.367     0.400000         5962         1.67
       1.467     0.500000         7461         2.00
       1.515     0.550000         8196         2.22
       1.562     0.600000         8940         2.50
       1.613     0.650000         9686         2.86
       1.669     0.700000        10435         3.33
       1.728     0.750000        11180         4.00
       1.762     0.775000        11552         4.44
       1.800     0.800000        11925         5.00
       1.837     0.825000        12293         5.71
       1.883     0.850000        12671         6.67
       1.939     0.875000        13041         8.00
       1.967     0.887500        13225         8.89
       2.002     0.900000        13410        10.00
       2.038     0.912500        13602        11.43
       2.073     0.925000        13784        13.33
       2.117     0.937500        13974        16.00
       2.141     0.943750        14065        17.78
       2.173     0.950000        14160        20.00
       2.201     0.956250        14249        22.86
       2.239     0.962500        14344        26.67
       2.283     0.968750        14438        32.00
       2.305     0.971875        14482        35.56
       2.327     0.975000        14528        40.00
       2.355     0.978125        14575        45.71
       2.377     0.981250        14624        53.33
       2.409     0.984375        14671        64.00
       2.429     0.985938        14693        71.11
       2.441     0.987500        14714        80.00
       2.463     0.989062        14738        91.43
       2.483     0.990625        14761       106.67
       2.511     0.992188        14787       128.00
       2.523     0.992969        14796       142.22
       2.533     0.993750        14807       160.00
       2.553     0.994531        14820       182.86
       2.567     0.995313        14831       213.33
       2.589     0.996094        14842       256.00
       2.603     0.996484        14848       284.44
       2.629     0.996875        14855       320.00
       2.639     0.997266        14860       365.71
       2.653     0.997656        14867       426.67
       2.667     0.998047        14873       512.00
       2.669     0.998242        14874       568.89
       2.691     0.998437        14877       640.00
       2.751     0.998633        14880       731.43
       2.819     0.998828        14883       853.33
       2.893     0.999023        14886      1024.00
       2.927     0.999121        14888      1137.78
       2.945     0.999219        14889      1280.00
       2.949     0.999316        14890      1462.86
       3.017     0.999414        14892      1706.67
       3.035     0.999512        14893      2048.00
       3.061     0.999561        14894      2275.56
       3.091     0.999609        14895      2560.00
       3.091     0.999658        14895      2925.71
       3.105     0.999707        14896      3413.33
       3.145     0.999756        14897      4096.00
       3.145     0.999780        14897      4551.11
       3.293     0.999805        14898      5120.00
       3.293     0.999829        14898      5851.43
       3.293     0.999854        14898      6826.67
       3.297     0.999878        14899      8192.00
       3.297     0.999890        14899      9102.22
       3.297     0.999902        14899     10240.00
       3.297     0.999915        14899     11702.86
       3.297     0.999927        14899     13653.33
       3.463     0.999939        14900     16384.00
       3.463     1.000000        14900          inf
#[Mean    =        1.484, StdDeviation   =        0.387]
#[Max     =        3.462, Total count    =        14900]
#[Buckets =           27, SubBuckets     =         2048]
----------------------------------------------------------
  18002 requests in 1.00m, 0.86GB read
Requests/sec:    300.02
Transfer/sec:     14.69MB

--- metrics ---
requests=18002
duration_s=60.003184
bytes=924276686
rps=300.02
p50_ms=1.467
p95_ms=2.173
p99_ms=2.473
p999_ms=2.879
err_connect=0
err_read=0
err_write=0
err_status=0
err_timeout=0
--- end ---
