Running 1m test @ http://127.0.0.1:8082/file50k
  2 threads and 100 connections
  Thread calibration: mean lat.: 2499.356ms, rate sampling interval: 11083ms
  Thread calibration: mean lat.: 2492.652ms, rate sampling interval: 11083ms
  Thread Stats   Avg      Stdev     Max   +/- Stdev
    Latency     3.13ms    8.46ms 164.48ms   99.09%
    Req/Sec   149.50      0.87   150.00    100.00%
  Latency Distribution (HdrHistogram - Recorded Latency)
 50.000%    2.20ms
 75.000%    2.81ms
 90.000%    3.85ms
 99.000%   10.44ms
 99.900%  143.87ms
 99.990%  161.66ms
 99.999%  164.61ms
100.000%  164.61ms

  Detailed Percentile spectrum:
       Value   Percentile   TotalCount 1/(1-Percentile)

       0.449     0.000000            1         1.00
       1.431     0.100000         1492         1.11
       1.678     0.200000         2986         1.25
       1.868     0.300000         4478         1.43
       2.034     0.400000         5968         1.67
       2.203     0.500000         7467         2.00
       2.293     0.550000         8199         2.22
       2.401     0.600000         8947         2.50
       2.513     0.650000         9691         2.86
       2.643     0.700000        10441         3.33
       2.805     0.750000        11180         4.00
       2.909     0.775000        11557         4.44
       3.023     0.800000        11921         5.00
       3.175     0.825000        12294         5.71
       3.343     0.850000        12668         6.67
       3.565     0.875000        13040         8.00
       3.705     0.887500        13225         8.89
       3.853     0.900000        13411        10.00
       4.035     0.912500        13599        11.43
       4.251     0.925000        13786        13.33
       4.475     0.937500        13972        16.00
       4.607     0.943750        14063        17.78
       4.759     0.950000        14156        20.00
       5.035     0.956250        14252        22.86
       5.379     0.962500        14344        26.67
       6.299     0.968750        14436        32.00
       7.131     0.971875        14482        35.56
       7.771     0.975000        14529        40.00
       8.167     0.978125        14576        45.71
       8.463     0.981250        14622        53.33
       8.783     0.984375        14674        64.00
       8.919     0.985938        14693        71.11
       9.103     0.987500        14715        80.00
       9.407     0.989062        14739        91.43
      11.383     0.990625        14762       106.67
      12.527     0.992188        14785       128.00
      13.047     0.992969        14797       142.22
      26.847     0.993750        14808       160.00
      47.423     0.994531        14820       182.86
      64.319     0.995313        14832       213.33
      84.607     0.996094        14843       256.00
      94.143     0.996484        14849       284.44
     104.831     0.996875        14855       320.00
     115.135     0.997266        14861       365.71
     122.943     0.997656        14867       426.67
     127.935     0.998047        14872       512.00
     131.967     0.998242        14875       568.89
     135.679     0.998437        14878       640.00
     138.751     0.998633        14881       731.43
     142.079     0.998828        14884       853.33
     145.663     0.999023        14887      1024.00
     148.223     0.999121        14888      1137.78
     150.271     0.999219        14890      1280.00
     151.807     0.999316        14891      1462.86
     153.471     0.999414        14893      1706.67
     154.495     0.999512        14894      2048.00
     156.415     0.999561        14895      2275.56
     156.927     0.999609        14896      2560.00
     156.927     0.999658        14896      2925.71
     157.695     0.999707        14897      3413.33
     159.615     0.999756        14898      4096.00
     159.615     0.999780        14898      4551.11
     160.895     0.999805        14899      5120.00
     160.895     0.999829        14899      5851.43
     160.895     0.999854        14899      6826.67
     161.663     0.999878        14900      8192.00
     161.663     0.999890        14900      9102.22
     161.663     0.999902        14900     10240.00
     161.663     0.999915        14900     11702.86
     161.663     0.999927        14900     13653.33
     164.607     0.999939        14901     16384.00
     164.607     1.000000        14901          inf
#[Mean    =        3.126, StdDeviation   =        8.458]
#[Max     =      164.480, Total count    =        14901]
#[Buckets =           27, SubBuckets     =         2048]
----------------------------------------------------------
  18001 requests in 1.00m, 0.86GB read
  Socket errors: connect 0, read 0, write 0, timeout 259
Requests/sec:    298.74
Transfer/sec:     14.63MB

--- metrics ---
requests=18001
duration_s=60.256534
bytes=924459356
rps=298.74
p50_ms=2.203
p95_ms=4.759
p99_ms=10.439
p999_ms=143.871
err_connect=0
err_read=0
err_write=0
err_status=0
err_timeout=259
--- end ---
