Running 30s test @ http://127.0.0.1:18083/json
  2 threads and 100 connections
  Thread calibration: mean lat.: 1.630ms, rate sampling interval: 10ms
  Thread calibration: mean lat.: 1.636ms, rate sampling interval: 10ms
  Thread Stats   Avg      Stdev     Max   +/- Stdev
    Latency     1.65ms  792.19us   7.75ms   75.07%
    Req/Sec     1.05k   168.14     1.67k    82.79%
  Latency Distribution (HdrHistogram - Recorded Latency)
 50.000%    1.50ms
 75.000%    1.97ms
 90.000%    2.70ms
 99.000%    4.25ms
 99.900%    5.07ms
 99.990%    5.78ms
 99.999%    7.76ms
100.000%    7.76ms

  Detailed Percentile spectrum:
       Value   Percentile   TotalCount 1/(1-Percentile)

       0.228     0.000000            1         1.00
       0.818     0.100000         3959         1.11
       1.020     0.200000         7908         1.25
       1.192     0.300000        11855         1.43
       1.350     0.400000        15812         1.67
       1.502     0.500000        19769         2.00
       1.582     0.550000        21730         2.22
       1.663     0.600000        23715         2.50
       1.751     0.650000        25694         2.86
       1.852     0.700000        27663         3.33
       1.966     0.750000        29626         4.00
       2.037     0.775000        30624         4.44
       2.119     0.800000        31607         5.00
       2.209     0.825000        32589         5.71
       2.333     0.850000        33583         6.67
       2.491     0.875000        34574         8.00
       2.583     0.887500        35057         8.89
       2.705     0.900000        35558        10.00
       2.847     0.912500        36049        11.43
       3.003     0.925000        36547        13.33
       3.183     0.937500        37038        16.00
       3.265     0.943750        37281        17.78
       3.355     0.950000        37528        20.00
       3.451     0.956250        37777        22.86
       3.551     0.962500        38022        26.67
       3.659     0.968750        38268        32.00
       3.727     0.971875        38391        35.56
       3.801     0.975000        38514        40.00
       3.867     0.978125        38641        45.71
       3.949     0.981250        38762        53.33
       4.041     0.984375        38888        64.00
       4.107     0.985938        38945        71.11
       4.155     0.987500        39009        80.00
       4.215     0.989062        39068        91.43
       4.279     0.990625        39130       106.67
       4.355     0.992188        39193       128.00
       4.407     0.992969        39224       142.22
       4.451     0.993750        39256       160.00
       4.491     0.994531        39287       182.86
       4.559     0.995313        39318       213.33
       4.607     0.996094        39348       256.00
       4.639     0.996484        39362       284.44
       4.679     0.996875        39380       320.00
       4.723     0.997266        39392       365.71
       4.787     0.997656        39409       426.67
       4.827     0.998047        39424       512.00
       4.863     0.998242        39431       568.89
       4.915     0.998437        39439       640.00
       4.959     0.998633        39446       731.43
       5.011     0.998828        39454       853.33
       5.071     0.999023        39462      1024.00
       5.091     0.999121        39467      1137.78
       5.127     0.999219        39471      1280.00
       5.131     0.999316        39473      1462.86
       5.151     0.999414        39477      1706.67
       5.195     0.999512        39481      2048.00
       5.227     0.999561        39483      2275.56
       5.235     0.999609        39485      2560.00
       5.275     0.999658        39487      2925.71
       5.339     0.999707        39489      3413.33
       5.399     0.999756        39491      4096.00
       5.419     0.999780        39492      4551.11
       5.435     0.999805        39493      5120.00
       5.535     0.999829        39494      5851.43
       5.691     0.999854        39495      6826.67
       5.775     0.999878        39496      8192.00
       5.775     0.999890        39496      9102.22
       5.807     0.999902        39497     10240.00
       5.807     0.999915        39497     11702.86
       6.007     0.999927        39498     13653.33
       6.007     0.999939        39498     16384.00
       6.007     0.999945        39498     18204.44
       6.343     0.999951        39499     20480.00
       6.343     0.999957        39499     23405.71
       6.343     0.999963        39499     27306.67
       6.343     0.999969        39499     32768.00
       6.343     0.999973        39499     36408.89
       7.755     0.999976        39500     40960.00
       7.755     1.000000        39500          inf
#[Mean    =        1.651, StdDeviation   =        0.792]
#[Max     =        7.752, Total count    =        39500]
#[Buckets =           27, SubBuckets     =         2048]
----------------------------------------------------------
  59802 requests in 30.00s, 66.04MB read
Requests/sec:   1993.24
Transfer/sec:      2.20MB

--- metrics ---
requests=59802
duration_s=30.002399
bytes=69250716
rps=1993.24
p50_ms=1.502
p95_ms=3.355
p99_ms=4.251
p999_ms=5.067
err_connect=0
err_read=0
err_write=0
err_status=0
err_timeout=0
--- end ---
