Running 30s test @ http://127.0.0.1:8080/file1m
  2 threads and 50 connections
  Thread calibration: mean lat.: 27.740ms, rate sampling interval: 93ms
  Thread calibration: mean lat.: 26.667ms, rate sampling interval: 94ms
  Thread Stats   Avg      Stdev     Max   +/- Stdev
    Latency     9.67ms   14.30ms  50.08ms   85.71%
    Req/Sec    24.01     53.54   217.00     86.56%
  Latency Distribution (HdrHistogram - Recorded Latency)
 50.000%    3.82ms
 75.000%    5.51ms
 90.000%   43.74ms
 99.000%   46.21ms
 99.900%   48.83ms
 99.990%   50.11ms
 99.999%   50.11ms
100.000%   50.11ms

  Detailed Percentile spectrum:
       Value   Percentile   TotalCount 1/(1-Percentile)

       1.541     0.000000            1         1.00
       2.511     0.100000           96         1.11
       2.903     0.200000          191         1.25
       3.159     0.300000          286         1.43
       3.467     0.400000          381         1.67
       3.823     0.500000          477         2.00
       4.031     0.550000          525         2.22
       4.295     0.600000          572         2.50
       4.527     0.650000          619         2.86
       4.919     0.700000          667         3.33
       5.507     0.750000          714         4.00
       5.799     0.775000          738         4.44
       6.071     0.800000          762         5.00
       6.559     0.825000          786         5.71
       7.935     0.850000          810         6.67
      43.295     0.875000          833         8.00
      43.583     0.887500          845         8.89
      43.743     0.900000          858        10.00
      44.031     0.912500          872        11.43
      44.223     0.925000          884        13.33
      44.415     0.937500          895        16.00
      44.703     0.943750          899        17.78
      44.799     0.950000          905        20.00
      45.023     0.956250          911        22.86
      45.279     0.962500          918        26.67
      45.407     0.968750          923        32.00
      45.567     0.971875          926        35.56
      45.759     0.975000          930        40.00
      45.855     0.978125          934        45.71
      45.887     0.981250          935        53.33
      45.983     0.984375          938        64.00
      46.015     0.985938          939        71.11
      46.143     0.987500          941        80.00
      46.207     0.989062          942        91.43
      47.103     0.990625          944       106.67
      47.423     0.992188          945       128.00
      47.647     0.992969          946       142.22
      47.871     0.993750          947       160.00
      47.871     0.994531          947       182.86
      48.031     0.995313          948       213.33
      48.383     0.996094          949       256.00
      48.383     0.996484          949       284.44
      48.479     0.996875          950       320.00
      48.479     0.997266          950       365.71
      48.479     0.997656          950       426.67
      48.831     0.998047          951       512.00
      48.831     0.998242          951       568.89
      48.831     0.998437          951       640.00
      48.831     0.998633          951       731.43
      48.831     0.998828          951       853.33
      50.111     0.999023          952      1024.00
      50.111     1.000000          952          inf
#[Mean    =        9.675, StdDeviation   =       14.302]
#[Max     =       50.080, Total count    =          952]
#[Buckets =           27, SubBuckets     =         2048]
----------------------------------------------------------
  1502 requests in 30.01s, 1.47GB read
Requests/sec:     50.05
Transfer/sec:     50.09MB

--- metrics ---
requests=1502
duration_s=30.010408
bytes=1576177942
rps=50.05
p50_ms=3.823
p95_ms=44.799
p99_ms=46.207
p999_ms=48.831
err_connect=0
err_read=0
err_write=0
err_status=0
err_timeout=0
--- end ---
