Running 1m test @ http://127.0.0.1:8082/json
  2 threads and 100 connections
  Thread calibration: mean lat.: 312.833ms, rate sampling interval: 1168ms
  Thread calibration: mean lat.: 312.305ms, rate sampling interval: 1167ms
  Thread Stats   Avg      Stdev     Max   +/- Stdev
    Latency     1.88s   774.79ms   3.53s    58.83%
    Req/Sec     0.94k    34.10     1.02k    78.57%
  Latency Distribution (HdrHistogram - Recorded Latency)
 50.000%    1.80s 
 75.000%    2.42s 
 90.000%    3.12s 
 99.000%    3.47s 
 99.900%    3.51s 
 99.990%    3.52s 
 99.999%    3.53s 
100.000%    3.53s 

  Detailed Percentile spectrum:
       Value   Percentile   TotalCount 1/(1-Percentile)

     619.519     0.000000            1         1.00
     865.791     0.100000         9382         1.11
    1088.511     0.200000        18918         1.25
    1351.679     0.300000        28157         1.43
    1653.759     0.400000        37532         1.67
    1801.215     0.500000        46904         2.00
    1851.391     0.550000        51594         2.22
    1946.623     0.600000        56287         2.50
    2040.831     0.650000        61030         2.86
    2191.359     0.700000        65656         3.33
    2420.735     0.750000        70386         4.00
    2527.231     0.775000        72719         4.44
    2666.495     0.800000        75069         5.00
    2775.039     0.825000        77599         5.71
    2854.911     0.850000        79797         6.67
    2953.215     0.875000        82068         8.00
    3055.615     0.887500        83263         8.89
    3121.151     0.900000        84497        10.00
    3201.023     0.912500        85615        11.43
    3270.655     0.925000        86772        13.33
    3303.423     0.937500        87992        16.00
    3307.519     0.943750        88530        17.78
    3311.615     0.950000        89129        20.00
    3321.855     0.956250        89696        22.86
    3358.719     0.962500        90289        26.67
    3383.295     0.968750        90880        32.00
    3397.631     0.971875        91185        35.56
    3405.823     0.975000        91462        40.00
    3414.015     0.978125        91791        45.71
    3424.255     0.981250        92049        53.33
    3448.831     0.984375        92359        64.00
    3457.023     0.985938        92496        71.11
    3461.119     0.987500        92621        80.00
    3465.215     0.989062        92813        91.43
    3469.311     0.990625        92986       106.67
    3473.407     0.992188        93099       128.00
    3475.455     0.992969        93151       142.22
    3477.503     0.993750        93211       160.00
    3481.599     0.994531        93300       182.86
    3485.695     0.995313        93369       213.33
    3489.791     0.996094        93443       256.00
    3491.839     0.996484        93472       284.44
    3495.935     0.996875        93504       320.00
    3497.983     0.997266        93542       365.71
    3502.079     0.997656        93589       426.67
    3506.175     0.998047        93630       512.00
    3506.175     0.998242        93630       568.89
    3508.223     0.998437        93659       640.00
    3510.271     0.998633        93684       731.43
    3510.271     0.998828        93684       853.33
    3514.367     0.999023        93714      1024.00
    3514.367     0.999121        93714      1137.78
    3516.415     0.999219        93739      1280.00
    3516.415     0.999316        93739      1462.86
    3516.415     0.999414        93739      1706.67
    3518.463     0.999512        93768      2048.00
    3518.463     0.999561        93768      2275.56
    3518.463     0.999609        93768      2560.00
    3518.463     0.999658        93768      2925.71
    3518.463     0.999707        93768      3413.33
    3518.463     0.999756        93768      4096.00
    3520.511     0.999780        93776      4551.11
    3520.511     0.999805        93776      5120.00
    3520.511     0.999829        93776      5851.43
    3520.511     0.999854        93776      6826.67
    3522.559     0.999878        93782      8192.00
    3522.559     0.999890        93782      9102.22
    3522.559     0.999902        93782     10240.00
    3522.559     0.999915        93782     11702.86
    3524.607     0.999927        93785     13653.33
    3524.607     0.999939        93785     16384.00
    3524.607     0.999945        93785     18204.44
    3524.607     0.999951        93785     20480.00
    3524.607     0.999957        93785     23405.71
    3526.655     0.999963        93788     27306.67
    3526.655     0.999969        93788     32768.00
    3526.655     0.999973        93788     36408.89
    3526.655     0.999976        93788     40960.00
    3526.655     0.999979        93788     46811.43
    3526.655     0.999982        93788     54613.33
    3526.655     0.999985        93788     65536.00
    3526.655     0.999986        93788     72817.78
    3526.655     0.999988        93788     81920.00
    3526.655     0.999989        93788     93622.86
    3528.703     0.999991        93789    109226.67
    3528.703     1.000000        93789          inf
#[Mean    =     1879.826, StdDeviation   =      774.794]
#[Max     =     3526.656, Total count    =        93789]
#[Buckets =           27, SubBuckets     =         2048]
----------------------------------------------------------
  112767 requests in 1.00m, 125.93MB read
Requests/sec:   1879.43
Transfer/sec:      2.10MB

--- metrics ---
requests=112767
duration_s=60.000547
bytes=132050157
rps=1879.43
p50_ms=1801.215
p95_ms=3311.615
p99_ms=3467.263
p999_ms=3512.319
err_connect=0
err_read=0
err_write=0
err_status=0
err_timeout=0
--- end ---
