Running 1m test @ http://127.0.0.1:8083/json
  2 threads and 100 connections
  Thread calibration: mean lat.: 1.194ms, rate sampling interval: 10ms
  Thread calibration: mean lat.: 1.190ms, rate sampling interval: 10ms
  Thread Stats   Avg      Stdev     Max   +/- Stdev
    Latency     1.21ms  496.86us   3.83ms   65.75%
    Req/Sec     1.05k   137.43     1.67k    80.12%
  Latency Distribution (HdrHistogram - Recorded Latency)
 50.000%    1.14ms
 75.000%    1.55ms
 90.000%    1.91ms
 99.000%    2.45ms
 99.900%    2.69ms
 99.990%    3.06ms
 99.999%    3.66ms
100.000%    3.84ms

  Detailed Percentile spectrum:
       Value   Percentile   TotalCount 1/(1-Percentile)

       0.174     0.000000            1         1.00
       0.610     0.100000        10001         1.11
       0.751     0.200000        19954         1.25
       0.879     0.300000        29916         1.43
       1.006     0.400000        39864         1.67
       1.137     0.500000        49808         2.00
       1.208     0.550000        54774         2.22
       1.283     0.600000        59747         2.50
       1.364     0.650000        64696         2.86
       1.455     0.700000        69703         3.33
       1.546     0.750000        74661         4.00
       1.594     0.775000        77131         4.44
       1.646     0.800000        79621         5.00
       1.703     0.825000        82100         5.71
       1.765     0.850000        84598         6.67
       1.833     0.875000        87073         8.00
       1.870     0.887500        88319         8.89
       1.909     0.900000        89570        10.00
       1.952     0.912500        90800        11.43
       2.000     0.925000        92042        13.33
       2.057     0.937500        93304        16.00
       2.091     0.943750        93940        17.78
       2.125     0.950000        94544        20.00
       2.165     0.956250        95175        22.86
       2.205     0.962500        95772        26.67
       2.251     0.968750        96400        32.00
       2.273     0.971875        96732        35.56
       2.293     0.975000        97016        40.00
       2.319     0.978125        97345        45.71
       2.345     0.981250        97641        53.33
       2.373     0.984375        97955        64.00
       2.393     0.985938        98110        71.11
       2.413     0.987500        98258        80.00
       2.435     0.989062        98421        91.43
       2.455     0.990625        98571       106.67
       2.477     0.992188        98724       128.00
       2.487     0.992969        98801       142.22
       2.503     0.993750        98884       160.00
       2.513     0.994531        98963       182.86
       2.527     0.995313        99040       213.33
       2.547     0.996094        99113       256.00
       2.559     0.996484        99155       284.44
       2.571     0.996875        99191       320.00
       2.583     0.997266        99230       365.71
       2.597     0.997656        99271       426.67
       2.611     0.998047        99310       512.00
       2.619     0.998242        99330       568.89
       2.629     0.998437        99349       640.00
       2.647     0.998633        99367       731.43
       2.665     0.998828        99385       853.33
       2.699     0.999023        99405      1024.00
       2.713     0.999121        99413      1137.78
       2.743     0.999219        99423      1280.00
       2.751     0.999316        99432      1462.86
       2.773     0.999414        99442      1706.67
       2.821     0.999512        99452      2048.00
       2.849     0.999561        99457      2275.56
       2.859     0.999609        99462      2560.00
       2.873     0.999658        99466      2925.71
       2.945     0.999707        99472      3413.33
       2.973     0.999756        99476      4096.00
       2.995     0.999780        99479      4551.11
       3.005     0.999805        99481      5120.00
       3.013     0.999829        99483      5851.43
       3.025     0.999854        99486      6826.67
       3.041     0.999878        99488      8192.00
       3.059     0.999890        99490      9102.22
       3.075     0.999902        99491     10240.00
       3.089     0.999915        99492     11702.86
       3.121     0.999927        99493     13653.33
       3.167     0.999939        99494     16384.00
       3.241     0.999945        99495     18204.44
       3.295     0.999951        99496     20480.00
       3.295     0.999957        99496     23405.71
       3.347     0.999963        99497     27306.67
       3.347     0.999969        99497     32768.00
       3.359     0.999973        99498     36408.89
       3.359     0.999976        99498     40960.00
       3.359     0.999979        99498     46811.43
       3.659     0.999982        99499     54613.33
       3.659     0.999985        99499     65536.00
       3.659     0.999986        99499     72817.78
       3.659     0.999988        99499     81920.00
       3.659     0.999989        99499     93622.86
       3.835     0.999991        99500    109226.67
       3.835     1.000000        99500          inf
#[Mean    =        1.206, StdDeviation   =        0.497]
#[Max     =        3.834, Total count    =        99500]
#[Buckets =           27, SubBuckets     =         2048]
----------------------------------------------------------
  119802 requests in 1.00m, 146.13MB read
Requests/sec:   1996.65
Transfer/sec:      2.44MB

--- metrics ---
requests=119802
duration_s=60.001470
bytes=153226258
rps=1996.65
p50_ms=1.137
p95_ms=2.125
p99_ms=2.449
p999_ms=2.689
err_connect=0
err_read=0
err_write=0
err_status=0
err_timeout=0
--- end ---
