Running 1m test @ http://127.0.0.1:8083/json
  2 threads and 100 connections
  Thread calibration: mean lat.: 1.270ms, rate sampling interval: 10ms
  Thread calibration: mean lat.: 1.194ms, rate sampling interval: 10ms
  Thread Stats   Avg      Stdev     Max   +/- Stdev
    Latency     1.23ms  521.54us  10.91ms   66.47%
    Req/Sec     1.05k   146.10     1.67k    81.30%
  Latency Distribution (HdrHistogram - Recorded Latency)
 50.000%    1.15ms
 75.000%    1.59ms
 90.000%    1.98ms
 99.000%    2.50ms
 99.900%    2.87ms
 99.990%    6.33ms
 99.999%    7.66ms
100.000%   10.92ms

  Detailed Percentile spectrum:
       Value   Percentile   TotalCount 1/(1-Percentile)

       0.102     0.000000            1         1.00
       0.622     0.100000         9980         1.11
       0.769     0.200000        19939         1.25
       0.892     0.300000        29869         1.43
       1.015     0.400000        39800         1.67
       1.150     0.500000        49830         2.00
       1.220     0.550000        54741         2.22
       1.298     0.600000        59756         2.50
       1.382     0.650000        64691         2.86
       1.483     0.700000        69662         3.33
       1.588     0.750000        74628         4.00
       1.642     0.775000        77114         4.44
       1.700     0.800000        79622         5.00
       1.763     0.825000        82099         5.71
       1.833     0.850000        84606         6.67
       1.906     0.875000        87072         8.00
       1.943     0.887500        88342         8.89
       1.982     0.900000        89566        10.00
       2.024     0.912500        90810        11.43
       2.071     0.925000        92048        13.33
       2.123     0.937500        93325        16.00
       2.151     0.943750        93948        17.78
       2.181     0.950000        94560        20.00
       2.215     0.956250        95179        22.86
       2.249     0.962500        95772        26.67
       2.287     0.968750        96395        32.00
       2.309     0.971875        96724        35.56
       2.333     0.975000        97027        40.00
       2.359     0.978125        97332        45.71
       2.385     0.981250        97635        53.33
       2.421     0.984375        97951        64.00
       2.439     0.985938        98106        71.11
       2.461     0.987500        98258        80.00
       2.485     0.989062        98422        91.43
       2.511     0.990625        98579       106.67
       2.537     0.992188        98729       128.00
       2.551     0.992969        98810       142.22
       2.565     0.993750        98879       160.00
       2.585     0.994531        98957       182.86
       2.605     0.995313        99040       213.33
       2.629     0.996094        99113       256.00
       2.641     0.996484        99155       284.44
       2.657     0.996875        99193       320.00
       2.683     0.997266        99228       365.71
       2.711     0.997656        99267       426.67
       2.747     0.998047        99307       512.00
       2.765     0.998242        99328       568.89
       2.779     0.998437        99345       640.00
       2.799     0.998633        99364       731.43
       2.823     0.998828        99384       853.33
       2.871     0.999023        99403      1024.00
       2.883     0.999121        99413      1137.78
       2.893     0.999219        99423      1280.00
       2.905     0.999316        99432      1462.86
       2.925     0.999414        99442      1706.67
       2.967     0.999512        99452      2048.00
       2.993     0.999561        99457      2275.56
       3.013     0.999609        99462      2560.00
       3.077     0.999658        99466      2925.71
       3.477     0.999707        99471      3413.33
       3.781     0.999756        99476      4096.00
       4.331     0.999780        99479      4551.11
       5.123     0.999805        99481      5120.00
       5.331     0.999829        99483      5851.43
       5.867     0.999854        99486      6826.67
       6.059     0.999878        99488      8192.00
       6.331     0.999890        99490      9102.22
       6.523     0.999902        99491     10240.00
       6.595     0.999915        99492     11702.86
       6.599     0.999927        99493     13653.33
       6.655     0.999939        99494     16384.00
       7.243     0.999945        99495     18204.44
       7.279     0.999951        99496     20480.00
       7.279     0.999957        99496     23405.71
       7.343     0.999963        99497     27306.67
       7.343     0.999969        99497     32768.00
       7.655     0.999973        99498     36408.89
       7.655     0.999976        99498     40960.00
       7.655     0.999979        99498     46811.43
       7.663     0.999982        99499     54613.33
       7.663     0.999985        99499     65536.00
       7.663     0.999986        99499     72817.78
       7.663     0.999988        99499     81920.00
       7.663     0.999989        99499     93622.86
      10.919     0.999991        99500    109226.67
      10.919     1.000000        99500          inf
#[Mean    =        1.232, StdDeviation   =        0.522]
#[Max     =       10.912, Total count    =        99500]
#[Buckets =           27, SubBuckets     =         2048]
----------------------------------------------------------
  119802 requests in 1.00m, 146.13MB read
Requests/sec:   1996.63
Transfer/sec:      2.44MB

--- metrics ---
requests=119802
duration_s=60.001992
bytes=153226258
rps=1996.63
p50_ms=1.150
p95_ms=2.181
p99_ms=2.499
p999_ms=2.869
err_connect=0
err_read=0
err_write=0
err_status=0
err_timeout=0
--- end ---
