Running 1m test @ http://127.0.0.1:8082/file1m
  2 threads and 50 connections
  Thread calibration: mean lat.: 950.039ms, rate sampling interval: 2007ms
  Thread calibration: mean lat.: 950.358ms, rate sampling interval: 2008ms
  Thread Stats   Avg      Stdev     Max   +/- Stdev
    Latency   952.17ms  193.39ms   1.01s    96.00%
    Req/Sec    24.00      0.00    24.00    100.00%
  Latency Distribution (HdrHistogram - Recorded Latency)
 50.000%  991.23ms
 75.000%  998.40ms
 90.000%    1.00s 
 99.000%    1.01s 
 99.900%    1.01s 
 99.990%    1.01s 
 99.999%    1.01s 
100.000%    1.01s 

  Detailed Percentile spectrum:
       Value   Percentile   TotalCount 1/(1-Percentile)

       3.239     0.000000            1         1.00
     979.967     0.100000          248         1.11
     983.039     0.200000          500         1.25
     986.111     0.300000          769         1.43
     988.671     0.400000         1003         1.67
     991.231     0.500000         1230         2.00
     992.767     0.550000         1361         2.22
     994.303     0.600000         1507         2.50
     995.327     0.650000         1600         2.86
     996.863     0.700000         1742         3.33
     998.399     0.750000         1880         4.00
     998.911     0.775000         1918         4.44
     999.423     0.800000         1975         5.00
    1000.447     0.825000         2062         5.71
    1000.959     0.850000         2114         6.67
    1001.471     0.875000         2154         8.00
    1001.983     0.887500         2191         8.89
    1002.495     0.900000         2236        10.00
    1002.495     0.912500         2236        11.43
    1003.007     0.925000         2281        13.33
    1003.519     0.937500         2336        16.00
    1003.519     0.943750         2336        17.78
    1003.519     0.950000         2336        20.00
    1004.031     0.956250         2371        22.86
    1004.031     0.962500         2371        26.67
    1004.543     0.968750         2404        32.00
    1004.543     0.971875         2404        35.56
    1004.543     0.975000         2404        40.00
    1004.543     0.978125         2404        45.71
    1005.055     0.981250         2421        53.33
    1005.055     0.984375         2421        64.00
    1005.055     0.985938         2421        71.11
    1005.055     0.987500         2421        80.00
    1005.567     0.989062         2435        91.43
    1005.567     0.990625         2435       106.67
    1005.567     0.992188         2435       128.00
    1005.567     0.992969         2435       142.22
    1005.567     0.993750         2435       160.00
    1006.079     0.994531         2446       182.86
    1006.079     0.995313         2446       213.33
    1006.079     0.996094         2446       256.00
    1006.079     0.996484         2446       284.44
    1006.079     0.996875         2446       320.00
    1006.079     0.997266         2446       365.71
    1006.079     0.997656         2446       426.67
    1006.079     0.998047         2446       512.00
    1006.079     0.998242         2446       568.89
    1006.591     0.998437         2449       640.00
    1006.591     0.998633         2449       731.43
    1006.591     0.998828         2449       853.33
    1006.591     0.999023         2449      1024.00
    1006.591     0.999121         2449      1137.78
    1006.591     0.999219         2449      1280.00
    1006.591     0.999316         2449      1462.86
    1006.591     0.999414         2449      1706.67
    1006.591     0.999512         2449      2048.00
    1006.591     0.999561         2449      2275.56
    1007.615     0.999609         2450      2560.00
    1007.615     1.000000         2450          inf
#[Mean    =      952.166, StdDeviation   =      193.388]
#[Max     =     1007.104, Total count    =         2450]
#[Buckets =           27, SubBuckets     =         2048]
----------------------------------------------------------
  2954 requests in 1.00m, 2.89GB read
Requests/sec:     49.23
Transfer/sec:     49.24MB

--- metrics ---
requests=2954
duration_s=60.006624
bytes=3097960236
rps=49.23
p50_ms=991.231
p95_ms=1003.519
p99_ms=1005.567
p999_ms=1006.591
err_connect=0
err_read=0
err_write=0
err_status=0
err_timeout=0
--- end ---
