Running 1m test @ http://127.0.0.1:8082/file50k
  2 threads and 100 connections
  Thread calibration: mean lat.: 245.959ms, rate sampling interval: 636ms
  Thread calibration: mean lat.: 245.781ms, rate sampling interval: 635ms
  Thread Stats   Avg      Stdev     Max   +/- Stdev
    Latency   245.95ms   59.25ms 334.34ms   69.30%
    Req/Sec   149.88     12.06   157.00     80.77%
  Latency Distribution (HdrHistogram - Recorded Latency)
 50.000%  249.34ms
 75.000%  292.35ms
 90.000%  317.70ms
 99.000%  333.05ms
 99.900%  333.82ms
 99.990%  334.59ms
 99.999%  334.59ms
100.000%  334.59ms

  Detailed Percentile spectrum:
       Value   Percentile   TotalCount 1/(1-Percentile)

       1.129     0.000000            1         1.00
     181.247     0.100000         1496         1.11
     198.143     0.200000         2985         1.25
     215.039     0.300000         4477         1.43
     232.063     0.400000         5967         1.67
     249.343     0.500000         7455         2.00
     258.175     0.550000         8199         2.22
     266.495     0.600000         8969         2.50
     275.199     0.650000         9691         2.86
     283.647     0.700000        10462         3.33
     292.351     0.750000        11209         4.00
     296.447     0.775000        11562         4.44
     300.543     0.800000        11931         5.00
     305.151     0.825000        12296         5.71
     309.247     0.850000        12697         6.67
     313.087     0.875000        13042         8.00
     315.903     0.887500        13263         8.89
     317.695     0.900000        13410        10.00
     319.743     0.912500        13629        11.43
     322.303     0.925000        13785        13.33
     323.583     0.937500        13973        16.00
     325.631     0.943750        14064        17.78
     326.399     0.950000        14187        20.00
     326.911     0.956250        14262        22.86
     329.215     0.962500        14368        26.67
     329.727     0.968750        14484        32.00
     329.727     0.971875        14484        35.56
     330.239     0.975000        14553        40.00
     330.495     0.978125        14578        45.71
     332.287     0.981250        14626        53.33
     332.543     0.984375        14676        64.00
     332.799     0.985938        14726        71.11
     332.799     0.987500        14726        80.00
     333.055     0.989062        14790        91.43
     333.055     0.990625        14790       106.67
     333.055     0.992188        14790       128.00
     333.311     0.992969        14837       142.22
     333.311     0.993750        14837       160.00
     333.311     0.994531        14837       182.86
     333.311     0.995313        14837       213.33
     333.567     0.996094        14867       256.00
     333.567     0.996484        14867       284.44
     333.567     0.996875        14867       320.00
     333.567     0.997266        14867       365.71
     333.567     0.997656        14867       426.67
     333.823     0.998047        14887       512.00
     333.823     0.998242        14887       568.89
     333.823     0.998437        14887       640.00
     333.823     0.998633        14887       731.43
     333.823     0.998828        14887       853.33
     333.823     0.999023        14887      1024.00
     333.823     0.999121        14887      1137.78
     334.079     0.999219        14895      1280.00
     334.079     0.999316        14895      1462.86
     334.079     0.999414        14895      1706.67
     334.079     0.999512        14895      2048.00
     334.079     0.999561        14895      2275.56
     334.079     0.999609        14895      2560.00
     334.079     0.999658        14895      2925.71
     334.335     0.999707        14898      3413.33
     334.335     0.999756        14898      4096.00
     334.335     0.999780        14898      4551.11
     334.335     0.999805        14898      5120.00
     334.335     0.999829        14898      5851.43
     334.335     0.999854        14898      6826.67
     334.591     0.999878        14900      8192.00
     334.591     1.000000        14900          inf
#[Mean    =      245.952, StdDeviation   =       59.251]
#[Max     =      334.336, Total count    =        14900]
#[Buckets =           27, SubBuckets     =         2048]
----------------------------------------------------------
  17904 requests in 1.00m, 0.86GB read
Requests/sec:    298.38
Transfer/sec:     14.61MB

--- metrics ---
requests=17904
duration_s=60.003850
bytes=919477824
rps=298.38
p50_ms=249.343
p95_ms=326.399
p99_ms=333.055
p999_ms=333.823
err_connect=0
err_read=0
err_write=0
err_status=0
err_timeout=0
--- end ---
