Running 1m test @ http://127.0.0.1:8082/file1m
  2 threads and 50 connections
  Thread calibration: mean lat.: 948.823ms, rate sampling interval: 2004ms
  Thread calibration: mean lat.: 950.187ms, rate sampling interval: 2009ms
  Thread Stats   Avg      Stdev     Max   +/- Stdev
    Latency   951.51ms  193.12ms   1.01s    96.00%
    Req/Sec    24.00      0.00    24.00    100.00%
  Latency Distribution (HdrHistogram - Recorded Latency)
 50.000%  990.72ms
 75.000%  997.89ms
 90.000%    1.00s 
 99.000%    1.01s 
 99.900%    1.01s 
 99.990%    1.01s 
 99.999%    1.01s 
100.000%    1.01s 

  Detailed Percentile spectrum:
       Value   Percentile   TotalCount 1/(1-Percentile)

       3.319     0.000000            1         1.00
     978.431     0.100000          247         1.11
     982.015     0.200000          518         1.25
     985.087     0.300000          768         1.43
     987.647     0.400000          986         1.67
     990.719     0.500000         1247         2.00
     992.255     0.550000         1376         2.22
     993.791     0.600000         1514         2.50
     994.815     0.650000         1594         2.86
     996.351     0.700000         1728         3.33
     997.887     0.750000         1852         4.00
     998.911     0.775000         1920         4.44
     999.935     0.800000         2020         5.00
    1000.447     0.825000         2077         5.71
    1000.959     0.850000         2107         6.67
    1001.983     0.875000         2219         8.00
    1001.983     0.887500         2219         8.89
    1001.983     0.900000         2219        10.00
    1002.495     0.912500         2300        11.43
    1002.495     0.925000         2300        13.33
    1002.495     0.937500         2300        16.00
    1003.007     0.943750         2345        17.78
    1003.007     0.950000         2345        20.00
    1003.007     0.956250         2345        22.86
    1003.519     0.962500         2363        26.67
    1004.031     0.968750         2381        32.00
    1004.543     0.971875         2401        35.56
    1004.543     0.975000         2401        40.00
    1004.543     0.978125         2401        45.71
    1005.055     0.981250         2419        53.33
    1005.055     0.984375         2419        64.00
    1005.055     0.985938         2419        71.11
    1005.567     0.987500         2436        80.00
    1005.567     0.989062         2436        91.43
    1005.567     0.990625         2436       106.67
    1005.567     0.992188         2436       128.00
    1005.567     0.992969         2436       142.22
    1005.567     0.993750         2436       160.00
    1006.079     0.994531         2449       182.86
    1006.079     0.995313         2449       213.33
    1006.079     0.996094         2449       256.00
    1006.079     0.996484         2449       284.44
    1006.079     0.996875         2449       320.00
    1006.079     0.997266         2449       365.71
    1006.079     0.997656         2449       426.67
    1006.079     0.998047         2449       512.00
    1006.079     0.998242         2449       568.89
    1006.079     0.998437         2449       640.00
    1006.079     0.998633         2449       731.43
    1006.079     0.998828         2449       853.33
    1006.079     0.999023         2449      1024.00
    1006.079     0.999121         2449      1137.78
    1006.079     0.999219         2449      1280.00
    1006.079     0.999316         2449      1462.86
    1006.079     0.999414         2449      1706.67
    1006.079     0.999512         2449      2048.00
    1006.079     0.999561         2449      2275.56
    1006.591     0.999609         2450      2560.00
    1006.591     1.000000         2450          inf
#[Mean    =      951.513, StdDeviation   =      193.116]
#[Max     =     1006.080, Total count    =         2450]
#[Buckets =           27, SubBuckets     =         2048]
----------------------------------------------------------
  2954 requests in 1.00m, 2.89GB read
Requests/sec:     49.23
Transfer/sec:     49.23MB

--- metrics ---
requests=2954
duration_s=60.009364
bytes=3097960236
rps=49.23
p50_ms=990.719
p95_ms=1003.007
p99_ms=1005.567
p999_ms=1006.079
err_connect=0
err_read=0
err_write=0
err_status=0
err_timeout=0
--- end ---
