Running 1m test @ http://127.0.0.1:8080/json
  2 threads and 100 connections
  Thread calibration: mean lat.: 1.321ms, rate sampling interval: 10ms
  Thread calibration: mean lat.: 1.286ms, rate sampling interval: 10ms
  Thread Stats   Avg      Stdev     Max   +/- Stdev
    Latency     1.28ms  493.68us   4.59ms   65.19%
    Req/Sec     1.05k   141.87     1.67k    78.06%
  Latency Distribution (HdrHistogram - Recorded Latency)
 50.000%    1.23ms
 75.000%    1.63ms
 90.000%    1.96ms
 99.000%    2.45ms
 99.900%    2.88ms
 99.990%    3.69ms
 99.999%    4.57ms
100.000%    4.59ms

  Detailed Percentile spectrum:
       Value   Percentile   TotalCount 1/(1-Percentile)

       0.117     0.000000            1         1.00
       0.658     0.100000         9961         1.11
       0.822     0.200000        19956         1.25
       0.956     0.300000        29882         1.43
       1.088     0.400000        39806         1.67
       1.228     0.500000        49750         2.00
       1.305     0.550000        54782         2.22
       1.383     0.600000        59704         2.50
       1.461     0.650000        64683         2.86
       1.545     0.700000        69686         3.33
       1.632     0.750000        74663         4.00
       1.678     0.775000        77146         4.44
       1.724     0.800000        79615         5.00
       1.774     0.825000        82137         5.71
       1.828     0.850000        84591         6.67
       1.887     0.875000        87066         8.00
       1.920     0.887500        88340         8.89
       1.957     0.900000        89562        10.00
       1.994     0.912500        90795        11.43
       2.034     0.925000        92043        13.33
       2.083     0.937500        93299        16.00
       2.111     0.943750        93952        17.78
       2.139     0.950000        94559        20.00
       2.167     0.956250        95180        22.86
       2.199     0.962500        95779        26.67
       2.237     0.968750        96394        32.00
       2.259     0.971875        96717        35.56
       2.283     0.975000        97050        40.00
       2.307     0.978125        97328        45.71
       2.337     0.981250        97636        53.33
       2.371     0.984375        97948        64.00
       2.385     0.985938        98103        71.11
       2.405     0.987500        98265        80.00
       2.429     0.989062        98418        91.43
       2.459     0.990625        98579       106.67
       2.485     0.992188        98723       128.00
       2.507     0.992969        98809       142.22
       2.525     0.993750        98882       160.00
       2.547     0.994531        98957       182.86
       2.577     0.995313        99034       213.33
       2.613     0.996094        99116       256.00
       2.625     0.996484        99153       284.44
       2.649     0.996875        99190       320.00
       2.673     0.997266        99229       365.71
       2.701     0.997656        99267       426.67
       2.743     0.998047        99308       512.00
       2.771     0.998242        99326       568.89
       2.797     0.998437        99345       640.00
       2.827     0.998633        99364       731.43
       2.861     0.998828        99384       853.33
       2.883     0.999023        99403      1024.00
       2.909     0.999121        99413      1137.78
       2.947     0.999219        99424      1280.00
       2.959     0.999316        99432      1462.86
       2.991     0.999414        99442      1706.67
       3.051     0.999512        99453      2048.00
       3.067     0.999561        99457      2275.56
       3.113     0.999609        99463      2560.00
       3.141     0.999658        99466      2925.71
       3.221     0.999707        99471      3413.33
       3.303     0.999756        99476      4096.00
       3.341     0.999780        99479      4551.11
       3.347     0.999805        99481      5120.00
       3.401     0.999829        99483      5851.43
       3.499     0.999854        99486      6826.67
       3.635     0.999878        99489      8192.00
       3.693     0.999890        99490      9102.22
       3.731     0.999902        99491     10240.00
       3.737     0.999915        99492     11702.86
       3.757     0.999927        99493     13653.33
       3.783     0.999939        99494     16384.00
       3.819     0.999945        99495     18204.44
       3.911     0.999951        99496     20480.00
       3.911     0.999957        99496     23405.71
       4.159     0.999963        99497     27306.67
       4.159     0.999969        99497     32768.00
       4.523     0.999973        99498     36408.89
       4.523     0.999976        99498     40960.00
       4.523     0.999979        99498     46811.43
       4.567     0.999982        99499     54613.33
       4.567     0.999985        99499     65536.00
       4.567     0.999986        99499     72817.78
       4.567     0.999988        99499     81920.00
       4.567     0.999989        99499     93622.86
       4.591     0.999991        99500    109226.67
       4.591     1.000000        99500          inf
#[Mean    =        1.277, StdDeviation   =        0.494]
#[Max     =        4.588, Total count    =        99500]
#[Buckets =           27, SubBuckets     =         2048]
----------------------------------------------------------
  119803 requests in 1.00m, 128.08MB read
Requests/sec:   1996.65
Transfer/sec:      2.13MB

--- metrics ---
requests=119803
duration_s=60.002043
bytes=134299163
rps=1996.65
p50_ms=1.228
p95_ms=2.139
p99_ms=2.447
p999_ms=2.881
err_connect=0
err_read=0
err_write=0
err_status=0
err_timeout=0
--- end ---
