Running 1m test @ http://127.0.0.1:8084/file1m
  2 threads and 50 connections
  Thread calibration: mean lat.: 2.830ms, rate sampling interval: 10ms
  Thread calibration: mean lat.: 2.848ms, rate sampling interval: 10ms
  Thread Stats   Avg      Stdev     Max   +/- Stdev
    Latency     2.85ms  492.53us   4.63ms   68.00%
    Req/Sec    25.93     69.56   333.00     87.22%
  Latency Distribution (HdrHistogram - Recorded Latency)
 50.000%    2.84ms
 75.000%    3.18ms
 90.000%    3.48ms
 99.000%    4.03ms
 99.900%    4.49ms
 99.990%    4.64ms
 99.999%    4.64ms
100.000%    4.64ms

  Detailed Percentile spectrum:
       Value   Percentile   TotalCount 1/(1-Percentile)

       1.252     0.000000            1         1.00
       2.207     0.100000          245         1.11
       2.429     0.200000          491         1.25
       2.591     0.300000          735         1.43
       2.729     0.400000          980         1.67
       2.843     0.500000         1225         2.00
       2.905     0.550000         1348         2.22
       2.971     0.600000         1470         2.50
       3.035     0.650000         1594         2.86
       3.103     0.700000         1717         3.33
       3.181     0.750000         1841         4.00
       3.215     0.775000         1902         4.44
       3.253     0.800000         1961         5.00
       3.295     0.825000         2022         5.71
       3.365     0.850000         2087         6.67
       3.423     0.875000         2144         8.00
       3.453     0.887500         2175         8.89
       3.483     0.900000         2206        10.00
       3.531     0.912500         2237        11.43
       3.591     0.925000         2268        13.33
       3.633     0.937500         2298        16.00
       3.665     0.943750         2314        17.78
       3.709     0.950000         2328        20.00
       3.739     0.956250         2344        22.86
       3.775     0.962500         2360        26.67
       3.815     0.968750         2375        32.00
       3.837     0.971875         2382        35.56
       3.857     0.975000         2389        40.00
       3.897     0.978125         2398        45.71
       3.923     0.981250         2405        53.33
       3.969     0.984375         2412        64.00
       3.981     0.985938         2416        71.11
       4.015     0.987500         2421        80.00
       4.023     0.989062         2424        91.43
       4.067     0.990625         2428       106.67
       4.103     0.992188         2432       128.00
       4.127     0.992969         2434       142.22
       4.131     0.993750         2435       160.00
       4.187     0.994531         2437       182.86
       4.207     0.995313         2439       213.33
       4.223     0.996094         2441       256.00
       4.295     0.996484         2442       284.44
       4.315     0.996875         2443       320.00
       4.327     0.997266         2444       365.71
       4.383     0.997656         2445       426.67
       4.403     0.998047         2446       512.00
       4.403     0.998242         2446       568.89
       4.463     0.998437         2447       640.00
       4.463     0.998633         2447       731.43
       4.487     0.998828         2448       853.33
       4.487     0.999023         2448      1024.00
       4.487     0.999121         2448      1137.78
       4.551     0.999219         2449      1280.00
       4.551     0.999316         2449      1462.86
       4.551     0.999414         2449      1706.67
       4.551     0.999512         2449      2048.00
       4.551     0.999561         2449      2275.56
       4.635     0.999609         2450      2560.00
       4.635     1.000000         2450          inf
#[Mean    =        2.854, StdDeviation   =        0.493]
#[Max     =        4.632, Total count    =         2450]
#[Buckets =           27, SubBuckets     =         2048]
----------------------------------------------------------
  3002 requests in 1.00m, 2.93GB read
Requests/sec:     50.03
Transfer/sec:     50.04MB

--- metrics ---
requests=3002
duration_s=60.003386
bytes=3148242430
rps=50.03
p50_ms=2.843
p95_ms=3.709
p99_ms=4.033
p999_ms=4.487
err_connect=0
err_read=0
err_write=0
err_status=0
err_timeout=0
--- end ---
