Running 1m test @ http://127.0.0.1:8083/file1m
  2 threads and 50 connections
  Thread calibration: mean lat.: 2.767ms, rate sampling interval: 10ms
  Thread calibration: mean lat.: 17.379ms, rate sampling interval: 58ms
  Thread Stats   Avg      Stdev     Max   +/- Stdev
    Latency     8.87ms    7.84ms  30.42ms   79.43%
    Req/Sec    25.66     74.74   444.00     89.23%
  Latency Distribution (HdrHistogram - Recorded Latency)
 50.000%    4.52ms
 75.000%   14.42ms
 90.000%   22.01ms
 99.000%   27.60ms
 99.900%   29.65ms
 99.990%   30.43ms
 99.999%   30.43ms
100.000%   30.43ms

  Detailed Percentile spectrum:
       Value   Percentile   TotalCount 1/(1-Percentile)

       1.544     0.000000            1         1.00
       2.143     0.100000          246         1.11
       2.441     0.200000          491         1.25
       2.689     0.300000          735         1.43
       2.983     0.400000          980         1.67
       4.523     0.500000         1225         2.00
       6.247     0.550000         1348         2.22
       8.319     0.600000         1470         2.50
      10.367     0.650000         1593         2.86
      12.527     0.700000         1715         3.33
      14.423     0.750000         1838         4.00
      15.703     0.775000         1899         4.44
      16.943     0.800000         1960         5.00
      18.271     0.825000         2022         5.71
      19.615     0.850000         2084         6.67
      20.799     0.875000         2144         8.00
      21.535     0.887500         2175         8.89
      22.015     0.900000         2205        10.00
      22.639     0.912500         2236        11.43
      23.343     0.925000         2267        13.33
      23.823     0.937500         2297        16.00
      24.127     0.943750         2313        17.78
      24.415     0.950000         2328        20.00
      24.703     0.956250         2343        22.86
      25.071     0.962500         2359        26.67
      25.519     0.968750         2375        32.00
      25.711     0.971875         2382        35.56
      25.775     0.975000         2389        40.00
      26.063     0.978125         2397        45.71
      26.527     0.981250         2406        53.33
      26.783     0.984375         2412        64.00
      26.831     0.985938         2416        71.11
      27.103     0.987500         2420        80.00
      27.391     0.989062         2424        91.43
      27.727     0.990625         2428       106.67
      27.887     0.992188         2432       128.00
      27.919     0.992969         2433       142.22
      27.967     0.993750         2435       160.00
      28.111     0.994531         2437       182.86
      28.479     0.995313         2439       213.33
      28.719     0.996094         2441       256.00
      28.767     0.996484         2442       284.44
      28.927     0.996875         2443       320.00
      29.183     0.997266         2444       365.71
      29.199     0.997656         2445       426.67
      29.343     0.998047         2446       512.00
      29.343     0.998242         2446       568.89
      29.583     0.998437         2447       640.00
      29.583     0.998633         2447       731.43
      29.647     0.998828         2448       853.33
      29.647     0.999023         2448      1024.00
      29.647     0.999121         2448      1137.78
      30.383     0.999219         2449      1280.00
      30.383     0.999316         2449      1462.86
      30.383     0.999414         2449      1706.67
      30.383     0.999512         2449      2048.00
      30.383     0.999561         2449      2275.56
      30.431     0.999609         2450      2560.00
      30.431     1.000000         2450          inf
#[Mean    =        8.871, StdDeviation   =        7.842]
#[Max     =       30.416, Total count    =         2450]
#[Buckets =           27, SubBuckets     =         2048]
----------------------------------------------------------
  2977 requests in 1.00m, 2.91GB read
Requests/sec:     49.61
Transfer/sec:     49.63MB

--- metrics ---
requests=2977
duration_s=60.004014
bytes=3122411565
rps=49.61
p50_ms=4.523
p95_ms=24.415
p99_ms=27.599
p999_ms=29.647
err_connect=0
err_read=0
err_write=0
err_status=0
err_timeout=0
--- end ---
