Running 1m test @ http://127.0.0.1:8084/file1m
  2 threads and 50 connections
  Thread calibration: mean lat.: 2.962ms, rate sampling interval: 10ms
  Thread calibration: mean lat.: 2.998ms, rate sampling interval: 10ms
  Thread Stats   Avg      Stdev     Max   +/- Stdev
    Latency     2.97ms  564.05us   4.94ms   68.41%
    Req/Sec    25.87     69.17   333.00     87.30%
  Latency Distribution (HdrHistogram - Recorded Latency)
 50.000%    2.96ms
 75.000%    3.33ms
 90.000%    3.70ms
 99.000%    4.34ms
 99.900%    4.70ms
 99.990%    4.94ms
 99.999%    4.94ms
100.000%    4.94ms

  Detailed Percentile spectrum:
       Value   Percentile   TotalCount 1/(1-Percentile)

       1.365     0.000000            1         1.00
       2.245     0.100000          247         1.11
       2.497     0.200000          490         1.25
       2.671     0.300000          735         1.43
       2.815     0.400000          980         1.67
       2.965     0.500000         1227         2.00
       3.039     0.550000         1351         2.22
       3.107     0.600000         1472         2.50
       3.179     0.650000         1595         2.86
       3.253     0.700000         1715         3.33
       3.333     0.750000         1838         4.00
       3.387     0.775000         1902         4.44
       3.435     0.800000         1964         5.00
       3.497     0.825000         2022         5.71
       3.553     0.850000         2083         6.67
       3.619     0.875000         2144         8.00
       3.653     0.887500         2175         8.89
       3.699     0.900000         2205        10.00
       3.739     0.912500         2237        11.43
       3.787     0.925000         2267        13.33
       3.843     0.937500         2297        16.00
       3.873     0.943750         2313        17.78
       3.913     0.950000         2330        20.00
       3.933     0.956250         2343        22.86
       3.967     0.962500         2359        26.67
       4.017     0.968750         2374        32.00
       4.051     0.971875         2382        35.56
       4.073     0.975000         2389        40.00
       4.131     0.978125         2398        45.71
       4.179     0.981250         2406        53.33
       4.235     0.984375         2412        64.00
       4.255     0.985938         2416        71.11
       4.283     0.987500         2420        80.00
       4.323     0.989062         2424        91.43
       4.379     0.990625         2428       106.67
       4.467     0.992188         2431       128.00
       4.495     0.992969         2433       142.22
       4.519     0.993750         2435       160.00
       4.531     0.994531         2437       182.86
       4.615     0.995313         2439       213.33
       4.623     0.996094         2441       256.00
       4.631     0.996484         2443       284.44
       4.631     0.996875         2443       320.00
       4.635     0.997266         2444       365.71
       4.651     0.997656         2445       426.67
       4.671     0.998047         2446       512.00
       4.671     0.998242         2446       568.89
       4.691     0.998437         2447       640.00
       4.691     0.998633         2447       731.43
       4.703     0.998828         2448       853.33
       4.703     0.999023         2448      1024.00
       4.703     0.999121         2448      1137.78
       4.927     0.999219         2449      1280.00
       4.927     0.999316         2449      1462.86
       4.927     0.999414         2449      1706.67
       4.927     0.999512         2449      2048.00
       4.927     0.999561         2449      2275.56
       4.939     0.999609         2450      2560.00
       4.939     1.000000         2450          inf
#[Mean    =        2.969, StdDeviation   =        0.564]
#[Max     =        4.936, Total count    =         2450]
#[Buckets =           27, SubBuckets     =         2048]
----------------------------------------------------------
  3002 requests in 1.00m, 2.93GB read
Requests/sec:     50.03
Transfer/sec:     50.04MB

--- metrics ---
requests=3002
duration_s=60.004924
bytes=3148242430
rps=50.03
p50_ms=2.965
p95_ms=3.913
p99_ms=4.343
p999_ms=4.703
err_connect=0
err_read=0
err_write=0
err_status=0
err_timeout=0
--- end ---
