Running 1m test @ http://127.0.0.1:8080/file1m
  2 threads and 50 connections
  Thread calibration: mean lat.: 3.797ms, rate sampling interval: 10ms
  Thread calibration: mean lat.: 4.097ms, rate sampling interval: 10ms
  Thread Stats   Avg      Stdev     Max   +/- Stdev
    Latency     4.07ms    6.11ms  46.40ms   97.71%
    Req/Sec    26.11     69.72   400.00     86.85%
  Latency Distribution (HdrHistogram - Recorded Latency)
 50.000%    3.07ms
 75.000%    3.57ms
 90.000%    4.14ms
 99.000%   43.90ms
 99.900%   45.12ms
 99.990%   46.43ms
 99.999%   46.43ms
100.000%   46.43ms

  Detailed Percentile spectrum:
       Value   Percentile   TotalCount 1/(1-Percentile)

       1.533     0.000000            1         1.00
       2.363     0.100000          246         1.11
       2.589     0.200000          491         1.25
       2.761     0.300000          737         1.43
       2.919     0.400000          982         1.67
       3.067     0.500000         1227         2.00
       3.149     0.550000         1348         2.22
       3.231     0.600000         1470         2.50
       3.327     0.650000         1593         2.86
       3.437     0.700000         1716         3.33
       3.567     0.750000         1839         4.00
       3.655     0.775000         1901         4.44
       3.737     0.800000         1960         5.00
       3.833     0.825000         2023         5.71
       3.933     0.850000         2083         6.67
       4.043     0.875000         2146         8.00
       4.083     0.887500         2176         8.89
       4.135     0.900000         2206        10.00
       4.235     0.912500         2237        11.43
       4.355     0.925000         2267        13.33
       4.487     0.937500         2297        16.00
       4.547     0.943750         2313        17.78
       4.603     0.950000         2328        20.00
       4.715     0.956250         2343        22.86
       4.771     0.962500         2359        26.67
       4.987     0.968750         2375        32.00
       5.059     0.971875         2382        35.56
       5.271     0.975000         2389        40.00
      42.399     0.978125         2397        45.71
      43.167     0.981250         2405        53.33
      43.327     0.984375         2413        64.00
      43.391     0.985938         2416        71.11
      43.711     0.987500         2420        80.00
      43.903     0.989062         2426        91.43
      43.935     0.990625         2428       106.67
      43.967     0.992188         2431       128.00
      44.127     0.992969         2433       142.22
      44.255     0.993750         2435       160.00
      44.447     0.994531         2439       182.86
      44.447     0.995313         2439       213.33
      44.479     0.996094         2442       256.00
      44.479     0.996484         2442       284.44
      44.511     0.996875         2444       320.00
      44.511     0.997266         2444       365.71
      44.735     0.997656         2445       426.67
      44.863     0.998047         2446       512.00
      44.863     0.998242         2446       568.89
      44.959     0.998437         2447       640.00
      44.959     0.998633         2447       731.43
      45.119     0.998828         2448       853.33
      45.119     0.999023         2448      1024.00
      45.119     0.999121         2448      1137.78
      46.015     0.999219         2449      1280.00
      46.015     0.999316         2449      1462.86
      46.015     0.999414         2449      1706.67
      46.015     0.999512         2449      2048.00
      46.015     0.999561         2449      2275.56
      46.431     0.999609         2450      2560.00
      46.431     1.000000         2450          inf
#[Mean    =        4.066, StdDeviation   =        6.113]
#[Max     =       46.400, Total count    =         2450]
#[Buckets =           27, SubBuckets     =         2048]
----------------------------------------------------------
  3002 requests in 1.00m, 2.93GB read
Requests/sec:     50.03
Transfer/sec:     50.04MB

--- metrics ---
requests=3002
duration_s=60.005529
bytes=3148260442
rps=50.03
p50_ms=3.067
p95_ms=4.603
p99_ms=43.903
p999_ms=45.119
err_connect=0
err_read=0
err_write=0
err_status=0
err_timeout=0
--- end ---
