Running 1m test @ http://127.0.0.1:8080/json
  2 threads and 100 connections
  Thread calibration: mean lat.: 1.371ms, rate sampling interval: 10ms
  Thread calibration: mean lat.: 1.343ms, rate sampling interval: 10ms
  Thread Stats   Avg      Stdev     Max   +/- Stdev
    Latency     1.36ms  464.82us   3.88ms   67.10%
    Req/Sec     1.05k   133.84     1.67k    76.85%
  Latency Distribution (HdrHistogram - Recorded Latency)
 50.000%    1.31ms
 75.000%    1.66ms
 90.000%    1.99ms
 99.000%    2.60ms
 99.900%    2.91ms
 99.990%    3.28ms
 99.999%    3.78ms
100.000%    3.88ms

  Detailed Percentile spectrum:
       Value   Percentile   TotalCount 1/(1-Percentile)

       0.208     0.000000            1         1.00
       0.788     0.100000         9981         1.11
       0.938     0.200000        19935         1.25
       1.067     0.300000        29886         1.43
       1.190     0.400000        39806         1.67
       1.312     0.500000        49751         2.00
       1.376     0.550000        54797         2.22
       1.441     0.600000        59719         2.50
       1.509     0.650000        64713         2.86
       1.582     0.700000        69682         3.33
       1.660     0.750000        74653         4.00
       1.704     0.775000        77151         4.44
       1.750     0.800000        79635         5.00
       1.798     0.825000        82122         5.71
       1.854     0.850000        84619         6.67
       1.914     0.875000        87074         8.00
       1.947     0.887500        88336         8.89
       1.985     0.900000        89561        10.00
       2.027     0.912500        90799        11.43
       2.075     0.925000        92076        13.33
       2.129     0.937500        93316        16.00
       2.157     0.943750        93911        17.78
       2.191     0.950000        94551        20.00
       2.225     0.956250        95159        22.86
       2.271     0.962500        95770        26.67
       2.329     0.968750        96415        32.00
       2.363     0.971875        96714        35.56
       2.397     0.975000        97021        40.00
       2.435     0.978125        97334        45.71
       2.477     0.981250        97646        53.33
       2.517     0.984375        97946        64.00
       2.539     0.985938        98108        71.11
       2.559     0.987500        98271        80.00
       2.581     0.989062        98421        91.43
       2.605     0.990625        98570       106.67
       2.631     0.992188        98731       128.00
       2.645     0.992969        98806       142.22
       2.661     0.993750        98893       160.00
       2.675     0.994531        98961       182.86
       2.691     0.995313        99037       213.33
       2.717     0.996094        99114       256.00
       2.727     0.996484        99152       284.44
       2.745     0.996875        99194       320.00
       2.757     0.997266        99230       365.71
       2.779     0.997656        99271       426.67
       2.799     0.998047        99307       512.00
       2.817     0.998242        99328       568.89
       2.831     0.998437        99348       640.00
       2.849     0.998633        99364       731.43
       2.881     0.998828        99385       853.33
       2.909     0.999023        99403      1024.00
       2.929     0.999121        99413      1137.78
       2.947     0.999219        99423      1280.00
       2.971     0.999316        99433      1462.86
       2.997     0.999414        99442      1706.67
       3.017     0.999512        99452      2048.00
       3.037     0.999561        99457      2275.56
       3.059     0.999609        99462      2560.00
       3.079     0.999658        99466      2925.71
       3.101     0.999707        99471      3413.33
       3.129     0.999756        99476      4096.00
       3.161     0.999780        99479      4551.11
       3.183     0.999805        99481      5120.00
       3.189     0.999829        99483      5851.43
       3.219     0.999854        99486      6826.67
       3.231     0.999878        99488      8192.00
       3.277     0.999890        99490      9102.22
       3.311     0.999902        99491     10240.00
       3.337     0.999915        99492     11702.86
       3.409     0.999927        99493     13653.33
       3.427     0.999939        99494     16384.00
       3.445     0.999945        99495     18204.44
       3.511     0.999951        99496     20480.00
       3.511     0.999957        99496     23405.71
       3.527     0.999963        99497     27306.67
       3.527     0.999969        99497     32768.00
       3.679     0.999973        99498     36408.89
       3.679     0.999976        99498     40960.00
       3.679     0.999979        99498     46811.43
       3.781     0.999982        99499     54613.33
       3.781     0.999985        99499     65536.00
       3.781     0.999986        99499     72817.78
       3.781     0.999988        99499     81920.00
       3.781     0.999989        99499     93622.86
       3.877     0.999991        99500    109226.67
       3.877     1.000000        99500          inf
#[Mean    =        1.358, StdDeviation   =        0.465]
#[Max     =        3.876, Total count    =        99500]
#[Buckets =           27, SubBuckets     =         2048]
----------------------------------------------------------
  119802 requests in 1.00m, 132.30MB read
Requests/sec:   1996.62
Transfer/sec:      2.20MB

--- metrics ---
requests=119802
duration_s=60.002370
bytes=138730716
rps=1996.62
p50_ms=1.312
p95_ms=2.191
p99_ms=2.595
p999_ms=2.907
err_connect=0
err_read=0
err_write=0
err_status=0
err_timeout=0
--- end ---
