Running 1m test @ http://127.0.0.1:8080/file50k
  2 threads and 100 connections
  Thread calibration: mean lat.: 1.493ms, rate sampling interval: 10ms
  Thread calibration: mean lat.: 1.495ms, rate sampling interval: 10ms
  Thread Stats   Avg      Stdev     Max   +/- Stdev
    Latency     1.50ms  794.88us  42.43ms   94.05%
    Req/Sec   158.78     95.95   333.00     70.74%
  Latency Distribution (HdrHistogram - Recorded Latency)
 50.000%    1.49ms
 75.000%    1.77ms
 90.000%    2.06ms
 99.000%    2.57ms
 99.900%    3.23ms
 99.990%   42.37ms
 99.999%   42.46ms
100.000%   42.46ms

  Detailed Percentile spectrum:
       Value   Percentile   TotalCount 1/(1-Percentile)

       0.228     0.000000            1         1.00
       0.917     0.100000         1498         1.11
       1.098     0.200000         2980         1.25
       1.245     0.300000         4475         1.43
       1.371     0.400000         5963         1.67
       1.489     0.500000         7450         2.00
       1.543     0.550000         8195         2.22
       1.599     0.600000         8944         2.50
       1.657     0.650000         9698         2.86
       1.713     0.700000        10433         3.33
       1.774     0.750000        11179         4.00
       1.809     0.775000        11553         4.44
       1.845     0.800000        11920         5.00
       1.890     0.825000        12301         5.71
       1.936     0.850000        12669         6.67
       1.990     0.875000        13040         8.00
       2.022     0.887500        13227         8.89
       2.057     0.900000        13410        10.00
       2.095     0.912500        13599        11.43
       2.137     0.925000        13789        13.33
       2.185     0.937500        13981        16.00
       2.209     0.943750        14064        17.78
       2.241     0.950000        14160        20.00
       2.269     0.956250        14253        22.86
       2.297     0.962500        14346        26.67
       2.341     0.968750        14438        32.00
       2.357     0.971875        14481        35.56
       2.389     0.975000        14531        40.00
       2.423     0.978125        14579        45.71
       2.447     0.981250        14623        53.33
       2.481     0.984375        14669        64.00
       2.503     0.985938        14694        71.11
       2.523     0.987500        14714        80.00
       2.553     0.989062        14739        91.43
       2.587     0.990625        14762       106.67
       2.623     0.992188        14784       128.00
       2.663     0.992969        14796       142.22
       2.689     0.993750        14807       160.00
       2.737     0.994531        14819       182.86
       2.769     0.995313        14832       213.33
       2.835     0.996094        14842       256.00
       2.873     0.996484        14848       284.44
       2.897     0.996875        14855       320.00
       2.925     0.997266        14860       365.71
       2.975     0.997656        14866       426.67
       3.019     0.998047        14871       512.00
       3.093     0.998242        14874       568.89
       3.129     0.998437        14877       640.00
       3.155     0.998633        14880       731.43
       3.199     0.998828        14883       853.33
       3.239     0.999023        14886      1024.00
       3.241     0.999121        14887      1137.78
       3.263     0.999219        14889      1280.00
       3.277     0.999316        14890      1462.86
       3.281     0.999414        14892      1706.67
       3.351     0.999512        14893      2048.00
       3.515     0.999561        14894      2275.56
       4.055     0.999609        14895      2560.00
       4.055     0.999658        14895      2925.71
       4.247     0.999707        14896      3413.33
      41.279     0.999756        14897      4096.00
      41.279     0.999780        14897      4551.11
      41.919     0.999805        14898      5120.00
      41.919     0.999829        14898      5851.43
      41.919     0.999854        14898      6826.67
      42.367     0.999878        14899      8192.00
      42.367     0.999890        14899      9102.22
      42.367     0.999902        14899     10240.00
      42.367     0.999915        14899     11702.86
      42.367     0.999927        14899     13653.33
      42.463     0.999939        14900     16384.00
      42.463     1.000000        14900          inf
#[Mean    =        1.503, StdDeviation   =        0.795]
#[Max     =       42.432, Total count    =        14900]
#[Buckets =           27, SubBuckets     =         2048]
----------------------------------------------------------
  18002 requests in 1.00m, 0.86GB read
Requests/sec:    300.02
Transfer/sec:     14.68MB

--- metrics ---
requests=18002
duration_s=60.002949
bytes=923610612
rps=300.02
p50_ms=1.489
p95_ms=2.241
p99_ms=2.573
p999_ms=3.231
err_connect=0
err_read=0
err_write=0
err_status=0
err_timeout=0
--- end ---
