Running 1m test @ http://127.0.0.1:8082/file1m
  2 threads and 50 connections
  Thread calibration: mean lat.: 924.670ms, rate sampling interval: 1991ms
  Thread calibration: mean lat.: 74.258ms, rate sampling interval: 184ms
  Thread Stats   Avg      Stdev     Max   +/- Stdev
    Latency   498.92ms  448.26ms   1.00s    61.31%
    Req/Sec    24.53     47.27   136.00     83.39%
  Latency Distribution (HdrHistogram - Recorded Latency)
 50.000%   91.71ms
 75.000%  963.58ms
 90.000%  987.65ms
 99.000%    1.00s 
 99.900%    1.00s 
 99.990%    1.00s 
 99.999%    1.00s 
100.000%    1.00s 

  Detailed Percentile spectrum:
       Value   Percentile   TotalCount 1/(1-Percentile)

       3.403     0.000000            1         1.00
      56.063     0.100000          245         1.11
      65.023     0.200000          490         1.25
      73.983     0.300000          736         1.43
      82.815     0.400000          980         1.67
      91.711     0.500000         1227         2.00
     932.351     0.550000         1356         2.22
     940.031     0.600000         1471         2.50
     947.711     0.650000         1602         2.86
     955.391     0.700000         1715         3.33
     963.583     0.750000         1843         4.00
     967.167     0.775000         1906         4.44
     971.775     0.800000         1964         5.00
     975.871     0.825000         2023         5.71
     978.943     0.850000         2091         6.67
     983.039     0.875000         2145         8.00
     986.111     0.887500         2183         8.89
     987.647     0.900000         2206        10.00
     989.183     0.912500         2243        11.43
     992.255     0.925000         2281        13.33
     993.279     0.937500         2298        16.00
     994.303     0.943750         2314        17.78
     994.815     0.950000         2328        20.00
     995.839     0.956250         2348        22.86
     997.887     0.962500         2364        26.67
     998.399     0.968750         2380        32.00
     998.911     0.971875         2391        35.56
     998.911     0.975000         2391        40.00
     999.935     0.978125         2401        45.71
    1000.959     0.981250         2405        53.33
    1001.471     0.984375         2421        64.00
    1001.471     0.985938         2421        71.11
    1001.471     0.987500         2421        80.00
    1001.983     0.989062         2438        91.43
    1001.983     0.990625         2438       106.67
    1001.983     0.992188         2438       128.00
    1001.983     0.992969         2438       142.22
    1001.983     0.993750         2438       160.00
    1001.983     0.994531         2438       182.86
    1002.495     0.995313         2445       213.33
    1002.495     0.996094         2445       256.00
    1002.495     0.996484         2445       284.44
    1002.495     0.996875         2445       320.00
    1002.495     0.997266         2445       365.71
    1002.495     0.997656         2445       426.67
    1003.007     0.998047         2450       512.00
    1003.007     1.000000         2450          inf
#[Mean    =      498.920, StdDeviation   =      448.262]
#[Max     =     1002.496, Total count    =         2450]
#[Buckets =           27, SubBuckets     =         2048]
----------------------------------------------------------
  2953 requests in 1.00m, 2.88GB read
Requests/sec:     49.18
Transfer/sec:     49.18MB

--- metrics ---
requests=2953
duration_s=60.049342
bytes=3096911502
rps=49.18
p50_ms=91.711
p95_ms=994.815
p99_ms=1001.983
p999_ms=1003.007
err_connect=0
err_read=0
err_write=0
err_status=0
err_timeout=0
--- end ---
