Running 1m test @ http://127.0.0.1:8082/json
  2 threads and 100 connections
  Thread calibration: mean lat.: 362.090ms, rate sampling interval: 1184ms
  Thread calibration: mean lat.: 362.334ms, rate sampling interval: 1184ms
  Thread Stats   Avg      Stdev     Max   +/- Stdev
    Latency     2.24s   803.89ms   3.66s    59.60%
    Req/Sec     0.94k    37.94     1.01k    66.67%
  Latency Distribution (HdrHistogram - Recorded Latency)
 50.000%    2.24s 
 75.000%    2.99s 
 90.000%    3.23s 
 99.000%    3.60s 
 99.900%    3.64s 
 99.990%    3.65s 
 99.999%    3.66s 
100.000%    3.66s 

  Detailed Percentile spectrum:
       Value   Percentile   TotalCount 1/(1-Percentile)

     592.895     0.000000            1         1.00
    1112.063     0.100000         9371         1.11
    1311.743     0.200000        18730         1.25
    1738.751     0.300000        28102         1.43
    1996.799     0.400000        37486         1.67
    2238.463     0.500000        46884         2.00
    2387.967     0.550000        51478         2.22
    2549.759     0.600000        56103         2.50
    2717.695     0.650000        60768         2.86
    2813.951     0.700000        65452         3.33
    2990.079     0.750000        70128         4.00
    3022.847     0.775000        72617         4.44
    3031.039     0.800000        74924         5.00
    3045.375     0.825000        77146         5.71
    3098.623     0.850000        79595         6.67
    3137.535     0.875000        81877         8.00
    3184.639     0.887500        82973         8.89
    3227.647     0.900000        84130        10.00
    3325.951     0.912500        85323        11.43
    3401.727     0.925000        86466        13.33
    3497.983     0.937500        87647        16.00
    3520.511     0.943750        88286        17.78
    3528.703     0.950000        88866        20.00
    3534.847     0.956250        89455        22.86
    3543.039     0.962500        90012        26.67
    3557.375     0.968750        90696        32.00
    3559.423     0.971875        90881        35.56
    3565.567     0.975000        91226        40.00
    3569.663     0.978125        91459        45.71
    3579.903     0.981250        91728        53.33
    3588.095     0.984375        92017        64.00
    3594.239     0.985938        92228        71.11
    3596.287     0.987500        92321        80.00
    3600.383     0.989062        92547        91.43
    3602.431     0.990625        92632       106.67
    3606.527     0.992188        92755       128.00
    3610.623     0.992969        92857       142.22
    3612.671     0.993750        92907       160.00
    3616.767     0.994531        92991       182.86
    3620.863     0.995313        93075       213.33
    3622.911     0.996094        93111       256.00
    3624.959     0.996484        93158       284.44
    3627.007     0.996875        93198       320.00
    3629.055     0.997266        93237       365.71
    3631.103     0.997656        93280       426.67
    3633.151     0.998047        93314       512.00
    3633.151     0.998242        93314       568.89
    3635.199     0.998437        93331       640.00
    3637.247     0.998633        93349       731.43
    3639.295     0.998828        93387       853.33
    3639.295     0.999023        93387      1024.00
    3641.343     0.999121        93414      1137.78
    3641.343     0.999219        93414      1280.00
    3641.343     0.999316        93414      1462.86
    3643.391     0.999414        93431      1706.67
    3643.391     0.999512        93431      2048.00
    3645.439     0.999561        93440      2275.56
    3645.439     0.999609        93440      2560.00
    3647.487     0.999658        93447      2925.71
    3649.535     0.999707        93460      3413.33
    3649.535     0.999756        93460      4096.00
    3649.535     0.999780        93460      4551.11
    3649.535     0.999805        93460      5120.00
    3651.583     0.999829        93466      5851.43
    3651.583     0.999854        93466      6826.67
    3651.583     0.999878        93466      8192.00
    3651.583     0.999890        93466      9102.22
    3653.631     0.999902        93469     10240.00
    3653.631     0.999915        93469     11702.86
    3655.679     0.999927        93472     13653.33
    3655.679     0.999939        93472     16384.00
    3655.679     0.999945        93472     18204.44
    3655.679     0.999951        93472     20480.00
    3657.727     0.999957        93475     23405.71
    3657.727     0.999963        93475     27306.67
    3657.727     0.999969        93475     32768.00
    3657.727     0.999973        93475     36408.89
    3657.727     0.999976        93475     40960.00
    3657.727     0.999979        93475     46811.43
    3657.727     0.999982        93475     54613.33
    3657.727     0.999985        93475     65536.00
    3657.727     0.999986        93475     72817.78
    3657.727     0.999988        93475     81920.00
    3659.775     0.999989        93476     93622.86
    3659.775     1.000000        93476          inf
#[Mean    =     2235.632, StdDeviation   =      803.888]
#[Max     =     3657.728, Total count    =        93476]
#[Buckets =           27, SubBuckets     =         2048]
----------------------------------------------------------
  112511 requests in 1.00m, 125.65MB read
Requests/sec:   1875.16
Transfer/sec:      2.09MB

--- metrics ---
requests=112511
duration_s=60.000812
bytes=131750381
rps=1875.16
p50_ms=2238.463
p95_ms=3528.703
p99_ms=3600.383
p999_ms=3639.295
err_connect=0
err_read=0
err_write=0
err_status=0
err_timeout=0
--- end ---
