Running 1m test @ http://127.0.0.1:8080/file50k
  2 threads and 100 connections
  Thread calibration: mean lat.: 1.580ms, rate sampling interval: 10ms
  Thread calibration: mean lat.: 1.445ms, rate sampling interval: 10ms
  Thread Stats   Avg      Stdev     Max   +/- Stdev
    Latency     1.51ms  436.63us   4.05ms   66.89%
    Req/Sec   157.53     94.79   333.00     70.72%
  Latency Distribution (HdrHistogram - Recorded Latency)
 50.000%    1.49ms
 75.000%    1.79ms
 90.000%    2.09ms
 99.000%    2.59ms
 99.900%    2.91ms
 99.990%    3.75ms
 99.999%    4.05ms
100.000%    4.05ms

  Detailed Percentile spectrum:
       Value   Percentile   TotalCount 1/(1-Percentile)

       0.258     0.000000            1         1.00
       0.956     0.100000         1493         1.11
       1.110     0.200000         2991         1.25
       1.246     0.300000         4472         1.43
       1.374     0.400000         5968         1.67
       1.487     0.500000         7457         2.00
       1.548     0.550000         8196         2.22
       1.606     0.600000         8947         2.50
       1.667     0.650000         9696         2.86
       1.726     0.700000        10434         3.33
       1.794     0.750000        11179         4.00
       1.831     0.775000        11552         4.44
       1.872     0.800000        11924         5.00
       1.917     0.825000        12293         5.71
       1.963     0.850000        12675         6.67
       2.023     0.875000        13042         8.00
       2.053     0.887500        13233         8.89
       2.089     0.900000        13412        10.00
       2.131     0.912500        13604        11.43
       2.173     0.925000        13783        13.33
       2.227     0.937500        13974        16.00
       2.253     0.943750        14069        17.78
       2.281     0.950000        14156        20.00
       2.317     0.956250        14252        22.86
       2.355     0.962500        14344        26.67
       2.393     0.968750        14439        32.00
       2.411     0.971875        14481        35.56
       2.433     0.975000        14530        40.00
       2.459     0.978125        14576        45.71
       2.485     0.981250        14623        53.33
       2.517     0.984375        14671        64.00
       2.535     0.985938        14691        71.11
       2.555     0.987500        14716        80.00
       2.567     0.989062        14738        91.43
       2.595     0.990625        14761       106.67
       2.617     0.992188        14785       128.00
       2.633     0.992969        14798       142.22
       2.649     0.993750        14808       160.00
       2.679     0.994531        14820       182.86
       2.707     0.995313        14831       213.33
       2.743     0.996094        14842       256.00
       2.755     0.996484        14848       284.44
       2.773     0.996875        14854       320.00
       2.791     0.997266        14860       365.71
       2.813     0.997656        14866       426.67
       2.837     0.998047        14871       512.00
       2.855     0.998242        14874       568.89
       2.867     0.998437        14877       640.00
       2.897     0.998633        14881       731.43
       2.905     0.998828        14883       853.33
       2.919     0.999023        14886      1024.00
       2.923     0.999121        14887      1137.78
       2.965     0.999219        14889      1280.00
       2.981     0.999316        14890      1462.86
       3.127     0.999414        14892      1706.67
       3.145     0.999512        14893      2048.00
       3.223     0.999561        14894      2275.56
       3.227     0.999609        14895      2560.00
       3.227     0.999658        14895      2925.71
       3.247     0.999707        14896      3413.33
       3.347     0.999756        14897      4096.00
       3.347     0.999780        14897      4551.11
       3.373     0.999805        14898      5120.00
       3.373     0.999829        14898      5851.43
       3.373     0.999854        14898      6826.67
       3.749     0.999878        14899      8192.00
       3.749     0.999890        14899      9102.22
       3.749     0.999902        14899     10240.00
       3.749     0.999915        14899     11702.86
       3.749     0.999927        14899     13653.33
       4.047     0.999939        14900     16384.00
       4.047     1.000000        14900          inf
#[Mean    =        1.509, StdDeviation   =        0.437]
#[Max     =        4.046, Total count    =        14900]
#[Buckets =           27, SubBuckets     =         2048]
----------------------------------------------------------
  18002 requests in 1.00m, 0.86GB read
Requests/sec:    300.02
Transfer/sec:     14.69MB

--- metrics ---
requests=18002
duration_s=60.003592
bytes=924276686
rps=300.02
p50_ms=1.487
p95_ms=2.281
p99_ms=2.589
p999_ms=2.915
err_connect=0
err_read=0
err_write=0
err_status=0
err_timeout=0
--- end ---
