Running 1m test @ http://127.0.0.1:8083/json
  2 threads and 100 connections
  Thread calibration: mean lat.: 1.314ms, rate sampling interval: 10ms
  Thread calibration: mean lat.: 1.732ms, rate sampling interval: 10ms
  Thread Stats   Avg      Stdev     Max   +/- Stdev
    Latency     1.56ms  730.67us   8.06ms   70.39%
    Req/Sec     1.05k     1.31k    5.55k    89.57%
  Latency Distribution (HdrHistogram - Recorded Latency)
 50.000%    1.42ms
 75.000%    1.99ms
 90.000%    2.51ms
 99.000%    3.76ms
 99.900%    4.39ms
 99.990%    6.68ms
 99.999%    7.97ms
100.000%    8.06ms

  Detailed Percentile spectrum:
       Value   Percentile   TotalCount 1/(1-Percentile)

       0.157     0.000000            1         1.00
       0.743     0.100000         9962         1.11
       0.922     0.200000        19916         1.25
       1.083     0.300000        29887         1.43
       1.246     0.400000        39835         1.67
       1.421     0.500000        49792         2.00
       1.523     0.550000        54771         2.22
       1.629     0.600000        59721         2.50
       1.743     0.650000        64692         2.86
       1.863     0.700000        69659         3.33
       1.992     0.750000        74627         4.00
       2.063     0.775000        77137         4.44
       2.139     0.800000        79648         5.00
       2.217     0.825000        82113         5.71
       2.303     0.850000        84627         6.67
       2.395     0.875000        87073         8.00
       2.449     0.887500        88315         8.89
       2.505     0.900000        89562        10.00
       2.577     0.912500        90809        11.43
       2.667     0.925000        92045        13.33
       2.783     0.937500        93306        16.00
       2.855     0.943750        93910        17.78
       2.937     0.950000        94537        20.00
       3.029     0.956250        95156        22.86
       3.131     0.962500        95781        26.67
       3.243     0.968750        96392        32.00
       3.305     0.971875        96709        35.56
       3.367     0.975000        97016        40.00
       3.433     0.978125        97327        45.71
       3.507     0.981250        97638        53.33
       3.587     0.984375        97949        64.00
       3.627     0.985938        98106        71.11
       3.675     0.987500        98265        80.00
       3.725     0.989062        98413        91.43
       3.783     0.990625        98570       106.67
       3.859     0.992188        98723       128.00
       3.897     0.992969        98804       142.22
       3.931     0.993750        98880       160.00
       3.975     0.994531        98958       182.86
       4.029     0.995313        99035       213.33
       4.089     0.996094        99112       256.00
       4.115     0.996484        99154       284.44
       4.147     0.996875        99191       320.00
       4.175     0.997266        99233       365.71
       4.211     0.997656        99267       426.67
       4.247     0.998047        99307       512.00
       4.267     0.998242        99326       568.89
       4.299     0.998437        99345       640.00
       4.327     0.998633        99366       731.43
       4.351     0.998828        99387       853.33
       4.391     0.999023        99403      1024.00
       4.415     0.999121        99414      1137.78
       4.443     0.999219        99423      1280.00
       4.471     0.999316        99435      1462.86
       4.495     0.999414        99442      1706.67
       4.539     0.999512        99453      2048.00
       4.571     0.999561        99457      2275.56
       4.607     0.999609        99462      2560.00
       4.623     0.999658        99466      2925.71
       4.695     0.999707        99471      3413.33
       5.039     0.999756        99476      4096.00
       5.743     0.999780        99479      4551.11
       5.883     0.999805        99481      5120.00
       6.179     0.999829        99483      5851.43
       6.375     0.999854        99486      6826.67
       6.435     0.999878        99488      8192.00
       6.679     0.999890        99490      9102.22
       6.895     0.999902        99491     10240.00
       7.183     0.999915        99492     11702.86
       7.415     0.999927        99493     13653.33
       7.523     0.999939        99494     16384.00
       7.623     0.999945        99495     18204.44
       7.627     0.999951        99496     20480.00
       7.627     0.999957        99496     23405.71
       7.795     0.999963        99497     27306.67
       7.795     0.999969        99497     32768.00
       7.883     0.999973        99498     36408.89
       7.883     0.999976        99498     40960.00
       7.883     0.999979        99498     46811.43
       7.967     0.999982        99499     54613.33
       7.967     0.999985        99499     65536.00
       7.967     0.999986        99499     72817.78
       7.967     0.999988        99499     81920.00
       7.967     0.999989        99499     93622.86
       8.059     0.999991        99500    109226.67
       8.059     1.000000        99500          inf
#[Mean    =        1.557, StdDeviation   =        0.731]
#[Max     =        8.056, Total count    =        99500]
#[Buckets =           27, SubBuckets     =         2048]
----------------------------------------------------------
  118902 requests in 1.00m, 145.03MB read
Requests/sec:   1981.63
Transfer/sec:      2.42MB

--- metrics ---
requests=118902
duration_s=60.002181
bytes=152075158
rps=1981.63
p50_ms=1.421
p95_ms=2.937
p99_ms=3.759
p999_ms=4.387
err_connect=0
err_read=0
err_write=0
err_status=0
err_timeout=0
--- end ---
