Running 1m test @ http://127.0.0.1:8083/json
  2 threads and 100 connections
  Thread calibration: mean lat.: 1.245ms, rate sampling interval: 10ms
  Thread calibration: mean lat.: 1.259ms, rate sampling interval: 10ms
  Thread Stats   Avg      Stdev     Max   +/- Stdev
    Latency     1.24ms  483.71us   5.05ms   66.21%
    Req/Sec     1.05k   138.48     1.67k    79.87%
  Latency Distribution (HdrHistogram - Recorded Latency)
 50.000%    1.19ms
 75.000%    1.57ms
 90.000%    1.91ms
 99.000%    2.47ms
 99.900%    2.76ms
 99.990%    3.29ms
 99.999%    4.36ms
100.000%    5.05ms

  Detailed Percentile spectrum:
       Value   Percentile   TotalCount 1/(1-Percentile)

       0.148     0.000000            1         1.00
       0.655     0.100000         9996         1.11
       0.803     0.200000        19963         1.25
       0.934     0.300000        29854         1.43
       1.061     0.400000        39820         1.67
       1.191     0.500000        49813         2.00
       1.258     0.550000        54727         2.22
       1.331     0.600000        59766         2.50
       1.404     0.650000        64688         2.86
       1.484     0.700000        69700         3.33
       1.570     0.750000        74635         4.00
       1.617     0.775000        77163         4.44
       1.663     0.800000        79617         5.00
       1.716     0.825000        82093         5.71
       1.776     0.850000        84605         6.67
       1.840     0.875000        87082         8.00
       1.876     0.887500        88308         8.89
       1.915     0.900000        89561        10.00
       1.958     0.912500        90828        11.43
       2.005     0.925000        92047        13.33
       2.059     0.937500        93288        16.00
       2.087     0.943750        93918        17.78
       2.121     0.950000        94548        20.00
       2.159     0.956250        95167        22.86
       2.201     0.962500        95792        26.67
       2.245     0.968750        96392        32.00
       2.273     0.971875        96715        35.56
       2.301     0.975000        97026        40.00
       2.329     0.978125        97324        45.71
       2.361     0.981250        97640        53.33
       2.397     0.984375        97960        64.00
       2.415     0.985938        98119        71.11
       2.431     0.987500        98257        80.00
       2.457     0.989062        98424        91.43
       2.487     0.990625        98572       106.67
       2.515     0.992188        98725       128.00
       2.531     0.992969        98810       142.22
       2.547     0.993750        98880       160.00
       2.561     0.994531        98959       182.86
       2.583     0.995313        99035       213.33
       2.603     0.996094        99116       256.00
       2.615     0.996484        99153       284.44
       2.629     0.996875        99191       320.00
       2.643     0.997266        99233       365.71
       2.655     0.997656        99268       426.67
       2.677     0.998047        99306       512.00
       2.693     0.998242        99327       568.89
       2.711     0.998437        99346       640.00
       2.727     0.998633        99364       731.43
       2.745     0.998828        99385       853.33
       2.765     0.999023        99403      1024.00
       2.785     0.999121        99414      1137.78
       2.791     0.999219        99423      1280.00
       2.809     0.999316        99432      1462.86
       2.819     0.999414        99442      1706.67
       2.849     0.999512        99452      2048.00
       2.867     0.999561        99458      2275.56
       2.895     0.999609        99462      2560.00
       2.909     0.999658        99466      2925.71
       2.945     0.999707        99471      3413.33
       2.959     0.999756        99476      4096.00
       2.985     0.999780        99479      4551.11
       3.001     0.999805        99481      5120.00
       3.025     0.999829        99483      5851.43
       3.085     0.999854        99486      6826.67
       3.155     0.999878        99488      8192.00
       3.289     0.999890        99490      9102.22
       3.583     0.999902        99491     10240.00
       3.591     0.999915        99492     11702.86
       3.625     0.999927        99493     13653.33
       3.643     0.999939        99494     16384.00
       3.647     0.999945        99495     18204.44
       3.809     0.999951        99496     20480.00
       3.809     0.999957        99496     23405.71
       4.067     0.999963        99497     27306.67
       4.067     0.999969        99497     32768.00
       4.111     0.999973        99498     36408.89
       4.111     0.999976        99498     40960.00
       4.111     0.999979        99498     46811.43
       4.355     0.999982        99499     54613.33
       4.355     0.999985        99499     65536.00
       4.355     0.999986        99499     72817.78
       4.355     0.999988        99499     81920.00
       4.355     0.999989        99499     93622.86
       5.051     0.999991        99500    109226.67
       5.051     1.000000        99500          inf
#[Mean    =        1.245, StdDeviation   =        0.484]
#[Max     =        5.048, Total count    =        99500]
#[Buckets =           27, SubBuckets     =         2048]
----------------------------------------------------------
  119802 requests in 1.00m, 146.13MB read
Requests/sec:   1996.62
Transfer/sec:      2.44MB

--- metrics ---
requests=119802
duration_s=60.002533
bytes=153226258
rps=1996.62
p50_ms=1.191
p95_ms=2.121
p99_ms=2.475
p999_ms=2.763
err_connect=0
err_read=0
err_write=0
err_status=0
err_timeout=0
--- end ---
