Running 1m test @ http://127.0.0.1:8081/file50k
  2 threads and 100 connections
  Thread calibration: mean lat.: 1.431ms, rate sampling interval: 10ms
  Thread calibration: mean lat.: 1.294ms, rate sampling interval: 10ms
  Thread Stats   Avg      Stdev     Max   +/- Stdev
    Latency     1.36ms  424.46us   2.95ms   66.07%
    Req/Sec   158.98     95.33   333.00     70.82%
  Latency Distribution (HdrHistogram - Recorded Latency)
 50.000%    1.35ms
 75.000%    1.64ms
 90.000%    1.91ms
 99.000%    2.41ms
 99.900%    2.68ms
 99.990%    2.89ms
 99.999%    2.95ms
100.000%    2.95ms

  Detailed Percentile spectrum:
       Value   Percentile   TotalCount 1/(1-Percentile)

       0.293     0.000000            1         1.00
       0.811     0.100000         1497         1.11
       0.961     0.200000         2988         1.25
       1.097     0.300000         4471         1.43
       1.223     0.400000         5968         1.67
       1.348     0.500000         7460         2.00
       1.404     0.550000         8201         2.22
       1.459     0.600000         8953         2.50
       1.517     0.650000         9696         2.86
       1.577     0.700000        10436         3.33
       1.644     0.750000        11178         4.00
       1.681     0.775000        11549         4.44
       1.714     0.800000        11923         5.00
       1.755     0.825000        12297         5.71
       1.797     0.850000        12668         6.67
       1.844     0.875000        13045         8.00
       1.872     0.887500        13226         8.89
       1.906     0.900000        13412        10.00
       1.946     0.912500        13604        11.43
       1.987     0.925000        13784        13.33
       2.035     0.937500        13970        16.00
       2.063     0.943750        14069        17.78
       2.095     0.950000        14163        20.00
       2.129     0.956250        14252        22.86
       2.161     0.962500        14345        26.67
       2.201     0.968750        14436        32.00
       2.223     0.971875        14481        35.56
       2.253     0.975000        14529        40.00
       2.281     0.978125        14579        45.71
       2.309     0.981250        14624        53.33
       2.343     0.984375        14668        64.00
       2.361     0.985938        14693        71.11
       2.381     0.987500        14714        80.00
       2.403     0.989062        14739        91.43
       2.425     0.990625        14762       106.67
       2.455     0.992188        14785       128.00
       2.471     0.992969        14797       142.22
       2.491     0.993750        14807       160.00
       2.521     0.994531        14819       182.86
       2.531     0.995313        14831       213.33
       2.561     0.996094        14842       256.00
       2.575     0.996484        14849       284.44
       2.595     0.996875        14854       320.00
       2.605     0.997266        14860       365.71
       2.613     0.997656        14868       426.67
       2.627     0.998047        14871       512.00
       2.637     0.998242        14874       568.89
       2.647     0.998437        14878       640.00
       2.657     0.998633        14880       731.43
       2.665     0.998828        14884       853.33
       2.683     0.999023        14886      1024.00
       2.687     0.999121        14887      1137.78
       2.691     0.999219        14889      1280.00
       2.697     0.999316        14890      1462.86
       2.735     0.999414        14893      1706.67
       2.735     0.999512        14893      2048.00
       2.741     0.999561        14894      2275.56
       2.763     0.999609        14895      2560.00
       2.763     0.999658        14895      2925.71
       2.787     0.999707        14896      3413.33
       2.821     0.999756        14897      4096.00
       2.821     0.999780        14897      4551.11
       2.837     0.999805        14898      5120.00
       2.837     0.999829        14898      5851.43
       2.837     0.999854        14898      6826.67
       2.893     0.999878        14899      8192.00
       2.893     0.999890        14899      9102.22
       2.893     0.999902        14899     10240.00
       2.893     0.999915        14899     11702.86
       2.893     0.999927        14899     13653.33
       2.947     0.999939        14900     16384.00
       2.947     1.000000        14900          inf
#[Mean    =        1.356, StdDeviation   =        0.424]
#[Max     =        2.946, Total count    =        14900]
#[Buckets =           27, SubBuckets     =         2048]
----------------------------------------------------------
  18002 requests in 1.00m, 0.86GB read
Requests/sec:    300.02
Transfer/sec:     14.69MB

--- metrics ---
requests=18002
duration_s=60.002382
bytes=924528714
rps=300.02
p50_ms=1.348
p95_ms=2.095
p99_ms=2.413
p999_ms=2.681
err_connect=0
err_read=0
err_write=0
err_status=0
err_timeout=0
--- end ---
