Running 1m test @ http://127.0.0.1:8083/file50k
  2 threads and 100 connections
  Thread calibration: mean lat.: 1.232ms, rate sampling interval: 10ms
  Thread calibration: mean lat.: 1.245ms, rate sampling interval: 10ms
  Thread Stats   Avg      Stdev     Max   +/- Stdev
    Latency     1.24ms  397.38us   3.52ms   66.86%
    Req/Sec   157.49     93.88   333.00     71.08%
  Latency Distribution (HdrHistogram - Recorded Latency)
 50.000%    1.23ms
 75.000%    1.51ms
 90.000%    1.76ms
 99.000%    2.25ms
 99.900%    2.53ms
 99.990%    3.29ms
 99.999%    3.52ms
100.000%    3.52ms

  Detailed Percentile spectrum:
       Value   Percentile   TotalCount 1/(1-Percentile)

       0.220     0.000000            1         1.00
       0.731     0.100000         1499         1.11
       0.880     0.200000         2987         1.25
       1.011     0.300000         4475         1.43
       1.124     0.400000         5967         1.67
       1.232     0.500000         7454         2.00
       1.282     0.550000         8210         2.22
       1.335     0.600000         8942         2.50
       1.392     0.650000         9693         2.86
       1.451     0.700000        10430         3.33
       1.511     0.750000        11177         4.00
       1.545     0.775000        11567         4.44
       1.575     0.800000        11924         5.00
       1.611     0.825000        12297         5.71
       1.652     0.850000        12670         6.67
       1.702     0.875000        13040         8.00
       1.732     0.887500        13229         8.89
       1.759     0.900000        13413        10.00
       1.793     0.912500        13604        11.43
       1.834     0.925000        13783        13.33
       1.879     0.937500        13970        16.00
       1.907     0.943750        14064        17.78
       1.928     0.950000        14158        20.00
       1.961     0.956250        14249        22.86
       1.997     0.962500        14343        26.67
       2.032     0.968750        14435        32.00
       2.055     0.971875        14481        35.56
       2.083     0.975000        14532        40.00
       2.113     0.978125        14575        45.71
       2.145     0.981250        14621        53.33
       2.183     0.984375        14668        64.00
       2.199     0.985938        14691        71.11
       2.215     0.987500        14714        80.00
       2.241     0.989062        14738        91.43
       2.265     0.990625        14762       106.67
       2.291     0.992188        14784       128.00
       2.303     0.992969        14796       142.22
       2.321     0.993750        14808       160.00
       2.335     0.994531        14819       182.86
       2.355     0.995313        14833       213.33
       2.365     0.996094        14842       256.00
       2.385     0.996484        14848       284.44
       2.417     0.996875        14855       320.00
       2.433     0.997266        14860       365.71
       2.447     0.997656        14866       426.67
       2.459     0.998047        14871       512.00
       2.471     0.998242        14874       568.89
       2.493     0.998437        14877       640.00
       2.509     0.998633        14880       731.43
       2.525     0.998828        14883       853.33
       2.545     0.999023        14886      1024.00
       2.553     0.999121        14887      1137.78
       2.555     0.999219        14889      1280.00
       2.561     0.999316        14890      1462.86
       2.575     0.999414        14892      1706.67
       2.579     0.999512        14893      2048.00
       2.585     0.999561        14894      2275.56
       2.599     0.999609        14895      2560.00
       2.599     0.999658        14895      2925.71
       2.623     0.999707        14896      3413.33
       2.643     0.999756        14897      4096.00
       2.643     0.999780        14897      4551.11
       2.675     0.999805        14898      5120.00
       2.675     0.999829        14898      5851.43
       2.675     0.999854        14898      6826.67
       3.285     0.999878        14899      8192.00
       3.285     0.999890        14899      9102.22
       3.285     0.999902        14899     10240.00
       3.285     0.999915        14899     11702.86
       3.285     0.999927        14899     13653.33
       3.521     0.999939        14900     16384.00
       3.521     1.000000        14900          inf
#[Mean    =        1.244, StdDeviation   =        0.397]
#[Max     =        3.520, Total count    =        14900]
#[Buckets =           27, SubBuckets     =         2048]
----------------------------------------------------------
  18002 requests in 1.00m, 0.86GB read
Requests/sec:    300.02
Transfer/sec:     14.73MB

--- metrics ---
requests=18002
duration_s=60.003008
bytes=926472930
rps=300.02
p50_ms=1.232
p95_ms=1.928
p99_ms=2.253
p999_ms=2.531
err_connect=0
err_read=0
err_write=0
err_status=0
err_timeout=0
--- end ---
