Running 1m test @ http://127.0.0.1:8081/json
  2 threads and 100 connections
  Thread calibration: mean lat.: 1.165ms, rate sampling interval: 10ms
  Thread calibration: mean lat.: 1.176ms, rate sampling interval: 10ms
  Thread Stats   Avg      Stdev     Max   +/- Stdev
    Latency     1.17ms  495.36us   3.43ms   66.58%
    Req/Sec     1.05k   137.94     1.67k    76.40%
  Latency Distribution (HdrHistogram - Recorded Latency)
 50.000%    1.09ms
 75.000%    1.50ms
 90.000%    1.88ms
 99.000%    2.40ms
 99.900%    2.59ms
 99.990%    2.78ms
 99.999%    3.35ms
100.000%    3.43ms

  Detailed Percentile spectrum:
       Value   Percentile   TotalCount 1/(1-Percentile)

       0.164     0.000000            1         1.00
       0.588     0.100000        10008         1.11
       0.718     0.200000        19940         1.25
       0.838     0.300000        29908         1.43
       0.958     0.400000        39873         1.67
       1.086     0.500000        49763         2.00
       1.156     0.550000        54780         2.22
       1.233     0.600000        59746         2.50
       1.316     0.650000        64702         2.86
       1.408     0.700000        69677         3.33
       1.503     0.750000        74656         4.00
       1.551     0.775000        77152         4.44
       1.600     0.800000        79632         5.00
       1.654     0.825000        82123         5.71
       1.714     0.850000        84578         6.67
       1.786     0.875000        87079         8.00
       1.829     0.887500        88325         8.89
       1.877     0.900000        89559        10.00
       1.929     0.912500        90805        11.43
       1.986     0.925000        92041        13.33
       2.055     0.937500        93304        16.00
       2.097     0.943750        93927        17.78
       2.139     0.950000        94533        20.00
       2.183     0.956250        95170        22.86
       2.221     0.962500        95777        26.67
       2.257     0.968750        96411        32.00
       2.277     0.971875        96717        35.56
       2.295     0.975000        97024        40.00
       2.313     0.978125        97335        45.71
       2.333     0.981250        97646        53.33
       2.357     0.984375        97972        64.00
       2.367     0.985938        98106        71.11
       2.381     0.987500        98259        80.00
       2.395     0.989062        98418        91.43
       2.411     0.990625        98591       106.67
       2.423     0.992188        98723       128.00
       2.435     0.992969        98803       142.22
       2.447     0.993750        98890       160.00
       2.457     0.994531        98963       182.86
       2.473     0.995313        99047       213.33
       2.485     0.996094        99112       256.00
       2.497     0.996484        99156       284.44
       2.503     0.996875        99190       320.00
       2.513     0.997266        99229       365.71
       2.523     0.997656        99268       426.67
       2.537     0.998047        99308       512.00
       2.547     0.998242        99327       568.89
       2.559     0.998437        99350       640.00
       2.567     0.998633        99366       731.43
       2.581     0.998828        99385       853.33
       2.595     0.999023        99403      1024.00
       2.601     0.999121        99413      1137.78
       2.611     0.999219        99423      1280.00
       2.619     0.999316        99433      1462.86
       2.629     0.999414        99444      1706.67
       2.641     0.999512        99452      2048.00
       2.645     0.999561        99458      2275.56
       2.647     0.999609        99462      2560.00
       2.651     0.999658        99466      2925.71
       2.667     0.999707        99471      3413.33
       2.691     0.999756        99476      4096.00
       2.709     0.999780        99480      4551.11
       2.711     0.999805        99481      5120.00
       2.743     0.999829        99484      5851.43
       2.749     0.999854        99486      6826.67
       2.763     0.999878        99488      8192.00
       2.777     0.999890        99490      9102.22
       2.791     0.999902        99491     10240.00
       2.803     0.999915        99492     11702.86
       2.843     0.999927        99493     13653.33
       2.855     0.999939        99494     16384.00
       2.891     0.999945        99495     18204.44
       3.087     0.999951        99496     20480.00
       3.087     0.999957        99496     23405.71
       3.187     0.999963        99497     27306.67
       3.187     0.999969        99497     32768.00
       3.341     0.999973        99498     36408.89
       3.341     0.999976        99498     40960.00
       3.341     0.999979        99498     46811.43
       3.349     0.999982        99499     54613.33
       3.349     0.999985        99499     65536.00
       3.349     0.999986        99499     72817.78
       3.349     0.999988        99499     81920.00
       3.349     0.999989        99499     93622.86
       3.433     0.999991        99500    109226.67
       3.433     1.000000        99500          inf
#[Mean    =        1.168, StdDeviation   =        0.495]
#[Max     =        3.432, Total count    =        99500]
#[Buckets =           27, SubBuckets     =         2048]
----------------------------------------------------------
  119804 requests in 1.00m, 134.02MB read
Requests/sec:   1996.63
Transfer/sec:      2.23MB

--- metrics ---
requests=119804
duration_s=60.003113
bytes=140530092
rps=1996.63
p50_ms=1.086
p95_ms=2.139
p99_ms=2.405
p999_ms=2.593
err_connect=0
err_read=0
err_write=0
err_status=0
err_timeout=0
--- end ---
