Running 1m test @ http://127.0.0.1:8081/file1m
  2 threads and 50 connections
  Thread calibration: mean lat.: 2.740ms, rate sampling interval: 10ms
  Thread calibration: mean lat.: 2.866ms, rate sampling interval: 10ms
  Thread Stats   Avg      Stdev     Max   +/- Stdev
    Latency     2.73ms  460.59us   4.74ms   68.73%
    Req/Sec    26.00     69.25   333.00     87.07%
  Latency Distribution (HdrHistogram - Recorded Latency)
 50.000%    2.69ms
 75.000%    3.01ms
 90.000%    3.35ms
 99.000%    4.02ms
 99.900%    4.38ms
 99.990%    4.75ms
 99.999%    4.75ms
100.000%    4.75ms

  Detailed Percentile spectrum:
       Value   Percentile   TotalCount 1/(1-Percentile)

       1.432     0.000000            1         1.00
       2.177     0.100000          246         1.11
       2.323     0.200000          491         1.25
       2.467     0.300000          735         1.43
       2.579     0.400000          981         1.67
       2.695     0.500000         1229         2.00
       2.751     0.550000         1350         2.22
       2.809     0.600000         1472         2.50
       2.875     0.650000         1596         2.86
       2.941     0.700000         1718         3.33
       3.009     0.750000         1839         4.00
       3.053     0.775000         1899         4.44
       3.097     0.800000         1961         5.00
       3.147     0.825000         2023         5.71
       3.203     0.850000         2084         6.67
       3.259     0.875000         2145         8.00
       3.293     0.887500         2175         8.89
       3.345     0.900000         2205        10.00
       3.389     0.912500         2237        11.43
       3.433     0.925000         2267        13.33
       3.487     0.937500         2298        16.00
       3.519     0.943750         2314        17.78
       3.545     0.950000         2328        20.00
       3.589     0.956250         2343        22.86
       3.633     0.962500         2359        26.67
       3.707     0.968750         2374        32.00
       3.735     0.971875         2382        35.56
       3.777     0.975000         2389        40.00
       3.813     0.978125         2397        45.71
       3.843     0.981250         2405        53.33
       3.875     0.984375         2412        64.00
       3.927     0.985938         2416        71.11
       3.959     0.987500         2420        80.00
       3.997     0.989062         2424        91.43
       4.025     0.990625         2428       106.67
       4.049     0.992188         2431       128.00
       4.065     0.992969         2433       142.22
       4.071     0.993750         2435       160.00
       4.077     0.994531         2437       182.86
       4.107     0.995313         2439       213.33
       4.179     0.996094         2441       256.00
       4.183     0.996484         2442       284.44
       4.195     0.996875         2443       320.00
       4.199     0.997266         2444       365.71
       4.215     0.997656         2445       426.67
       4.315     0.998047         2446       512.00
       4.315     0.998242         2446       568.89
       4.331     0.998437         2447       640.00
       4.331     0.998633         2447       731.43
       4.375     0.998828         2448       853.33
       4.375     0.999023         2448      1024.00
       4.375     0.999121         2448      1137.78
       4.515     0.999219         2449      1280.00
       4.515     0.999316         2449      1462.86
       4.515     0.999414         2449      1706.67
       4.515     0.999512         2449      2048.00
       4.515     0.999561         2449      2275.56
       4.747     0.999609         2450      2560.00
       4.747     1.000000         2450          inf
#[Mean    =        2.731, StdDeviation   =        0.461]
#[Max     =        4.744, Total count    =         2450]
#[Buckets =           27, SubBuckets     =         2048]
----------------------------------------------------------
  3002 requests in 1.00m, 2.93GB read
Requests/sec:     50.03
Transfer/sec:     50.04MB

--- metrics ---
requests=3002
duration_s=60.004383
bytes=3148302470
rps=50.03
p50_ms=2.695
p95_ms=3.545
p99_ms=4.021
p999_ms=4.375
err_connect=0
err_read=0
err_write=0
err_status=0
err_timeout=0
--- end ---
