Running 1m test @ http://127.0.0.1:8083/file1m
  2 threads and 50 connections
  Thread calibration: mean lat.: 2.563ms, rate sampling interval: 10ms
  Thread calibration: mean lat.: 2.611ms, rate sampling interval: 10ms
  Thread Stats   Avg      Stdev     Max   +/- Stdev
    Latency     2.64ms  479.58us   5.44ms   67.59%
    Req/Sec    25.79     68.64   333.00     87.20%
  Latency Distribution (HdrHistogram - Recorded Latency)
 50.000%    2.61ms
 75.000%    2.94ms
 90.000%    3.28ms
 99.000%    3.82ms
 99.900%    4.22ms
 99.990%    5.44ms
 99.999%    5.44ms
100.000%    5.44ms

  Detailed Percentile spectrum:
       Value   Percentile   TotalCount 1/(1-Percentile)

       1.447     0.000000            1         1.00
       2.029     0.100000          245         1.11
       2.221     0.200000          490         1.25
       2.369     0.300000          735         1.43
       2.489     0.400000          980         1.67
       2.613     0.500000         1228         2.00
       2.673     0.550000         1350         2.22
       2.741     0.600000         1470         2.50
       2.811     0.650000         1593         2.86
       2.877     0.700000         1715         3.33
       2.943     0.750000         1838         4.00
       2.983     0.775000         1899         4.44
       3.029     0.800000         1961         5.00
       3.085     0.825000         2024         5.71
       3.151     0.850000         2083         6.67
       3.219     0.875000         2144         8.00
       3.253     0.887500         2175         8.89
       3.281     0.900000         2206        10.00
       3.325     0.912500         2236        11.43
       3.369     0.925000         2267        13.33
       3.411     0.937500         2298        16.00
       3.455     0.943750         2313        17.78
       3.501     0.950000         2328        20.00
       3.521     0.956250         2344        22.86
       3.579     0.962500         2360        26.67
       3.603     0.968750         2374        32.00
       3.637     0.971875         2383        35.56
       3.655     0.975000         2389        40.00
       3.675     0.978125         2397        45.71
       3.695     0.981250         2405        53.33
       3.737     0.984375         2412        64.00
       3.751     0.985938         2416        71.11
       3.783     0.987500         2420        80.00
       3.811     0.989062         2424        91.43
       3.853     0.990625         2428       106.67
       3.889     0.992188         2432       128.00
       3.903     0.992969         2433       142.22
       3.917     0.993750         2435       160.00
       3.975     0.994531         2437       182.86
       4.005     0.995313         2440       213.33
       4.009     0.996094         2441       256.00
       4.017     0.996484         2442       284.44
       4.023     0.996875         2443       320.00
       4.035     0.997266         2444       365.71
       4.071     0.997656         2445       426.67
       4.171     0.998047         2446       512.00
       4.171     0.998242         2446       568.89
       4.207     0.998437         2447       640.00
       4.207     0.998633         2447       731.43
       4.215     0.998828         2448       853.33
       4.215     0.999023         2448      1024.00
       4.215     0.999121         2448      1137.78
       4.283     0.999219         2449      1280.00
       4.283     0.999316         2449      1462.86
       4.283     0.999414         2449      1706.67
       4.283     0.999512         2449      2048.00
       4.283     0.999561         2449      2275.56
       5.443     0.999609         2450      2560.00
       5.443     1.000000         2450          inf
#[Mean    =        2.642, StdDeviation   =        0.480]
#[Max     =        5.440, Total count    =         2450]
#[Buckets =           27, SubBuckets     =         2048]
----------------------------------------------------------
  3002 requests in 1.00m, 2.93GB read
Requests/sec:     50.03
Transfer/sec:     50.04MB

--- metrics ---
requests=3002
duration_s=60.004019
bytes=3148632690
rps=50.03
p50_ms=2.613
p95_ms=3.501
p99_ms=3.815
p999_ms=4.215
err_connect=0
err_read=0
err_write=0
err_status=0
err_timeout=0
--- end ---
