Running 1m test @ http://127.0.0.1:8080/json
  2 threads and 100 connections
  Thread calibration: mean lat.: 1.453ms, rate sampling interval: 10ms
  Thread calibration: mean lat.: 2.262ms, rate sampling interval: 10ms
  Thread Stats   Avg      Stdev     Max   +/- Stdev
    Latency     1.74ms    1.00ms  14.99ms   81.33%
    Req/Sec     1.05k     1.32k    5.55k    89.28%
  Latency Distribution (HdrHistogram - Recorded Latency)
 50.000%    1.53ms
 75.000%    2.13ms
 90.000%    2.86ms
 99.000%    5.39ms
 99.900%    9.60ms
 99.990%   12.03ms
 99.999%   13.66ms
100.000%   15.00ms

  Detailed Percentile spectrum:
       Value   Percentile   TotalCount 1/(1-Percentile)

       0.156     0.000000            1         1.00
       0.806     0.100000         9989         1.11
       1.005     0.200000        19921         1.25
       1.178     0.300000        29899         1.43
       1.352     0.400000        39873         1.67
       1.533     0.500000        49750         2.00
       1.632     0.550000        54763         2.22
       1.735     0.600000        59730         2.50
       1.850     0.650000        64700         2.86
       1.980     0.700000        69662         3.33
       2.129     0.750000        74670         4.00
       2.213     0.775000        77115         4.44
       2.307     0.800000        79619         5.00
       2.407     0.825000        82108         5.71
       2.527     0.850000        84611         6.67
       2.671     0.875000        87073         8.00
       2.753     0.887500        88312         8.89
       2.855     0.900000        89550        10.00
       2.977     0.912500        90810        11.43
       3.115     0.925000        92052        13.33
       3.283     0.937500        93290        16.00
       3.385     0.943750        93907        17.78
       3.499     0.950000        94527        20.00
       3.625     0.956250        95151        22.86
       3.781     0.962500        95770        26.67
       3.975     0.968750        96394        32.00
       4.103     0.971875        96705        35.56
       4.227     0.975000        97020        40.00
       4.391     0.978125        97327        45.71
       4.567     0.981250        97637        53.33
       4.779     0.984375        97946        64.00
       4.911     0.985938        98101        71.11
       5.059     0.987500        98257        80.00
       5.259     0.989062        98413        91.43
       5.483     0.990625        98569       106.67
       5.791     0.992188        98723       128.00
       5.971     0.992969        98801       142.22
       6.211     0.993750        98879       160.00
       6.471     0.994531        98956       182.86
       6.743     0.995313        99034       213.33
       7.039     0.996094        99113       256.00
       7.235     0.996484        99151       284.44
       7.491     0.996875        99190       320.00
       7.755     0.997266        99230       365.71
       8.023     0.997656        99267       426.67
       8.383     0.998047        99306       512.00
       8.631     0.998242        99326       568.89
       8.815     0.998437        99345       640.00
       9.079     0.998633        99364       731.43
       9.271     0.998828        99384       853.33
       9.623     0.999023        99403      1024.00
       9.735     0.999121        99413      1137.78
       9.879     0.999219        99423      1280.00
       9.991     0.999316        99433      1462.86
      10.143     0.999414        99442      1706.67
      10.399     0.999512        99452      2048.00
      10.551     0.999561        99457      2275.56
      10.727     0.999609        99462      2560.00
      10.879     0.999658        99467      2925.71
      11.023     0.999707        99471      3413.33
      11.135     0.999756        99476      4096.00
      11.255     0.999780        99479      4551.11
      11.471     0.999805        99481      5120.00
      11.487     0.999829        99483      5851.43
      11.671     0.999854        99486      6826.67
      11.855     0.999878        99488      8192.00
      12.031     0.999890        99490      9102.22
      12.943     0.999902        99491     10240.00
      13.039     0.999915        99492     11702.86
      13.183     0.999927        99493     13653.33
      13.223     0.999939        99494     16384.00
      13.343     0.999945        99495     18204.44
      13.423     0.999951        99496     20480.00
      13.423     0.999957        99496     23405.71
      13.495     0.999963        99497     27306.67
      13.495     0.999969        99497     32768.00
      13.639     0.999973        99498     36408.89
      13.639     0.999976        99498     40960.00
      13.639     0.999979        99498     46811.43
      13.663     0.999982        99499     54613.33
      13.663     0.999985        99499     65536.00
      13.663     0.999986        99499     72817.78
      13.663     0.999988        99499     81920.00
      13.663     0.999989        99499     93622.86
      14.999     0.999991        99500    109226.67
      14.999     1.000000        99500          inf
#[Mean    =        1.744, StdDeviation   =        1.004]
#[Max     =       14.992, Total count    =        99500]
#[Buckets =           27, SubBuckets     =         2048]
----------------------------------------------------------
  118903 requests in 1.00m, 131.31MB read
Requests/sec:   1981.66
Transfer/sec:      2.19MB

--- metrics ---
requests=118903
duration_s=60.001790
bytes=137689674
rps=1981.66
p50_ms=1.533
p95_ms=3.499
p99_ms=5.391
p999_ms=9.599
err_connect=0
err_read=0
err_write=0
err_status=0
err_timeout=0
--- end ---
