Running 1m test @ http://127.0.0.1:8084/json
  2 threads and 100 connections
  Thread calibration: mean lat.: 1.288ms, rate sampling interval: 10ms
  Thread calibration: mean lat.: 1.660ms, rate sampling interval: 10ms
  Thread Stats   Avg      Stdev     Max   +/- Stdev
    Latency     1.47ms  674.24us   7.68ms   69.63%
    Req/Sec     1.05k     1.36k    5.55k    89.70%
  Latency Distribution (HdrHistogram - Recorded Latency)
 50.000%    1.40ms
 75.000%    1.85ms
 90.000%    2.40ms
 99.000%    3.33ms
 99.900%    4.47ms
 99.990%    6.74ms
 99.999%    7.51ms
100.000%    7.68ms

  Detailed Percentile spectrum:
       Value   Percentile   TotalCount 1/(1-Percentile)

       0.198     0.000000            1         1.00
       0.707     0.100000         9969         1.11
       0.860     0.200000        19968         1.25
       1.009     0.300000        29880         1.43
       1.198     0.400000        39823         1.67
       1.399     0.500000        49755         2.00
       1.490     0.550000        54772         2.22
       1.581     0.600000        59737         2.50
       1.667     0.650000        64700         2.86
       1.753     0.700000        69651         3.33
       1.846     0.750000        74648         4.00
       1.897     0.775000        77119         4.44
       1.956     0.800000        79614         5.00
       2.032     0.825000        82101         5.71
       2.137     0.850000        84614         6.67
       2.261     0.875000        87070         8.00
       2.329     0.887500        88341         8.89
       2.397     0.900000        89583        10.00
       2.473     0.912500        90794        11.43
       2.565     0.925000        92049        13.33
       2.665     0.937500        93293        16.00
       2.717     0.943750        93910        17.78
       2.771     0.950000        94527        20.00
       2.829     0.956250        95149        22.86
       2.895     0.962500        95778        26.67
       2.969     0.968750        96395        32.00
       3.009     0.971875        96711        35.56
       3.051     0.975000        97017        40.00
       3.095     0.978125        97326        45.71
       3.147     0.981250        97643        53.33
       3.201     0.984375        97962        64.00
       3.233     0.985938        98102        71.11
       3.265     0.987500        98266        80.00
       3.301     0.989062        98423        91.43
       3.341     0.990625        98576       106.67
       3.383     0.992188        98732       128.00
       3.409     0.992969        98806       142.22
       3.437     0.993750        98879       160.00
       3.481     0.994531        98956       182.86
       3.535     0.995313        99034       213.33
       3.599     0.996094        99112       256.00
       3.637     0.996484        99151       284.44
       3.697     0.996875        99190       320.00
       3.757     0.997266        99228       365.71
       3.819     0.997656        99267       426.67
       3.907     0.998047        99306       512.00
       3.951     0.998242        99328       568.89
       4.011     0.998437        99345       640.00
       4.057     0.998633        99364       731.43
       4.279     0.998828        99384       853.33
       4.487     0.999023        99403      1024.00
       4.583     0.999121        99413      1137.78
       4.719     0.999219        99423      1280.00
       4.875     0.999316        99432      1462.86
       5.019     0.999414        99442      1706.67
       5.235     0.999512        99452      2048.00
       5.295     0.999561        99457      2275.56
       5.515     0.999609        99462      2560.00
       5.619     0.999658        99466      2925.71
       5.947     0.999707        99471      3413.33
       6.235     0.999756        99476      4096.00
       6.303     0.999780        99479      4551.11
       6.343     0.999805        99481      5120.00
       6.507     0.999829        99483      5851.43
       6.535     0.999854        99486      6826.67
       6.563     0.999878        99488      8192.00
       6.739     0.999890        99490      9102.22
       6.747     0.999902        99491     10240.00
       6.827     0.999915        99492     11702.86
       6.959     0.999927        99493     13653.33
       7.063     0.999939        99494     16384.00
       7.163     0.999945        99495     18204.44
       7.339     0.999951        99496     20480.00
       7.339     0.999957        99496     23405.71
       7.391     0.999963        99497     27306.67
       7.391     0.999969        99497     32768.00
       7.399     0.999973        99498     36408.89
       7.399     0.999976        99498     40960.00
       7.399     0.999979        99498     46811.43
       7.515     0.999982        99499     54613.33
       7.515     0.999985        99499     65536.00
       7.515     0.999986        99499     72817.78
       7.515     0.999988        99499     81920.00
       7.515     0.999989        99499     93622.86
       7.679     0.999991        99500    109226.67
       7.679     1.000000        99500          inf
#[Mean    =        1.471, StdDeviation   =        0.674]
#[Max     =        7.676, Total count    =        99500]
#[Buckets =           27, SubBuckets     =         2048]
----------------------------------------------------------
  118902 requests in 1.00m, 128.59MB read
Requests/sec:   1981.64
Transfer/sec:      2.14MB

--- metrics ---
requests=118902
duration_s=60.001880
bytes=134834868
rps=1981.64
p50_ms=1.399
p95_ms=2.771
p99_ms=3.325
p999_ms=4.471
err_connect=0
err_read=0
err_write=0
err_status=0
err_timeout=0
--- end ---
