Running 1m test @ http://127.0.0.1:8084/file1m
  2 threads and 50 connections
  Thread calibration: mean lat.: 2.906ms, rate sampling interval: 10ms
  Thread calibration: mean lat.: 2.927ms, rate sampling interval: 10ms
  Thread Stats   Avg      Stdev     Max   +/- Stdev
    Latency     2.94ms  526.62us   9.47ms   71.22%
    Req/Sec    25.89     69.51   333.00     87.33%
  Latency Distribution (HdrHistogram - Recorded Latency)
 50.000%    2.94ms
 75.000%    3.27ms
 90.000%    3.56ms
 99.000%    4.19ms
 99.900%    4.95ms
 99.990%    9.48ms
 99.999%    9.48ms
100.000%    9.48ms

  Detailed Percentile spectrum:
       Value   Percentile   TotalCount 1/(1-Percentile)

       1.407     0.000000            1         1.00
       2.297     0.100000          245         1.11
       2.511     0.200000          490         1.25
       2.661     0.300000          736         1.43
       2.799     0.400000          982         1.67
       2.937     0.500000         1225         2.00
       3.007     0.550000         1349         2.22
       3.071     0.600000         1471         2.50
       3.141     0.650000         1595         2.86
       3.201     0.700000         1721         3.33
       3.271     0.750000         1840         4.00
       3.307     0.775000         1899         4.44
       3.357     0.800000         1962         5.00
       3.401     0.825000         2024         5.71
       3.451     0.850000         2084         6.67
       3.503     0.875000         2145         8.00
       3.533     0.887500         2176         8.89
       3.561     0.900000         2205        10.00
       3.611     0.912500         2236        11.43
       3.655     0.925000         2268        13.33
       3.701     0.937500         2297        16.00
       3.739     0.943750         2313        17.78
       3.767     0.950000         2328        20.00
       3.807     0.956250         2343        22.86
       3.855     0.962500         2359        26.67
       3.889     0.968750         2375        32.00
       3.931     0.971875         2382        35.56
       3.947     0.975000         2389        40.00
       3.961     0.978125         2397        45.71
       4.001     0.981250         2405        53.33
       4.033     0.984375         2412        64.00
       4.057     0.985938         2416        71.11
       4.127     0.987500         2420        80.00
       4.183     0.989062         2425        91.43
       4.223     0.990625         2429       106.67
       4.271     0.992188         2432       128.00
       4.275     0.992969         2433       142.22
       4.319     0.993750         2435       160.00
       4.359     0.994531         2437       182.86
       4.411     0.995313         2439       213.33
       4.431     0.996094         2441       256.00
       4.595     0.996484         2442       284.44
       4.635     0.996875         2443       320.00
       4.675     0.997266         2444       365.71
       4.715     0.997656         2446       426.67
       4.715     0.998047         2446       512.00
       4.715     0.998242         2446       568.89
       4.795     0.998437         2447       640.00
       4.795     0.998633         2447       731.43
       4.947     0.998828         2448       853.33
       4.947     0.999023         2448      1024.00
       4.947     0.999121         2448      1137.78
       5.319     0.999219         2449      1280.00
       5.319     0.999316         2449      1462.86
       5.319     0.999414         2449      1706.67
       5.319     0.999512         2449      2048.00
       5.319     0.999561         2449      2275.56
       9.479     0.999609         2450      2560.00
       9.479     1.000000         2450          inf
#[Mean    =        2.938, StdDeviation   =        0.527]
#[Max     =        9.472, Total count    =         2450]
#[Buckets =           27, SubBuckets     =         2048]
----------------------------------------------------------
  3002 requests in 1.00m, 2.93GB read
Requests/sec:     50.03
Transfer/sec:     50.04MB

--- metrics ---
requests=3002
duration_s=60.003854
bytes=3148242430
rps=50.03
p50_ms=2.937
p95_ms=3.767
p99_ms=4.187
p999_ms=4.947
err_connect=0
err_read=0
err_write=0
err_status=0
err_timeout=0
--- end ---
