Running 1m test @ http://127.0.0.1:8083/file1m
  2 threads and 50 connections
  Thread calibration: mean lat.: 2.659ms, rate sampling interval: 10ms
  Thread calibration: mean lat.: 2.482ms, rate sampling interval: 10ms
  Thread Stats   Avg      Stdev     Max   +/- Stdev
    Latency     2.56ms  517.31us   4.66ms   68.53%
    Req/Sec    25.88     69.02   333.00     87.26%
  Latency Distribution (HdrHistogram - Recorded Latency)
 50.000%    2.54ms
 75.000%    2.88ms
 90.000%    3.24ms
 99.000%    3.88ms
 99.900%    4.29ms
 99.990%    4.66ms
 99.999%    4.66ms
100.000%    4.66ms

  Detailed Percentile spectrum:
       Value   Percentile   TotalCount 1/(1-Percentile)

       1.040     0.000000            1         1.00
       1.922     0.100000          245         1.11
       2.101     0.200000          490         1.25
       2.245     0.300000          737         1.43
       2.393     0.400000          982         1.67
       2.535     0.500000         1227         2.00
       2.601     0.550000         1348         2.22
       2.661     0.600000         1471         2.50
       2.733     0.650000         1594         2.86
       2.805     0.700000         1717         3.33
       2.883     0.750000         1842         4.00
       2.923     0.775000         1900         4.44
       2.973     0.800000         1963         5.00
       3.025     0.825000         2024         5.71
       3.079     0.850000         2083         6.67
       3.157     0.875000         2144         8.00
       3.197     0.887500         2176         8.89
       3.237     0.900000         2205        10.00
       3.289     0.912500         2236        11.43
       3.353     0.925000         2267        13.33
       3.401     0.937500         2297        16.00
       3.433     0.943750         2313        17.78
       3.481     0.950000         2328        20.00
       3.519     0.956250         2343        22.86
       3.553     0.962500         2359        26.67
       3.605     0.968750         2375        32.00
       3.625     0.971875         2382        35.56
       3.647     0.975000         2389        40.00
       3.679     0.978125         2397        45.71
       3.713     0.981250         2405        53.33
       3.759     0.984375         2412        64.00
       3.795     0.985938         2416        71.11
       3.823     0.987500         2420        80.00
       3.851     0.989062         2424        91.43
       3.925     0.990625         2428       106.67
       3.939     0.992188         2431       128.00
       3.981     0.992969         2433       142.22
       4.031     0.993750         2435       160.00
       4.079     0.994531         2437       182.86
       4.089     0.995313         2439       213.33
       4.147     0.996094         2441       256.00
       4.175     0.996484         2442       284.44
       4.247     0.996875         2443       320.00
       4.259     0.997266         2444       365.71
       4.263     0.997656         2445       426.67
       4.267     0.998047         2446       512.00
       4.267     0.998242         2446       568.89
       4.275     0.998437         2447       640.00
       4.275     0.998633         2447       731.43
       4.291     0.998828         2448       853.33
       4.291     0.999023         2448      1024.00
       4.291     0.999121         2448      1137.78
       4.519     0.999219         2449      1280.00
       4.519     0.999316         2449      1462.86
       4.519     0.999414         2449      1706.67
       4.519     0.999512         2449      2048.00
       4.519     0.999561         2449      2275.56
       4.663     0.999609         2450      2560.00
       4.663     1.000000         2450          inf
#[Mean    =        2.556, StdDeviation   =        0.517]
#[Max     =        4.660, Total count    =         2450]
#[Buckets =           27, SubBuckets     =         2048]
----------------------------------------------------------
  3002 requests in 1.00m, 2.93GB read
Requests/sec:     50.03
Transfer/sec:     50.04MB

--- metrics ---
requests=3002
duration_s=60.004361
bytes=3148632690
rps=50.03
p50_ms=2.535
p95_ms=3.481
p99_ms=3.875
p999_ms=4.291
err_connect=0
err_read=0
err_write=0
err_status=0
err_timeout=0
--- end ---
