Running 1m test @ http://127.0.0.1:8084/json
  2 threads and 100 connections
  Thread calibration: mean lat.: 9.075ms, rate sampling interval: 10ms
  Thread calibration: mean lat.: 8.917ms, rate sampling interval: 10ms
  Thread Stats   Avg      Stdev     Max   +/- Stdev
    Latency     1.16ms  512.61us  12.51ms   70.39%
    Req/Sec     1.05k   136.55     2.00k    78.95%
  Latency Distribution (HdrHistogram - Recorded Latency)
 50.000%    1.10ms
 75.000%    1.48ms
 90.000%    1.81ms
 99.000%    2.44ms
 99.900%    4.22ms
 99.990%    7.57ms
 99.999%   12.51ms
100.000%   12.52ms

  Detailed Percentile spectrum:
       Value   Percentile   TotalCount 1/(1-Percentile)

       0.119     0.000000            1         1.00
       0.581     0.100000         9974         1.11
       0.725     0.200000        19944         1.25
       0.851     0.300000        29909         1.43
       0.974     0.400000        39877         1.67
       1.100     0.500000        49812         2.00
       1.166     0.550000        54792         2.22
       1.237     0.600000        59743         2.50
       1.311     0.650000        64684         2.86
       1.391     0.700000        69675         3.33
       1.478     0.750000        74637         4.00
       1.525     0.775000        77135         4.44
       1.573     0.800000        79607         5.00
       1.626     0.825000        82121         5.71
       1.682     0.850000        84597         6.67
       1.744     0.875000        87063         8.00
       1.776     0.887500        88308         8.89
       1.814     0.900000        89580        10.00
       1.855     0.912500        90798        11.43
       1.901     0.925000        92042        13.33
       1.956     0.937500        93303        16.00
       1.987     0.943750        93916        17.78
       2.021     0.950000        94538        20.00
       2.061     0.956250        95171        22.86
       2.103     0.962500        95776        26.67
       2.153     0.968750        96397        32.00
       2.181     0.971875        96711        35.56
       2.213     0.975000        97014        40.00
       2.253     0.978125        97332        45.71
       2.291     0.981250        97636        53.33
       2.337     0.984375        97951        64.00
       2.363     0.985938        98112        71.11
       2.393     0.987500        98259        80.00
       2.427     0.989062        98423        91.43
       2.455     0.990625        98568       106.67
       2.495     0.992188        98724       128.00
       2.517     0.992969        98809       142.22
       2.543     0.993750        98881       160.00
       2.567     0.994531        98960       182.86
       2.603     0.995313        99036       213.33
       2.661     0.996094        99114       256.00
       2.699     0.996484        99152       284.44
       2.767     0.996875        99190       320.00
       2.847     0.997266        99230       365.71
       3.013     0.997656        99267       426.67
       3.219     0.998047        99307       512.00
       3.403     0.998242        99327       568.89
       3.631     0.998437        99345       640.00
       3.775     0.998633        99364       731.43
       4.023     0.998828        99384       853.33
       4.259     0.999023        99403      1024.00
       4.479     0.999121        99413      1137.78
       4.695     0.999219        99423      1280.00
       4.803     0.999316        99432      1462.86
       5.127     0.999414        99442      1706.67
       5.543     0.999512        99452      2048.00
       5.647     0.999561        99457      2275.56
       5.919     0.999609        99463      2560.00
       6.155     0.999658        99466      2925.71
       6.443     0.999707        99471      3413.33
       6.735     0.999756        99476      4096.00
       6.955     0.999780        99479      4551.11
       7.059     0.999805        99481      5120.00
       7.147     0.999829        99483      5851.43
       7.343     0.999854        99486      6826.67
       7.423     0.999878        99488      8192.00
       7.575     0.999890        99490      9102.22
      11.847     0.999902        99491     10240.00
      12.047     0.999915        99492     11702.86
      12.143     0.999927        99493     13653.33
      12.183     0.999939        99495     16384.00
      12.183     0.999945        99495     18204.44
      12.279     0.999951        99496     20480.00
      12.279     0.999957        99496     23405.71
      12.335     0.999963        99497     27306.67
      12.335     0.999969        99497     32768.00
      12.455     0.999973        99498     36408.89
      12.455     0.999976        99498     40960.00
      12.455     0.999979        99498     46811.43
      12.511     0.999982        99499     54613.33
      12.511     0.999985        99499     65536.00
      12.511     0.999986        99499     72817.78
      12.511     0.999988        99499     81920.00
      12.511     0.999989        99499     93622.86
      12.519     0.999991        99500    109226.67
      12.519     1.000000        99500          inf
#[Mean    =        1.163, StdDeviation   =        0.513]
#[Max     =       12.512, Total count    =        99500]
#[Buckets =           27, SubBuckets     =         2048]
----------------------------------------------------------
  119802 requests in 1.00m, 129.56MB read
Requests/sec:   1995.44
Transfer/sec:      2.16MB

--- metrics ---
requests=119802
duration_s=60.037858
bytes=135855468
rps=1995.44
p50_ms=1.100
p95_ms=2.021
p99_ms=2.445
p999_ms=4.215
err_connect=0
err_read=0
err_write=0
err_status=0
err_timeout=0
--- end ---
