Running 1m test @ http://127.0.0.1:8084/file50k
  2 threads and 100 connections
  Thread calibration: mean lat.: 2.281ms, rate sampling interval: 10ms
  Thread calibration: mean lat.: 2.092ms, rate sampling interval: 10ms
  Thread Stats   Avg      Stdev     Max   +/- Stdev
    Latency     1.39ms  442.98us   3.22ms   66.21%
    Req/Sec   158.49     95.57   333.00     70.38%
  Latency Distribution (HdrHistogram - Recorded Latency)
 50.000%    1.37ms
 75.000%    1.70ms
 90.000%    1.97ms
 99.000%    2.45ms
 99.900%    2.70ms
 99.990%    3.07ms
 99.999%    3.22ms
100.000%    3.22ms

  Detailed Percentile spectrum:
       Value   Percentile   TotalCount 1/(1-Percentile)

       0.270     0.000000            1         1.00
       0.817     0.100000         1496         1.11
       0.975     0.200000         2983         1.25
       1.115     0.300000         4484         1.43
       1.248     0.400000         5967         1.67
       1.372     0.500000         7455         2.00
       1.435     0.550000         8204         2.22
       1.497     0.600000         8950         2.50
       1.562     0.650000         9690         2.86
       1.629     0.700000        10432         3.33
       1.698     0.750000        11187         4.00
       1.734     0.775000        11555         4.44
       1.770     0.800000        11927         5.00
       1.808     0.825000        12299         5.71
       1.851     0.850000        12668         6.67
       1.909     0.875000        13046         8.00
       1.937     0.887500        13225         8.89
       1.971     0.900000        13414        10.00
       2.011     0.912500        13597        11.43
       2.057     0.925000        13786        13.33
       2.105     0.937500        13973        16.00
       2.131     0.943750        14065        17.78
       2.155     0.950000        14156        20.00
       2.187     0.956250        14249        22.86
       2.225     0.962500        14344        26.67
       2.255     0.968750        14436        32.00
       2.277     0.971875        14483        35.56
       2.297     0.975000        14529        40.00
       2.321     0.978125        14576        45.71
       2.345     0.981250        14621        53.33
       2.381     0.984375        14670        64.00
       2.399     0.985938        14694        71.11
       2.411     0.987500        14715        80.00
       2.439     0.989062        14739        91.43
       2.459     0.990625        14761       106.67
       2.481     0.992188        14785       128.00
       2.499     0.992969        14796       142.22
       2.509     0.993750        14807       160.00
       2.525     0.994531        14821       182.86
       2.543     0.995313        14831       213.33
       2.563     0.996094        14842       256.00
       2.589     0.996484        14848       284.44
       2.597     0.996875        14854       320.00
       2.605     0.997266        14860       365.71
       2.621     0.997656        14867       426.67
       2.643     0.998047        14872       512.00
       2.657     0.998242        14874       568.89
       2.679     0.998437        14877       640.00
       2.689     0.998633        14882       731.43
       2.691     0.998828        14883       853.33
       2.699     0.999023        14886      1024.00
       2.703     0.999121        14887      1137.78
       2.713     0.999219        14889      1280.00
       2.719     0.999316        14890      1462.86
       2.739     0.999414        14892      1706.67
       2.775     0.999512        14893      2048.00
       2.779     0.999561        14894      2275.56
       2.787     0.999609        14895      2560.00
       2.787     0.999658        14895      2925.71
       2.799     0.999707        14896      3413.33
       2.807     0.999756        14897      4096.00
       2.807     0.999780        14897      4551.11
       2.835     0.999805        14898      5120.00
       2.835     0.999829        14898      5851.43
       2.835     0.999854        14898      6826.67
       3.071     0.999878        14899      8192.00
       3.071     0.999890        14899      9102.22
       3.071     0.999902        14899     10240.00
       3.071     0.999915        14899     11702.86
       3.071     0.999927        14899     13653.33
       3.221     0.999939        14900     16384.00
       3.221     1.000000        14900          inf
#[Mean    =        1.387, StdDeviation   =        0.443]
#[Max     =        3.220, Total count    =        14900]
#[Buckets =           27, SubBuckets     =         2048]
----------------------------------------------------------
  18002 requests in 1.00m, 0.86GB read
Requests/sec:    300.02
Transfer/sec:     14.69MB

--- metrics ---
requests=18002
duration_s=60.003391
bytes=924168674
rps=300.02
p50_ms=1.372
p95_ms=2.155
p99_ms=2.453
p999_ms=2.697
err_connect=0
err_read=0
err_write=0
err_status=0
err_timeout=0
--- end ---
