Running 1m test @ http://127.0.0.1:8080/file50k
  2 threads and 100 connections
  Thread calibration: mean lat.: 1.475ms, rate sampling interval: 10ms
  Thread calibration: mean lat.: 1.473ms, rate sampling interval: 10ms
  Thread Stats   Avg      Stdev     Max   +/- Stdev
    Latency     1.47ms  401.75us   3.93ms   67.33%
    Req/Sec   158.82     96.58   333.00     70.15%
  Latency Distribution (HdrHistogram - Recorded Latency)
 50.000%    1.46ms
 75.000%    1.73ms
 90.000%    2.00ms
 99.000%    2.49ms
 99.900%    2.94ms
 99.990%    3.45ms
 99.999%    3.93ms
100.000%    3.93ms

  Detailed Percentile spectrum:
       Value   Percentile   TotalCount 1/(1-Percentile)

       0.445     0.000000            1         1.00
       0.954     0.100000         1492         1.11
       1.105     0.200000         2981         1.25
       1.234     0.300000         4478         1.43
       1.356     0.400000         5966         1.67
       1.464     0.500000         7450         2.00
       1.516     0.550000         8200         2.22
       1.566     0.600000         8941         2.50
       1.617     0.650000         9694         2.86
       1.671     0.700000        10439         3.33
       1.731     0.750000        11179         4.00
       1.765     0.775000        11556         4.44
       1.799     0.800000        11924         5.00
       1.838     0.825000        12295         5.71
       1.879     0.850000        12668         6.67
       1.936     0.875000        13043         8.00
       1.965     0.887500        13226         8.89
       2.000     0.900000        13417        10.00
       2.032     0.912500        13599        11.43
       2.073     0.925000        13784        13.33
       2.119     0.937500        13972        16.00
       2.145     0.943750        14065        17.78
       2.177     0.950000        14158        20.00
       2.207     0.956250        14250        22.86
       2.237     0.962500        14343        26.67
       2.277     0.968750        14439        32.00
       2.305     0.971875        14481        35.56
       2.323     0.975000        14528        40.00
       2.353     0.978125        14579        45.71
       2.385     0.981250        14621        53.33
       2.415     0.984375        14668        64.00
       2.445     0.985938        14693        71.11
       2.459     0.987500        14715        80.00
       2.483     0.989062        14740        91.43
       2.501     0.990625        14763       106.67
       2.521     0.992188        14784       128.00
       2.545     0.992969        14796       142.22
       2.563     0.993750        14808       160.00
       2.595     0.994531        14820       182.86
       2.621     0.995313        14831       213.33
       2.641     0.996094        14842       256.00
       2.665     0.996484        14849       284.44
       2.691     0.996875        14854       320.00
       2.741     0.997266        14860       365.71
       2.763     0.997656        14866       426.67
       2.801     0.998047        14871       512.00
       2.835     0.998242        14874       568.89
       2.859     0.998437        14877       640.00
       2.901     0.998633        14880       731.43
       2.929     0.998828        14883       853.33
       2.973     0.999023        14886      1024.00
       3.041     0.999121        14887      1137.78
       3.073     0.999219        14889      1280.00
       3.111     0.999316        14890      1462.86
       3.179     0.999414        14892      1706.67
       3.227     0.999512        14893      2048.00
       3.275     0.999561        14894      2275.56
       3.309     0.999609        14895      2560.00
       3.309     0.999658        14895      2925.71
       3.361     0.999707        14896      3413.33
       3.381     0.999756        14897      4096.00
       3.381     0.999780        14897      4551.11
       3.425     0.999805        14898      5120.00
       3.425     0.999829        14898      5851.43
       3.425     0.999854        14898      6826.67
       3.453     0.999878        14899      8192.00
       3.453     0.999890        14899      9102.22
       3.453     0.999902        14899     10240.00
       3.453     0.999915        14899     11702.86
       3.453     0.999927        14899     13653.33
       3.927     0.999939        14900     16384.00
       3.927     1.000000        14900          inf
#[Mean    =        1.473, StdDeviation   =        0.402]
#[Max     =        3.926, Total count    =        14900]
#[Buckets =           27, SubBuckets     =         2048]
----------------------------------------------------------
  18002 requests in 1.00m, 0.86GB read
Requests/sec:    300.02
Transfer/sec:     14.69MB

--- metrics ---
requests=18002
duration_s=60.003191
bytes=924276686
rps=300.02
p50_ms=1.464
p95_ms=2.177
p99_ms=2.491
p999_ms=2.939
err_connect=0
err_read=0
err_write=0
err_status=0
err_timeout=0
--- end ---
