Running 30s test @ http://127.0.0.1:18082/file1m
  2 threads and 50 connections
  Thread calibration: mean lat.: 8.421ms, rate sampling interval: 86ms
  Thread calibration: mean lat.: 7.608ms, rate sampling interval: 16ms
  Thread Stats   Avg      Stdev     Max   +/- Stdev
    Latency     9.16ms   13.59ms  50.75ms   87.38%
    Req/Sec    24.62     65.43   375.00     88.14%
  Latency Distribution (HdrHistogram - Recorded Latency)
 50.000%    3.95ms
 75.000%    5.46ms
 90.000%   43.65ms
 99.000%   46.59ms
 99.900%   49.28ms
 99.990%   50.78ms
 99.999%   50.78ms
100.000%   50.78ms

  Detailed Percentile spectrum:
       Value   Percentile   TotalCount 1/(1-Percentile)

       1.976     0.000000            1         1.00
       2.755     0.100000           97         1.11
       3.035     0.200000          191         1.25
       3.301     0.300000          286         1.43
       3.641     0.400000          381         1.67
       3.951     0.500000          476         2.00
       4.119     0.550000          524         2.22
       4.319     0.600000          571         2.50
       4.575     0.650000          619         2.86
       4.923     0.700000          666         3.33
       5.463     0.750000          714         4.00
       5.623     0.775000          738         4.44
       5.899     0.800000          761         5.00
       6.227     0.825000          785         5.71
       7.363     0.850000          809         6.67
      42.815     0.875000          834         8.00
      43.391     0.887500          846         8.89
      43.647     0.900000          856        10.00
      43.967     0.912500          870        11.43
      44.287     0.925000          881        13.33
      44.543     0.937500          892        16.00
      44.639     0.943750          898        17.78
      44.895     0.950000          906        20.00
      45.087     0.956250          910        22.86
      45.311     0.962500          916        26.67
      45.535     0.968750          922        32.00
      45.631     0.971875          926        35.56
      45.695     0.975000          928        40.00
      46.079     0.978125          931        45.71
      46.207     0.981250          934        53.33
      46.463     0.984375          938        64.00
      46.463     0.985938          938        71.11
      46.527     0.987500          940        80.00
      46.591     0.989062          941        91.43
      46.687     0.990625          943       106.67
      46.783     0.992188          945       128.00
      46.783     0.992969          945       142.22
      46.815     0.993750          946       160.00
      46.815     0.994531          946       182.86
      47.007     0.995313          947       213.33
      47.199     0.996094          948       256.00
      47.199     0.996484          948       284.44
      48.319     0.996875          949       320.00
      48.319     0.997266          949       365.71
      48.319     0.997656          949       426.67
      49.279     0.998047          950       512.00
      49.279     0.998242          950       568.89
      49.279     0.998437          950       640.00
      49.279     0.998633          950       731.43
      49.279     0.998828          950       853.33
      50.783     0.999023          951      1024.00
      50.783     1.000000          951          inf
#[Mean    =        9.159, StdDeviation   =       13.588]
#[Max     =       50.752, Total count    =          951]
#[Buckets =           27, SubBuckets     =         2048]
----------------------------------------------------------
  1502 requests in 30.01s, 1.47GB read
Requests/sec:     50.06
Transfer/sec:     50.06MB

--- metrics ---
requests=1502
duration_s=30.005505
bytes=1575178942
rps=50.06
p50_ms=3.951
p95_ms=44.895
p99_ms=46.591
p999_ms=49.279
err_connect=0
err_read=0
err_write=0
err_status=0
err_timeout=0
--- end ---
