Running 1m test @ http://127.0.0.1:8084/json
  2 threads and 100 connections
  Thread calibration: mean lat.: 1.164ms, rate sampling interval: 10ms
  Thread calibration: mean lat.: 1.156ms, rate sampling interval: 10ms
  Thread Stats   Avg      Stdev     Max   +/- Stdev
    Latency     1.17ms  466.27us   4.24ms   69.51%
    Req/Sec     1.05k   143.38     1.67k    77.51%
  Latency Distribution (HdrHistogram - Recorded Latency)
 50.000%    1.09ms
 75.000%    1.45ms
 90.000%    1.83ms
 99.000%    2.43ms
 99.900%    2.66ms
 99.990%    3.24ms
 99.999%    3.63ms
100.000%    4.24ms

  Detailed Percentile spectrum:
       Value   Percentile   TotalCount 1/(1-Percentile)

       0.143     0.000000            1         1.00
       0.641     0.100000         9961         1.11
       0.769     0.200000        19945         1.25
       0.875     0.300000        29898         1.43
       0.978     0.400000        39821         1.67
       1.089     0.500000        49758         2.00
       1.150     0.550000        54786         2.22
       1.215     0.600000        59757         2.50
       1.285     0.650000        64717         2.86
       1.363     0.700000        69700         3.33
       1.450     0.750000        74641         4.00
       1.498     0.775000        77143         4.44
       1.548     0.800000        79622         5.00
       1.602     0.825000        82130         5.71
       1.664     0.850000        84605         6.67
       1.737     0.875000        87071         8.00
       1.779     0.887500        88310         8.89
       1.830     0.900000        89577        10.00
       1.883     0.912500        90794        11.43
       1.943     0.925000        92041        13.33
       2.013     0.937500        93283        16.00
       2.053     0.943750        93904        17.78
       2.097     0.950000        94548        20.00
       2.143     0.956250        95162        22.86
       2.193     0.962500        95772        26.67
       2.251     0.968750        96417        32.00
       2.279     0.971875        96705        35.56
       2.305     0.975000        97032        40.00
       2.327     0.978125        97329        45.71
       2.353     0.981250        97643        53.33
       2.381     0.984375        97965        64.00
       2.393     0.985938        98111        71.11
       2.405     0.987500        98260        80.00
       2.421     0.989062        98419        91.43
       2.437     0.990625        98576       106.67
       2.455     0.992188        98723       128.00
       2.467     0.992969        98811       142.22
       2.477     0.993750        98884       160.00
       2.491     0.994531        98965       182.86
       2.503     0.995313        99035       213.33
       2.519     0.996094        99118       256.00
       2.527     0.996484        99151       284.44
       2.539     0.996875        99190       320.00
       2.551     0.997266        99229       365.71
       2.573     0.997656        99268       426.67
       2.587     0.998047        99306       512.00
       2.597     0.998242        99327       568.89
       2.611     0.998437        99345       640.00
       2.625     0.998633        99367       731.43
       2.645     0.998828        99384       853.33
       2.663     0.999023        99404      1024.00
       2.681     0.999121        99415      1137.78
       2.697     0.999219        99424      1280.00
       2.723     0.999316        99432      1462.86
       2.737     0.999414        99442      1706.67
       2.789     0.999512        99452      2048.00
       2.803     0.999561        99458      2275.56
       2.841     0.999609        99462      2560.00
       2.861     0.999658        99466      2925.71
       2.907     0.999707        99471      3413.33
       2.949     0.999756        99476      4096.00
       2.981     0.999780        99479      4551.11
       3.017     0.999805        99481      5120.00
       3.041     0.999829        99483      5851.43
       3.141     0.999854        99486      6826.67
       3.217     0.999878        99488      8192.00
       3.239     0.999890        99490      9102.22
       3.273     0.999902        99491     10240.00
       3.321     0.999915        99492     11702.86
       3.383     0.999927        99493     13653.33
       3.397     0.999939        99494     16384.00
       3.427     0.999945        99495     18204.44
       3.433     0.999951        99496     20480.00
       3.433     0.999957        99496     23405.71
       3.491     0.999963        99497     27306.67
       3.491     0.999969        99497     32768.00
       3.515     0.999973        99498     36408.89
       3.515     0.999976        99498     40960.00
       3.515     0.999979        99498     46811.43
       3.629     0.999982        99499     54613.33
       3.629     0.999985        99499     65536.00
       3.629     0.999986        99499     72817.78
       3.629     0.999988        99499     81920.00
       3.629     0.999989        99499     93622.86
       4.243     0.999991        99500    109226.67
       4.243     1.000000        99500          inf
#[Mean    =        1.171, StdDeviation   =        0.466]
#[Max     =        4.240, Total count    =        99500]
#[Buckets =           27, SubBuckets     =         2048]
----------------------------------------------------------
  119810 requests in 1.00m, 129.57MB read
Requests/sec:   1996.76
Transfer/sec:      2.16MB

--- metrics ---
requests=119810
duration_s=60.002092
bytes=135864540
rps=1996.76
p50_ms=1.089
p95_ms=2.097
p99_ms=2.431
p999_ms=2.661
err_connect=0
err_read=0
err_write=0
err_status=0
err_timeout=0
--- end ---
