Running 1m test @ http://127.0.0.1:8084/file50k
  2 threads and 100 connections
  Thread calibration: mean lat.: 1.404ms, rate sampling interval: 10ms
  Thread calibration: mean lat.: 2.406ms, rate sampling interval: 10ms
  Thread Stats   Avg      Stdev     Max   +/- Stdev
    Latency     1.87ms  849.56us   6.82ms   71.27%
    Req/Sec   158.96    567.18     5.55k    97.86%
  Latency Distribution (HdrHistogram - Recorded Latency)
 50.000%    1.67ms
 75.000%    2.29ms
 90.000%    3.10ms
 99.000%    4.46ms
 99.900%    5.31ms
 99.990%    6.59ms
 99.999%    6.82ms
100.000%    6.82ms

  Detailed Percentile spectrum:
       Value   Percentile   TotalCount 1/(1-Percentile)

       0.332     0.000000            1         1.00
       0.954     0.100000         1491         1.11
       1.180     0.200000         2985         1.25
       1.359     0.300000         4471         1.43
       1.514     0.400000         5960         1.67
       1.671     0.500000         7450         2.00
       1.755     0.550000         8197         2.22
       1.854     0.600000         8942         2.50
       1.971     0.650000         9686         2.86
       2.121     0.700000        10435         3.33
       2.291     0.750000        11176         4.00
       2.395     0.775000        11551         4.44
       2.507     0.800000        11922         5.00
       2.639     0.825000        12297         5.71
       2.777     0.850000        12665         6.67
       2.929     0.875000        13042         8.00
       3.007     0.887500        13225         8.89
       3.097     0.900000        13411        10.00
       3.199     0.912500        13600        11.43
       3.305     0.925000        13783        13.33
       3.425     0.937500        13969        16.00
       3.487     0.943750        14063        17.78
       3.553     0.950000        14155        20.00
       3.625     0.956250        14250        22.86
       3.731     0.962500        14343        26.67
       3.845     0.968750        14435        32.00
       3.897     0.971875        14481        35.56
       3.965     0.975000        14529        40.00
       4.045     0.978125        14575        45.71
       4.139     0.981250        14621        53.33
       4.263     0.984375        14668        64.00
       4.315     0.985938        14694        71.11
       4.371     0.987500        14714        80.00
       4.427     0.989062        14738        91.43
       4.483     0.990625        14761       106.67
       4.575     0.992188        14784       128.00
       4.607     0.992969        14796       142.22
       4.679     0.993750        14808       160.00
       4.735     0.994531        14819       182.86
       4.791     0.995313        14831       213.33
       4.867     0.996094        14843       256.00
       4.895     0.996484        14848       284.44
       4.919     0.996875        14855       320.00
       4.979     0.997266        14860       365.71
       5.043     0.997656        14866       426.67
       5.139     0.998047        14871       512.00
       5.195     0.998242        14874       568.89
       5.207     0.998437        14877       640.00
       5.251     0.998633        14880       731.43
       5.287     0.998828        14883       853.33
       5.455     0.999023        14886      1024.00
       5.507     0.999121        14887      1137.78
       5.587     0.999219        14889      1280.00
       5.623     0.999316        14890      1462.86
       5.963     0.999414        14892      1706.67
       6.027     0.999512        14893      2048.00
       6.211     0.999561        14894      2275.56
       6.251     0.999609        14895      2560.00
       6.251     0.999658        14895      2925.71
       6.439     0.999707        14896      3413.33
       6.447     0.999756        14897      4096.00
       6.447     0.999780        14897      4551.11
       6.543     0.999805        14898      5120.00
       6.543     0.999829        14898      5851.43
       6.543     0.999854        14898      6826.67
       6.587     0.999878        14899      8192.00
       6.587     0.999890        14899      9102.22
       6.587     0.999902        14899     10240.00
       6.587     0.999915        14899     11702.86
       6.587     0.999927        14899     13653.33
       6.819     0.999939        14900     16384.00
       6.819     1.000000        14900          inf
#[Mean    =        1.870, StdDeviation   =        0.850]
#[Max     =        6.816, Total count    =        14900]
#[Buckets =           27, SubBuckets     =         2048]
----------------------------------------------------------
  17859 requests in 1.00m, 0.85GB read
Requests/sec:    297.63
Transfer/sec:     14.57MB

--- metrics ---
requests=17859
duration_s=60.004081
bytes=916827483
rps=297.63
p50_ms=1.671
p95_ms=3.553
p99_ms=4.463
p999_ms=5.311
err_connect=0
err_read=0
err_write=0
err_status=0
err_timeout=0
--- end ---
