Running 1m test @ http://127.0.0.1:8084/json
  2 threads and 100 connections
  Thread calibration: mean lat.: 1.590ms, rate sampling interval: 10ms
  Thread calibration: mean lat.: 1.191ms, rate sampling interval: 10ms
  Thread Stats   Avg      Stdev     Max   +/- Stdev
    Latency     1.41ms  644.67us   5.94ms   68.94%
    Req/Sec     1.05k     1.34k    5.55k    89.64%
  Latency Distribution (HdrHistogram - Recorded Latency)
 50.000%    1.28ms
 75.000%    1.78ms
 90.000%    2.34ms
 99.000%    3.17ms
 99.900%    3.99ms
 99.990%    5.00ms
 99.999%    5.58ms
100.000%    5.95ms

  Detailed Percentile spectrum:
       Value   Percentile   TotalCount 1/(1-Percentile)

       0.178     0.000000            1         1.00
       0.686     0.100000         9970         1.11
       0.842     0.200000        19947         1.25
       0.983     0.300000        29884         1.43
       1.123     0.400000        39823         1.67
       1.284     0.500000        49774         2.00
       1.375     0.550000        54740         2.22
       1.468     0.600000        59706         2.50
       1.563     0.650000        64697         2.86
       1.665     0.700000        69694         3.33
       1.783     0.750000        74641         4.00
       1.853     0.775000        77135         4.44
       1.930     0.800000        79606         5.00
       2.012     0.825000        82096         5.71
       2.107     0.850000        84588         6.67
       2.219     0.875000        87083         8.00
       2.281     0.887500        88348         8.89
       2.339     0.900000        89567        10.00
       2.405     0.912500        90819        11.43
       2.471     0.925000        92047        13.33
       2.557     0.937500        93301        16.00
       2.607     0.943750        93914        17.78
       2.655     0.950000        94539        20.00
       2.709     0.956250        95162        22.86
       2.769     0.962500        95777        26.67
       2.843     0.968750        96398        32.00
       2.881     0.971875        96710        35.56
       2.921     0.975000        97016        40.00
       2.963     0.978125        97335        45.71
       3.009     0.981250        97645        53.33
       3.057     0.984375        97948        64.00
       3.085     0.985938        98107        71.11
       3.115     0.987500        98257        80.00
       3.151     0.989062        98415        91.43
       3.181     0.990625        98573       106.67
       3.221     0.992188        98727       128.00
       3.241     0.992969        98806       142.22
       3.269     0.993750        98879       160.00
       3.297     0.994531        98958       182.86
       3.343     0.995313        99035       213.33
       3.401     0.996094        99112       256.00
       3.435     0.996484        99153       284.44
       3.471     0.996875        99195       320.00
       3.517     0.997266        99229       365.71
       3.573     0.997656        99267       426.67
       3.651     0.998047        99306       512.00
       3.691     0.998242        99326       568.89
       3.751     0.998437        99347       640.00
       3.809     0.998633        99364       731.43
       3.913     0.998828        99384       853.33
       4.001     0.999023        99403      1024.00
       4.059     0.999121        99414      1137.78
       4.107     0.999219        99423      1280.00
       4.171     0.999316        99432      1462.86
       4.251     0.999414        99442      1706.67
       4.387     0.999512        99452      2048.00
       4.463     0.999561        99457      2275.56
       4.487     0.999609        99462      2560.00
       4.591     0.999658        99466      2925.71
       4.719     0.999707        99471      3413.33
       4.731     0.999756        99476      4096.00
       4.791     0.999780        99479      4551.11
       4.827     0.999805        99481      5120.00
       4.879     0.999829        99483      5851.43
       4.919     0.999854        99486      6826.67
       4.947     0.999878        99488      8192.00
       5.003     0.999890        99490      9102.22
       5.063     0.999902        99491     10240.00
       5.091     0.999915        99492     11702.86
       5.131     0.999927        99493     13653.33
       5.179     0.999939        99494     16384.00
       5.199     0.999945        99495     18204.44
       5.279     0.999951        99496     20480.00
       5.279     0.999957        99496     23405.71
       5.375     0.999963        99497     27306.67
       5.375     0.999969        99497     32768.00
       5.483     0.999973        99498     36408.89
       5.483     0.999976        99498     40960.00
       5.483     0.999979        99498     46811.43
       5.579     0.999982        99499     54613.33
       5.579     0.999985        99499     65536.00
       5.579     0.999986        99499     72817.78
       5.579     0.999988        99499     81920.00
       5.579     0.999989        99499     93622.86
       5.947     0.999991        99500    109226.67
       5.947     1.000000        99500          inf
#[Mean    =        1.408, StdDeviation   =        0.645]
#[Max     =        5.944, Total count    =        99500]
#[Buckets =           27, SubBuckets     =         2048]
----------------------------------------------------------
  118904 requests in 1.00m, 128.59MB read
Requests/sec:   1981.63
Transfer/sec:      2.14MB

--- metrics ---
requests=118904
duration_s=60.003143
bytes=134837136
rps=1981.63
p50_ms=1.284
p95_ms=2.655
p99_ms=3.167
p999_ms=3.987
err_connect=0
err_read=0
err_write=0
err_status=0
err_timeout=0
--- end ---
