Running 1m test @ http://127.0.0.1:8084/file50k
  2 threads and 100 connections
  Thread calibration: mean lat.: 1.405ms, rate sampling interval: 10ms
  Thread calibration: mean lat.: 1.371ms, rate sampling interval: 10ms
  Thread Stats   Avg      Stdev     Max   +/- Stdev
    Latency     1.39ms  385.76us   2.84ms   66.64%
    Req/Sec   158.87     95.77   333.00     70.54%
  Latency Distribution (HdrHistogram - Recorded Latency)
 50.000%    1.38ms
 75.000%    1.65ms
 90.000%    1.89ms
 99.000%    2.34ms
 99.900%    2.65ms
 99.990%    2.85ms
 99.999%    2.85ms
100.000%    2.85ms

  Detailed Percentile spectrum:
       Value   Percentile   TotalCount 1/(1-Percentile)

       0.366     0.000000            1         1.00
       0.885     0.100000         1491         1.11
       1.032     0.200000         2980         1.25
       1.161     0.300000         4473         1.43
       1.272     0.400000         5966         1.67
       1.378     0.500000         7451         2.00
       1.430     0.550000         8199         2.22
       1.480     0.600000         8943         2.50
       1.533     0.650000         9685         2.86
       1.590     0.700000        10439         3.33
       1.647     0.750000        11177         4.00
       1.679     0.775000        11555         4.44
       1.713     0.800000        11920         5.00
       1.748     0.825000        12301         5.71
       1.787     0.850000        12669         6.67
       1.834     0.875000        13040         8.00
       1.861     0.887500        13234         8.89
       1.888     0.900000        13412        10.00
       1.920     0.912500        13601        11.43
       1.959     0.925000        13783        13.33
       1.999     0.937500        13972        16.00
       2.021     0.943750        14062        17.78
       2.051     0.950000        14157        20.00
       2.081     0.956250        14254        22.86
       2.111     0.962500        14344        26.67
       2.151     0.968750        14440        32.00
       2.167     0.971875        14482        35.56
       2.191     0.975000        14531        40.00
       2.215     0.978125        14577        45.71
       2.241     0.981250        14621        53.33
       2.273     0.984375        14668        64.00
       2.289     0.985938        14693        71.11
       2.303     0.987500        14715        80.00
       2.331     0.989062        14740        91.43
       2.357     0.990625        14764       106.67
       2.387     0.992188        14785       128.00
       2.403     0.992969        14796       142.22
       2.417     0.993750        14807       160.00
       2.441     0.994531        14821       182.86
       2.461     0.995313        14831       213.33
       2.495     0.996094        14842       256.00
       2.513     0.996484        14849       284.44
       2.533     0.996875        14856       320.00
       2.543     0.997266        14862       365.71
       2.563     0.997656        14868       426.67
       2.585     0.998047        14871       512.00
       2.593     0.998242        14874       568.89
       2.613     0.998437        14877       640.00
       2.631     0.998633        14880       731.43
       2.643     0.998828        14883       853.33
       2.657     0.999023        14886      1024.00
       2.661     0.999121        14887      1137.78
       2.673     0.999219        14889      1280.00
       2.677     0.999316        14891      1462.86
       2.701     0.999414        14892      1706.67
       2.715     0.999512        14893      2048.00
       2.763     0.999561        14894      2275.56
       2.767     0.999609        14895      2560.00
       2.767     0.999658        14895      2925.71
       2.795     0.999707        14896      3413.33
       2.819     0.999756        14897      4096.00
       2.819     0.999780        14897      4551.11
       2.829     0.999805        14898      5120.00
       2.829     0.999829        14898      5851.43
       2.829     0.999854        14898      6826.67
       2.845     0.999878        14900      8192.00
       2.845     1.000000        14900          inf
#[Mean    =        1.388, StdDeviation   =        0.386]
#[Max     =        2.844, Total count    =        14900]
#[Buckets =           27, SubBuckets     =         2048]
----------------------------------------------------------
  18002 requests in 1.00m, 0.86GB read
Requests/sec:    300.02
Transfer/sec:     14.69MB

--- metrics ---
requests=18002
duration_s=60.002852
bytes=924168674
rps=300.02
p50_ms=1.378
p95_ms=2.051
p99_ms=2.343
p999_ms=2.653
err_connect=0
err_read=0
err_write=0
err_status=0
err_timeout=0
--- end ---
