Running 1m test @ http://127.0.0.1:8080/json
  2 threads and 100 connections
  Thread calibration: mean lat.: 1.299ms, rate sampling interval: 10ms
  Thread calibration: mean lat.: 1.331ms, rate sampling interval: 10ms
  Thread Stats   Avg      Stdev     Max   +/- Stdev
    Latency     1.32ms  475.63us   4.11ms   68.02%
    Req/Sec     1.05k   131.02     1.67k    75.66%
  Latency Distribution (HdrHistogram - Recorded Latency)
 50.000%    1.26ms
 75.000%    1.61ms
 90.000%    1.97ms
 99.000%    2.64ms
 99.900%    2.94ms
 99.990%    3.31ms
 99.999%    3.80ms
100.000%    4.11ms

  Detailed Percentile spectrum:
       Value   Percentile   TotalCount 1/(1-Percentile)

       0.188     0.000000            1         1.00
       0.758     0.100000        10005         1.11
       0.891     0.200000        19915         1.25
       1.011     0.300000        29888         1.43
       1.131     0.400000        39877         1.67
       1.256     0.500000        49772         2.00
       1.317     0.550000        54738         2.22
       1.380     0.600000        59735         2.50
       1.450     0.650000        64733         2.86
       1.524     0.700000        69651         3.33
       1.609     0.750000        74664         4.00
       1.654     0.775000        77116         4.44
       1.704     0.800000        79625         5.00
       1.759     0.825000        82098         5.71
       1.820     0.850000        84601         6.67
       1.889     0.875000        87073         8.00
       1.926     0.887500        88330         8.89
       1.967     0.900000        89550        10.00
       2.011     0.912500        90809        11.43
       2.063     0.925000        92068        13.33
       2.123     0.937500        93310        16.00
       2.159     0.943750        93929        17.78
       2.197     0.950000        94544        20.00
       2.241     0.956250        95157        22.86
       2.291     0.962500        95776        26.67
       2.359     0.968750        96410        32.00
       2.395     0.971875        96718        35.56
       2.433     0.975000        97016        40.00
       2.471     0.978125        97325        45.71
       2.513     0.981250        97651        53.33
       2.557     0.984375        97958        64.00
       2.579     0.985938        98108        71.11
       2.599     0.987500        98267        80.00
       2.623     0.989062        98423        91.43
       2.647     0.990625        98578       106.67
       2.673     0.992188        98730       128.00
       2.687     0.992969        98810       142.22
       2.699     0.993750        98886       160.00
       2.715     0.994531        98965       182.86
       2.731     0.995313        99036       213.33
       2.749     0.996094        99112       256.00
       2.761     0.996484        99156       284.44
       2.777     0.996875        99191       320.00
       2.795     0.997266        99229       365.71
       2.821     0.997656        99268       426.67
       2.849     0.998047        99306       512.00
       2.869     0.998242        99327       568.89
       2.887     0.998437        99346       640.00
       2.901     0.998633        99368       731.43
       2.919     0.998828        99385       853.33
       2.949     0.999023        99403      1024.00
       2.969     0.999121        99413      1137.78
       2.983     0.999219        99424      1280.00
       2.995     0.999316        99433      1462.86
       3.021     0.999414        99443      1706.67
       3.059     0.999512        99453      2048.00
       3.075     0.999561        99457      2275.56
       3.117     0.999609        99463      2560.00
       3.131     0.999658        99467      2925.71
       3.139     0.999707        99471      3413.33
       3.171     0.999756        99476      4096.00
       3.201     0.999780        99480      4551.11
       3.203     0.999805        99481      5120.00
       3.213     0.999829        99483      5851.43
       3.271     0.999854        99486      6826.67
       3.277     0.999878        99488      8192.00
       3.307     0.999890        99490      9102.22
       3.311     0.999902        99491     10240.00
       3.381     0.999915        99492     11702.86
       3.391     0.999927        99493     13653.33
       3.557     0.999939        99494     16384.00
       3.589     0.999945        99495     18204.44
       3.591     0.999951        99496     20480.00
       3.591     0.999957        99496     23405.71
       3.611     0.999963        99497     27306.67
       3.611     0.999969        99497     32768.00
       3.653     0.999973        99498     36408.89
       3.653     0.999976        99498     40960.00
       3.653     0.999979        99498     46811.43
       3.803     0.999982        99499     54613.33
       3.803     0.999985        99499     65536.00
       3.803     0.999986        99499     72817.78
       3.803     0.999988        99499     81920.00
       3.803     0.999989        99499     93622.86
       4.111     0.999991        99500    109226.67
       4.111     1.000000        99500          inf
#[Mean    =        1.315, StdDeviation   =        0.476]
#[Max     =        4.108, Total count    =        99500]
#[Buckets =           27, SubBuckets     =         2048]
----------------------------------------------------------
  119803 requests in 1.00m, 132.31MB read
Requests/sec:   1996.65
Transfer/sec:      2.21MB

--- metrics ---
requests=119803
duration_s=60.002071
bytes=138731874
rps=1996.65
p50_ms=1.256
p95_ms=2.197
p99_ms=2.637
p999_ms=2.943
err_connect=0
err_read=0
err_write=0
err_status=0
err_timeout=0
--- end ---
