Running 1m test @ http://127.0.0.1:8082/json
  2 threads and 100 connections
  Thread calibration: mean lat.: 356.665ms, rate sampling interval: 1281ms
  Thread calibration: mean lat.: 356.996ms, rate sampling interval: 1282ms
  Thread Stats   Avg      Stdev     Max   +/- Stdev
    Latency     2.40s   937.14ms   3.87s    55.80%
    Req/Sec     0.94k    32.13     1.00k    59.21%
  Latency Distribution (HdrHistogram - Recorded Latency)
 50.000%    2.63s 
 75.000%    3.18s 
 90.000%    3.57s 
 99.000%    3.84s 
 99.900%    3.86s 
 99.990%    3.87s 
 99.999%    3.87s 
100.000%    3.87s 

  Detailed Percentile spectrum:
       Value   Percentile   TotalCount 1/(1-Percentile)

     687.103     0.000000            1         1.00
    1025.023     0.100000         9363         1.11
    1299.455     0.200000        18662         1.25
    1683.455     0.300000        27988         1.43
    2123.775     0.400000        37301         1.67
    2629.631     0.500000        46658         2.00
    2793.471     0.550000        51325         2.22
    2904.063     0.600000        55954         2.50
    2949.119     0.650000        60623         2.86
    3018.751     0.700000        65310         3.33
    3176.447     0.750000        69974         4.00
    3270.655     0.775000        72276         4.44
    3364.863     0.800000        74641         5.00
    3393.535     0.825000        77037         5.71
    3416.063     0.850000        79276         6.67
    3442.687     0.875000        81609         8.00
    3504.127     0.887500        82775         8.89
    3567.615     0.900000        83924        10.00
    3647.487     0.912500        85103        11.43
    3706.879     0.925000        86284        13.33
    3733.503     0.937500        87590        16.00
    3737.599     0.943750        88004        17.78
    3758.079     0.950000        88599        20.00
    3782.655     0.956250        89169        22.86
    3811.327     0.962500        89759        26.67
    3821.567     0.968750        90435        32.00
    3823.615     0.971875        90734        35.56
    3825.663     0.975000        91066        40.00
    3827.711     0.978125        91416        45.71
    3829.759     0.981250        91728        53.33
    3831.807     0.984375        91998        64.00
    3831.807     0.985938        91998        71.11
    3833.855     0.987500        92159        80.00
    3835.903     0.989062        92260        91.43
    3839.999     0.990625        92402       106.67
    3846.143     0.992188        92553       128.00
    3848.191     0.992969        92614       142.22
    3850.239     0.993750        92675       160.00
    3852.287     0.994531        92759       182.86
    3854.335     0.995313        92854       213.33
    3856.383     0.996094        92950       256.00
    3856.383     0.996484        92950       284.44
    3858.431     0.996875        93047       320.00
    3858.431     0.997266        93047       365.71
    3858.431     0.997656        93047       426.67
    3860.479     0.998047        93131       512.00
    3860.479     0.998242        93131       568.89
    3860.479     0.998437        93131       640.00
    3860.479     0.998633        93131       731.43
    3862.527     0.998828        93182       853.33
    3862.527     0.999023        93182      1024.00
    3862.527     0.999121        93182      1137.78
    3862.527     0.999219        93182      1280.00
    3862.527     0.999316        93182      1462.86
    3864.575     0.999414        93211      1706.67
    3864.575     0.999512        93211      2048.00
    3864.575     0.999561        93211      2275.56
    3864.575     0.999609        93211      2560.00
    3866.623     0.999658        93230      2925.71
    3866.623     0.999707        93230      3413.33
    3866.623     0.999756        93230      4096.00
    3866.623     0.999780        93230      4551.11
    3866.623     0.999805        93230      5120.00
    3866.623     0.999829        93230      5851.43
    3868.671     0.999854        93242      6826.67
    3868.671     0.999878        93242      8192.00
    3868.671     0.999890        93242      9102.22
    3868.671     0.999902        93242     10240.00
    3868.671     0.999915        93242     11702.86
    3868.671     0.999927        93242     13653.33
    3868.671     0.999939        93242     16384.00
    3868.671     0.999945        93242     18204.44
    3868.671     0.999951        93242     20480.00
    3868.671     0.999957        93242     23405.71
    3868.671     0.999963        93242     27306.67
    3870.719     0.999969        93245     32768.00
    3870.719     1.000000        93245          inf
#[Mean    =     2396.800, StdDeviation   =      937.135]
#[Max     =     3868.672, Total count    =        93245]
#[Buckets =           27, SubBuckets     =         2048]
----------------------------------------------------------
  112092 requests in 1.00m, 125.18MB read
Requests/sec:   1868.15
Transfer/sec:      2.09MB

--- metrics ---
requests=112092
duration_s=60.001545
bytes=131259732
rps=1868.15
p50_ms=2629.631
p95_ms=3758.079
p99_ms=3837.951
p999_ms=3862.527
err_connect=0
err_read=0
err_write=0
err_status=0
err_timeout=0
--- end ---
