Running 1m test @ http://127.0.0.1:8081/file1m
  2 threads and 50 connections
  Thread calibration: mean lat.: 3.233ms, rate sampling interval: 10ms
  Thread calibration: mean lat.: 3.312ms, rate sampling interval: 10ms
  Thread Stats   Avg      Stdev     Max   +/- Stdev
    Latency     3.33ms    1.13ms  25.52ms   82.04%
    Req/Sec    25.65     68.86   416.00     87.29%
  Latency Distribution (HdrHistogram - Recorded Latency)
 50.000%    3.27ms
 75.000%    3.81ms
 90.000%    4.42ms
 99.000%    5.65ms
 99.900%   17.89ms
 99.990%   25.53ms
 99.999%   25.53ms
100.000%   25.53ms

  Detailed Percentile spectrum:
       Value   Percentile   TotalCount 1/(1-Percentile)

       0.774     0.000000            1         1.00
       2.267     0.100000          246         1.11
       2.599     0.200000          492         1.25
       2.867     0.300000          735         1.43
       3.079     0.400000          981         1.67
       3.265     0.500000         1225         2.00
       3.371     0.550000         1349         2.22
       3.469     0.600000         1471         2.50
       3.575     0.650000         1593         2.86
       3.685     0.700000         1716         3.33
       3.809     0.750000         1840         4.00
       3.887     0.775000         1900         4.44
       3.979     0.800000         1961         5.00
       4.059     0.825000         2025         5.71
       4.143     0.850000         2083         6.67
       4.279     0.875000         2144         8.00
       4.351     0.887500         2176         8.89
       4.423     0.900000         2205        10.00
       4.499     0.912500         2238        11.43
       4.595     0.925000         2267        13.33
       4.715     0.937500         2298        16.00
       4.783     0.943750         2313        17.78
       4.835     0.950000         2328        20.00
       4.867     0.956250         2344        22.86
       4.935     0.962500         2359        26.67
       5.027     0.968750         2375        32.00
       5.083     0.971875         2382        35.56
       5.103     0.975000         2389        40.00
       5.223     0.978125         2397        45.71
       5.279     0.981250         2405        53.33
       5.331     0.984375         2412        64.00
       5.391     0.985938         2416        71.11
       5.479     0.987500         2420        80.00
       5.559     0.989062         2424        91.43
       5.683     0.990625         2429       106.67
       5.707     0.992188         2431       128.00
       5.823     0.992969         2433       142.22
       5.867     0.993750         2435       160.00
       6.095     0.994531         2437       182.86
       6.547     0.995313         2439       213.33
       6.979     0.996094         2441       256.00
       7.067     0.996484         2442       284.44
       8.087     0.996875         2443       320.00
       8.527     0.997266         2444       365.71
       9.719     0.997656         2445       426.67
      10.151     0.998047         2446       512.00
      10.151     0.998242         2446       568.89
      10.231     0.998437         2447       640.00
      10.231     0.998633         2447       731.43
      17.887     0.998828         2448       853.33
      17.887     0.999023         2448      1024.00
      17.887     0.999121         2448      1137.78
      24.447     0.999219         2449      1280.00
      24.447     0.999316         2449      1462.86
      24.447     0.999414         2449      1706.67
      24.447     0.999512         2449      2048.00
      24.447     0.999561         2449      2275.56
      25.535     0.999609         2450      2560.00
      25.535     1.000000         2450          inf
#[Mean    =        3.332, StdDeviation   =        1.129]
#[Max     =       25.520, Total count    =         2450]
#[Buckets =           27, SubBuckets     =         2048]
----------------------------------------------------------
  3002 requests in 1.00m, 2.93GB read
Requests/sec:     50.03
Transfer/sec:     50.04MB

--- metrics ---
requests=3002
duration_s=60.004783
bytes=3148302470
rps=50.03
p50_ms=3.265
p95_ms=4.835
p99_ms=5.647
p999_ms=17.887
err_connect=0
err_read=0
err_write=0
err_status=0
err_timeout=0
--- end ---
