Running 1m test @ http://127.0.0.1:8084/file1m
  2 threads and 50 connections
  Thread calibration: mean lat.: 2.901ms, rate sampling interval: 10ms
  Thread calibration: mean lat.: 2.878ms, rate sampling interval: 10ms
  Thread Stats   Avg      Stdev     Max   +/- Stdev
    Latency     2.85ms  534.67us   6.56ms   69.31%
    Req/Sec    25.96     69.58   333.00     87.20%
  Latency Distribution (HdrHistogram - Recorded Latency)
 50.000%    2.85ms
 75.000%    3.17ms
 90.000%    3.55ms
 99.000%    4.11ms
 99.900%    5.65ms
 99.990%    6.56ms
 99.999%    6.56ms
100.000%    6.56ms

  Detailed Percentile spectrum:
       Value   Percentile   TotalCount 1/(1-Percentile)

       1.271     0.000000            1         1.00
       2.187     0.100000          246         1.11
       2.413     0.200000          492         1.25
       2.567     0.300000          738         1.43
       2.709     0.400000          981         1.67
       2.845     0.500000         1225         2.00
       2.901     0.550000         1349         2.22
       2.961     0.600000         1471         2.50
       3.025     0.650000         1595         2.86
       3.091     0.700000         1718         3.33
       3.169     0.750000         1839         4.00
       3.221     0.775000         1899         4.44
       3.269     0.800000         1963         5.00
       3.325     0.825000         2022         5.71
       3.387     0.850000         2084         6.67
       3.469     0.875000         2147         8.00
       3.501     0.887500         2178         8.89
       3.545     0.900000         2205        10.00
       3.595     0.912500         2236        11.43
       3.659     0.925000         2267        13.33
       3.703     0.937500         2299        16.00
       3.727     0.943750         2314        17.78
       3.755     0.950000         2329        20.00
       3.789     0.956250         2343        22.86
       3.831     0.962500         2359        26.67
       3.871     0.968750         2375        32.00
       3.891     0.971875         2382        35.56
       3.923     0.975000         2391        40.00
       3.949     0.978125         2397        45.71
       3.965     0.981250         2405        53.33
       4.005     0.984375         2412        64.00
       4.011     0.985938         2416        71.11
       4.065     0.987500         2420        80.00
       4.091     0.989062         2424        91.43
       4.151     0.990625         2428       106.67
       4.187     0.992188         2432       128.00
       4.207     0.992969         2433       142.22
       4.251     0.993750         2435       160.00
       4.263     0.994531         2437       182.86
       4.311     0.995313         2439       213.33
       4.351     0.996094         2441       256.00
       4.431     0.996484         2442       284.44
       4.575     0.996875         2443       320.00
       4.755     0.997266         2444       365.71
       4.763     0.997656         2445       426.67
       4.827     0.998047         2446       512.00
       4.827     0.998242         2446       568.89
       5.507     0.998437         2447       640.00
       5.507     0.998633         2447       731.43
       5.651     0.998828         2448       853.33
       5.651     0.999023         2448      1024.00
       5.651     0.999121         2448      1137.78
       6.495     0.999219         2449      1280.00
       6.495     0.999316         2449      1462.86
       6.495     0.999414         2449      1706.67
       6.495     0.999512         2449      2048.00
       6.495     0.999561         2449      2275.56
       6.563     0.999609         2450      2560.00
       6.563     1.000000         2450          inf
#[Mean    =        2.852, StdDeviation   =        0.535]
#[Max     =        6.560, Total count    =         2450]
#[Buckets =           27, SubBuckets     =         2048]
----------------------------------------------------------
  3002 requests in 1.00m, 2.93GB read
Requests/sec:     50.03
Transfer/sec:     50.04MB

--- metrics ---
requests=3002
duration_s=60.004362
bytes=3148242430
rps=50.03
p50_ms=2.845
p95_ms=3.755
p99_ms=4.115
p999_ms=5.651
err_connect=0
err_read=0
err_write=0
err_status=0
err_timeout=0
--- end ---
