Running 1m test @ http://127.0.0.1:8081/file1m
  2 threads and 50 connections
  Thread calibration: mean lat.: 2.943ms, rate sampling interval: 10ms
  Thread calibration: mean lat.: 3.356ms, rate sampling interval: 10ms
  Thread Stats   Avg      Stdev     Max   +/- Stdev
    Latency     3.36ms    1.05ms  20.50ms   87.10%
    Req/Sec    25.77     68.93   333.00     87.34%
  Latency Distribution (HdrHistogram - Recorded Latency)
 50.000%    3.25ms
 75.000%    3.74ms
 90.000%    4.23ms
 99.000%    5.72ms
 99.900%   15.30ms
 99.990%   20.51ms
 99.999%   20.51ms
100.000%   20.51ms

  Detailed Percentile spectrum:
       Value   Percentile   TotalCount 1/(1-Percentile)

       0.978     0.000000            1         1.00
       2.469     0.100000          245         1.11
       2.717     0.200000          490         1.25
       2.915     0.300000          738         1.43
       3.083     0.400000          981         1.67
       3.251     0.500000         1225         2.00
       3.343     0.550000         1349         2.22
       3.435     0.600000         1470         2.50
       3.527     0.650000         1594         2.86
       3.631     0.700000         1717         3.33
       3.745     0.750000         1841         4.00
       3.793     0.775000         1900         4.44
       3.857     0.800000         1960         5.00
       3.943     0.825000         2023         5.71
       4.027     0.850000         2084         6.67
       4.123     0.875000         2144         8.00
       4.171     0.887500         2176         8.89
       4.227     0.900000         2205        10.00
       4.295     0.912500         2236        11.43
       4.379     0.925000         2268        13.33
       4.483     0.937500         2297        16.00
       4.543     0.943750         2314        17.78
       4.583     0.950000         2328        20.00
       4.659     0.956250         2343        22.86
       4.783     0.962500         2359        26.67
       4.867     0.968750         2374        32.00
       4.955     0.971875         2384        35.56
       5.015     0.975000         2389        40.00
       5.075     0.978125         2397        45.71
       5.215     0.981250         2405        53.33
       5.359     0.984375         2412        64.00
       5.403     0.985938         2416        71.11
       5.595     0.987500         2420        80.00
       5.691     0.989062         2424        91.43
       5.883     0.990625         2428       106.67
       6.487     0.992188         2431       128.00
       6.923     0.992969         2433       142.22
       7.223     0.993750         2435       160.00
       7.959     0.994531         2437       182.86
       8.911     0.995313         2439       213.33
       9.871     0.996094         2441       256.00
      10.671     0.996484         2442       284.44
      12.423     0.996875         2443       320.00
      12.527     0.997266         2444       365.71
      12.991     0.997656         2445       426.67
      13.271     0.998047         2446       512.00
      13.271     0.998242         2446       568.89
      14.335     0.998437         2447       640.00
      14.335     0.998633         2447       731.43
      15.295     0.998828         2448       853.33
      15.295     0.999023         2448      1024.00
      15.295     0.999121         2448      1137.78
      20.063     0.999219         2449      1280.00
      20.063     0.999316         2449      1462.86
      20.063     0.999414         2449      1706.67
      20.063     0.999512         2449      2048.00
      20.063     0.999561         2449      2275.56
      20.511     0.999609         2450      2560.00
      20.511     1.000000         2450          inf
#[Mean    =        3.356, StdDeviation   =        1.052]
#[Max     =       20.496, Total count    =         2450]
#[Buckets =           27, SubBuckets     =         2048]
----------------------------------------------------------
  3002 requests in 1.00m, 2.93GB read
Requests/sec:     50.03
Transfer/sec:     50.04MB

--- metrics ---
requests=3002
duration_s=60.004435
bytes=3148302470
rps=50.03
p50_ms=3.251
p95_ms=4.583
p99_ms=5.719
p999_ms=15.295
err_connect=0
err_read=0
err_write=0
err_status=0
err_timeout=0
--- end ---
