Running 1m test @ http://127.0.0.1:8083/json
  2 threads and 100 connections
  Thread calibration: mean lat.: 1.209ms, rate sampling interval: 10ms
  Thread calibration: mean lat.: 1.184ms, rate sampling interval: 10ms
  Thread Stats   Avg      Stdev     Max   +/- Stdev
    Latency     1.22ms  480.31us   5.90ms   65.14%
    Req/Sec     1.05k   140.05     1.67k    80.34%
  Latency Distribution (HdrHistogram - Recorded Latency)
 50.000%    1.17ms
 75.000%    1.55ms
 90.000%    1.87ms
 99.000%    2.40ms
 99.900%    2.68ms
 99.990%    3.14ms
 99.999%    5.77ms
100.000%    5.90ms

  Detailed Percentile spectrum:
       Value   Percentile   TotalCount 1/(1-Percentile)

       0.136     0.000000            1         1.00
       0.622     0.100000        10002         1.11
       0.767     0.200000        19953         1.25
       0.901     0.300000        29866         1.43
       1.037     0.400000        39842         1.67
       1.168     0.500000        49804         2.00
       1.238     0.550000        54786         2.22
       1.314     0.600000        59722         2.50
       1.390     0.650000        64737         2.86
       1.471     0.700000        69690         3.33
       1.554     0.750000        74671         4.00
       1.596     0.775000        77117         4.44
       1.643     0.800000        79604         5.00
       1.692     0.825000        82129         5.71
       1.744     0.850000        84602         6.67
       1.804     0.875000        87084         8.00
       1.838     0.887500        88333         8.89
       1.874     0.900000        89555        10.00
       1.912     0.912500        90803        11.43
       1.956     0.925000        92056        13.33
       2.004     0.937500        93291        16.00
       2.033     0.943750        93906        17.78
       2.065     0.950000        94525        20.00
       2.101     0.956250        95171        22.86
       2.141     0.962500        95772        26.67
       2.185     0.968750        96392        32.00
       2.209     0.971875        96708        35.56
       2.235     0.975000        97016        40.00
       2.261     0.978125        97328        45.71
       2.287     0.981250        97665        53.33
       2.319     0.984375        97967        64.00
       2.339     0.985938        98116        71.11
       2.361     0.987500        98259        80.00
       2.381     0.989062        98415        91.43
       2.407     0.990625        98578       106.67
       2.433     0.992188        98738       128.00
       2.445     0.992969        98809       142.22
       2.457     0.993750        98885       160.00
       2.475     0.994531        98959       182.86
       2.495     0.995313        99043       213.33
       2.513     0.996094        99117       256.00
       2.521     0.996484        99154       284.44
       2.535     0.996875        99194       320.00
       2.549     0.997266        99228       365.71
       2.575     0.997656        99271       426.67
       2.593     0.998047        99307       512.00
       2.603     0.998242        99326       568.89
       2.627     0.998437        99350       640.00
       2.641     0.998633        99365       731.43
       2.657     0.998828        99386       853.33
       2.689     0.999023        99405      1024.00
       2.705     0.999121        99413      1137.78
       2.729     0.999219        99423      1280.00
       2.743     0.999316        99434      1462.86
       2.771     0.999414        99442      1706.67
       2.801     0.999512        99453      2048.00
       2.809     0.999561        99457      2275.56
       2.829     0.999609        99462      2560.00
       2.841     0.999658        99466      2925.71
       2.859     0.999707        99471      3413.33
       2.877     0.999756        99476      4096.00
       2.891     0.999780        99479      4551.11
       2.893     0.999805        99481      5120.00
       2.917     0.999829        99483      5851.43
       2.985     0.999854        99486      6826.67
       2.991     0.999878        99488      8192.00
       3.145     0.999890        99490      9102.22
       3.759     0.999902        99491     10240.00
       3.765     0.999915        99492     11702.86
       3.983     0.999927        99493     13653.33
       3.987     0.999939        99494     16384.00
       3.989     0.999945        99495     18204.44
       5.475     0.999951        99496     20480.00
       5.475     0.999957        99496     23405.71
       5.587     0.999963        99497     27306.67
       5.587     0.999969        99497     32768.00
       5.655     0.999973        99498     36408.89
       5.655     0.999976        99498     40960.00
       5.655     0.999979        99498     46811.43
       5.771     0.999982        99499     54613.33
       5.771     0.999985        99499     65536.00
       5.771     0.999986        99499     72817.78
       5.771     0.999988        99499     81920.00
       5.771     0.999989        99499     93622.86
       5.899     0.999991        99500    109226.67
       5.899     1.000000        99500          inf
#[Mean    =        1.215, StdDeviation   =        0.480]
#[Max     =        5.896, Total count    =        99500]
#[Buckets =           27, SubBuckets     =         2048]
----------------------------------------------------------
  119802 requests in 1.00m, 146.13MB read
Requests/sec:   1996.62
Transfer/sec:      2.44MB

--- metrics ---
requests=119802
duration_s=60.002515
bytes=153226258
rps=1996.62
p50_ms=1.168
p95_ms=2.065
p99_ms=2.397
p999_ms=2.681
err_connect=0
err_read=0
err_write=0
err_status=0
err_timeout=0
--- end ---
