Running 1m test @ http://127.0.0.1:8082/json
  2 threads and 100 connections
  Thread calibration: mean lat.: 295.579ms, rate sampling interval: 968ms
  Thread calibration: mean lat.: 295.829ms, rate sampling interval: 968ms
  Thread Stats   Avg      Stdev     Max   +/- Stdev
    Latency     2.24s     1.03s    3.97s    52.12%
    Req/Sec     0.93k    48.11     1.01k    69.61%
  Latency Distribution (HdrHistogram - Recorded Latency)
 50.000%    2.12s 
 75.000%    3.17s 
 90.000%    3.77s 
 99.000%    3.92s 
 99.900%    3.96s 
 99.990%    3.97s 
 99.999%    3.97s 
100.000%    3.98s 

  Detailed Percentile spectrum:
       Value   Percentile   TotalCount 1/(1-Percentile)

     566.783     0.000000            1         1.00
     899.071     0.100000         9307         1.11
    1053.695     0.200000        18614         1.25
    1375.231     0.300000        27907         1.43
    1864.703     0.400000        37205         1.67
    2115.583     0.500000        46453         2.00
    2308.095     0.550000        51127         2.22
    2484.223     0.600000        55722         2.50
    2654.207     0.650000        60446         2.86
    2945.023     0.700000        64986         3.33
    3172.351     0.750000        69637         4.00
    3282.943     0.775000        71935         4.44
    3405.823     0.800000        74271         5.00
    3530.751     0.825000        76595         5.71
    3581.951     0.850000        78890         6.67
    3739.647     0.875000        81291         8.00
    3753.983     0.887500        82420         8.89
    3768.319     0.900000        83712        10.00
    3786.751     0.912500        84713        11.43
    3837.951     0.925000        85851        13.33
    3860.479     0.937500        87091        16.00
    3864.575     0.943750        87592        17.78
    3870.719     0.950000        88470        20.00
    3872.767     0.956250        88787        22.86
    3876.863     0.962500        89407        26.67
    3883.007     0.968750        90101        32.00
    3885.055     0.971875        90261        35.56
    3889.151     0.975000        90516        40.00
    3895.295     0.978125        90851        45.71
    3899.391     0.981250        91106        53.33
    3903.487     0.984375        91382        64.00
    3905.535     0.985938        91524        71.11
    3909.631     0.987500        91696        80.00
    3913.727     0.989062        91810        91.43
    3919.871     0.990625        91953       106.67
    3930.111     0.992188        92110       128.00
    3934.207     0.992969        92183       142.22
    3938.303     0.993750        92273       160.00
    3940.351     0.994531        92327       182.86
    3942.399     0.995313        92380       213.33
    3946.495     0.996094        92489       256.00
    3946.495     0.996484        92489       284.44
    3948.543     0.996875        92538       320.00
    3950.591     0.997266        92593       365.71
    3950.591     0.997656        92593       426.67
    3952.639     0.998047        92629       512.00
    3954.687     0.998242        92675       568.89
    3954.687     0.998437        92675       640.00
    3956.735     0.998633        92711       731.43
    3956.735     0.998828        92711       853.33
    3958.783     0.999023        92741      1024.00
    3958.783     0.999121        92741      1137.78
    3958.783     0.999219        92741      1280.00
    3960.831     0.999316        92763      1462.86
    3960.831     0.999414        92763      1706.67
    3962.879     0.999512        92776      2048.00
    3962.879     0.999561        92776      2275.56
    3962.879     0.999609        92776      2560.00
    3964.927     0.999658        92789      2925.71
    3964.927     0.999707        92789      3413.33
    3964.927     0.999756        92789      4096.00
    3966.975     0.999780        92798      4551.11
    3966.975     0.999805        92798      5120.00
    3966.975     0.999829        92798      5851.43
    3966.975     0.999854        92798      6826.67
    3969.023     0.999878        92802      8192.00
    3969.023     0.999890        92802      9102.22
    3969.023     0.999902        92802     10240.00
    3971.071     0.999915        92807     11702.86
    3971.071     0.999927        92807     13653.33
    3971.071     0.999939        92807     16384.00
    3971.071     0.999945        92807     18204.44
    3971.071     0.999951        92807     20480.00
    3971.071     0.999957        92807     23405.71
    3971.071     0.999963        92807     27306.67
    3973.119     0.999969        92809     32768.00
    3973.119     0.999973        92809     36408.89
    3973.119     0.999976        92809     40960.00
    3973.119     0.999979        92809     46811.43
    3973.119     0.999982        92809     54613.33
    3973.119     0.999985        92809     65536.00
    3973.119     0.999986        92809     72817.78
    3973.119     0.999988        92809     81920.00
    3975.167     0.999989        92810     93622.86
    3975.167     1.000000        92810          inf
#[Mean    =     2236.104, StdDeviation   =     1032.299]
#[Max     =     3973.120, Total count    =        92810]
#[Buckets =           27, SubBuckets     =         2048]
----------------------------------------------------------
  111891 requests in 1.00m, 124.95MB read
Requests/sec:   1864.82
Transfer/sec:      2.08MB

--- metrics ---
requests=111891
duration_s=60.001095
bytes=131024361
rps=1864.82
p50_ms=2115.583
p95_ms=3870.719
p99_ms=3917.823
p999_ms=3958.783
err_connect=0
err_read=0
err_write=0
err_status=0
err_timeout=0
--- end ---
