Running 1m test @ http://127.0.0.1:8080/file50k
  2 threads and 100 connections
  Thread calibration: mean lat.: 1.533ms, rate sampling interval: 10ms
  Thread calibration: mean lat.: 1.548ms, rate sampling interval: 10ms
  Thread Stats   Avg      Stdev     Max   +/- Stdev
    Latency     1.53ms  391.13us   4.39ms   67.91%
    Req/Sec   157.73     94.29   333.00     71.73%
  Latency Distribution (HdrHistogram - Recorded Latency)
 50.000%    1.52ms
 75.000%    1.78ms
 90.000%    2.04ms
 99.000%    2.53ms
 99.900%    3.04ms
 99.990%    3.95ms
 99.999%    4.39ms
100.000%    4.39ms

  Detailed Percentile spectrum:
       Value   Percentile   TotalCount 1/(1-Percentile)

       0.412     0.000000            1         1.00
       1.030     0.100000         1492         1.11
       1.180     0.200000         2985         1.25
       1.305     0.300000         4471         1.43
       1.411     0.400000         5970         1.67
       1.517     0.500000         7462         2.00
       1.568     0.550000         8198         2.22
       1.620     0.600000         8940         2.50
       1.676     0.650000         9694         2.86
       1.728     0.700000        10431         3.33
       1.784     0.750000        11176         4.00
       1.815     0.775000        11562         4.44
       1.849     0.800000        11920         5.00
       1.887     0.825000        12298         5.71
       1.925     0.850000        12672         6.67
       1.975     0.875000        13039         8.00
       2.006     0.887500        13225         8.89
       2.035     0.900000        13410        10.00
       2.073     0.912500        13605        11.43
       2.109     0.925000        13792        13.33
       2.149     0.937500        13974        16.00
       2.177     0.943750        14064        17.78
       2.203     0.950000        14162        20.00
       2.233     0.956250        14251        22.86
       2.269     0.962500        14343        26.67
       2.305     0.968750        14438        32.00
       2.325     0.971875        14483        35.56
       2.349     0.975000        14530        40.00
       2.375     0.978125        14576        45.71
       2.407     0.981250        14622        53.33
       2.443     0.984375        14669        64.00
       2.465     0.985938        14691        71.11
       2.489     0.987500        14715        80.00
       2.511     0.989062        14738        91.43
       2.533     0.990625        14762       106.67
       2.569     0.992188        14784       128.00
       2.587     0.992969        14796       142.22
       2.607     0.993750        14807       160.00
       2.633     0.994531        14819       182.86
       2.679     0.995313        14831       213.33
       2.717     0.996094        14842       256.00
       2.749     0.996484        14848       284.44
       2.779     0.996875        14854       320.00
       2.807     0.997266        14862       365.71
       2.833     0.997656        14866       426.67
       2.871     0.998047        14871       512.00
       2.881     0.998242        14874       568.89
       2.963     0.998437        14877       640.00
       2.995     0.998633        14880       731.43
       3.023     0.998828        14883       853.33
       3.055     0.999023        14886      1024.00
       3.061     0.999121        14887      1137.78
       3.233     0.999219        14889      1280.00
       3.283     0.999316        14890      1462.86
       3.397     0.999414        14892      1706.67
       3.555     0.999512        14893      2048.00
       3.573     0.999561        14894      2275.56
       3.617     0.999609        14895      2560.00
       3.617     0.999658        14895      2925.71
       3.639     0.999707        14896      3413.33
       3.807     0.999756        14897      4096.00
       3.807     0.999780        14897      4551.11
       3.865     0.999805        14898      5120.00
       3.865     0.999829        14898      5851.43
       3.865     0.999854        14898      6826.67
       3.951     0.999878        14899      8192.00
       3.951     0.999890        14899      9102.22
       3.951     0.999902        14899     10240.00
       3.951     0.999915        14899     11702.86
       3.951     0.999927        14899     13653.33
       4.391     0.999939        14900     16384.00
       4.391     1.000000        14900          inf
#[Mean    =        1.532, StdDeviation   =        0.391]
#[Max     =        4.388, Total count    =        14900]
#[Buckets =           27, SubBuckets     =         2048]
----------------------------------------------------------
  18002 requests in 1.00m, 0.86GB read
Requests/sec:    300.02
Transfer/sec:     14.69MB

--- metrics ---
requests=18002
duration_s=60.002266
bytes=924276686
rps=300.02
p50_ms=1.517
p95_ms=2.203
p99_ms=2.525
p999_ms=3.043
err_connect=0
err_read=0
err_write=0
err_status=0
err_timeout=0
--- end ---
