Running 1m test @ http://127.0.0.1:8083/file50k
  2 threads and 100 connections
  Thread calibration: mean lat.: 7.249ms, rate sampling interval: 23ms
  Thread calibration: mean lat.: 7.611ms, rate sampling interval: 25ms
  Thread Stats   Avg      Stdev     Max   +/- Stdev
    Latency     6.73ms    3.47ms  16.61ms   59.95%
    Req/Sec   153.22    468.73     2.27k    90.49%
  Latency Distribution (HdrHistogram - Recorded Latency)
 50.000%    6.51ms
 75.000%    9.63ms
 90.000%   11.58ms
 99.000%   13.64ms
 99.900%   15.06ms
 99.990%   16.22ms
 99.999%   16.62ms
100.000%   16.62ms

  Detailed Percentile spectrum:
       Value   Percentile   TotalCount 1/(1-Percentile)

       0.274     0.000000            1         1.00
       2.024     0.100000         1490         1.11
       3.345     0.200000         2981         1.25
       4.491     0.300000         4471         1.43
       5.535     0.400000         5960         1.67
       6.515     0.500000         7450         2.00
       6.967     0.550000         8199         2.22
       7.487     0.600000         8940         2.50
       8.127     0.650000         9685         2.86
       8.871     0.700000        10435         3.33
       9.631     0.750000        11176         4.00
       9.991     0.775000        11552         4.44
      10.303     0.800000        11923         5.00
      10.615     0.825000        12297         5.71
      10.919     0.850000        12672         6.67
      11.263     0.875000        13046         8.00
      11.415     0.887500        13226         8.89
      11.583     0.900000        13415        10.00
      11.751     0.912500        13599        11.43
      11.951     0.925000        13784        13.33
      12.199     0.937500        13969        16.00
      12.319     0.943750        14070        17.78
      12.455     0.950000        14160        20.00
      12.583     0.956250        14250        22.86
      12.711     0.962500        14343        26.67
      12.879     0.968750        14439        32.00
      12.967     0.971875        14482        35.56
      13.047     0.975000        14531        40.00
      13.135     0.978125        14577        45.71
      13.271     0.981250        14623        53.33
      13.375     0.984375        14668        64.00
      13.423     0.985938        14691        71.11
      13.503     0.987500        14714        80.00
      13.591     0.989062        14739        91.43
      13.679     0.990625        14763       106.67
      13.855     0.992188        14787       128.00
      13.935     0.992969        14797       142.22
      14.063     0.993750        14807       160.00
      14.143     0.994531        14819       182.86
      14.279     0.995313        14831       213.33
      14.399     0.996094        14843       256.00
      14.439     0.996484        14848       284.44
      14.511     0.996875        14854       320.00
      14.631     0.997266        14861       365.71
      14.727     0.997656        14866       426.67
      14.823     0.998047        14871       512.00
      14.847     0.998242        14874       568.89
      14.895     0.998437        14877       640.00
      14.951     0.998633        14881       731.43
      15.015     0.998828        14883       853.33
      15.087     0.999023        14886      1024.00
      15.095     0.999121        14887      1137.78
      15.159     0.999219        14889      1280.00
      15.183     0.999316        14890      1462.86
      15.319     0.999414        14893      1706.67
      15.319     0.999512        14893      2048.00
      15.415     0.999561        14894      2275.56
      15.663     0.999609        14895      2560.00
      15.663     0.999658        14895      2925.71
      15.951     0.999707        14896      3413.33
      15.967     0.999756        14897      4096.00
      15.967     0.999780        14897      4551.11
      15.999     0.999805        14898      5120.00
      15.999     0.999829        14898      5851.43
      15.999     0.999854        14898      6826.67
      16.223     0.999878        14899      8192.00
      16.223     0.999890        14899      9102.22
      16.223     0.999902        14899     10240.00
      16.223     0.999915        14899     11702.86
      16.223     0.999927        14899     13653.33
      16.623     0.999939        14900     16384.00
      16.623     1.000000        14900          inf
#[Mean    =        6.732, StdDeviation   =        3.471]
#[Max     =       16.608, Total count    =        14900]
#[Buckets =           27, SubBuckets     =         2048]
----------------------------------------------------------
  17702 requests in 1.00m, 868.83MB read
Requests/sec:    295.02
Transfer/sec:     14.48MB

--- metrics ---
requests=17702
duration_s=60.003017
bytes=911033430
rps=295.02
p50_ms=6.515
p95_ms=12.455
p99_ms=13.639
p999_ms=15.063
err_connect=0
err_read=0
err_write=0
err_status=0
err_timeout=0
--- end ---
