Running 1m test @ http://127.0.0.1:8081/file50k
  2 threads and 100 connections
  Thread calibration: mean lat.: 1.332ms, rate sampling interval: 10ms
  Thread calibration: mean lat.: 1.329ms, rate sampling interval: 10ms
  Thread Stats   Avg      Stdev     Max   +/- Stdev
    Latency     1.33ms  388.81us   2.85ms   67.38%
    Req/Sec   158.96     95.21   333.00     70.81%
  Latency Distribution (HdrHistogram - Recorded Latency)
 50.000%    1.32ms
 75.000%    1.59ms
 90.000%    1.84ms
 99.000%    2.34ms
 99.900%    2.61ms
 99.990%    2.80ms
 99.999%    2.85ms
100.000%    2.85ms

  Detailed Percentile spectrum:
       Value   Percentile   TotalCount 1/(1-Percentile)

       0.430     0.000000            1         1.00
       0.825     0.100000         1499         1.11
       0.981     0.200000         2993         1.25
       1.100     0.300000         4475         1.43
       1.214     0.400000         5973         1.67
       1.320     0.500000         7458         2.00
       1.371     0.550000         8211         2.22
       1.425     0.600000         8948         2.50
       1.478     0.650000         9696         2.86
       1.532     0.700000        10442         3.33
       1.589     0.750000        11182         4.00
       1.620     0.775000        11555         4.44
       1.654     0.800000        11930         5.00
       1.688     0.825000        12293         5.71
       1.726     0.850000        12669         6.67
       1.775     0.875000        13040         8.00
       1.804     0.887500        13228         8.89
       1.837     0.900000        13410        10.00
       1.870     0.912500        13597        11.43
       1.913     0.925000        13788        13.33
       1.958     0.937500        13969        16.00
       1.986     0.943750        14063        17.78
       2.012     0.950000        14156        20.00
       2.037     0.956250        14249        22.86
       2.077     0.962500        14345        26.67
       2.109     0.968750        14435        32.00
       2.137     0.971875        14483        35.56
       2.163     0.975000        14532        40.00
       2.191     0.978125        14579        45.71
       2.219     0.981250        14621        53.33
       2.257     0.984375        14668        64.00
       2.279     0.985938        14691        71.11
       2.297     0.987500        14714        80.00
       2.321     0.989062        14740        91.43
       2.347     0.990625        14762       106.67
       2.373     0.992188        14784       128.00
       2.393     0.992969        14797       142.22
       2.407     0.993750        14809       160.00
       2.419     0.994531        14819       182.86
       2.439     0.995313        14831       213.33
       2.463     0.996094        14843       256.00
       2.475     0.996484        14848       284.44
       2.489     0.996875        14855       320.00
       2.499     0.997266        14861       365.71
       2.513     0.997656        14867       426.67
       2.527     0.998047        14871       512.00
       2.545     0.998242        14874       568.89
       2.565     0.998437        14877       640.00
       2.577     0.998633        14880       731.43
       2.599     0.998828        14883       853.33
       2.609     0.999023        14887      1024.00
       2.609     0.999121        14887      1137.78
       2.625     0.999219        14889      1280.00
       2.645     0.999316        14890      1462.86
       2.655     0.999414        14892      1706.67
       2.683     0.999512        14893      2048.00
       2.721     0.999561        14894      2275.56
       2.757     0.999609        14895      2560.00
       2.757     0.999658        14895      2925.71
       2.765     0.999707        14896      3413.33
       2.779     0.999756        14897      4096.00
       2.779     0.999780        14897      4551.11
       2.781     0.999805        14898      5120.00
       2.781     0.999829        14898      5851.43
       2.781     0.999854        14898      6826.67
       2.795     0.999878        14899      8192.00
       2.795     0.999890        14899      9102.22
       2.795     0.999902        14899     10240.00
       2.795     0.999915        14899     11702.86
       2.795     0.999927        14899     13653.33
       2.851     0.999939        14900     16384.00
       2.851     1.000000        14900          inf
#[Mean    =        1.332, StdDeviation   =        0.389]
#[Max     =        2.850, Total count    =        14900]
#[Buckets =           27, SubBuckets     =         2048]
----------------------------------------------------------
  18002 requests in 1.00m, 0.86GB read
Requests/sec:    300.02
Transfer/sec:     14.69MB

--- metrics ---
requests=18002
duration_s=60.003106
bytes=924528714
rps=300.02
p50_ms=1.320
p95_ms=2.012
p99_ms=2.337
p999_ms=2.605
err_connect=0
err_read=0
err_write=0
err_status=0
err_timeout=0
--- end ---
