Running 1m test @ http://127.0.0.1:8080/json
  2 threads and 100 connections
  Thread calibration: mean lat.: 1.306ms, rate sampling interval: 10ms
  Thread calibration: mean lat.: 1.301ms, rate sampling interval: 10ms
  Thread Stats   Avg      Stdev     Max   +/- Stdev
    Latency     1.32ms  476.55us   3.78ms   67.12%
    Req/Sec     1.05k   130.22     1.67k    75.92%
  Latency Distribution (HdrHistogram - Recorded Latency)
 50.000%    1.26ms
 75.000%    1.62ms
 90.000%    1.97ms
 99.000%    2.59ms
 99.900%    2.88ms
 99.990%    3.31ms
 99.999%    3.72ms
100.000%    3.79ms

  Detailed Percentile spectrum:
       Value   Percentile   TotalCount 1/(1-Percentile)

       0.281     0.000000            1         1.00
       0.746     0.100000         9971         1.11
       0.885     0.200000        19937         1.25
       1.010     0.300000        29877         1.43
       1.131     0.400000        39826         1.67
       1.257     0.500000        49771         2.00
       1.321     0.550000        54795         2.22
       1.388     0.600000        59744         2.50
       1.458     0.650000        64703         2.86
       1.535     0.700000        69701         3.33
       1.621     0.750000        74680         4.00
       1.667     0.775000        77132         4.44
       1.718     0.800000        79644         5.00
       1.770     0.825000        82137         5.71
       1.828     0.850000        84614         6.67
       1.893     0.875000        87065         8.00
       1.930     0.887500        88338         8.89
       1.969     0.900000        89559        10.00
       2.015     0.912500        90810        11.43
       2.067     0.925000        92058        13.33
       2.125     0.937500        93315        16.00
       2.159     0.943750        93917        17.78
       2.197     0.950000        94533        20.00
       2.245     0.956250        95166        22.86
       2.297     0.962500        95770        26.67
       2.355     0.968750        96393        32.00
       2.387     0.971875        96708        35.56
       2.419     0.975000        97017        40.00
       2.451     0.978125        97329        45.71
       2.483     0.981250        97650        53.33
       2.517     0.984375        97965        64.00
       2.535     0.985938        98106        71.11
       2.555     0.987500        98270        80.00
       2.575     0.989062        98428        91.43
       2.593     0.990625        98582       106.67
       2.617     0.992188        98735       128.00
       2.627     0.992969        98808       142.22
       2.639     0.993750        98886       160.00
       2.653     0.994531        98967       182.86
       2.667     0.995313        99040       213.33
       2.687     0.996094        99114       256.00
       2.695     0.996484        99153       284.44
       2.707     0.996875        99195       320.00
       2.721     0.997266        99228       365.71
       2.745     0.997656        99267       426.67
       2.767     0.998047        99306       512.00
       2.787     0.998242        99326       568.89
       2.801     0.998437        99345       640.00
       2.819     0.998633        99364       731.43
       2.849     0.998828        99384       853.33
       2.881     0.999023        99403      1024.00
       2.895     0.999121        99413      1137.78
       2.909     0.999219        99423      1280.00
       2.939     0.999316        99432      1462.86
       2.961     0.999414        99443      1706.67
       3.001     0.999512        99452      2048.00
       3.015     0.999561        99457      2275.56
       3.039     0.999609        99462      2560.00
       3.073     0.999658        99467      2925.71
       3.091     0.999707        99471      3413.33
       3.131     0.999756        99476      4096.00
       3.145     0.999780        99479      4551.11
       3.181     0.999805        99481      5120.00
       3.201     0.999829        99483      5851.43
       3.237     0.999854        99486      6826.67
       3.285     0.999878        99488      8192.00
       3.305     0.999890        99490      9102.22
       3.327     0.999902        99491     10240.00
       3.339     0.999915        99492     11702.86
       3.383     0.999927        99493     13653.33
       3.421     0.999939        99494     16384.00
       3.487     0.999945        99495     18204.44
       3.515     0.999951        99496     20480.00
       3.515     0.999957        99496     23405.71
       3.521     0.999963        99497     27306.67
       3.521     0.999969        99497     32768.00
       3.525     0.999973        99498     36408.89
       3.525     0.999976        99498     40960.00
       3.525     0.999979        99498     46811.43
       3.717     0.999982        99499     54613.33
       3.717     0.999985        99499     65536.00
       3.717     0.999986        99499     72817.78
       3.717     0.999988        99499     81920.00
       3.717     0.999989        99499     93622.86
       3.785     0.999991        99500    109226.67
       3.785     1.000000        99500          inf
#[Mean    =        1.316, StdDeviation   =        0.477]
#[Max     =        3.784, Total count    =        99500]
#[Buckets =           27, SubBuckets     =         2048]
----------------------------------------------------------
  119805 requests in 1.00m, 132.31MB read
Requests/sec:   1996.66
Transfer/sec:      2.21MB

--- metrics ---
requests=119805
duration_s=60.002697
bytes=138734190
rps=1996.66
p50_ms=1.257
p95_ms=2.197
p99_ms=2.585
p999_ms=2.875
err_connect=0
err_read=0
err_write=0
err_status=0
err_timeout=0
--- end ---
