Running 1m test @ http://127.0.0.1:18080/file1m
  2 threads and 50 connections
  Thread calibration: mean lat.: 6.238ms, rate sampling interval: 25ms
  Thread calibration: mean lat.: 23.282ms, rate sampling interval: 69ms
  Thread Stats   Avg      Stdev     Max   +/- Stdev
    Latency    15.41ms   13.35ms  72.06ms   74.41%
    Req/Sec    24.83     70.40   367.00     89.26%
  Latency Distribution (HdrHistogram - Recorded Latency)
 50.000%   10.49ms
 75.000%   27.04ms
 90.000%   34.33ms
 99.000%   44.96ms
 99.900%   64.93ms
 99.990%   72.13ms
 99.999%   72.13ms
100.000%   72.13ms

  Detailed Percentile spectrum:
       Value   Percentile   TotalCount 1/(1-Percentile)

       1.643     0.000000            1         1.00
       2.381     0.100000          246         1.11
       2.879     0.200000          492         1.25
       3.455     0.300000          735         1.43
       5.919     0.400000          980         1.67
      10.495     0.500000         1225         2.00
      13.895     0.550000         1348         2.22
      16.751     0.600000         1470         2.50
      20.367     0.650000         1593         2.86
      23.871     0.700000         1715         3.33
      27.039     0.750000         1838         4.00
      28.287     0.775000         1899         4.44
      29.455     0.800000         1960         5.00
      30.639     0.825000         2023         5.71
      31.727     0.850000         2083         6.67
      32.991     0.875000         2145         8.00
      33.535     0.887500         2175         8.89
      34.335     0.900000         2205        10.00
      35.167     0.912500         2237        11.43
      36.511     0.925000         2267        13.33
      38.367     0.937500         2297        16.00
      39.871     0.943750         2313        17.78
      42.015     0.950000         2328        20.00
      42.815     0.956250         2343        22.86
      43.263     0.962500         2360        26.67
      43.455     0.968750         2374        32.00
      43.711     0.971875         2383        35.56
      43.775     0.975000         2389        40.00
      43.871     0.978125         2399        45.71
      44.031     0.981250         2405        53.33
      44.159     0.984375         2412        64.00
      44.287     0.985938         2416        71.11
      44.447     0.987500         2420        80.00
      44.799     0.989062         2424        91.43
      45.087     0.990625         2428       106.67
      45.343     0.992188         2431       128.00
      45.407     0.992969         2433       142.22
      45.663     0.993750         2437       160.00
      45.663     0.994531         2437       182.86
      46.591     0.995313         2439       213.33
      47.167     0.996094         2441       256.00
      47.871     0.996484         2442       284.44
      48.703     0.996875         2443       320.00
      50.719     0.997266         2444       365.71
      50.943     0.997656         2445       426.67
      51.935     0.998047         2446       512.00
      51.935     0.998242         2446       568.89
      55.359     0.998437         2447       640.00
      55.359     0.998633         2447       731.43
      64.927     0.998828         2448       853.33
      64.927     0.999023         2448      1024.00
      64.927     0.999121         2448      1137.78
      66.815     0.999219         2449      1280.00
      66.815     0.999316         2449      1462.86
      66.815     0.999414         2449      1706.67
      66.815     0.999512         2449      2048.00
      66.815     0.999561         2449      2275.56
      72.127     0.999609         2450      2560.00
      72.127     1.000000         2450          inf
#[Mean    =       15.413, StdDeviation   =       13.346]
#[Max     =       72.064, Total count    =         2450]
#[Buckets =           27, SubBuckets     =         2048]
----------------------------------------------------------
  2978 requests in 1.00m, 2.91GB read
Requests/sec:     49.62
Transfer/sec:     49.66MB

--- metrics ---
requests=2978
duration_s=60.012571
bytes=3125024450
rps=49.62
p50_ms=10.495
p95_ms=42.015
p99_ms=44.959
p999_ms=64.927
err_connect=0
err_read=0
err_write=0
err_status=0
err_timeout=0
--- end ---
