Running 1m test @ http://127.0.0.1:8080/file50k
  2 threads and 100 connections
  Thread calibration: mean lat.: 1.626ms, rate sampling interval: 10ms
  Thread calibration: mean lat.: 1.613ms, rate sampling interval: 10ms
  Thread Stats   Avg      Stdev     Max   +/- Stdev
    Latency     1.52ms  745.51us  32.99ms   92.18%
    Req/Sec   158.89     96.16   666.00     71.03%
  Latency Distribution (HdrHistogram - Recorded Latency)
 50.000%    1.49ms
 75.000%    1.78ms
 90.000%    2.06ms
 99.000%    2.66ms
 99.900%    7.68ms
 99.990%   28.53ms
 99.999%   33.02ms
100.000%   33.02ms

  Detailed Percentile spectrum:
       Value   Percentile   TotalCount 1/(1-Percentile)

       0.255     0.000000            1         1.00
       0.932     0.100000         1497         1.11
       1.108     0.200000         2989         1.25
       1.249     0.300000         4478         1.43
       1.371     0.400000         5971         1.67
       1.487     0.500000         7463         2.00
       1.544     0.550000         8205         2.22
       1.601     0.600000         8952         2.50
       1.660     0.650000         9696         2.86
       1.721     0.700000        10440         3.33
       1.782     0.750000        11184         4.00
       1.819     0.775000        11555         4.44
       1.857     0.800000        11933         5.00
       1.897     0.825000        12295         5.71
       1.944     0.850000        12665         6.67
       1.999     0.875000        13038         8.00
       2.029     0.887500        13225         8.89
       2.063     0.900000        13414        10.00
       2.101     0.912500        13600        11.43
       2.143     0.925000        13786        13.33
       2.185     0.937500        13969        16.00
       2.209     0.943750        14064        17.78
       2.233     0.950000        14156        20.00
       2.265     0.956250        14252        22.86
       2.307     0.962500        14349        26.67
       2.349     0.968750        14440        32.00
       2.373     0.971875        14481        35.56
       2.397     0.975000        14528        40.00
       2.431     0.978125        14580        45.71
       2.463     0.981250        14622        53.33
       2.513     0.984375        14669        64.00
       2.537     0.985938        14692        71.11
       2.579     0.987500        14715        80.00
       2.621     0.989062        14738        91.43
       2.677     0.990625        14761       106.67
       2.793     0.992188        14784       128.00
       2.873     0.992969        14796       142.22
       2.917     0.993750        14807       160.00
       3.035     0.994531        14819       182.86
       3.215     0.995313        14831       213.33
       3.429     0.996094        14842       256.00
       4.019     0.996484        14848       284.44
       6.143     0.996875        14855       320.00
       6.379     0.997266        14860       365.71
       6.731     0.997656        14866       426.67
       6.827     0.998047        14871       512.00
       6.899     0.998242        14874       568.89
       7.247     0.998437        14877       640.00
       7.391     0.998633        14880       731.43
       7.615     0.998828        14883       853.33
       7.783     0.999023        14886      1024.00
       7.895     0.999121        14887      1137.78
       8.999     0.999219        14889      1280.00
       9.199     0.999316        14890      1462.86
      13.343     0.999414        14892      1706.67
      13.703     0.999512        14893      2048.00
      18.095     0.999561        14894      2275.56
      18.207     0.999609        14895      2560.00
      18.207     0.999658        14895      2925.71
      23.391     0.999707        14896      3413.33
      23.455     0.999756        14897      4096.00
      23.455     0.999780        14897      4551.11
      27.839     0.999805        14898      5120.00
      27.839     0.999829        14898      5851.43
      27.839     0.999854        14898      6826.67
      28.527     0.999878        14899      8192.00
      28.527     0.999890        14899      9102.22
      28.527     0.999902        14899     10240.00
      28.527     0.999915        14899     11702.86
      28.527     0.999927        14899     13653.33
      33.023     0.999939        14900     16384.00
      33.023     1.000000        14900          inf
#[Mean    =        1.523, StdDeviation   =        0.746]
#[Max     =       32.992, Total count    =        14900]
#[Buckets =           27, SubBuckets     =         2048]
----------------------------------------------------------
  18002 requests in 1.00m, 0.86GB read
Requests/sec:    300.02
Transfer/sec:     14.68MB

--- metrics ---
requests=18002
duration_s=60.003297
bytes=923610612
rps=300.02
p50_ms=1.487
p95_ms=2.233
p99_ms=2.659
p999_ms=7.675
err_connect=0
err_read=0
err_write=0
err_status=0
err_timeout=0
--- end ---
