Running 1m test @ http://127.0.0.1:8080/file50k
  2 threads and 100 connections
  Thread calibration: mean lat.: 1.478ms, rate sampling interval: 10ms
  Thread calibration: mean lat.: 1.481ms, rate sampling interval: 10ms
  Thread Stats   Avg      Stdev     Max   +/- Stdev
    Latency     1.47ms  393.69us   3.42ms   67.28%
    Req/Sec   158.84     96.90   333.00     69.90%
  Latency Distribution (HdrHistogram - Recorded Latency)
 50.000%    1.46ms
 75.000%    1.73ms
 90.000%    1.98ms
 99.000%    2.47ms
 99.900%    3.00ms
 99.990%    3.39ms
 99.999%    3.42ms
100.000%    3.42ms

  Detailed Percentile spectrum:
       Value   Percentile   TotalCount 1/(1-Percentile)

       0.487     0.000000            1         1.00
       0.965     0.100000         1492         1.11
       1.122     0.200000         2986         1.25
       1.244     0.300000         4471         1.43
       1.355     0.400000         5965         1.67
       1.457     0.500000         7460         2.00
       1.512     0.550000         8207         2.22
       1.563     0.600000         8942         2.50
       1.617     0.650000         9696         2.86
       1.674     0.700000        10436         3.33
       1.733     0.750000        11176         4.00
       1.765     0.775000        11557         4.44
       1.799     0.800000        11924         5.00
       1.837     0.825000        12295         5.71
       1.880     0.850000        12671         6.67
       1.926     0.875000        13038         8.00
       1.953     0.887500        13226         8.89
       1.983     0.900000        13411        10.00
       2.017     0.912500        13598        11.43
       2.057     0.925000        13792        13.33
       2.103     0.937500        13970        16.00
       2.125     0.943750        14062        17.78
       2.157     0.950000        14155        20.00
       2.189     0.956250        14253        22.86
       2.221     0.962500        14347        26.67
       2.259     0.968750        14435        32.00
       2.279     0.971875        14481        35.56
       2.299     0.975000        14529        40.00
       2.325     0.978125        14576        45.71
       2.353     0.981250        14624        53.33
       2.393     0.984375        14669        64.00
       2.413     0.985938        14693        71.11
       2.433     0.987500        14714        80.00
       2.453     0.989062        14740        91.43
       2.475     0.990625        14761       106.67
       2.501     0.992188        14785       128.00
       2.527     0.992969        14798       142.22
       2.543     0.993750        14807       160.00
       2.559     0.994531        14821       182.86
       2.605     0.995313        14831       213.33
       2.657     0.996094        14843       256.00
       2.671     0.996484        14849       284.44
       2.705     0.996875        14854       320.00
       2.723     0.997266        14860       365.71
       2.751     0.997656        14866       426.67
       2.825     0.998047        14871       512.00
       2.833     0.998242        14874       568.89
       2.855     0.998437        14877       640.00
       2.891     0.998633        14880       731.43
       2.947     0.998828        14883       853.33
       3.029     0.999023        14886      1024.00
       3.033     0.999121        14887      1137.78
       3.063     0.999219        14889      1280.00
       3.077     0.999316        14890      1462.86
       3.099     0.999414        14892      1706.67
       3.133     0.999512        14893      2048.00
       3.223     0.999561        14894      2275.56
       3.321     0.999609        14895      2560.00
       3.321     0.999658        14895      2925.71
       3.329     0.999707        14896      3413.33
       3.331     0.999756        14897      4096.00
       3.331     0.999780        14897      4551.11
       3.349     0.999805        14898      5120.00
       3.349     0.999829        14898      5851.43
       3.349     0.999854        14898      6826.67
       3.389     0.999878        14899      8192.00
       3.389     0.999890        14899      9102.22
       3.389     0.999902        14899     10240.00
       3.389     0.999915        14899     11702.86
       3.389     0.999927        14899     13653.33
       3.419     0.999939        14900     16384.00
       3.419     1.000000        14900          inf
#[Mean    =        1.474, StdDeviation   =        0.394]
#[Max     =        3.418, Total count    =        14900]
#[Buckets =           27, SubBuckets     =         2048]
----------------------------------------------------------
  18002 requests in 1.00m, 0.86GB read
Requests/sec:    300.02
Transfer/sec:     14.69MB

--- metrics ---
requests=18002
duration_s=60.002600
bytes=924276686
rps=300.02
p50_ms=1.457
p95_ms=2.157
p99_ms=2.467
p999_ms=3.001
err_connect=0
err_read=0
err_write=0
err_status=0
err_timeout=0
--- end ---
