Running 1m test @ http://127.0.0.1:8082/json
  2 threads and 100 connections
  Thread calibration: mean lat.: 240.876ms, rate sampling interval: 811ms
  Thread calibration: mean lat.: 240.866ms, rate sampling interval: 811ms
  Thread Stats   Avg      Stdev     Max   +/- Stdev
    Latency     1.65s   595.43ms   2.57s    54.20%
    Req/Sec     0.96k    33.36     1.02k    63.11%
  Latency Distribution (HdrHistogram - Recorded Latency)
 50.000%    1.70s 
 75.000%    2.25s 
 90.000%    2.36s 
 99.000%    2.53s 
 99.900%    2.56s 
 99.990%    2.57s 
 99.999%    2.57s 
100.000%    2.57s 

  Detailed Percentile spectrum:
       Value   Percentile   TotalCount 1/(1-Percentile)

     406.271     0.000000            1         1.00
     751.615     0.100000         9532         1.11
    1048.063     0.200000        19069         1.25
    1301.503     0.300000        28641         1.43
    1436.671     0.400000        38175         1.67
    1700.863     0.500000        47643         2.00
    1849.343     0.550000        52484         2.22
    1918.975     0.600000        57175         2.50
    2003.967     0.650000        61945         2.86
    2121.727     0.700000        66741         3.33
    2252.799     0.750000        71492         4.00
    2279.423     0.775000        73902         4.44
    2330.623     0.800000        76320         5.00
    2342.911     0.825000        79123         5.71
    2349.055     0.850000        81466         6.67
    2355.199     0.875000        84090         8.00
    2357.247     0.887500        84766         8.89
    2361.343     0.900000        85885        10.00
    2367.487     0.912500        86943        11.43
    2379.775     0.925000        88187        13.33
    2387.967     0.937500        89351        16.00
    2394.111     0.943750        89947        17.78
    2412.543     0.950000        90529        20.00
    2430.975     0.956250        91156        22.86
    2443.263     0.962500        91729        26.67
    2471.935     0.968750        92342        32.00
    2480.127     0.971875        92662        35.56
    2484.223     0.975000        92925        40.00
    2488.319     0.978125        93271        45.71
    2492.415     0.981250        93607        53.33
    2496.511     0.984375        93821        64.00
    2500.607     0.985938        93946        71.11
    2510.847     0.987500        94102        80.00
    2523.135     0.989062        94263        91.43
    2531.327     0.990625        94388       106.67
    2539.519     0.992188        94539       128.00
    2543.615     0.992969        94660       142.22
    2545.663     0.993750        94735       160.00
    2547.711     0.994531        94810       182.86
    2549.759     0.995313        94892       213.33
    2551.807     0.996094        94965       256.00
    2551.807     0.996484        94965       284.44
    2553.855     0.996875        95031       320.00
    2553.855     0.997266        95031       365.71
    2555.903     0.997656        95104       426.67
    2555.903     0.998047        95104       512.00
    2557.951     0.998242        95158       568.89
    2557.951     0.998437        95158       640.00
    2557.951     0.998633        95158       731.43
    2559.999     0.998828        95205       853.33
    2559.999     0.999023        95205      1024.00
    2559.999     0.999121        95205      1137.78
    2559.999     0.999219        95205      1280.00
    2562.047     0.999316        95241      1462.86
    2562.047     0.999414        95241      1706.67
    2562.047     0.999512        95241      2048.00
    2562.047     0.999561        95241      2275.56
    2564.095     0.999609        95253      2560.00
    2564.095     0.999658        95253      2925.71
    2564.095     0.999707        95253      3413.33
    2566.143     0.999756        95266      4096.00
    2566.143     0.999780        95266      4551.11
    2566.143     0.999805        95266      5120.00
    2566.143     0.999829        95266      5851.43
    2566.143     0.999854        95266      6826.67
    2568.191     0.999878        95275      8192.00
    2568.191     0.999890        95275      9102.22
    2568.191     0.999902        95275     10240.00
    2568.191     0.999915        95275     11702.86
    2568.191     0.999927        95275     13653.33
    2568.191     0.999939        95275     16384.00
    2568.191     0.999945        95275     18204.44
    2568.191     0.999951        95275     20480.00
    2568.191     0.999957        95275     23405.71
    2570.239     0.999963        95279     27306.67
    2570.239     1.000000        95279          inf
#[Mean    =     1649.658, StdDeviation   =      595.426]
#[Max     =     2568.192, Total count    =        95279]
#[Buckets =           27, SubBuckets     =         2048]
----------------------------------------------------------
  114694 requests in 1.00m, 128.08MB read
Requests/sec:   1911.55
Transfer/sec:      2.13MB

--- metrics ---
requests=114694
duration_s=60.000489
bytes=134306674
rps=1911.55
p50_ms=1700.863
p95_ms=2412.543
p99_ms=2529.279
p999_ms=2559.999
err_connect=0
err_read=0
err_write=0
err_status=0
err_timeout=0
--- end ---
