Running 1m test @ http://127.0.0.1:8080/file1m
  2 threads and 50 connections
  Thread calibration: mean lat.: 32.278ms, rate sampling interval: 93ms
  Thread calibration: mean lat.: 31.658ms, rate sampling interval: 92ms
  Thread Stats   Avg      Stdev     Max   +/- Stdev
    Latency    29.64ms   13.44ms  85.18ms   61.71%
    Req/Sec    24.49     70.97   274.00     89.94%
  Latency Distribution (HdrHistogram - Recorded Latency)
 50.000%   31.82ms
 75.000%   41.06ms
 90.000%   45.28ms
 99.000%   50.56ms
 99.900%   84.10ms
 99.990%   85.25ms
 99.999%   85.25ms
100.000%   85.25ms

  Detailed Percentile spectrum:
       Value   Percentile   TotalCount 1/(1-Percentile)

       2.331     0.000000            1         1.00
       9.543     0.100000          245         1.11
      15.615     0.200000          490         1.25
      21.839     0.300000          735         1.43
      26.943     0.400000          980         1.67
      31.823     0.500000         1226         2.00
      33.887     0.550000         1349         2.22
      35.871     0.600000         1471         2.50
      37.663     0.650000         1595         2.86
      39.519     0.700000         1717         3.33
      41.055     0.750000         1838         4.00
      41.727     0.775000         1901         4.44
      42.463     0.800000         1961         5.00
      43.103     0.825000         2022         5.71
      43.775     0.850000         2085         6.67
      44.511     0.875000         2144         8.00
      44.863     0.887500         2177         8.89
      45.279     0.900000         2206        10.00
      45.727     0.912500         2237        11.43
      46.399     0.925000         2267        13.33
      46.847     0.937500         2300        16.00
      47.039     0.943750         2313        17.78
      47.327     0.950000         2328        20.00
      47.775     0.956250         2343        22.86
      48.095     0.962500         2359        26.67
      48.383     0.968750         2374        32.00
      48.863     0.971875         2383        35.56
      49.055     0.975000         2390        40.00
      49.343     0.978125         2397        45.71
      49.535     0.981250         2405        53.33
      49.855     0.984375         2412        64.00
      49.919     0.985938         2418        71.11
      50.207     0.987500         2420        80.00
      50.399     0.989062         2424        91.43
      50.687     0.990625         2428       106.67
      51.007     0.992188         2431       128.00
      51.135     0.992969         2433       142.22
      51.391     0.993750         2435       160.00
      52.255     0.994531         2437       182.86
      52.415     0.995313         2440       213.33
      52.927     0.996094         2441       256.00
      53.311     0.996484         2442       284.44
      57.311     0.996875         2443       320.00
      65.119     0.997266         2444       365.71
      69.759     0.997656         2445       426.67
      82.431     0.998047         2446       512.00
      82.431     0.998242         2446       568.89
      83.135     0.998437         2447       640.00
      83.135     0.998633         2447       731.43
      84.095     0.998828         2448       853.33
      84.095     0.999023         2448      1024.00
      84.095     0.999121         2448      1137.78
      84.159     0.999219         2449      1280.00
      84.159     0.999316         2449      1462.86
      84.159     0.999414         2449      1706.67
      84.159     0.999512         2449      2048.00
      84.159     0.999561         2449      2275.56
      85.247     0.999609         2450      2560.00
      85.247     1.000000         2450          inf
#[Mean    =       29.643, StdDeviation   =       13.440]
#[Max     =       85.184, Total count    =         2450]
#[Buckets =           27, SubBuckets     =         2048]
----------------------------------------------------------
  2952 requests in 1.00m, 2.88GB read
Requests/sec:     49.20
Transfer/sec:     49.21MB

--- metrics ---
requests=2952
duration_s=60.005153
bytes=3096135688
rps=49.20
p50_ms=31.823
p95_ms=47.327
p99_ms=50.559
p999_ms=84.095
err_connect=0
err_read=0
err_write=0
err_status=0
err_timeout=0
--- end ---
