Running 1m test @ http://127.0.0.1:8080/file1m
  2 threads and 50 connections
  Thread calibration: mean lat.: 4.252ms, rate sampling interval: 10ms
  Thread calibration: mean lat.: 3.315ms, rate sampling interval: 10ms
  Thread Stats   Avg      Stdev     Max   +/- Stdev
    Latency     4.80ms    8.13ms  49.02ms   95.88%
    Req/Sec    25.93     69.83   444.00     86.90%
  Latency Distribution (HdrHistogram - Recorded Latency)
 50.000%    3.10ms
 75.000%    3.65ms
 90.000%    4.41ms
 99.000%   44.45ms
 99.900%   45.66ms
 99.990%   49.06ms
 99.999%   49.06ms
100.000%   49.06ms

  Detailed Percentile spectrum:
       Value   Percentile   TotalCount 1/(1-Percentile)

       1.332     0.000000            1         1.00
       2.243     0.100000          246         1.11
       2.513     0.200000          493         1.25
       2.717     0.300000          736         1.43
       2.905     0.400000          983         1.67
       3.095     0.500000         1227         2.00
       3.179     0.550000         1353         2.22
       3.267     0.600000         1471         2.50
       3.365     0.650000         1595         2.86
       3.485     0.700000         1717         3.33
       3.647     0.750000         1840         4.00
       3.721     0.775000         1900         4.44
       3.825     0.800000         1962         5.00
       3.941     0.825000         2023         5.71
       4.041     0.850000         2084         6.67
       4.195     0.875000         2147         8.00
       4.315     0.887500         2176         8.89
       4.407     0.900000         2208        10.00
       4.523     0.912500         2237        11.43
       4.695     0.925000         2269        13.33
       4.863     0.937500         2298        16.00
       4.983     0.943750         2314        17.78
       5.135     0.950000         2329        20.00
       5.479     0.956250         2344        22.86
      42.879     0.962500         2360        26.67
      43.135     0.968750         2376        32.00
      43.295     0.971875         2383        35.56
      43.551     0.975000         2391        40.00
      43.743     0.978125         2398        45.71
      43.935     0.981250         2407        53.33
      43.999     0.984375         2413        64.00
      44.095     0.985938         2420        71.11
      44.191     0.987500         2421        80.00
      44.351     0.989062         2425        91.43
      44.479     0.990625         2429       106.67
      44.607     0.992188         2433       128.00
      44.735     0.992969         2434       142.22
      44.863     0.993750         2436       160.00
      45.023     0.994531         2439       182.86
      45.055     0.995313         2440       213.33
      45.215     0.996094         2442       256.00
      45.247     0.996484         2443       284.44
      45.279     0.996875         2444       320.00
      45.375     0.997266         2445       365.71
      45.407     0.997656         2446       426.67
      45.471     0.998047         2447       512.00
      45.471     0.998242         2447       568.89
      45.503     0.998437         2448       640.00
      45.503     0.998633         2448       731.43
      45.663     0.998828         2449       853.33
      45.663     0.999023         2449      1024.00
      45.663     0.999121         2449      1137.78
      45.727     0.999219         2450      1280.00
      45.727     0.999316         2450      1462.86
      45.727     0.999414         2450      1706.67
      45.727     0.999512         2450      2048.00
      45.727     0.999561         2450      2275.56
      49.055     0.999609         2451      2560.00
      49.055     1.000000         2451          inf
#[Mean    =        4.796, StdDeviation   =        8.133]
#[Max     =       49.024, Total count    =         2451]
#[Buckets =           27, SubBuckets     =         2048]
----------------------------------------------------------
  3002 requests in 1.00m, 2.93GB read
Requests/sec:     50.03
Transfer/sec:     50.04MB

--- metrics ---
requests=3002
duration_s=60.005388
bytes=3148260442
rps=50.03
p50_ms=3.095
p95_ms=5.131
p99_ms=44.447
p999_ms=45.663
err_connect=0
err_read=0
err_write=0
err_status=0
err_timeout=0
--- end ---
