Running 1m test @ http://127.0.0.1:8080/json
  2 threads and 100 connections
  Thread calibration: mean lat.: 1.321ms, rate sampling interval: 10ms
  Thread calibration: mean lat.: 1.292ms, rate sampling interval: 10ms
  Thread Stats   Avg      Stdev     Max   +/- Stdev
    Latency     1.30ms  480.44us   3.87ms   64.57%
    Req/Sec     1.05k   142.08     1.67k    76.73%
  Latency Distribution (HdrHistogram - Recorded Latency)
 50.000%    1.27ms
 75.000%    1.65ms
 90.000%    1.97ms
 99.000%    2.43ms
 99.900%    2.80ms
 99.990%    3.18ms
 99.999%    3.51ms
100.000%    3.87ms

  Detailed Percentile spectrum:
       Value   Percentile   TotalCount 1/(1-Percentile)

       0.176     0.000000            1         1.00
       0.695     0.100000         9967         1.11
       0.854     0.200000        19901         1.25
       0.993     0.300000        29916         1.43
       1.128     0.400000        39860         1.67
       1.270     0.500000        49778         2.00
       1.340     0.550000        54766         2.22
       1.412     0.600000        59703         2.50
       1.488     0.650000        64705         2.86
       1.566     0.700000        69672         3.33
       1.651     0.750000        74677         4.00
       1.694     0.775000        77118         4.44
       1.740     0.800000        79615         5.00
       1.788     0.825000        82133         5.71
       1.840     0.850000        84590         6.67
       1.902     0.875000        87066         8.00
       1.933     0.887500        88335         8.89
       1.968     0.900000        89583        10.00
       2.003     0.912500        90811        11.43
       2.043     0.925000        92041        13.33
       2.091     0.937500        93329        16.00
       2.113     0.943750        93925        17.78
       2.141     0.950000        94530        20.00
       2.171     0.956250        95157        22.86
       2.205     0.962500        95775        26.67
       2.243     0.968750        96399        32.00
       2.263     0.971875        96703        35.56
       2.287     0.975000        97028        40.00
       2.311     0.978125        97347        45.71
       2.337     0.981250        97647        53.33
       2.365     0.984375        97962        64.00
       2.381     0.985938        98110        71.11
       2.397     0.987500        98272        80.00
       2.415     0.989062        98421        91.43
       2.437     0.990625        98580       106.67
       2.459     0.992188        98726       128.00
       2.475     0.992969        98806       142.22
       2.495     0.993750        98888       160.00
       2.511     0.994531        98958       182.86
       2.537     0.995313        99036       213.33
       2.567     0.996094        99112       256.00
       2.583     0.996484        99153       284.44
       2.605     0.996875        99190       320.00
       2.623     0.997266        99228       365.71
       2.657     0.997656        99269       426.67
       2.687     0.998047        99306       512.00
       2.715     0.998242        99326       568.89
       2.727     0.998437        99345       640.00
       2.753     0.998633        99364       731.43
       2.781     0.998828        99384       853.33
       2.811     0.999023        99404      1024.00
       2.823     0.999121        99414      1137.78
       2.843     0.999219        99423      1280.00
       2.865     0.999316        99433      1462.86
       2.881     0.999414        99443      1706.67
       2.913     0.999512        99452      2048.00
       2.925     0.999561        99458      2275.56
       2.941     0.999609        99463      2560.00
       2.951     0.999658        99466      2925.71
       2.985     0.999707        99472      3413.33
       3.005     0.999756        99476      4096.00
       3.011     0.999780        99479      4551.11
       3.029     0.999805        99481      5120.00
       3.033     0.999829        99483      5851.43
       3.087     0.999854        99486      6826.67
       3.155     0.999878        99488      8192.00
       3.181     0.999890        99490      9102.22
       3.251     0.999902        99491     10240.00
       3.255     0.999915        99492     11702.86
       3.287     0.999927        99493     13653.33
       3.291     0.999939        99494     16384.00
       3.343     0.999945        99495     18204.44
       3.349     0.999951        99496     20480.00
       3.349     0.999957        99496     23405.71
       3.379     0.999963        99497     27306.67
       3.379     0.999969        99497     32768.00
       3.429     0.999973        99498     36408.89
       3.429     0.999976        99498     40960.00
       3.429     0.999979        99498     46811.43
       3.511     0.999982        99499     54613.33
       3.511     0.999985        99499     65536.00
       3.511     0.999986        99499     72817.78
       3.511     0.999988        99499     81920.00
       3.511     0.999989        99499     93622.86
       3.867     0.999991        99500    109226.67
       3.867     1.000000        99500          inf
#[Mean    =        1.305, StdDeviation   =        0.480]
#[Max     =        3.866, Total count    =        99500]
#[Buckets =           27, SubBuckets     =         2048]
----------------------------------------------------------
  119803 requests in 1.00m, 128.08MB read
Requests/sec:   1996.65
Transfer/sec:      2.13MB

--- metrics ---
requests=119803
duration_s=60.001988
bytes=134299163
rps=1996.65
p50_ms=1.270
p95_ms=2.141
p99_ms=2.427
p999_ms=2.803
err_connect=0
err_read=0
err_write=0
err_status=0
err_timeout=0
--- end ---
