Running 1m test @ http://127.0.0.1:8083/json
  2 threads and 100 connections
  Thread calibration: mean lat.: 1.200ms, rate sampling interval: 10ms
  Thread calibration: mean lat.: 1.183ms, rate sampling interval: 10ms
  Thread Stats   Avg      Stdev     Max   +/- Stdev
    Latency     1.21ms  495.53us   4.54ms   66.29%
    Req/Sec     1.05k   138.68     1.67k    79.02%
  Latency Distribution (HdrHistogram - Recorded Latency)
 50.000%    1.15ms
 75.000%    1.54ms
 90.000%    1.91ms
 99.000%    2.48ms
 99.900%    2.72ms
 99.990%    3.11ms
 99.999%    4.41ms
100.000%    4.54ms

  Detailed Percentile spectrum:
       Value   Percentile   TotalCount 1/(1-Percentile)

       0.174     0.000000            1         1.00
       0.619     0.100000         9979         1.11
       0.764     0.200000        19958         1.25
       0.893     0.300000        29890         1.43
       1.019     0.400000        39807         1.67
       1.148     0.500000        49765         2.00
       1.218     0.550000        54775         2.22
       1.291     0.600000        59725         2.50
       1.369     0.650000        64690         2.86
       1.453     0.700000        69655         3.33
       1.544     0.750000        74669         4.00
       1.592     0.775000        77115         4.44
       1.644     0.800000        79616         5.00
       1.701     0.825000        82095         5.71
       1.762     0.850000        84577         6.67
       1.830     0.875000        87092         8.00
       1.867     0.887500        88331         8.89
       1.907     0.900000        89572        10.00
       1.950     0.912500        90798        11.43
       2.003     0.925000        92049        13.33
       2.061     0.937500        93310        16.00
       2.095     0.943750        93942        17.78
       2.131     0.950000        94534        20.00
       2.175     0.956250        95154        22.86
       2.221     0.962500        95778        26.67
       2.269     0.968750        96409        32.00
       2.291     0.971875        96703        35.56
       2.317     0.975000        97025        40.00
       2.345     0.978125        97329        45.71
       2.371     0.981250        97637        53.33
       2.403     0.984375        97954        64.00
       2.423     0.985938        98104        71.11
       2.443     0.987500        98260        80.00
       2.463     0.989062        98413        91.43
       2.491     0.990625        98583       106.67
       2.513     0.992188        98732       128.00
       2.525     0.992969        98811       142.22
       2.541     0.993750        98886       160.00
       2.551     0.994531        98956       182.86
       2.569     0.995313        99040       213.33
       2.587     0.996094        99113       256.00
       2.595     0.996484        99160       284.44
       2.603     0.996875        99190       320.00
       2.611     0.997266        99237       365.71
       2.625     0.997656        99267       426.67
       2.643     0.998047        99309       512.00
       2.655     0.998242        99326       568.89
       2.665     0.998437        99348       640.00
       2.681     0.998633        99367       731.43
       2.693     0.998828        99386       853.33
       2.725     0.999023        99404      1024.00
       2.739     0.999121        99414      1137.78
       2.753     0.999219        99423      1280.00
       2.759     0.999316        99433      1462.86
       2.777     0.999414        99444      1706.67
       2.797     0.999512        99453      2048.00
       2.811     0.999561        99457      2275.56
       2.833     0.999609        99462      2560.00
       2.843     0.999658        99466      2925.71
       2.871     0.999707        99471      3413.33
       2.891     0.999756        99476      4096.00
       2.907     0.999780        99479      4551.11
       2.915     0.999805        99482      5120.00
       2.917     0.999829        99483      5851.43
       2.933     0.999854        99486      6826.67
       3.009     0.999878        99488      8192.00
       3.113     0.999890        99490      9102.22
       3.143     0.999902        99491     10240.00
       3.513     0.999915        99492     11702.86
       3.585     0.999927        99493     13653.33
       3.923     0.999939        99494     16384.00
       3.981     0.999945        99495     18204.44
       4.319     0.999951        99496     20480.00
       4.319     0.999957        99496     23405.71
       4.371     0.999963        99497     27306.67
       4.371     0.999969        99497     32768.00
       4.375     0.999973        99498     36408.89
       4.375     0.999976        99498     40960.00
       4.375     0.999979        99498     46811.43
       4.415     0.999982        99499     54613.33
       4.415     0.999985        99499     65536.00
       4.415     0.999986        99499     72817.78
       4.415     0.999988        99499     81920.00
       4.415     0.999989        99499     93622.86
       4.543     0.999991        99500    109226.67
       4.543     1.000000        99500          inf
#[Mean    =        1.214, StdDeviation   =        0.496]
#[Max     =        4.540, Total count    =        99500]
#[Buckets =           27, SubBuckets     =         2048]
----------------------------------------------------------
  119802 requests in 1.00m, 146.13MB read
Requests/sec:   1996.61
Transfer/sec:      2.44MB

--- metrics ---
requests=119802
duration_s=60.002811
bytes=153226258
rps=1996.61
p50_ms=1.148
p95_ms=2.131
p99_ms=2.479
p999_ms=2.723
err_connect=0
err_read=0
err_write=0
err_status=0
err_timeout=0
--- end ---
