Running 1m test @ http://127.0.0.1:8084/file1m
  2 threads and 50 connections
  Thread calibration: mean lat.: 2.829ms, rate sampling interval: 10ms
  Thread calibration: mean lat.: 2.851ms, rate sampling interval: 10ms
  Thread Stats   Avg      Stdev     Max   +/- Stdev
    Latency     2.85ms  512.25us   4.73ms   68.73%
    Req/Sec    25.99     69.45   333.00     87.13%
  Latency Distribution (HdrHistogram - Recorded Latency)
 50.000%    2.84ms
 75.000%    3.17ms
 90.000%    3.51ms
 99.000%    4.13ms
 99.900%    4.53ms
 99.990%    4.73ms
 99.999%    4.73ms
100.000%    4.73ms

  Detailed Percentile spectrum:
       Value   Percentile   TotalCount 1/(1-Percentile)

       1.240     0.000000            1         1.00
       2.179     0.100000          249         1.11
       2.423     0.200000          492         1.25
       2.581     0.300000          737         1.43
       2.723     0.400000          982         1.67
       2.839     0.500000         1226         2.00
       2.897     0.550000         1350         2.22
       2.969     0.600000         1470         2.50
       3.035     0.650000         1593         2.86
       3.097     0.700000         1718         3.33
       3.171     0.750000         1839         4.00
       3.209     0.775000         1901         4.44
       3.253     0.800000         1961         5.00
       3.307     0.825000         2025         5.71
       3.367     0.850000         2083         6.67
       3.427     0.875000         2144         8.00
       3.463     0.887500         2176         8.89
       3.513     0.900000         2205        10.00
       3.563     0.912500         2236        11.43
       3.611     0.925000         2268        13.33
       3.653     0.937500         2297        16.00
       3.691     0.943750         2314        17.78
       3.711     0.950000         2328        20.00
       3.765     0.956250         2343        22.86
       3.813     0.962500         2360        26.67
       3.849     0.968750         2375        32.00
       3.859     0.971875         2382        35.56
       3.881     0.975000         2389        40.00
       3.909     0.978125         2397        45.71
       3.941     0.981250         2405        53.33
       3.983     0.984375         2412        64.00
       4.009     0.985938         2416        71.11
       4.029     0.987500         2420        80.00
       4.115     0.989062         2424        91.43
       4.163     0.990625         2428       106.67
       4.191     0.992188         2431       128.00
       4.219     0.992969         2433       142.22
       4.283     0.993750         2435       160.00
       4.295     0.994531         2437       182.86
       4.299     0.995313         2439       213.33
       4.319     0.996094         2441       256.00
       4.399     0.996484         2442       284.44
       4.419     0.996875         2443       320.00
       4.423     0.997266         2444       365.71
       4.455     0.997656         2445       426.67
       4.463     0.998047         2446       512.00
       4.463     0.998242         2446       568.89
       4.515     0.998437         2447       640.00
       4.515     0.998633         2447       731.43
       4.531     0.998828         2448       853.33
       4.531     0.999023         2448      1024.00
       4.531     0.999121         2448      1137.78
       4.575     0.999219         2449      1280.00
       4.575     0.999316         2449      1462.86
       4.575     0.999414         2449      1706.67
       4.575     0.999512         2449      2048.00
       4.575     0.999561         2449      2275.56
       4.731     0.999609         2450      2560.00
       4.731     1.000000         2450          inf
#[Mean    =        2.848, StdDeviation   =        0.512]
#[Max     =        4.728, Total count    =         2450]
#[Buckets =           27, SubBuckets     =         2048]
----------------------------------------------------------
  3002 requests in 1.00m, 2.93GB read
Requests/sec:     50.03
Transfer/sec:     50.04MB

--- metrics ---
requests=3002
duration_s=60.004372
bytes=3148242430
rps=50.03
p50_ms=2.839
p95_ms=3.711
p99_ms=4.131
p999_ms=4.531
err_connect=0
err_read=0
err_write=0
err_status=0
err_timeout=0
--- end ---
