Running 1m test @ http://127.0.0.1:8084/file50k
  2 threads and 100 connections
  Thread calibration: mean lat.: 1.512ms, rate sampling interval: 10ms
  Thread calibration: mean lat.: 4.458ms, rate sampling interval: 13ms
  Thread Stats   Avg      Stdev     Max   +/- Stdev
    Latency     2.05ms    1.75ms  15.63ms   85.01%
    Req/Sec   157.99    459.08     4.17k    97.65%
  Latency Distribution (HdrHistogram - Recorded Latency)
 50.000%    1.46ms
 75.000%    2.24ms
 90.000%    4.81ms
 99.000%    8.30ms
 99.900%   12.49ms
 99.990%   15.64ms
 99.999%   15.64ms
100.000%   15.64ms

  Detailed Percentile spectrum:
       Value   Percentile   TotalCount 1/(1-Percentile)

       0.155     0.000000            1         1.00
       0.675     0.100000         1494         1.11
       0.909     0.200000         2982         1.25
       1.097     0.300000         4476         1.43
       1.263     0.400000         5960         1.67
       1.455     0.500000         7453         2.00
       1.565     0.550000         8197         2.22
       1.678     0.600000         8940         2.50
       1.812     0.650000         9686         2.86
       1.982     0.700000        10432         3.33
       2.243     0.750000        11176         4.00
       2.429     0.775000        11554         4.44
       2.683     0.800000        11921         5.00
       3.063     0.825000        12295         5.71
       3.637     0.850000        12666         6.67
       4.235     0.875000        13038         8.00
       4.531     0.887500        13224         8.89
       4.811     0.900000        13411        10.00
       5.079     0.912500        13601        11.43
       5.355     0.925000        13783        13.33
       5.607     0.937500        13969        16.00
       5.743     0.943750        14063        17.78
       5.895     0.950000        14159        20.00
       6.055     0.956250        14249        22.86
       6.263     0.962500        14343        26.67
       6.519     0.968750        14435        32.00
       6.659     0.971875        14482        35.56
       6.823     0.975000        14528        40.00
       7.035     0.978125        14575        45.71
       7.247     0.981250        14621        53.33
       7.587     0.984375        14668        64.00
       7.807     0.985938        14692        71.11
       7.999     0.987500        14714        80.00
       8.167     0.989062        14738        91.43
       8.503     0.990625        14761       106.67
       8.751     0.992188        14784       128.00
       8.831     0.992969        14796       142.22
       8.935     0.993750        14807       160.00
       9.127     0.994531        14819       182.86
       9.495     0.995313        14831       213.33
       9.943     0.996094        14842       256.00
      10.071     0.996484        14848       284.44
      10.271     0.996875        14857       320.00
      10.455     0.997266        14860       365.71
      10.847     0.997656        14866       426.67
      11.071     0.998047        14871       512.00
      11.319     0.998242        14874       568.89
      11.543     0.998437        14877       640.00
      12.183     0.998633        14880       731.43
      12.319     0.998828        14883       853.33
      12.519     0.999023        14886      1024.00
      12.535     0.999121        14887      1137.78
      12.735     0.999219        14889      1280.00
      12.743     0.999316        14890      1462.86
      12.887     0.999414        14892      1706.67
      12.895     0.999512        14893      2048.00
      12.999     0.999561        14894      2275.56
      13.311     0.999609        14895      2560.00
      13.311     0.999658        14895      2925.71
      13.871     0.999707        14896      3413.33
      14.711     0.999756        14897      4096.00
      14.711     0.999780        14897      4551.11
      15.127     0.999805        14898      5120.00
      15.127     0.999829        14898      5851.43
      15.127     0.999854        14898      6826.67
      15.639     0.999878        14900      8192.00
      15.639     1.000000        14900          inf
#[Mean    =        2.051, StdDeviation   =        1.751]
#[Max     =       15.632, Total count    =        14900]
#[Buckets =           27, SubBuckets     =         2048]
----------------------------------------------------------
  17853 requests in 1.00m, 0.85GB read
Requests/sec:    297.53
Transfer/sec:     14.57MB

--- metrics ---
requests=17853
duration_s=60.003355
bytes=916519461
rps=297.53
p50_ms=1.455
p95_ms=5.895
p99_ms=8.303
p999_ms=12.487
err_connect=0
err_read=0
err_write=0
err_status=0
err_timeout=0
--- end ---
