Running 1m test @ http://127.0.0.1:8081/file1m
  2 threads and 50 connections
  Thread calibration: mean lat.: 22.203ms, rate sampling interval: 65ms
  Thread calibration: mean lat.: 3.344ms, rate sampling interval: 11ms
  Thread Stats   Avg      Stdev     Max   +/- Stdev
    Latency    12.24ms   10.84ms  37.38ms   75.10%
    Req/Sec    25.30     72.75   454.00     88.98%
  Latency Distribution (HdrHistogram - Recorded Latency)
 50.000%    7.09ms
 75.000%   22.93ms
 90.000%   29.04ms
 99.000%   33.79ms
 99.900%   36.96ms
 99.990%   37.41ms
 99.999%   37.41ms
100.000%   37.41ms

  Detailed Percentile spectrum:
       Value   Percentile   TotalCount 1/(1-Percentile)

       1.321     0.000000            1         1.00
       2.115     0.100000          246         1.11
       2.465     0.200000          490         1.25
       2.815     0.300000          735         1.43
       3.435     0.400000          982         1.67
       7.091     0.500000         1225         2.00
       9.647     0.550000         1348         2.22
      12.935     0.600000         1470         2.50
      16.703     0.650000         1593         2.86
      20.271     0.700000         1715         3.33
      22.927     0.750000         1838         4.00
      23.967     0.775000         1899         4.44
      25.007     0.800000         1960         5.00
      26.175     0.825000         2022         5.71
      27.231     0.850000         2084         6.67
      28.127     0.875000         2144         8.00
      28.479     0.887500         2175         8.89
      29.039     0.900000         2205        10.00
      29.471     0.912500         2237        11.43
      29.887     0.925000         2267        13.33
      30.463     0.937500         2297        16.00
      30.687     0.943750         2313        17.78
      30.991     0.950000         2330        20.00
      31.263     0.956250         2343        22.86
      31.599     0.962500         2359        26.67
      31.983     0.968750         2374        32.00
      32.127     0.971875         2382        35.56
      32.351     0.975000         2389        40.00
      32.463     0.978125         2398        45.71
      32.799     0.981250         2406        53.33
      33.055     0.984375         2412        64.00
      33.311     0.985938         2416        71.11
      33.503     0.987500         2421        80.00
      33.759     0.989062         2425        91.43
      33.951     0.990625         2428       106.67
      34.303     0.992188         2431       128.00
      34.431     0.992969         2433       142.22
      34.623     0.993750         2435       160.00
      34.751     0.994531         2437       182.86
      34.879     0.995313         2439       213.33
      35.007     0.996094         2441       256.00
      35.167     0.996484         2442       284.44
      35.295     0.996875         2443       320.00
      35.583     0.997266         2445       365.71
      35.583     0.997656         2445       426.67
      35.807     0.998047         2446       512.00
      35.807     0.998242         2446       568.89
      35.903     0.998437         2447       640.00
      35.903     0.998633         2447       731.43
      36.959     0.998828         2448       853.33
      36.959     0.999023         2448      1024.00
      36.959     0.999121         2448      1137.78
      37.119     0.999219         2449      1280.00
      37.119     0.999316         2449      1462.86
      37.119     0.999414         2449      1706.67
      37.119     0.999512         2449      2048.00
      37.119     0.999561         2449      2275.56
      37.407     0.999609         2450      2560.00
      37.407     1.000000         2450          inf
#[Mean    =       12.240, StdDeviation   =       10.844]
#[Max     =       37.376, Total count    =         2450]
#[Buckets =           27, SubBuckets     =         2048]
----------------------------------------------------------
  2978 requests in 1.00m, 2.91GB read
Requests/sec:     49.63
Transfer/sec:     49.64MB

--- metrics ---
requests=2978
duration_s=60.007835
bytes=3123788116
rps=49.63
p50_ms=7.091
p95_ms=30.991
p99_ms=33.791
p999_ms=36.959
err_connect=0
err_read=0
err_write=0
err_status=0
err_timeout=0
--- end ---
