Running 1m test @ http://127.0.0.1:8083/file1m
  2 threads and 50 connections
  Thread calibration: mean lat.: 2.613ms, rate sampling interval: 10ms
  Thread calibration: mean lat.: 2.385ms, rate sampling interval: 10ms
  Thread Stats   Avg      Stdev     Max   +/- Stdev
    Latency     2.51ms  440.42us   4.34ms   69.10%
    Req/Sec    25.83     68.76   333.00     87.20%
  Latency Distribution (HdrHistogram - Recorded Latency)
 50.000%    2.49ms
 75.000%    2.79ms
 90.000%    3.07ms
 99.000%    3.76ms
 99.900%    4.26ms
 99.990%    4.34ms
 99.999%    4.34ms
100.000%    4.34ms

  Detailed Percentile spectrum:
       Value   Percentile   TotalCount 1/(1-Percentile)

       1.459     0.000000            1         1.00
       1.963     0.100000          246         1.11
       2.141     0.200000          494         1.25
       2.261     0.300000          736         1.43
       2.383     0.400000          981         1.67
       2.495     0.500000         1226         2.00
       2.555     0.550000         1351         2.22
       2.605     0.600000         1473         2.50
       2.659     0.650000         1596         2.86
       2.711     0.700000         1716         3.33
       2.787     0.750000         1842         4.00
       2.821     0.775000         1909         4.44
       2.853     0.800000         1961         5.00
       2.893     0.825000         2022         5.71
       2.949     0.850000         2084         6.67
       3.005     0.875000         2146         8.00
       3.033     0.887500         2176         8.89
       3.071     0.900000         2206        10.00
       3.115     0.912500         2237        11.43
       3.159     0.925000         2267        13.33
       3.215     0.937500         2298        16.00
       3.247     0.943750         2313        17.78
       3.297     0.950000         2328        20.00
       3.333     0.956250         2343        22.86
       3.387     0.962500         2359        26.67
       3.431     0.968750         2374        32.00
       3.451     0.971875         2382        35.56
       3.477     0.975000         2389        40.00
       3.501     0.978125         2397        45.71
       3.565     0.981250         2405        53.33
       3.613     0.984375         2412        64.00
       3.619     0.985938         2416        71.11
       3.631     0.987500         2420        80.00
       3.729     0.989062         2424        91.43
       3.769     0.990625         2429       106.67
       3.813     0.992188         2431       128.00
       3.853     0.992969         2433       142.22
       3.881     0.993750         2435       160.00
       3.915     0.994531         2437       182.86
       3.927     0.995313         2439       213.33
       3.961     0.996094         2441       256.00
       3.999     0.996484         2442       284.44
       4.029     0.996875         2443       320.00
       4.063     0.997266         2445       365.71
       4.063     0.997656         2445       426.67
       4.099     0.998047         2446       512.00
       4.099     0.998242         2446       568.89
       4.187     0.998437         2447       640.00
       4.187     0.998633         2447       731.43
       4.255     0.998828         2449       853.33
       4.255     0.999023         2449      1024.00
       4.255     0.999121         2449      1137.78
       4.255     0.999219         2449      1280.00
       4.255     0.999316         2449      1462.86
       4.255     0.999414         2449      1706.67
       4.255     0.999512         2449      2048.00
       4.255     0.999561         2449      2275.56
       4.339     0.999609         2450      2560.00
       4.339     1.000000         2450          inf
#[Mean    =        2.514, StdDeviation   =        0.440]
#[Max     =        4.336, Total count    =         2450]
#[Buckets =           27, SubBuckets     =         2048]
----------------------------------------------------------
  3002 requests in 1.00m, 2.93GB read
Requests/sec:     50.03
Transfer/sec:     50.04MB

--- metrics ---
requests=3002
duration_s=60.003413
bytes=3148632690
rps=50.03
p50_ms=2.495
p95_ms=3.297
p99_ms=3.755
p999_ms=4.255
err_connect=0
err_read=0
err_write=0
err_status=0
err_timeout=0
--- end ---
