Running 1m test @ http://127.0.0.1:8081/file1m
  2 threads and 50 connections
  Thread calibration: mean lat.: 3.394ms, rate sampling interval: 10ms
  Thread calibration: mean lat.: 3.384ms, rate sampling interval: 10ms
  Thread Stats   Avg      Stdev     Max   +/- Stdev
    Latency     2.96ms  573.61us   5.33ms   67.43%
    Req/Sec    26.05     70.42   333.00     87.15%
  Latency Distribution (HdrHistogram - Recorded Latency)
 50.000%    2.93ms
 75.000%    3.31ms
 90.000%    3.75ms
 99.000%    4.35ms
 99.900%    4.65ms
 99.990%    5.33ms
 99.999%    5.33ms
100.000%    5.33ms

  Detailed Percentile spectrum:
       Value   Percentile   TotalCount 1/(1-Percentile)

       1.357     0.000000            1         1.00
       2.235     0.100000          248         1.11
       2.473     0.200000          492         1.25
       2.643     0.300000          735         1.43
       2.787     0.400000          983         1.67
       2.929     0.500000         1227         2.00
       2.999     0.550000         1349         2.22
       3.075     0.600000         1470         2.50
       3.151     0.650000         1593         2.86
       3.227     0.700000         1715         3.33
       3.311     0.750000         1839         4.00
       3.383     0.775000         1899         4.44
       3.443     0.800000         1960         5.00
       3.503     0.825000         2022         5.71
       3.585     0.850000         2083         6.67
       3.659     0.875000         2145         8.00
       3.707     0.887500         2175         8.89
       3.747     0.900000         2206        10.00
       3.787     0.912500         2238        11.43
       3.845     0.925000         2267        13.33
       3.925     0.937500         2298        16.00
       3.965     0.943750         2315        17.78
       3.999     0.950000         2328        20.00
       4.031     0.956250         2344        22.86
       4.067     0.962500         2359        26.67
       4.103     0.968750         2375        32.00
       4.127     0.971875         2383        35.56
       4.155     0.975000         2390        40.00
       4.175     0.978125         2399        45.71
       4.207     0.981250         2405        53.33
       4.255     0.984375         2412        64.00
       4.267     0.985938         2417        71.11
       4.299     0.987500         2420        80.00
       4.331     0.989062         2424        91.43
       4.363     0.990625         2428       106.67
       4.403     0.992188         2432       128.00
       4.411     0.992969         2434       142.22
       4.419     0.993750         2435       160.00
       4.431     0.994531         2437       182.86
       4.463     0.995313         2439       213.33
       4.471     0.996094         2441       256.00
       4.515     0.996484         2442       284.44
       4.519     0.996875         2443       320.00
       4.535     0.997266         2444       365.71
       4.555     0.997656         2446       426.67
       4.555     0.998047         2446       512.00
       4.555     0.998242         2446       568.89
       4.563     0.998437         2447       640.00
       4.563     0.998633         2447       731.43
       4.651     0.998828         2448       853.33
       4.651     0.999023         2448      1024.00
       4.651     0.999121         2448      1137.78
       4.691     0.999219         2449      1280.00
       4.691     0.999316         2449      1462.86
       4.691     0.999414         2449      1706.67
       4.691     0.999512         2449      2048.00
       4.691     0.999561         2449      2275.56
       5.331     0.999609         2450      2560.00
       5.331     1.000000         2450          inf
#[Mean    =        2.960, StdDeviation   =        0.574]
#[Max     =        5.328, Total count    =         2450]
#[Buckets =           27, SubBuckets     =         2048]
----------------------------------------------------------
  3002 requests in 1.00m, 2.93GB read
Requests/sec:     50.03
Transfer/sec:     50.04MB

--- metrics ---
requests=3002
duration_s=60.005492
bytes=3148302470
rps=50.03
p50_ms=2.929
p95_ms=3.999
p99_ms=4.351
p999_ms=4.651
err_connect=0
err_read=0
err_write=0
err_status=0
err_timeout=0
--- end ---
