Running 1m test @ http://127.0.0.1:8082/file50k
  2 threads and 100 connections
  Thread calibration: mean lat.: 264.412ms, rate sampling interval: 706ms
  Thread calibration: mean lat.: 241.907ms, rate sampling interval: 741ms
  Thread Stats   Avg      Stdev     Max   +/- Stdev
    Latency   255.49ms  108.29ms 406.27ms   63.17%
    Req/Sec   149.41     18.71   209.00     81.75%
  Latency Distribution (HdrHistogram - Recorded Latency)
 50.000%  287.49ms
 75.000%  353.79ms
 90.000%  367.61ms
 99.000%  376.58ms
 99.900%  398.08ms
 99.990%  406.02ms
 99.999%  406.53ms
100.000%  406.53ms

  Detailed Percentile spectrum:
       Value   Percentile   TotalCount 1/(1-Percentile)

       1.602     0.000000            1         1.00
      85.375     0.100000         1491         1.11
      94.463     0.200000         2981         1.25
     201.215     0.300000         4471         1.43
     244.223     0.400000         5963         1.67
     287.487     0.500000         7453         2.00
     308.479     0.550000         8197         2.22
     329.983     0.600000         8945         2.50
     339.967     0.650000         9712         2.86
     346.879     0.700000        10448         3.33
     353.791     0.750000        11206         4.00
     356.607     0.775000        11551         4.44
     359.423     0.800000        11949         5.00
     361.983     0.825000        12332         5.71
     364.031     0.850000        12693         6.67
     365.823     0.875000        13038         8.00
     366.847     0.887500        13257         8.89
     367.615     0.900000        13415        10.00
     368.639     0.912500        13622        11.43
     369.663     0.925000        13793        13.33
     370.943     0.937500        14010        16.00
     371.455     0.943750        14109        17.78
     371.967     0.950000        14203        20.00
     372.479     0.956250        14279        22.86
     372.991     0.962500        14374        26.67
     373.503     0.968750        14450        32.00
     373.759     0.971875        14497        35.56
     374.015     0.975000        14536        40.00
     374.527     0.978125        14596        45.71
     374.783     0.981250        14625        53.33
     375.551     0.984375        14687        64.00
     375.807     0.985938        14707        71.11
     376.063     0.987500        14731        80.00
     376.319     0.989062        14745        91.43
     376.575     0.990625        14761       106.67
     377.343     0.992188        14787       128.00
     377.855     0.992969        14801       142.22
     378.111     0.993750        14807       160.00
     378.623     0.994531        14822       182.86
     379.135     0.995313        14831       213.33
     379.647     0.996094        14842       256.00
     380.415     0.996484        14848       284.44
     380.927     0.996875        14855       320.00
     381.439     0.997266        14862       365.71
     381.951     0.997656        14866       426.67
     383.487     0.998047        14871       512.00
     384.255     0.998242        14874       568.89
     388.607     0.998437        14877       640.00
     393.727     0.998633        14880       731.43
     396.287     0.998828        14883       853.33
     398.847     0.999023        14886      1024.00
     399.615     0.999121        14888      1137.78
     400.383     0.999219        14889      1280.00
     401.151     0.999316        14890      1462.86
     402.431     0.999414        14892      1706.67
     403.967     0.999512        14894      2048.00
     403.967     0.999561        14894      2275.56
     404.223     0.999609        14895      2560.00
     404.223     0.999658        14895      2925.71
     404.479     0.999707        14896      3413.33
     404.991     0.999756        14897      4096.00
     404.991     0.999780        14897      4551.11
     405.503     0.999805        14898      5120.00
     405.503     0.999829        14898      5851.43
     405.503     0.999854        14898      6826.67
     406.015     0.999878        14899      8192.00
     406.015     0.999890        14899      9102.22
     406.015     0.999902        14899     10240.00
     406.015     0.999915        14899     11702.86
     406.015     0.999927        14899     13653.33
     406.527     0.999939        14900     16384.00
     406.527     1.000000        14900          inf
#[Mean    =      255.491, StdDeviation   =      108.292]
#[Max     =      406.272, Total count    =        14900]
#[Buckets =           27, SubBuckets     =         2048]
----------------------------------------------------------
  17774 requests in 1.00m, 0.85GB read
Requests/sec:    296.20
Transfer/sec:     14.51MB

--- metrics ---
requests=17774
duration_s=60.005788
bytes=912801544
rps=296.20
p50_ms=287.487
p95_ms=371.967
p99_ms=376.575
p999_ms=398.079
err_connect=0
err_read=0
err_write=0
err_status=0
err_timeout=0
--- end ---
