Running 1m test @ http://127.0.0.1:8081/file1m
  2 threads and 50 connections
  Thread calibration: mean lat.: 3.339ms, rate sampling interval: 10ms
  Thread calibration: mean lat.: 3.367ms, rate sampling interval: 10ms
  Thread Stats   Avg      Stdev     Max   +/- Stdev
    Latency     2.87ms    0.88ms  26.64ms   88.45%
    Req/Sec    26.05     70.16   333.00     87.11%
  Latency Distribution (HdrHistogram - Recorded Latency)
 50.000%    2.83ms
 75.000%    3.17ms
 90.000%    3.57ms
 99.000%    4.16ms
 99.900%   17.71ms
 99.990%   26.66ms
 99.999%   26.66ms
100.000%   26.66ms

  Detailed Percentile spectrum:
       Value   Percentile   TotalCount 1/(1-Percentile)

       1.373     0.000000            1         1.00
       2.141     0.100000          245         1.11
       2.389     0.200000          493         1.25
       2.569     0.300000          737         1.43
       2.707     0.400000          982         1.67
       2.833     0.500000         1226         2.00
       2.895     0.550000         1348         2.22
       2.959     0.600000         1471         2.50
       3.021     0.650000         1598         2.86
       3.083     0.700000         1716         3.33
       3.173     0.750000         1842         4.00
       3.215     0.775000         1902         4.44
       3.277     0.800000         1960         5.00
       3.343     0.825000         2022         5.71
       3.407     0.850000         2084         6.67
       3.483     0.875000         2146         8.00
       3.521     0.887500         2177         8.89
       3.565     0.900000         2207        10.00
       3.623     0.912500         2236        11.43
       3.683     0.925000         2268        13.33
       3.747     0.937500         2297        16.00
       3.771     0.943750         2313        17.78
       3.803     0.950000         2329        20.00
       3.835     0.956250         2345        22.86
       3.875     0.962500         2360        26.67
       3.905     0.968750         2374        32.00
       3.951     0.971875         2383        35.56
       3.987     0.975000         2389        40.00
       4.017     0.978125         2397        45.71
       4.043     0.981250         2405        53.33
       4.087     0.984375         2413        64.00
       4.103     0.985938         2416        71.11
       4.119     0.987500         2420        80.00
       4.143     0.989062         2424        91.43
       4.191     0.990625         2428       106.67
       4.231     0.992188         2431       128.00
       4.235     0.992969         2433       142.22
       4.331     0.993750         2435       160.00
       4.491     0.994531         2437       182.86
       4.615     0.995313         2439       213.33
       4.671     0.996094         2441       256.00
       4.687     0.996484         2442       284.44
       4.695     0.996875         2443       320.00
       4.707     0.997266         2444       365.71
       4.731     0.997656         2445       426.67
       5.503     0.998047         2446       512.00
       5.503     0.998242         2446       568.89
       7.307     0.998437         2447       640.00
       7.307     0.998633         2447       731.43
      17.711     0.998828         2448       853.33
      17.711     0.999023         2448      1024.00
      17.711     0.999121         2448      1137.78
      22.111     0.999219         2449      1280.00
      22.111     0.999316         2449      1462.86
      22.111     0.999414         2449      1706.67
      22.111     0.999512         2449      2048.00
      22.111     0.999561         2449      2275.56
      26.655     0.999609         2450      2560.00
      26.655     1.000000         2450          inf
#[Mean    =        2.871, StdDeviation   =        0.879]
#[Max     =       26.640, Total count    =         2450]
#[Buckets =           27, SubBuckets     =         2048]
----------------------------------------------------------
  3002 requests in 1.00m, 2.93GB read
Requests/sec:     50.03
Transfer/sec:     50.04MB

--- metrics ---
requests=3002
duration_s=60.004517
bytes=3148302470
rps=50.03
p50_ms=2.833
p95_ms=3.803
p99_ms=4.163
p999_ms=17.711
err_connect=0
err_read=0
err_write=0
err_status=0
err_timeout=0
--- end ---
