Running 1m test @ http://127.0.0.1:8082/file1m
  2 threads and 50 connections
  Thread calibration: mean lat.: 949.571ms, rate sampling interval: 2004ms
  Thread calibration: mean lat.: 950.760ms, rate sampling interval: 2009ms
  Thread Stats   Avg      Stdev     Max   +/- Stdev
    Latency   953.08ms  193.33ms   1.01s    96.00%
    Req/Sec    24.00      0.00    24.00    100.00%
  Latency Distribution (HdrHistogram - Recorded Latency)
 50.000%  992.77ms
 75.000%  998.91ms
 90.000%    1.00s 
 99.000%    1.01s 
 99.900%    1.01s 
 99.990%    1.01s 
 99.999%    1.01s 
100.000%    1.01s 

  Detailed Percentile spectrum:
       Value   Percentile   TotalCount 1/(1-Percentile)

       3.551     0.000000            1         1.00
     981.503     0.100000          266         1.11
     984.575     0.200000          526         1.25
     987.135     0.300000          761         1.43
     989.695     0.400000          987         1.67
     992.767     0.500000         1282         2.00
     993.791     0.550000         1369         2.22
     995.327     0.600000         1522         2.50
     996.351     0.650000         1605         2.86
     997.375     0.700000         1722         3.33
     998.911     0.750000         1859         4.00
     999.423     0.775000         1905         4.44
     999.935     0.800000         1962         5.00
    1000.959     0.825000         2064         5.71
    1001.471     0.850000         2105         6.67
    1001.983     0.875000         2180         8.00
    1001.983     0.887500         2180         8.89
    1002.495     0.900000         2238        10.00
    1002.495     0.912500         2238        11.43
    1003.007     0.925000         2285        13.33
    1003.519     0.937500         2329        16.00
    1003.519     0.943750         2329        17.78
    1003.519     0.950000         2329        20.00
    1004.031     0.956250         2365        22.86
    1004.031     0.962500         2365        26.67
    1004.543     0.968750         2401        32.00
    1004.543     0.971875         2401        35.56
    1004.543     0.975000         2401        40.00
    1004.543     0.978125         2401        45.71
    1005.055     0.981250         2433        53.33
    1005.055     0.984375         2433        64.00
    1005.055     0.985938         2433        71.11
    1005.055     0.987500         2433        80.00
    1005.055     0.989062         2433        91.43
    1005.055     0.990625         2433       106.67
    1005.055     0.992188         2433       128.00
    1005.055     0.992969         2433       142.22
    1005.567     0.993750         2448       160.00
    1005.567     0.994531         2448       182.86
    1005.567     0.995313         2448       213.33
    1005.567     0.996094         2448       256.00
    1005.567     0.996484         2448       284.44
    1005.567     0.996875         2448       320.00
    1005.567     0.997266         2448       365.71
    1005.567     0.997656         2448       426.67
    1005.567     0.998047         2448       512.00
    1005.567     0.998242         2448       568.89
    1005.567     0.998437         2448       640.00
    1005.567     0.998633         2448       731.43
    1005.567     0.998828         2448       853.33
    1005.567     0.999023         2448      1024.00
    1005.567     0.999121         2448      1137.78
    1006.079     0.999219         2450      1280.00
    1006.079     1.000000         2450          inf
#[Mean    =      953.081, StdDeviation   =      193.334]
#[Max     =     1005.568, Total count    =         2450]
#[Buckets =           27, SubBuckets     =         2048]
----------------------------------------------------------
  2954 requests in 1.00m, 2.89GB read
Requests/sec:     49.23
Transfer/sec:     49.23MB

--- metrics ---
requests=2954
duration_s=60.009224
bytes=3097960236
rps=49.23
p50_ms=992.767
p95_ms=1003.519
p99_ms=1005.055
p999_ms=1005.567
err_connect=0
err_read=0
err_write=0
err_status=0
err_timeout=0
--- end ---
