Running 1m test @ http://127.0.0.1:8080/json
  2 threads and 100 connections
  Thread calibration: mean lat.: 1.366ms, rate sampling interval: 10ms
  Thread calibration: mean lat.: 1.742ms, rate sampling interval: 10ms
  Thread Stats   Avg      Stdev     Max   +/- Stdev
    Latency     1.54ms  697.83us   6.20ms   73.14%
    Req/Sec     1.06k     1.34k    5.55k    89.77%
  Latency Distribution (HdrHistogram - Recorded Latency)
 50.000%    1.42ms
 75.000%    1.88ms
 90.000%    2.43ms
 99.000%    3.92ms
 99.900%    5.12ms
 99.990%    5.62ms
 99.999%    6.18ms
100.000%    6.20ms

  Detailed Percentile spectrum:
       Value   Percentile   TotalCount 1/(1-Percentile)

       0.277     0.000000            1         1.00
       0.791     0.100000         9956         1.11
       0.958     0.200000        19925         1.25
       1.112     0.300000        29875         1.43
       1.262     0.400000        39853         1.67
       1.419     0.500000        49770         2.00
       1.503     0.550000        54777         2.22
       1.588     0.600000        59711         2.50
       1.679     0.650000        64699         2.86
       1.774     0.700000        69705         3.33
       1.881     0.750000        74649         4.00
       1.946     0.775000        77140         4.44
       2.014     0.800000        79636         5.00
       2.095     0.825000        82105         5.71
       2.189     0.850000        84581         6.67
       2.309     0.875000        87093         8.00
       2.369     0.887500        88333         8.89
       2.435     0.900000        89555        10.00
       2.503     0.912500        90805        11.43
       2.573     0.925000        92062        13.33
       2.661     0.937500        93285        16.00
       2.723     0.943750        93910        17.78
       2.815     0.950000        94534        20.00
       2.911     0.956250        95147        22.86
       3.031     0.962500        95777        26.67
       3.159     0.968750        96397        32.00
       3.227     0.971875        96703        35.56
       3.309     0.975000        97013        40.00
       3.395     0.978125        97336        45.71
       3.487     0.981250        97635        53.33
       3.609     0.984375        97947        64.00
       3.689     0.985938        98105        71.11
       3.771     0.987500        98260        80.00
       3.863     0.989062        98413        91.43
       3.959     0.990625        98568       106.67
       4.077     0.992188        98723       128.00
       4.163     0.992969        98804       142.22
       4.247     0.993750        98880       160.00
       4.335     0.994531        98959       182.86
       4.423     0.995313        99034       213.33
       4.523     0.996094        99112       256.00
       4.579     0.996484        99154       284.44
       4.651     0.996875        99190       320.00
       4.739     0.997266        99229       365.71
       4.811     0.997656        99267       426.67
       4.887     0.998047        99310       512.00
       4.919     0.998242        99326       568.89
       4.963     0.998437        99345       640.00
       5.023     0.998633        99365       731.43
       5.079     0.998828        99384       853.33
       5.127     0.999023        99404      1024.00
       5.155     0.999121        99413      1137.78
       5.187     0.999219        99423      1280.00
       5.239     0.999316        99432      1462.86
       5.279     0.999414        99444      1706.67
       5.311     0.999512        99452      2048.00
       5.327     0.999561        99457      2275.56
       5.347     0.999609        99463      2560.00
       5.359     0.999658        99467      2925.71
       5.379     0.999707        99471      3413.33
       5.443     0.999756        99476      4096.00
       5.459     0.999780        99479      4551.11
       5.479     0.999805        99481      5120.00
       5.495     0.999829        99483      5851.43
       5.523     0.999854        99487      6826.67
       5.535     0.999878        99488      8192.00
       5.619     0.999890        99490      9102.22
       5.639     0.999902        99491     10240.00
       5.643     0.999915        99492     11702.86
       5.655     0.999927        99493     13653.33
       5.695     0.999939        99494     16384.00
       5.727     0.999945        99495     18204.44
       5.747     0.999951        99496     20480.00
       5.747     0.999957        99496     23405.71
       5.895     0.999963        99497     27306.67
       5.895     0.999969        99497     32768.00
       5.951     0.999973        99498     36408.89
       5.951     0.999976        99498     40960.00
       5.951     0.999979        99498     46811.43
       6.183     0.999982        99499     54613.33
       6.183     0.999985        99499     65536.00
       6.183     0.999986        99499     72817.78
       6.183     0.999988        99499     81920.00
       6.183     0.999989        99499     93622.86
       6.199     0.999991        99500    109226.67
       6.199     1.000000        99500          inf
#[Mean    =        1.541, StdDeviation   =        0.698]
#[Max     =        6.196, Total count    =        99500]
#[Buckets =           27, SubBuckets     =         2048]
----------------------------------------------------------
  118903 requests in 1.00m, 131.31MB read
Requests/sec:   1981.63
Transfer/sec:      2.19MB

--- metrics ---
requests=118903
duration_s=60.002546
bytes=137689674
rps=1981.63
p50_ms=1.419
p95_ms=2.815
p99_ms=3.921
p999_ms=5.123
err_connect=0
err_read=0
err_write=0
err_status=0
err_timeout=0
--- end ---
