Running 1m test @ http://127.0.0.1:8081/json
  2 threads and 100 connections
  Thread calibration: mean lat.: 1.244ms, rate sampling interval: 10ms
  Thread calibration: mean lat.: 1.895ms, rate sampling interval: 10ms
  Thread Stats   Avg      Stdev     Max   +/- Stdev
    Latency     1.52ms  740.61us   4.80ms   68.92%
    Req/Sec     1.05k     1.34k    5.55k    89.49%
  Latency Distribution (HdrHistogram - Recorded Latency)
 50.000%    1.42ms
 75.000%    1.93ms
 90.000%    2.50ms
 99.000%    3.73ms
 99.900%    4.32ms
 99.990%    4.60ms
 99.999%    4.80ms
100.000%    4.80ms

  Detailed Percentile spectrum:
       Value   Percentile   TotalCount 1/(1-Percentile)

       0.164     0.000000            1         1.00
       0.674     0.100000        10004         1.11
       0.859     0.200000        19910         1.25
       1.047     0.300000        29886         1.43
       1.236     0.400000        39866         1.67
       1.420     0.500000        49788         2.00
       1.509     0.550000        54730         2.22
       1.598     0.600000        59718         2.50
       1.697     0.650000        64706         2.86
       1.806     0.700000        69682         3.33
       1.933     0.750000        74647         4.00
       2.008     0.775000        77120         4.44
       2.097     0.800000        79615         5.00
       2.193     0.825000        82130         5.71
       2.273     0.850000        84591         6.67
       2.363     0.875000        87081         8.00
       2.423     0.887500        88318         8.89
       2.503     0.900000        89559        10.00
       2.601     0.912500        90809        11.43
       2.711     0.925000        92038        13.33
       2.841     0.937500        93301        16.00
       2.911     0.943750        93908        17.78
       2.983     0.950000        94527        20.00
       3.059     0.956250        95148        22.86
       3.141     0.962500        95777        26.67
       3.235     0.968750        96405        32.00
       3.283     0.971875        96714        35.56
       3.333     0.975000        97014        40.00
       3.397     0.978125        97337        45.71
       3.465     0.981250        97640        53.33
       3.543     0.984375        97949        64.00
       3.591     0.985938        98105        71.11
       3.639     0.987500        98263        80.00
       3.699     0.989062        98416        91.43
       3.753     0.990625        98571       106.67
       3.813     0.992188        98727       128.00
       3.855     0.992969        98803       142.22
       3.893     0.993750        98879       160.00
       3.949     0.994531        98956       182.86
       3.999     0.995313        99035       213.33
       4.049     0.996094        99113       256.00
       4.087     0.996484        99152       284.44
       4.111     0.996875        99190       320.00
       4.139     0.997266        99228       365.71
       4.179     0.997656        99271       426.67
       4.215     0.998047        99310       512.00
       4.227     0.998242        99326       568.89
       4.247     0.998437        99351       640.00
       4.263     0.998633        99364       731.43
       4.291     0.998828        99387       853.33
       4.319     0.999023        99406      1024.00
       4.335     0.999121        99414      1137.78
       4.355     0.999219        99424      1280.00
       4.367     0.999316        99433      1462.86
       4.379     0.999414        99442      1706.67
       4.403     0.999512        99452      2048.00
       4.423     0.999561        99458      2275.56
       4.435     0.999609        99462      2560.00
       4.459     0.999658        99467      2925.71
       4.491     0.999707        99471      3413.33
       4.523     0.999756        99476      4096.00
       4.535     0.999780        99479      4551.11
       4.539     0.999805        99482      5120.00
       4.551     0.999829        99483      5851.43
       4.579     0.999854        99487      6826.67
       4.587     0.999878        99489      8192.00
       4.599     0.999890        99491      9102.22
       4.599     0.999902        99491     10240.00
       4.611     0.999915        99492     11702.86
       4.635     0.999927        99493     13653.33
       4.647     0.999939        99494     16384.00
       4.667     0.999945        99496     18204.44
       4.667     0.999951        99496     20480.00
       4.667     0.999957        99496     23405.71
       4.691     0.999963        99497     27306.67
       4.691     0.999969        99497     32768.00
       4.727     0.999973        99498     36408.89
       4.727     0.999976        99498     40960.00
       4.727     0.999979        99498     46811.43
       4.803     0.999982        99500     54613.33
       4.803     1.000000        99500          inf
#[Mean    =        1.523, StdDeviation   =        0.741]
#[Max     =        4.800, Total count    =        99500]
#[Buckets =           27, SubBuckets     =         2048]
----------------------------------------------------------
  118904 requests in 1.00m, 133.01MB read
Requests/sec:   1981.67
Transfer/sec:      2.22MB

--- metrics ---
requests=118904
duration_s=60.001962
bytes=139474392
rps=1981.67
p50_ms=1.420
p95_ms=2.983
p99_ms=3.729
p999_ms=4.319
err_connect=0
err_read=0
err_write=0
err_status=0
err_timeout=0
--- end ---
