Running 1m test @ http://127.0.0.1:8081/json
  2 threads and 100 connections
  Thread calibration: mean lat.: 1.229ms, rate sampling interval: 10ms
  Thread calibration: mean lat.: 1.793ms, rate sampling interval: 10ms
  Thread Stats   Avg      Stdev     Max   +/- Stdev
    Latency     1.51ms  705.35us   5.64ms   69.65%
    Req/Sec     1.05k     1.30k    5.55k    89.22%
  Latency Distribution (HdrHistogram - Recorded Latency)
 50.000%    1.39ms
 75.000%    1.89ms
 90.000%    2.46ms
 99.000%    3.65ms
 99.900%    4.33ms
 99.990%    4.72ms
 99.999%    5.12ms
100.000%    5.64ms

  Detailed Percentile spectrum:
       Value   Percentile   TotalCount 1/(1-Percentile)

       0.163     0.000000            1         1.00
       0.723     0.100000         9977         1.11
       0.893     0.200000        19931         1.25
       1.059     0.300000        29898         1.43
       1.226     0.400000        39825         1.67
       1.393     0.500000        49763         2.00
       1.477     0.550000        54729         2.22
       1.565     0.600000        59752         2.50
       1.658     0.650000        64711         2.86
       1.764     0.700000        69680         3.33
       1.891     0.750000        74658         4.00
       1.964     0.775000        77114         4.44
       2.045     0.800000        79613         5.00
       2.139     0.825000        82095         5.71
       2.245     0.850000        84590         6.67
       2.351     0.875000        87097         8.00
       2.405     0.887500        88347         8.89
       2.465     0.900000        89558        10.00
       2.537     0.912500        90810        11.43
       2.631     0.925000        92040        13.33
       2.749     0.937500        93282        16.00
       2.817     0.943750        93913        17.78
       2.887     0.950000        94531        20.00
       2.967     0.956250        95157        22.86
       3.053     0.962500        95771        26.67
       3.147     0.968750        96410        32.00
       3.193     0.971875        96707        35.56
       3.245     0.975000        97019        40.00
       3.303     0.978125        97327        45.71
       3.371     0.981250        97635        53.33
       3.455     0.984375        97949        64.00
       3.507     0.985938        98106        71.11
       3.561     0.987500        98258        80.00
       3.621     0.989062        98413        91.43
       3.687     0.990625        98571       106.67
       3.763     0.992188        98726       128.00
       3.803     0.992969        98802       142.22
       3.847     0.993750        98880       160.00
       3.891     0.994531        98958       182.86
       3.941     0.995313        99035       213.33
       3.987     0.996094        99115       256.00
       4.017     0.996484        99152       284.44
       4.047     0.996875        99194       320.00
       4.083     0.997266        99229       365.71
       4.123     0.997656        99268       426.67
       4.183     0.998047        99307       512.00
       4.211     0.998242        99326       568.89
       4.251     0.998437        99350       640.00
       4.275     0.998633        99364       731.43
       4.307     0.998828        99384       853.33
       4.335     0.999023        99405      1024.00
       4.359     0.999121        99414      1137.78
       4.375     0.999219        99426      1280.00
       4.391     0.999316        99433      1462.86
       4.431     0.999414        99442      1706.67
       4.467     0.999512        99452      2048.00
       4.483     0.999561        99457      2275.56
       4.511     0.999609        99463      2560.00
       4.519     0.999658        99467      2925.71
       4.547     0.999707        99471      3413.33
       4.563     0.999756        99476      4096.00
       4.583     0.999780        99480      4551.11
       4.595     0.999805        99481      5120.00
       4.631     0.999829        99483      5851.43
       4.663     0.999854        99486      6826.67
       4.679     0.999878        99488      8192.00
       4.715     0.999890        99490      9102.22
       4.735     0.999902        99491     10240.00
       4.799     0.999915        99492     11702.86
       4.803     0.999927        99493     13653.33
       4.811     0.999939        99494     16384.00
       4.831     0.999945        99495     18204.44
       4.863     0.999951        99496     20480.00
       4.863     0.999957        99496     23405.71
       4.875     0.999963        99497     27306.67
       4.875     0.999969        99497     32768.00
       4.959     0.999973        99498     36408.89
       4.959     0.999976        99498     40960.00
       4.959     0.999979        99498     46811.43
       5.119     0.999982        99499     54613.33
       5.119     0.999985        99499     65536.00
       5.119     0.999986        99499     72817.78
       5.119     0.999988        99499     81920.00
       5.119     0.999989        99499     93622.86
       5.643     0.999991        99500    109226.67
       5.643     1.000000        99500          inf
#[Mean    =        1.511, StdDeviation   =        0.705]
#[Max     =        5.640, Total count    =        99500]
#[Buckets =           27, SubBuckets     =         2048]
----------------------------------------------------------
  118904 requests in 1.00m, 133.01MB read
Requests/sec:   1981.65
Transfer/sec:      2.22MB

--- metrics ---
requests=118904
duration_s=60.002373
bytes=139474392
rps=1981.65
p50_ms=1.393
p95_ms=2.887
p99_ms=3.655
p999_ms=4.331
err_connect=0
err_read=0
err_write=0
err_status=0
err_timeout=0
--- end ---
