Running 1m test @ http://127.0.0.1:8081/file1m
  2 threads and 50 connections
  Thread calibration: mean lat.: 2.828ms, rate sampling interval: 10ms
  Thread calibration: mean lat.: 3.058ms, rate sampling interval: 10ms
  Thread Stats   Avg      Stdev     Max   +/- Stdev
    Latency     2.92ms  724.60us  28.05ms   83.03%
    Req/Sec    25.99     69.43   333.00     87.07%
  Latency Distribution (HdrHistogram - Recorded Latency)
 50.000%    2.90ms
 75.000%    3.29ms
 90.000%    3.60ms
 99.000%    4.04ms
 99.900%    4.69ms
 99.990%   28.06ms
 99.999%   28.06ms
100.000%   28.06ms

  Detailed Percentile spectrum:
       Value   Percentile   TotalCount 1/(1-Percentile)

       1.353     0.000000            1         1.00
       2.237     0.100000          246         1.11
       2.459     0.200000          493         1.25
       2.633     0.300000          738         1.43
       2.775     0.400000          984         1.67
       2.899     0.500000         1226         2.00
       2.957     0.550000         1352         2.22
       3.031     0.600000         1472         2.50
       3.105     0.650000         1595         2.86
       3.199     0.700000         1718         3.33
       3.291     0.750000         1840         4.00
       3.335     0.775000         1902         4.44
       3.389     0.800000         1967         5.00
       3.435     0.825000         2023         5.71
       3.485     0.850000         2086         6.67
       3.541     0.875000         2146         8.00
       3.569     0.887500         2177         8.89
       3.601     0.900000         2207        10.00
       3.635     0.912500         2239        11.43
       3.663     0.925000         2271        13.33
       3.697     0.937500         2301        16.00
       3.721     0.943750         2316        17.78
       3.745     0.950000         2329        20.00
       3.789     0.956250         2345        22.86
       3.833     0.962500         2360        26.67
       3.881     0.968750         2376        32.00
       3.899     0.971875         2384        35.56
       3.915     0.975000         2390        40.00
       3.939     0.978125         2400        45.71
       3.959     0.981250         2406        53.33
       3.995     0.984375         2413        64.00
       4.011     0.985938         2417        71.11
       4.023     0.987500         2421        80.00
       4.029     0.989062         2425        91.43
       4.075     0.990625         2429       106.67
       4.103     0.992188         2432       128.00
       4.131     0.992969         2435       142.22
       4.135     0.993750         2437       160.00
       4.167     0.994531         2439       182.86
       4.211     0.995313         2440       213.33
       4.235     0.996094         2442       256.00
       4.279     0.996484         2444       284.44
       4.279     0.996875         2444       320.00
       4.331     0.997266         2445       365.71
       4.423     0.997656         2446       426.67
       4.467     0.998047         2447       512.00
       4.467     0.998242         2447       568.89
       4.539     0.998437         2448       640.00
       4.539     0.998633         2448       731.43
       4.687     0.998828         2449       853.33
       4.687     0.999023         2449      1024.00
       4.687     0.999121         2449      1137.78
       4.979     0.999219         2450      1280.00
       4.979     0.999316         2450      1462.86
       4.979     0.999414         2450      1706.67
       4.979     0.999512         2450      2048.00
       4.979     0.999561         2450      2275.56
      28.063     0.999609         2451      2560.00
      28.063     1.000000         2451          inf
#[Mean    =        2.924, StdDeviation   =        0.725]
#[Max     =       28.048, Total count    =         2451]
#[Buckets =           27, SubBuckets     =         2048]
----------------------------------------------------------
  3002 requests in 1.00m, 2.93GB read
Requests/sec:     50.03
Transfer/sec:     50.04MB

--- metrics ---
requests=3002
duration_s=60.003939
bytes=3148302470
rps=50.03
p50_ms=2.899
p95_ms=3.745
p99_ms=4.039
p999_ms=4.687
err_connect=0
err_read=0
err_write=0
err_status=0
err_timeout=0
--- end ---
