Running 1m test @ http://127.0.0.1:8083/json
  2 threads and 100 connections
  Thread calibration: mean lat.: 1.236ms, rate sampling interval: 10ms
  Thread calibration: mean lat.: 1.236ms, rate sampling interval: 10ms
  Thread Stats   Avg      Stdev     Max   +/- Stdev
    Latency     1.24ms  497.86us   4.30ms   66.51%
    Req/Sec     1.05k   139.05     1.67k    78.33%
  Latency Distribution (HdrHistogram - Recorded Latency)
 50.000%    1.19ms
 75.000%    1.57ms
 90.000%    1.93ms
 99.000%    2.51ms
 99.900%    2.79ms
 99.990%    3.14ms
 99.999%    4.26ms
100.000%    4.30ms

  Detailed Percentile spectrum:
       Value   Percentile   TotalCount 1/(1-Percentile)

       0.164     0.000000            1         1.00
       0.634     0.100000         9960         1.11
       0.791     0.200000        19969         1.25
       0.924     0.300000        29878         1.43
       1.055     0.400000        39851         1.67
       1.189     0.500000        49799         2.00
       1.260     0.550000        54798         2.22
       1.331     0.600000        59718         2.50
       1.407     0.650000        64724         2.86
       1.487     0.700000        69666         3.33
       1.573     0.750000        74660         4.00
       1.619     0.775000        77122         4.44
       1.669     0.800000        79645         5.00
       1.725     0.825000        82088         5.71
       1.785     0.850000        84577         6.67
       1.853     0.875000        87064         8.00
       1.893     0.887500        88329         8.89
       1.934     0.900000        89561        10.00
       1.977     0.912500        90810        11.43
       2.026     0.925000        92056        13.33
       2.085     0.937500        93311        16.00
       2.119     0.943750        93925        17.78
       2.157     0.950000        94558        20.00
       2.197     0.956250        95162        22.86
       2.241     0.962500        95775        26.67
       2.289     0.968750        96407        32.00
       2.313     0.971875        96710        35.56
       2.337     0.975000        97020        40.00
       2.367     0.978125        97340        45.71
       2.395     0.981250        97647        53.33
       2.431     0.984375        97961        64.00
       2.451     0.985938        98101        71.11
       2.471     0.987500        98272        80.00
       2.491     0.989062        98417        91.43
       2.517     0.990625        98568       106.67
       2.543     0.992188        98733       128.00
       2.553     0.992969        98810       142.22
       2.569     0.993750        98882       160.00
       2.585     0.994531        98964       182.86
       2.603     0.995313        99044       213.33
       2.625     0.996094        99119       256.00
       2.635     0.996484        99156       284.44
       2.649     0.996875        99193       320.00
       2.663     0.997266        99232       365.71
       2.683     0.997656        99269       426.67
       2.705     0.998047        99308       512.00
       2.719     0.998242        99326       568.89
       2.737     0.998437        99346       640.00
       2.751     0.998633        99367       731.43
       2.763     0.998828        99385       853.33
       2.791     0.999023        99403      1024.00
       2.801     0.999121        99413      1137.78
       2.819     0.999219        99424      1280.00
       2.829     0.999316        99434      1462.86
       2.841     0.999414        99442      1706.67
       2.863     0.999512        99452      2048.00
       2.879     0.999561        99457      2275.56
       2.905     0.999609        99462      2560.00
       2.915     0.999658        99466      2925.71
       2.925     0.999707        99471      3413.33
       2.969     0.999756        99476      4096.00
       2.997     0.999780        99479      4551.11
       3.011     0.999805        99481      5120.00
       3.043     0.999829        99484      5851.43
       3.057     0.999854        99486      6826.67
       3.099     0.999878        99488      8192.00
       3.145     0.999890        99490      9102.22
       3.161     0.999902        99491     10240.00
       3.227     0.999915        99492     11702.86
       3.297     0.999927        99493     13653.33
       3.413     0.999939        99494     16384.00
       3.485     0.999945        99495     18204.44
       3.947     0.999951        99496     20480.00
       3.947     0.999957        99496     23405.71
       3.993     0.999963        99497     27306.67
       3.993     0.999969        99497     32768.00
       4.175     0.999973        99498     36408.89
       4.175     0.999976        99498     40960.00
       4.175     0.999979        99498     46811.43
       4.255     0.999982        99499     54613.33
       4.255     0.999985        99499     65536.00
       4.255     0.999986        99499     72817.78
       4.255     0.999988        99499     81920.00
       4.255     0.999989        99499     93622.86
       4.299     0.999991        99500    109226.67
       4.299     1.000000        99500          inf
#[Mean    =        1.243, StdDeviation   =        0.498]
#[Max     =        4.296, Total count    =        99500]
#[Buckets =           27, SubBuckets     =         2048]
----------------------------------------------------------
  119802 requests in 1.00m, 146.13MB read
Requests/sec:   1996.61
Transfer/sec:      2.44MB

--- metrics ---
requests=119802
duration_s=60.002763
bytes=153226258
rps=1996.61
p50_ms=1.189
p95_ms=2.157
p99_ms=2.509
p999_ms=2.791
err_connect=0
err_read=0
err_write=0
err_status=0
err_timeout=0
--- end ---
