Running 1m test @ http://127.0.0.1:8084/json
  2 threads and 100 connections
  Thread calibration: mean lat.: 1.188ms, rate sampling interval: 10ms
  Thread calibration: mean lat.: 1.213ms, rate sampling interval: 10ms
  Thread Stats   Avg      Stdev     Max   +/- Stdev
    Latency     1.20ms  504.41us   3.92ms   65.70%
    Req/Sec     1.05k   144.26     1.67k    77.80%
  Latency Distribution (HdrHistogram - Recorded Latency)
 50.000%    1.12ms
 75.000%    1.55ms
 90.000%    1.89ms
 99.000%    2.44ms
 99.900%    2.68ms
 99.990%    3.09ms
 99.999%    3.53ms
100.000%    3.92ms

  Detailed Percentile spectrum:
       Value   Percentile   TotalCount 1/(1-Percentile)

       0.173     0.000000            1         1.00
       0.599     0.100000         9963         1.11
       0.731     0.200000        19945         1.25
       0.849     0.300000        29908         1.43
       0.976     0.400000        39807         1.67
       1.123     0.500000        49759         2.00
       1.202     0.550000        54755         2.22
       1.282     0.600000        59722         2.50
       1.366     0.650000        64730         2.86
       1.457     0.700000        69651         3.33
       1.553     0.750000        74638         4.00
       1.602     0.775000        77126         4.44
       1.652     0.800000        79609         5.00
       1.704     0.825000        82090         5.71
       1.759     0.850000        84619         6.67
       1.819     0.875000        87079         8.00
       1.855     0.887500        88336         8.89
       1.894     0.900000        89575        10.00
       1.937     0.912500        90802        11.43
       1.992     0.925000        92043        13.33
       2.059     0.937500        93297        16.00
       2.097     0.943750        93911        17.78
       2.141     0.950000        94528        20.00
       2.191     0.956250        95164        22.86
       2.237     0.962500        95793        26.67
       2.281     0.968750        96397        32.00
       2.303     0.971875        96711        35.56
       2.325     0.975000        97029        40.00
       2.347     0.978125        97356        45.71
       2.369     0.981250        97664        53.33
       2.391     0.984375        97963        64.00
       2.403     0.985938        98112        71.11
       2.415     0.987500        98257        80.00
       2.433     0.989062        98423        91.43
       2.449     0.990625        98577       106.67
       2.465     0.992188        98727       128.00
       2.475     0.992969        98807       142.22
       2.485     0.993750        98880       160.00
       2.499     0.994531        98961       182.86
       2.515     0.995313        99039       213.33
       2.533     0.996094        99121       256.00
       2.543     0.996484        99156       284.44
       2.553     0.996875        99191       320.00
       2.563     0.997266        99232       365.71
       2.577     0.997656        99271       426.67
       2.601     0.998047        99308       512.00
       2.613     0.998242        99326       568.89
       2.625     0.998437        99346       640.00
       2.639     0.998633        99364       731.43
       2.661     0.998828        99386       853.33
       2.685     0.999023        99403      1024.00
       2.705     0.999121        99413      1137.78
       2.719     0.999219        99425      1280.00
       2.735     0.999316        99432      1462.86
       2.761     0.999414        99442      1706.67
       2.791     0.999512        99452      2048.00
       2.813     0.999561        99458      2275.56
       2.835     0.999609        99462      2560.00
       2.871     0.999658        99466      2925.71
       2.895     0.999707        99471      3413.33
       2.947     0.999756        99476      4096.00
       2.965     0.999780        99479      4551.11
       2.989     0.999805        99481      5120.00
       3.019     0.999829        99483      5851.43
       3.053     0.999854        99486      6826.67
       3.059     0.999878        99488      8192.00
       3.089     0.999890        99490      9102.22
       3.097     0.999902        99491     10240.00
       3.343     0.999915        99492     11702.86
       3.361     0.999927        99493     13653.33
       3.365     0.999939        99494     16384.00
       3.395     0.999945        99495     18204.44
       3.405     0.999951        99496     20480.00
       3.405     0.999957        99496     23405.71
       3.457     0.999963        99497     27306.67
       3.457     0.999969        99497     32768.00
       3.481     0.999973        99498     36408.89
       3.481     0.999976        99498     40960.00
       3.481     0.999979        99498     46811.43
       3.525     0.999982        99499     54613.33
       3.525     0.999985        99499     65536.00
       3.525     0.999986        99499     72817.78
       3.525     0.999988        99499     81920.00
       3.525     0.999989        99499     93622.86
       3.919     0.999991        99500    109226.67
       3.919     1.000000        99500          inf
#[Mean    =        1.196, StdDeviation   =        0.504]
#[Max     =        3.918, Total count    =        99500]
#[Buckets =           27, SubBuckets     =         2048]
----------------------------------------------------------
  119805 requests in 1.00m, 129.57MB read
Requests/sec:   1996.65
Transfer/sec:      2.16MB

--- metrics ---
requests=119805
duration_s=60.002984
bytes=135858870
rps=1996.65
p50_ms=1.123
p95_ms=2.141
p99_ms=2.441
p999_ms=2.683
err_connect=0
err_read=0
err_write=0
err_status=0
err_timeout=0
--- end ---
