Running 1m test @ http://127.0.0.1:8081/file50k
  2 threads and 100 connections
  Thread calibration: mean lat.: 1.374ms, rate sampling interval: 10ms
  Thread calibration: mean lat.: 1.391ms, rate sampling interval: 10ms
  Thread Stats   Avg      Stdev     Max   +/- Stdev
    Latency     1.37ms  384.16us   2.86ms   66.70%
    Req/Sec   159.03     96.32   333.00     69.98%
  Latency Distribution (HdrHistogram - Recorded Latency)
 50.000%    1.36ms
 75.000%    1.62ms
 90.000%    1.86ms
 99.000%    2.34ms
 99.900%    2.62ms
 99.990%    2.76ms
 99.999%    2.87ms
100.000%    2.87ms

  Detailed Percentile spectrum:
       Value   Percentile   TotalCount 1/(1-Percentile)

       0.243     0.000000            1         1.00
       0.863     0.100000         1500         1.11
       1.013     0.200000         2994         1.25
       1.138     0.300000         4479         1.43
       1.254     0.400000         5973         1.67
       1.360     0.500000         7452         2.00
       1.409     0.550000         8198         2.22
       1.460     0.600000         8949         2.50
       1.510     0.650000         9695         2.86
       1.560     0.700000        10437         3.33
       1.617     0.750000        11183         4.00
       1.650     0.775000        11550         4.44
       1.684     0.800000        11925         5.00
       1.721     0.825000        12302         5.71
       1.761     0.850000        12667         6.67
       1.807     0.875000        13040         8.00
       1.832     0.887500        13227         8.89
       1.860     0.900000        13411        10.00
       1.895     0.912500        13602        11.43
       1.933     0.925000        13783        13.33
       1.977     0.937500        13971        16.00
       1.997     0.943750        14066        17.78
       2.022     0.950000        14156        20.00
       2.057     0.956250        14251        22.86
       2.091     0.962500        14346        26.67
       2.129     0.968750        14436        32.00
       2.151     0.971875        14481        35.56
       2.175     0.975000        14529        40.00
       2.207     0.978125        14576        45.71
       2.239     0.981250        14626        53.33
       2.275     0.984375        14668        64.00
       2.291     0.985938        14693        71.11
       2.313     0.987500        14716        80.00
       2.327     0.989062        14739        91.43
       2.355     0.990625        14762       106.67
       2.383     0.992188        14784       128.00
       2.407     0.992969        14798       142.22
       2.421     0.993750        14808       160.00
       2.437     0.994531        14820       182.86
       2.467     0.995313        14831       213.33
       2.489     0.996094        14842       256.00
       2.503     0.996484        14848       284.44
       2.523     0.996875        14854       320.00
       2.535     0.997266        14860       365.71
       2.553     0.997656        14866       426.67
       2.571     0.998047        14873       512.00
       2.573     0.998242        14874       568.89
       2.591     0.998437        14877       640.00
       2.607     0.998633        14880       731.43
       2.617     0.998828        14883       853.33
       2.629     0.999023        14887      1024.00
       2.629     0.999121        14887      1137.78
       2.637     0.999219        14890      1280.00
       2.637     0.999316        14890      1462.86
       2.671     0.999414        14893      1706.67
       2.671     0.999512        14893      2048.00
       2.677     0.999561        14894      2275.56
       2.689     0.999609        14895      2560.00
       2.689     0.999658        14895      2925.71
       2.705     0.999707        14896      3413.33
       2.733     0.999756        14897      4096.00
       2.733     0.999780        14897      4551.11
       2.745     0.999805        14898      5120.00
       2.745     0.999829        14898      5851.43
       2.745     0.999854        14898      6826.67
       2.763     0.999878        14899      8192.00
       2.763     0.999890        14899      9102.22
       2.763     0.999902        14899     10240.00
       2.763     0.999915        14899     11702.86
       2.763     0.999927        14899     13653.33
       2.865     0.999939        14900     16384.00
       2.865     1.000000        14900          inf
#[Mean    =        1.366, StdDeviation   =        0.384]
#[Max     =        2.864, Total count    =        14900]
#[Buckets =           27, SubBuckets     =         2048]
----------------------------------------------------------
  18002 requests in 1.00m, 0.86GB read
Requests/sec:    300.02
Transfer/sec:     14.69MB

--- metrics ---
requests=18002
duration_s=60.002999
bytes=924528714
rps=300.02
p50_ms=1.360
p95_ms=2.022
p99_ms=2.343
p999_ms=2.625
err_connect=0
err_read=0
err_write=0
err_status=0
err_timeout=0
--- end ---
