Running 1m test @ http://127.0.0.1:8080/file1m
  2 threads and 50 connections
  Thread calibration: mean lat.: 6.169ms, rate sampling interval: 22ms
  Thread calibration: mean lat.: 21.837ms, rate sampling interval: 65ms
  Thread Stats   Avg      Stdev     Max   +/- Stdev
    Latency    13.55ms   11.77ms  59.39ms   76.37%
    Req/Sec    24.90     71.91   390.00     89.46%
  Latency Distribution (HdrHistogram - Recorded Latency)
 50.000%    8.56ms
 75.000%   24.33ms
 90.000%   30.74ms
 99.000%   43.84ms
 99.900%   57.57ms
 99.990%   59.42ms
 99.999%   59.42ms
100.000%   59.42ms

  Detailed Percentile spectrum:
       Value   Percentile   TotalCount 1/(1-Percentile)

       1.605     0.000000            1         1.00
       2.553     0.100000          245         1.11
       3.025     0.200000          490         1.25
       3.445     0.300000          736         1.43
       4.519     0.400000          980         1.67
       8.559     0.500000         1225         2.00
      10.943     0.550000         1348         2.22
      14.159     0.600000         1470         2.50
      17.503     0.650000         1594         2.86
      21.231     0.700000         1715         3.33
      24.335     0.750000         1839         4.00
      25.583     0.775000         1900         4.44
      26.895     0.800000         1960         5.00
      27.855     0.825000         2022         5.71
      28.783     0.850000         2083         6.67
      29.695     0.875000         2146         8.00
      30.175     0.887500         2175         8.89
      30.735     0.900000         2205        10.00
      31.167     0.912500         2236        11.43
      31.631     0.925000         2267        13.33
      32.319     0.937500         2298        16.00
      32.607     0.943750         2313        17.78
      32.895     0.950000         2329        20.00
      33.183     0.956250         2344        22.86
      33.727     0.962500         2359        26.67
      34.623     0.968750         2374        32.00
      34.847     0.971875         2383        35.56
      35.871     0.975000         2389        40.00
      42.175     0.978125         2397        45.71
      43.071     0.981250         2406        53.33
      43.263     0.984375         2412        64.00
      43.423     0.985938         2416        71.11
      43.711     0.987500         2420        80.00
      43.807     0.989062         2424        91.43
      43.871     0.990625         2428       106.67
      44.095     0.992188         2431       128.00
      44.479     0.992969         2433       142.22
      44.639     0.993750         2435       160.00
      44.927     0.994531         2437       182.86
      45.023     0.995313         2439       213.33
      45.919     0.996094         2441       256.00
      47.487     0.996484         2442       284.44
      48.735     0.996875         2443       320.00
      50.015     0.997266         2444       365.71
      51.103     0.997656         2445       426.67
      53.151     0.998047         2446       512.00
      53.151     0.998242         2446       568.89
      55.135     0.998437         2447       640.00
      55.135     0.998633         2447       731.43
      57.567     0.998828         2448       853.33
      57.567     0.999023         2448      1024.00
      57.567     0.999121         2448      1137.78
      58.463     0.999219         2449      1280.00
      58.463     0.999316         2449      1462.86
      58.463     0.999414         2449      1706.67
      58.463     0.999512         2449      2048.00
      58.463     0.999561         2449      2275.56
      59.423     0.999609         2450      2560.00
      59.423     1.000000         2450          inf
#[Mean    =       13.550, StdDeviation   =       11.772]
#[Max     =       59.392, Total count    =         2450]
#[Buckets =           27, SubBuckets     =         2048]
----------------------------------------------------------
  2977 requests in 1.00m, 2.91GB read
Requests/sec:     49.61
Transfer/sec:     49.64MB

--- metrics ---
requests=2977
duration_s=60.006186
bytes=3123090993
rps=49.61
p50_ms=8.559
p95_ms=32.895
p99_ms=43.839
p999_ms=57.567
err_connect=0
err_read=0
err_write=0
err_status=0
err_timeout=0
--- end ---
