Running 1m test @ http://127.0.0.1:8083/file1m
  2 threads and 50 connections
  Thread calibration: mean lat.: 2.605ms, rate sampling interval: 10ms
  Thread calibration: mean lat.: 2.581ms, rate sampling interval: 10ms
  Thread Stats   Avg      Stdev     Max   +/- Stdev
    Latency     2.64ms  484.82us   4.34ms   65.88%
    Req/Sec    25.70     68.19   300.00     87.21%
  Latency Distribution (HdrHistogram - Recorded Latency)
 50.000%    2.62ms
 75.000%    2.97ms
 90.000%    3.30ms
 99.000%    3.82ms
 99.900%    4.13ms
 99.990%    4.34ms
 99.999%    4.34ms
100.000%    4.34ms

  Detailed Percentile spectrum:
       Value   Percentile   TotalCount 1/(1-Percentile)

       1.118     0.000000            1         1.00
       2.012     0.100000          248         1.11
       2.205     0.200000          492         1.25
       2.353     0.300000          738         1.43
       2.487     0.400000          982         1.67
       2.625     0.500000         1232         2.00
       2.691     0.550000         1350         2.22
       2.747     0.600000         1471         2.50
       2.813     0.650000         1595         2.86
       2.887     0.700000         1719         3.33
       2.969     0.750000         1840         4.00
       3.007     0.775000         1899         4.44
       3.051     0.800000         1960         5.00
       3.109     0.825000         2023         5.71
       3.165     0.850000         2085         6.67
       3.223     0.875000         2144         8.00
       3.261     0.887500         2175         8.89
       3.303     0.900000         2206        10.00
       3.333     0.912500         2236        11.43
       3.373     0.925000         2270        13.33
       3.427     0.937500         2298        16.00
       3.451     0.943750         2315        17.78
       3.477     0.950000         2328        20.00
       3.511     0.956250         2343        22.86
       3.559     0.962500         2359        26.67
       3.595     0.968750         2374        32.00
       3.607     0.971875         2382        35.56
       3.621     0.975000         2389        40.00
       3.635     0.978125         2397        45.71
       3.687     0.981250         2405        53.33
       3.727     0.984375         2412        64.00
       3.749     0.985938         2416        71.11
       3.777     0.987500         2420        80.00
       3.805     0.989062         2424        91.43
       3.821     0.990625         2428       106.67
       3.855     0.992188         2431       128.00
       3.863     0.992969         2433       142.22
       3.869     0.993750         2435       160.00
       3.917     0.994531         2438       182.86
       3.927     0.995313         2439       213.33
       3.935     0.996094         2441       256.00
       3.945     0.996484         2442       284.44
       3.953     0.996875         2443       320.00
       3.967     0.997266         2444       365.71
       4.043     0.997656         2445       426.67
       4.051     0.998047         2446       512.00
       4.051     0.998242         2446       568.89
       4.103     0.998437         2447       640.00
       4.103     0.998633         2447       731.43
       4.131     0.998828         2448       853.33
       4.131     0.999023         2448      1024.00
       4.131     0.999121         2448      1137.78
       4.339     0.999219         2450      1280.00
       4.339     1.000000         2450          inf
#[Mean    =        2.640, StdDeviation   =        0.485]
#[Max     =        4.336, Total count    =         2450]
#[Buckets =           27, SubBuckets     =         2048]
----------------------------------------------------------
  3002 requests in 1.00m, 2.93GB read
Requests/sec:     50.03
Transfer/sec:     50.04MB

--- metrics ---
requests=3002
duration_s=60.004387
bytes=3148632690
rps=50.03
p50_ms=2.625
p95_ms=3.477
p99_ms=3.815
p999_ms=4.131
err_connect=0
err_read=0
err_write=0
err_status=0
err_timeout=0
--- end ---
