Running 1m test @ http://127.0.0.1:8082/json
  2 threads and 100 connections
  Thread calibration: mean lat.: 130.604ms, rate sampling interval: 367ms
  Thread calibration: mean lat.: 140.154ms, rate sampling interval: 369ms
  Thread Stats   Avg      Stdev     Max   +/- Stdev
    Latency   559.21ms  212.38ms 989.70ms   59.01%
    Req/Sec     0.98k    50.48     1.08k    66.91%
  Latency Distribution (HdrHistogram - Recorded Latency)
 50.000%  579.07ms
 75.000%  722.43ms
 90.000%  826.37ms
 99.000%  955.90ms
 99.900%  984.06ms
 99.990%  988.16ms
 99.999%  989.70ms
100.000%  990.21ms

  Detailed Percentile spectrum:
       Value   Percentile   TotalCount 1/(1-Percentile)

      93.567     0.000000            1         1.00
     257.151     0.100000         9790         1.11
     308.223     0.200000        19565         1.25
     421.631     0.300000        29347         1.43
     552.959     0.400000        39211         1.67
     579.071     0.500000        49035         2.00
     593.407     0.550000        53880         2.22
     614.399     0.600000        58804         2.50
     668.159     0.650000        63590         2.86
     710.143     0.700000        68557         3.33
     722.431     0.750000        73496         4.00
     728.575     0.775000        75815         4.44
     737.279     0.800000        78268         5.00
     754.687     0.825000        80721         5.71
     782.335     0.850000        83152         6.67
     814.079     0.875000        85673         8.00
     820.223     0.887500        86892         8.89
     826.367     0.900000        88124        10.00
     833.535     0.912500        89277        11.43
     845.311     0.925000        90496        13.33
     884.223     0.937500        91709        16.00
     906.239     0.943750        92325        17.78
     915.455     0.950000        92971        20.00
     921.087     0.956250        93539        22.86
     926.719     0.962500        94206        26.67
     931.327     0.968750        94798        32.00
     933.887     0.971875        95100        35.56
     936.447     0.975000        95379        40.00
     940.031     0.978125        95697        45.71
     943.615     0.981250        96006        53.33
     946.687     0.984375        96299        64.00
     948.735     0.985938        96479        71.11
     950.783     0.987500        96629        80.00
     953.343     0.989062        96767        91.43
     957.439     0.990625        96904       106.67
     963.071     0.992188        97068       128.00
     965.119     0.992969        97132       142.22
     967.167     0.993750        97208       160.00
     969.727     0.994531        97290       182.86
     972.287     0.995313        97375       213.33
     974.847     0.996094        97451       256.00
     975.871     0.996484        97484       284.44
     976.895     0.996875        97522       320.00
     977.919     0.997266        97555       365.71
     979.455     0.997656        97605       426.67
     980.479     0.998047        97636       512.00
     980.991     0.998242        97650       568.89
     982.015     0.998437        97674       640.00
     982.527     0.998633        97687       731.43
     983.551     0.998828        97714       853.33
     984.063     0.999023        97728      1024.00
     984.575     0.999121        97739      1137.78
     985.087     0.999219        97752      1280.00
     985.087     0.999316        97752      1462.86
     985.599     0.999414        97764      1706.67
     986.111     0.999512        97775      2048.00
     986.623     0.999561        97786      2275.56
     986.623     0.999609        97786      2560.00
     986.623     0.999658        97786      2925.71
     987.135     0.999707        97795      3413.33
     987.135     0.999756        97795      4096.00
     987.647     0.999780        97804      4551.11
     987.647     0.999805        97804      5120.00
     987.647     0.999829        97804      5851.43
     987.647     0.999854        97804      6826.67
     988.159     0.999878        97810      8192.00
     988.159     0.999890        97810      9102.22
     988.159     0.999902        97810     10240.00
     988.159     0.999915        97810     11702.86
     988.671     0.999927        97814     13653.33
     988.671     0.999939        97814     16384.00
     988.671     0.999945        97814     18204.44
     988.671     0.999951        97814     20480.00
     988.671     0.999957        97814     23405.71
     989.183     0.999963        97816     27306.67
     989.183     0.999969        97816     32768.00
     989.183     0.999973        97816     36408.89
     989.183     0.999976        97816     40960.00
     989.183     0.999979        97816     46811.43
     989.695     0.999982        97817     54613.33
     989.695     0.999985        97817     65536.00
     989.695     0.999986        97817     72817.78
     989.695     0.999988        97817     81920.00
     989.695     0.999989        97817     93622.86
     990.207     0.999991        97818    109226.67
     990.207     1.000000        97818          inf
#[Mean    =      559.210, StdDeviation   =      212.376]
#[Max     =      989.696, Total count    =        97818]
#[Buckets =           27, SubBuckets     =         2048]
----------------------------------------------------------
  116974 requests in 1.00m, 130.63MB read
Requests/sec:   1949.07
Transfer/sec:      2.18MB

--- metrics ---
requests=116974
duration_s=60.015407
bytes=136976554
rps=1949.07
p50_ms=579.071
p95_ms=914.943
p99_ms=955.903
p999_ms=984.063
err_connect=0
err_read=0
err_write=0
err_status=0
err_timeout=0
--- end ---
