Running 1m test @ http://127.0.0.1:8083/json
  2 threads and 100 connections
  Thread calibration: mean lat.: 1.202ms, rate sampling interval: 10ms
  Thread calibration: mean lat.: 1.195ms, rate sampling interval: 10ms
  Thread Stats   Avg      Stdev     Max   +/- Stdev
    Latency     1.20ms  488.65us   3.34ms   65.37%
    Req/Sec     1.05k   140.71     1.67k    77.41%
  Latency Distribution (HdrHistogram - Recorded Latency)
 50.000%    1.15ms
 75.000%    1.54ms
 90.000%    1.88ms
 99.000%    2.42ms
 99.900%    2.70ms
 99.990%    2.94ms
 99.999%    3.34ms
100.000%    3.34ms

  Detailed Percentile spectrum:
       Value   Percentile   TotalCount 1/(1-Percentile)

       0.128     0.000000            1         1.00
       0.606     0.100000        10011         1.11
       0.753     0.200000        19941         1.25
       0.886     0.300000        29866         1.43
       1.015     0.400000        39813         1.67
       1.147     0.500000        49793         2.00
       1.218     0.550000        54783         2.22
       1.291     0.600000        59712         2.50
       1.370     0.650000        64677         2.86
       1.456     0.700000        69665         3.33
       1.544     0.750000        74637         4.00
       1.589     0.775000        77152         4.44
       1.638     0.800000        79643         5.00
       1.691     0.825000        82117         5.71
       1.748     0.850000        84601         6.67
       1.811     0.875000        87092         8.00
       1.847     0.887500        88335         8.89
       1.884     0.900000        89555        10.00
       1.924     0.912500        90812        11.43
       1.970     0.925000        92042        13.33
       2.024     0.937500        93293        16.00
       2.057     0.943750        93936        17.78
       2.087     0.950000        94539        20.00
       2.123     0.956250        95161        22.86
       2.165     0.962500        95786        26.67
       2.209     0.968750        96395        32.00
       2.233     0.971875        96731        35.56
       2.257     0.975000        97024        40.00
       2.283     0.978125        97331        45.71
       2.311     0.981250        97637        53.33
       2.345     0.984375        97957        64.00
       2.361     0.985938        98108        71.11
       2.381     0.987500        98264        80.00
       2.405     0.989062        98422        91.43
       2.429     0.990625        98574       106.67
       2.455     0.992188        98735       128.00
       2.471     0.992969        98808       142.22
       2.487     0.993750        98885       160.00
       2.503     0.994531        98959       182.86
       2.523     0.995313        99037       213.33
       2.543     0.996094        99114       256.00
       2.559     0.996484        99154       284.44
       2.571     0.996875        99192       320.00
       2.583     0.997266        99229       365.71
       2.599     0.997656        99267       426.67
       2.621     0.998047        99306       512.00
       2.635     0.998242        99326       568.89
       2.645     0.998437        99345       640.00
       2.655     0.998633        99365       731.43
       2.673     0.998828        99385       853.33
       2.697     0.999023        99403      1024.00
       2.705     0.999121        99413      1137.78
       2.729     0.999219        99424      1280.00
       2.741     0.999316        99432      1462.86
       2.755     0.999414        99442      1706.67
       2.775     0.999512        99453      2048.00
       2.787     0.999561        99457      2275.56
       2.803     0.999609        99462      2560.00
       2.815     0.999658        99466      2925.71
       2.833     0.999707        99471      3413.33
       2.851     0.999756        99476      4096.00
       2.863     0.999780        99480      4551.11
       2.879     0.999805        99481      5120.00
       2.903     0.999829        99483      5851.43
       2.917     0.999854        99486      6826.67
       2.933     0.999878        99488      8192.00
       2.945     0.999890        99490      9102.22
       2.955     0.999902        99491     10240.00
       2.975     0.999915        99492     11702.86
       2.977     0.999927        99493     13653.33
       2.987     0.999939        99494     16384.00
       3.003     0.999945        99496     18204.44
       3.003     0.999951        99496     20480.00
       3.003     0.999957        99496     23405.71
       3.009     0.999963        99497     27306.67
       3.009     0.999969        99497     32768.00
       3.273     0.999973        99498     36408.89
       3.273     0.999976        99498     40960.00
       3.273     0.999979        99498     46811.43
       3.339     0.999982        99499     54613.33
       3.339     0.999985        99499     65536.00
       3.339     0.999986        99499     72817.78
       3.339     0.999988        99499     81920.00
       3.339     0.999989        99499     93622.86
       3.343     0.999991        99500    109226.67
       3.343     1.000000        99500          inf
#[Mean    =        1.204, StdDeviation   =        0.489]
#[Max     =        3.342, Total count    =        99500]
#[Buckets =           27, SubBuckets     =         2048]
----------------------------------------------------------
  119802 requests in 1.00m, 146.13MB read
Requests/sec:   1996.62
Transfer/sec:      2.44MB

--- metrics ---
requests=119802
duration_s=60.002437
bytes=153226258
rps=1996.62
p50_ms=1.147
p95_ms=2.087
p99_ms=2.419
p999_ms=2.697
err_connect=0
err_read=0
err_write=0
err_status=0
err_timeout=0
--- end ---
