Running 1m test @ http://127.0.0.1:8084/json
  2 threads and 100 connections
  Thread calibration: mean lat.: 1.269ms, rate sampling interval: 10ms
  Thread calibration: mean lat.: 1.719ms, rate sampling interval: 10ms
  Thread Stats   Avg      Stdev     Max   +/- Stdev
    Latency     1.49ms  686.66us   5.50ms   66.92%
    Req/Sec     1.05k     1.35k    5.55k    89.74%
  Latency Distribution (HdrHistogram - Recorded Latency)
 50.000%    1.41ms
 75.000%    1.89ms
 90.000%    2.45ms
 99.000%    3.30ms
 99.900%    4.07ms
 99.990%    5.16ms
 99.999%    5.42ms
100.000%    5.50ms

  Detailed Percentile spectrum:
       Value   Percentile   TotalCount 1/(1-Percentile)

       0.154     0.000000            1         1.00
       0.676     0.100000         9950         1.11
       0.849     0.200000        19903         1.25
       1.030     0.300000        29892         1.43
       1.223     0.400000        39803         1.67
       1.413     0.500000        49794         2.00
       1.501     0.550000        54747         2.22
       1.589     0.600000        59716         2.50
       1.678     0.650000        64693         2.86
       1.777     0.700000        69692         3.33
       1.892     0.750000        74647         4.00
       1.960     0.775000        77140         4.44
       2.036     0.800000        79623         5.00
       2.123     0.825000        82132         5.71
       2.215     0.850000        84579         6.67
       2.321     0.875000        87087         8.00
       2.383     0.887500        88325         8.89
       2.449     0.900000        89556        10.00
       2.527     0.912500        90810        11.43
       2.613     0.925000        92050        13.33
       2.705     0.937500        93324        16.00
       2.753     0.943750        93932        17.78
       2.799     0.950000        94546        20.00
       2.855     0.956250        95172        22.86
       2.913     0.962500        95769        26.67
       2.977     0.968750        96395        32.00
       3.015     0.971875        96725        35.56
       3.053     0.975000        97029        40.00
       3.093     0.978125        97324        45.71
       3.139     0.981250        97647        53.33
       3.187     0.984375        97956        64.00
       3.217     0.985938        98107        71.11
       3.245     0.987500        98261        80.00
       3.277     0.989062        98418        91.43
       3.315     0.990625        98568       106.67
       3.359     0.992188        98728       128.00
       3.385     0.992969        98803       142.22
       3.419     0.993750        98881       160.00
       3.455     0.994531        98959       182.86
       3.493     0.995313        99036       213.33
       3.545     0.996094        99112       256.00
       3.577     0.996484        99151       284.44
       3.619     0.996875        99190       320.00
       3.671     0.997266        99228       365.71
       3.733     0.997656        99267       426.67
       3.807     0.998047        99306       512.00
       3.851     0.998242        99326       568.89
       3.879     0.998437        99346       640.00
       3.921     0.998633        99364       731.43
       3.991     0.998828        99385       853.33
       4.089     0.999023        99404      1024.00
       4.147     0.999121        99414      1137.78
       4.199     0.999219        99423      1280.00
       4.267     0.999316        99432      1462.86
       4.327     0.999414        99443      1706.67
       4.435     0.999512        99452      2048.00
       4.467     0.999561        99457      2275.56
       4.515     0.999609        99462      2560.00
       4.575     0.999658        99466      2925.71
       4.635     0.999707        99471      3413.33
       4.779     0.999756        99476      4096.00
       4.871     0.999780        99479      4551.11
       4.927     0.999805        99481      5120.00
       4.971     0.999829        99483      5851.43
       5.003     0.999854        99486      6826.67
       5.031     0.999878        99488      8192.00
       5.159     0.999890        99490      9102.22
       5.195     0.999902        99491     10240.00
       5.251     0.999915        99492     11702.86
       5.295     0.999927        99493     13653.33
       5.335     0.999939        99495     16384.00
       5.335     0.999945        99495     18204.44
       5.343     0.999951        99496     20480.00
       5.343     0.999957        99496     23405.71
       5.371     0.999963        99497     27306.67
       5.371     0.999969        99497     32768.00
       5.403     0.999973        99498     36408.89
       5.403     0.999976        99498     40960.00
       5.403     0.999979        99498     46811.43
       5.423     0.999982        99499     54613.33
       5.423     0.999985        99499     65536.00
       5.423     0.999986        99499     72817.78
       5.423     0.999988        99499     81920.00
       5.423     0.999989        99499     93622.86
       5.499     0.999991        99500    109226.67
       5.499     1.000000        99500          inf
#[Mean    =        1.487, StdDeviation   =        0.687]
#[Max     =        5.496, Total count    =        99500]
#[Buckets =           27, SubBuckets     =         2048]
----------------------------------------------------------
  118905 requests in 1.00m, 128.59MB read
Requests/sec:   1981.65
Transfer/sec:      2.14MB

--- metrics ---
requests=118905
duration_s=60.002879
bytes=134838270
rps=1981.65
p50_ms=1.413
p95_ms=2.799
p99_ms=3.299
p999_ms=4.075
err_connect=0
err_read=0
err_write=0
err_status=0
err_timeout=0
--- end ---
