Running 1m test @ http://127.0.0.1:8080/file1m
  2 threads and 50 connections
  Thread calibration: mean lat.: 5.130ms, rate sampling interval: 10ms
  Thread calibration: mean lat.: 4.233ms, rate sampling interval: 10ms
  Thread Stats   Avg      Stdev     Max   +/- Stdev
    Latency     4.59ms    7.40ms  46.08ms   96.62%
    Req/Sec    26.00     69.81   400.00     86.81%
  Latency Distribution (HdrHistogram - Recorded Latency)
 50.000%    3.16ms
 75.000%    3.58ms
 90.000%    4.48ms
 99.000%   44.19ms
 99.900%   45.79ms
 99.990%   46.11ms
 99.999%   46.11ms
100.000%   46.11ms

  Detailed Percentile spectrum:
       Value   Percentile   TotalCount 1/(1-Percentile)

       1.558     0.000000            1         1.00
       2.411     0.100000          246         1.11
       2.655     0.200000          494         1.25
       2.849     0.300000          740         1.43
       3.013     0.400000          981         1.67
       3.157     0.500000         1226         2.00
       3.233     0.550000         1352         2.22
       3.297     0.600000         1474         2.50
       3.373     0.650000         1594         2.86
       3.473     0.700000         1718         3.33
       3.575     0.750000         1839         4.00
       3.667     0.775000         1901         4.44
       3.773     0.800000         1962         5.00
       3.915     0.825000         2024         5.71
       4.103     0.850000         2085         6.67
       4.279     0.875000         2146         8.00
       4.367     0.887500         2177         8.89
       4.483     0.900000         2207        10.00
       4.623     0.912500         2238        11.43
       4.739     0.925000         2269        13.33
       4.903     0.937500         2299        16.00
       4.955     0.943750         2315        17.78
       5.055     0.950000         2330        20.00
       5.167     0.956250         2345        22.86
       5.471     0.962500         2361        26.67
      42.911     0.968750         2376        32.00
      43.135     0.971875         2384        35.56
      43.487     0.975000         2391        40.00
      43.647     0.978125         2400        45.71
      43.807     0.981250         2407        53.33
      43.999     0.984375         2418        64.00
      43.999     0.985938         2418        71.11
      44.127     0.987500         2422        80.00
      44.191     0.989062         2428        91.43
      44.383     0.990625         2430       106.67
      44.671     0.992188         2436       128.00
      44.671     0.992969         2436       142.22
      44.703     0.993750         2437       160.00
      44.735     0.994531         2440       182.86
      44.767     0.995313         2441       213.33
      44.863     0.996094         2443       256.00
      44.895     0.996484         2444       284.44
      44.991     0.996875         2446       320.00
      44.991     0.997266         2446       365.71
      45.023     0.997656         2447       426.67
      45.087     0.998047         2448       512.00
      45.087     0.998242         2448       568.89
      45.695     0.998437         2449       640.00
      45.695     0.998633         2449       731.43
      45.791     0.998828         2450       853.33
      45.791     0.999023         2450      1024.00
      45.791     0.999121         2450      1137.78
      45.855     0.999219         2451      1280.00
      45.855     0.999316         2451      1462.86
      45.855     0.999414         2451      1706.67
      45.855     0.999512         2451      2048.00
      45.855     0.999561         2451      2275.56
      46.111     0.999609         2452      2560.00
      46.111     1.000000         2452          inf
#[Mean    =        4.594, StdDeviation   =        7.396]
#[Max     =       46.080, Total count    =         2452]
#[Buckets =           27, SubBuckets     =         2048]
----------------------------------------------------------
  3002 requests in 1.00m, 2.93GB read
Requests/sec:     50.03
Transfer/sec:     50.04MB

--- metrics ---
requests=3002
duration_s=60.003829
bytes=3148260442
rps=50.03
p50_ms=3.157
p95_ms=5.051
p99_ms=44.191
p999_ms=45.791
err_connect=0
err_read=0
err_write=0
err_status=0
err_timeout=0
--- end ---
