Running 1m test @ http://127.0.0.1:8080/file1m
  2 threads and 50 connections
  Thread calibration: mean lat.: 6.664ms, rate sampling interval: 22ms
  Thread calibration: mean lat.: 22.606ms, rate sampling interval: 69ms
  Thread Stats   Avg      Stdev     Max   +/- Stdev
    Latency    14.65ms   12.53ms  55.39ms   72.66%
    Req/Sec    24.87     70.72   367.00     89.65%
  Latency Distribution (HdrHistogram - Recorded Latency)
 50.000%   10.03ms
 75.000%   25.41ms
 90.000%   32.33ms
 99.000%   44.22ms
 99.900%   46.43ms
 99.990%   55.42ms
 99.999%   55.42ms
100.000%   55.42ms

  Detailed Percentile spectrum:
       Value   Percentile   TotalCount 1/(1-Percentile)

       1.582     0.000000            1         1.00
       2.419     0.100000          246         1.11
       2.881     0.200000          491         1.25
       3.497     0.300000          736         1.43
       5.927     0.400000          981         1.67
      10.031     0.500000         1226         2.00
      12.839     0.550000         1349         2.22
      16.087     0.600000         1472         2.50
      19.391     0.650000         1594         2.86
      22.479     0.700000         1717         3.33
      25.471     0.750000         1839         4.00
      26.991     0.775000         1901         4.44
      28.191     0.800000         1961         5.00
      29.215     0.825000         2023         5.71
      30.351     0.850000         2084         6.67
      31.231     0.875000         2145         8.00
      31.791     0.887500         2177         8.89
      32.335     0.900000         2206        10.00
      32.927     0.912500         2237        11.43
      33.599     0.925000         2268        13.33
      34.591     0.937500         2298        16.00
      35.679     0.943750         2315        17.78
      36.447     0.950000         2329        20.00
      38.303     0.956250         2344        22.86
      42.879     0.962500         2365        26.67
      43.135     0.968750         2376        32.00
      43.231     0.971875         2383        35.56
      43.423     0.975000         2390        40.00
      43.615     0.978125         2398        45.71
      43.839     0.981250         2410        53.33
      43.935     0.984375         2414        64.00
      43.999     0.985938         2417        71.11
      44.063     0.987500         2421        80.00
      44.191     0.989062         2425        91.43
      44.287     0.990625         2431       106.67
      44.319     0.992188         2432       128.00
      44.383     0.992969         2434       142.22
      44.863     0.993750         2436       160.00
      44.927     0.994531         2438       182.86
      44.959     0.995313         2440       213.33
      45.087     0.996094         2442       256.00
      45.151     0.996484         2445       284.44
      45.151     0.996875         2445       320.00
      45.151     0.997266         2445       365.71
      45.311     0.997656         2446       426.67
      45.631     0.998047         2447       512.00
      45.631     0.998242         2447       568.89
      46.015     0.998437         2448       640.00
      46.015     0.998633         2448       731.43
      46.431     0.998828         2449       853.33
      46.431     0.999023         2449      1024.00
      46.431     0.999121         2449      1137.78
      49.631     0.999219         2450      1280.00
      49.631     0.999316         2450      1462.86
      49.631     0.999414         2450      1706.67
      49.631     0.999512         2450      2048.00
      49.631     0.999561         2450      2275.56
      55.423     0.999609         2451      2560.00
      55.423     1.000000         2451          inf
#[Mean    =       14.645, StdDeviation   =       12.529]
#[Max     =       55.392, Total count    =         2451]
#[Buckets =           27, SubBuckets     =         2048]
----------------------------------------------------------
  2980 requests in 1.00m, 2.91GB read
Requests/sec:     49.66
Transfer/sec:     49.67MB

--- metrics ---
requests=2980
duration_s=60.010292
bytes=3125188580
rps=49.66
p50_ms=10.031
p95_ms=36.415
p99_ms=44.223
p999_ms=46.431
err_connect=0
err_read=0
err_write=0
err_status=0
err_timeout=0
--- end ---
