Running 1m test @ http://127.0.0.1:8084/json
  2 threads and 100 connections
  Thread calibration: mean lat.: 1.434ms, rate sampling interval: 10ms
  Thread calibration: mean lat.: 1.440ms, rate sampling interval: 10ms
  Thread Stats   Avg      Stdev     Max   +/- Stdev
    Latency     1.43ms  548.33us   8.24ms   65.39%
    Req/Sec     1.05k   146.10     1.67k    80.16%
  Latency Distribution (HdrHistogram - Recorded Latency)
 50.000%    1.37ms
 75.000%    1.81ms
 90.000%    2.18ms
 99.000%    2.71ms
 99.900%    3.63ms
 99.990%    6.06ms
 99.999%    6.77ms
100.000%    8.25ms

  Detailed Percentile spectrum:
       Value   Percentile   TotalCount 1/(1-Percentile)

       0.141     0.000000            1         1.00
       0.748     0.100000         9968         1.11
       0.925     0.200000        19939         1.25
       1.077     0.300000        29909         1.43
       1.224     0.400000        39857         1.67
       1.374     0.500000        49775         2.00
       1.453     0.550000        54749         2.22
       1.535     0.600000        59726         2.50
       1.620     0.650000        64738         2.86
       1.710     0.700000        69654         3.33
       1.806     0.750000        74632         4.00
       1.863     0.775000        77151         4.44
       1.919     0.800000        79612         5.00
       1.977     0.825000        82088         5.71
       2.039     0.850000        84610         6.67
       2.105     0.875000        87098         8.00
       2.141     0.887500        88357         8.89
       2.179     0.900000        89558        10.00
       2.219     0.912500        90835        11.43
       2.263     0.925000        92066        13.33
       2.313     0.937500        93334        16.00
       2.337     0.943750        93911        17.78
       2.367     0.950000        94575        20.00
       2.399     0.956250        95169        22.86
       2.433     0.962500        95774        26.67
       2.471     0.968750        96409        32.00
       2.493     0.971875        96714        35.56
       2.517     0.975000        97016        40.00
       2.543     0.978125        97328        45.71
       2.573     0.981250        97637        53.33
       2.613     0.984375        97954        64.00
       2.635     0.985938        98102        71.11
       2.661     0.987500        98257        80.00
       2.689     0.989062        98423        91.43
       2.723     0.990625        98570       106.67
       2.779     0.992188        98725       128.00
       2.809     0.992969        98806       142.22
       2.843     0.993750        98879       160.00
       2.887     0.994531        98957       182.86
       2.933     0.995313        99037       213.33
       2.999     0.996094        99114       256.00
       3.041     0.996484        99155       284.44
       3.075     0.996875        99191       320.00
       3.153     0.997266        99229       365.71
       3.223     0.997656        99267       426.67
       3.307     0.998047        99306       512.00
       3.361     0.998242        99326       568.89
       3.397     0.998437        99345       640.00
       3.477     0.998633        99364       731.43
       3.579     0.998828        99384       853.33
       3.649     0.999023        99403      1024.00
       3.701     0.999121        99413      1137.78
       3.761     0.999219        99423      1280.00
       3.803     0.999316        99432      1462.86
       3.943     0.999414        99443      1706.67
       4.135     0.999512        99452      2048.00
       4.195     0.999561        99457      2275.56
       4.271     0.999609        99462      2560.00
       4.383     0.999658        99467      2925.71
       4.519     0.999707        99471      3413.33
       4.619     0.999756        99476      4096.00
       4.935     0.999780        99479      4551.11
       5.251     0.999805        99481      5120.00
       5.731     0.999829        99483      5851.43
       5.923     0.999854        99487      6826.67
       6.019     0.999878        99488      8192.00
       6.059     0.999890        99490      9102.22
       6.075     0.999902        99491     10240.00
       6.111     0.999915        99492     11702.86
       6.207     0.999927        99493     13653.33
       6.299     0.999939        99494     16384.00
       6.379     0.999945        99495     18204.44
       6.383     0.999951        99496     20480.00
       6.383     0.999957        99496     23405.71
       6.659     0.999963        99497     27306.67
       6.659     0.999969        99497     32768.00
       6.675     0.999973        99498     36408.89
       6.675     0.999976        99498     40960.00
       6.675     0.999979        99498     46811.43
       6.767     0.999982        99499     54613.33
       6.767     0.999985        99499     65536.00
       6.767     0.999986        99499     72817.78
       6.767     0.999988        99499     81920.00
       6.767     0.999989        99499     93622.86
       8.247     0.999991        99500    109226.67
       8.247     1.000000        99500          inf
#[Mean    =        1.427, StdDeviation   =        0.548]
#[Max     =        8.240, Total count    =        99500]
#[Buckets =           27, SubBuckets     =         2048]
----------------------------------------------------------
  119804 requests in 1.00m, 129.56MB read
Requests/sec:   1996.66
Transfer/sec:      2.16MB

--- metrics ---
requests=119804
duration_s=60.002183
bytes=135857736
rps=1996.66
p50_ms=1.374
p95_ms=2.367
p99_ms=2.707
p999_ms=3.633
err_connect=0
err_read=0
err_write=0
err_status=0
err_timeout=0
--- end ---
