Running 1m test @ http://127.0.0.1:8082/file1m
  2 threads and 50 connections
  Thread calibration: mean lat.: 910.792ms, rate sampling interval: 2037ms
  Thread calibration: mean lat.: 912.519ms, rate sampling interval: 2038ms
  Thread Stats   Avg      Stdev     Max   +/- Stdev
    Latency   918.47ms  266.13ms   1.05s    92.02%
    Req/Sec    24.21      0.73    28.00     91.67%
  Latency Distribution (HdrHistogram - Recorded Latency)
 50.000%  995.84ms
 75.000%    1.01s 
 90.000%    1.02s 
 99.000%    1.05s 
 99.900%    1.05s 
 99.990%    1.06s 
 99.999%    1.06s 
100.000%    1.06s 

  Detailed Percentile spectrum:
       Value   Percentile   TotalCount 1/(1-Percentile)

       3.895     0.000000            1         1.00
     964.607     0.100000          258         1.11
     974.847     0.200000          502         1.25
     982.015     0.300000          749         1.43
     989.183     0.400000         1001         1.67
     995.839     0.500000         1229         2.00
     998.911     0.550000         1373         2.22
    1000.959     0.600000         1487         2.50
    1003.519     0.650000         1612         2.86
    1006.079     0.700000         1723         3.33
    1008.639     0.750000         1857         4.00
    1009.663     0.775000         1913         4.44
    1010.687     0.800000         1970         5.00
    1012.223     0.825000         2062         5.71
    1012.735     0.850000         2093         6.67
    1013.759     0.875000         2155         8.00
    1014.783     0.887500         2202         8.89
    1015.295     0.900000         2220        10.00
    1016.319     0.912500         2250        11.43
    1017.855     0.925000         2278        13.33
    1020.927     0.937500         2306        16.00
    1022.975     0.943750         2319        17.78
    1027.583     0.950000         2335        20.00
    1031.167     0.956250         2349        22.86
    1034.239     0.962500         2364        26.67
    1037.823     0.968750         2382        32.00
    1038.335     0.971875         2388        35.56
    1039.871     0.975000         2398        40.00
    1040.383     0.978125         2403        45.71
    1041.919     0.981250         2411        53.33
    1043.967     0.984375         2422        64.00
    1043.967     0.985938         2422        71.11
    1045.503     0.987500         2426        80.00
    1046.015     0.989062         2430        91.43
    1046.527     0.990625         2434       106.67
    1047.039     0.992188         2438       128.00
    1047.551     0.992969         2441       142.22
    1047.551     0.993750         2441       160.00
    1048.063     0.994531         2443       182.86
    1049.599     0.995313         2446       213.33
    1050.623     0.996094         2447       256.00
    1051.647     0.996484         2448       284.44
    1052.671     0.996875         2454       320.00
    1052.671     0.997266         2454       365.71
    1052.671     0.997656         2454       426.67
    1052.671     0.998047         2454       512.00
    1052.671     0.998242         2454       568.89
    1052.671     0.998437         2454       640.00
    1052.671     0.998633         2454       731.43
    1052.671     0.998828         2454       853.33
    1052.671     0.999023         2454      1024.00
    1052.671     0.999121         2454      1137.78
    1054.719     0.999219         2455      1280.00
    1054.719     0.999316         2455      1462.86
    1054.719     0.999414         2455      1706.67
    1054.719     0.999512         2455      2048.00
    1054.719     0.999561         2455      2275.56
    1055.743     0.999609         2456      2560.00
    1055.743     1.000000         2456          inf
#[Mean    =      918.465, StdDeviation   =      266.131]
#[Max     =     1054.720, Total count    =         2456]
#[Buckets =           27, SubBuckets     =         2048]
----------------------------------------------------------
  2956 requests in 1.00m, 2.89GB read
Requests/sec:     49.26
Transfer/sec:     49.26MB

--- metrics ---
requests=2956
duration_s=60.011320
bytes=3100057704
rps=49.26
p50_ms=995.839
p95_ms=1027.583
p99_ms=1046.527
p999_ms=1052.671
err_connect=0
err_read=0
err_write=0
err_status=0
err_timeout=0
--- end ---
