Running 1m test @ http://127.0.0.1:8081/file50k
  2 threads and 100 connections
  Thread calibration: mean lat.: 1.360ms, rate sampling interval: 10ms
  Thread calibration: mean lat.: 1.383ms, rate sampling interval: 10ms
  Thread Stats   Avg      Stdev     Max   +/- Stdev
    Latency     1.38ms  685.31us  40.67ms   93.37%
    Req/Sec   159.16     95.64   444.00     70.67%
  Latency Distribution (HdrHistogram - Recorded Latency)
 50.000%    1.36ms
 75.000%    1.62ms
 90.000%    1.86ms
 99.000%    2.38ms
 99.900%    2.70ms
 99.990%   35.39ms
 99.999%   40.70ms
100.000%   40.70ms

  Detailed Percentile spectrum:
       Value   Percentile   TotalCount 1/(1-Percentile)

       0.400     0.000000            1         1.00
       0.867     0.100000         1494         1.11
       1.025     0.200000         2982         1.25
       1.148     0.300000         4478         1.43
       1.259     0.400000         5977         1.67
       1.364     0.500000         7453         2.00
       1.414     0.550000         8211         2.22
       1.462     0.600000         8947         2.50
       1.509     0.650000         9690         2.86
       1.560     0.700000        10446         3.33
       1.618     0.750000        11178         4.00
       1.650     0.775000        11558         4.44
       1.681     0.800000        11929         5.00
       1.720     0.825000        12293         5.71
       1.760     0.850000        12666         6.67
       1.810     0.875000        13050         8.00
       1.835     0.887500        13228         8.89
       1.864     0.900000        13415        10.00
       1.900     0.912500        13597        11.43
       1.936     0.925000        13784        13.33
       1.983     0.937500        13969        16.00
       2.007     0.943750        14062        17.78
       2.036     0.950000        14161        20.00
       2.069     0.956250        14256        22.86
       2.101     0.962500        14346        26.67
       2.141     0.968750        14437        32.00
       2.167     0.971875        14482        35.56
       2.191     0.975000        14534        40.00
       2.215     0.978125        14577        45.71
       2.245     0.981250        14621        53.33
       2.283     0.984375        14668        64.00
       2.305     0.985938        14691        71.11
       2.331     0.987500        14716        80.00
       2.359     0.989062        14738        91.43
       2.385     0.990625        14761       106.67
       2.419     0.992188        14784       128.00
       2.437     0.992969        14798       142.22
       2.461     0.993750        14807       160.00
       2.495     0.994531        14819       182.86
       2.505     0.995313        14831       213.33
       2.527     0.996094        14842       256.00
       2.551     0.996484        14848       284.44
       2.577     0.996875        14855       320.00
       2.597     0.997266        14860       365.71
       2.627     0.997656        14867       426.67
       2.649     0.998047        14872       512.00
       2.655     0.998242        14874       568.89
       2.671     0.998437        14877       640.00
       2.681     0.998633        14880       731.43
       2.705     0.998828        14885       853.33
       2.713     0.999023        14886      1024.00
       2.739     0.999121        14887      1137.78
       2.971     0.999219        14889      1280.00
       6.903     0.999316        14890      1462.86
      12.119     0.999414        14892      1706.67
      12.311     0.999512        14893      2048.00
      13.863     0.999561        14894      2275.56
      16.431     0.999609        14895      2560.00
      16.431     0.999658        14895      2925.71
      21.967     0.999707        14896      3413.33
      23.135     0.999756        14897      4096.00
      23.135     0.999780        14897      4551.11
      23.231     0.999805        14898      5120.00
      23.231     0.999829        14898      5851.43
      23.231     0.999854        14898      6826.67
      35.391     0.999878        14899      8192.00
      35.391     0.999890        14899      9102.22
      35.391     0.999902        14899     10240.00
      35.391     0.999915        14899     11702.86
      35.391     0.999927        14899     13653.33
      40.703     0.999939        14900     16384.00
      40.703     1.000000        14900          inf
#[Mean    =        1.383, StdDeviation   =        0.685]
#[Max     =       40.672, Total count    =        14900]
#[Buckets =           27, SubBuckets     =         2048]
----------------------------------------------------------
  18002 requests in 1.00m, 0.86GB read
Requests/sec:    300.02
Transfer/sec:     14.69MB

--- metrics ---
requests=18002
duration_s=60.002413
bytes=924528714
rps=300.02
p50_ms=1.364
p95_ms=2.036
p99_ms=2.375
p999_ms=2.705
err_connect=0
err_read=0
err_write=0
err_status=0
err_timeout=0
--- end ---
