Running 1m test @ http://127.0.0.1:8081/file50k
  2 threads and 100 connections
  Thread calibration: mean lat.: 1.407ms, rate sampling interval: 10ms
  Thread calibration: mean lat.: 1.384ms, rate sampling interval: 10ms
  Thread Stats   Avg      Stdev     Max   +/- Stdev
    Latency     1.38ms  442.87us   3.20ms   67.08%
    Req/Sec   159.31     97.01   333.00     69.61%
  Latency Distribution (HdrHistogram - Recorded Latency)
 50.000%    1.37ms
 75.000%    1.67ms
 90.000%    1.96ms
 99.000%    2.46ms
 99.900%    2.79ms
 99.990%    3.12ms
 99.999%    3.20ms
100.000%    3.20ms

  Detailed Percentile spectrum:
       Value   Percentile   TotalCount 1/(1-Percentile)

       0.168     0.000000            1         1.00
       0.809     0.100000         1494         1.11
       0.974     0.200000         2982         1.25
       1.114     0.300000         4480         1.43
       1.242     0.400000         5964         1.67
       1.365     0.500000         7457         2.00
       1.424     0.550000         8201         2.22
       1.485     0.600000         8942         2.50
       1.550     0.650000         9696         2.86
       1.611     0.700000        10434         3.33
       1.671     0.750000        11183         4.00
       1.705     0.775000        11563         4.44
       1.741     0.800000        11926         5.00
       1.785     0.825000        12294         5.71
       1.836     0.850000        12667         6.67
       1.891     0.875000        13040         8.00
       1.925     0.887500        13226         8.89
       1.964     0.900000        13410        10.00
       2.002     0.912500        13597        11.43
       2.049     0.925000        13783        13.33
       2.099     0.937500        13975        16.00
       2.125     0.943750        14069        17.78
       2.157     0.950000        14162        20.00
       2.191     0.956250        14249        22.86
       2.229     0.962500        14342        26.67
       2.267     0.968750        14436        32.00
       2.281     0.971875        14482        35.56
       2.303     0.975000        14530        40.00
       2.325     0.978125        14575        45.71
       2.353     0.981250        14624        53.33
       2.387     0.984375        14674        64.00
       2.399     0.985938        14691        71.11
       2.417     0.987500        14715        80.00
       2.449     0.989062        14739        91.43
       2.477     0.990625        14762       106.67
       2.507     0.992188        14784       128.00
       2.519     0.992969        14796       142.22
       2.543     0.993750        14807       160.00
       2.559     0.994531        14819       182.86
       2.575     0.995313        14831       213.33
       2.611     0.996094        14844       256.00
       2.617     0.996484        14848       284.44
       2.659     0.996875        14854       320.00
       2.681     0.997266        14860       365.71
       2.705     0.997656        14866       426.67
       2.723     0.998047        14872       512.00
       2.751     0.998242        14875       568.89
       2.757     0.998437        14877       640.00
       2.769     0.998633        14880       731.43
       2.783     0.998828        14883       853.33
       2.799     0.999023        14886      1024.00
       2.803     0.999121        14887      1137.78
       2.825     0.999219        14889      1280.00
       2.831     0.999316        14890      1462.86
       2.897     0.999414        14892      1706.67
       2.935     0.999512        14893      2048.00
       3.003     0.999561        14894      2275.56
       3.007     0.999609        14895      2560.00
       3.007     0.999658        14895      2925.71
       3.031     0.999707        14896      3413.33
       3.047     0.999756        14897      4096.00
       3.047     0.999780        14897      4551.11
       3.057     0.999805        14898      5120.00
       3.057     0.999829        14898      5851.43
       3.057     0.999854        14898      6826.67
       3.115     0.999878        14899      8192.00
       3.115     0.999890        14899      9102.22
       3.115     0.999902        14899     10240.00
       3.115     0.999915        14899     11702.86
       3.115     0.999927        14899     13653.33
       3.199     0.999939        14900     16384.00
       3.199     1.000000        14900          inf
#[Mean    =        1.378, StdDeviation   =        0.443]
#[Max     =        3.198, Total count    =        14900]
#[Buckets =           27, SubBuckets     =         2048]
----------------------------------------------------------
  18002 requests in 1.00m, 0.86GB read
Requests/sec:    300.02
Transfer/sec:     14.69MB

--- metrics ---
requests=18002
duration_s=60.002760
bytes=924528714
rps=300.02
p50_ms=1.365
p95_ms=2.157
p99_ms=2.463
p999_ms=2.789
err_connect=0
err_read=0
err_write=0
err_status=0
err_timeout=0
--- end ---
