Running 1m test @ http://127.0.0.1:8080/file50k
  2 threads and 100 connections
  Thread calibration: mean lat.: 1.772ms, rate sampling interval: 10ms
  Thread calibration: mean lat.: 3.660ms, rate sampling interval: 10ms
  Thread Stats   Avg      Stdev     Max   +/- Stdev
    Latency     2.34ms    1.19ms  23.18ms   73.67%
    Req/Sec   156.71    548.07     5.55k    97.67%
  Latency Distribution (HdrHistogram - Recorded Latency)
 50.000%    1.97ms
 75.000%    2.98ms
 90.000%    4.05ms
 99.000%    5.90ms
 99.900%    7.16ms
 99.990%   13.36ms
 99.999%   23.20ms
100.000%   23.20ms

  Detailed Percentile spectrum:
       Value   Percentile   TotalCount 1/(1-Percentile)

       0.450     0.000000            1         1.00
       1.160     0.100000         1495         1.11
       1.393     0.200000         2986         1.25
       1.591     0.300000         4471         1.43
       1.785     0.400000         5969         1.67
       1.965     0.500000         7454         2.00
       2.087     0.550000         8200         2.22
       2.239     0.600000         8943         2.50
       2.427     0.650000         9685         2.86
       2.679     0.700000        10431         3.33
       2.983     0.750000        11176         4.00
       3.141     0.775000        11552         4.44
       3.309     0.800000        11920         5.00
       3.473     0.825000        12293         5.71
       3.647     0.850000        12665         6.67
       3.845     0.875000        13039         8.00
       3.941     0.887500        13230         8.89
       4.049     0.900000        13411        10.00
       4.183     0.912500        13605        11.43
       4.331     0.925000        13791        13.33
       4.487     0.937500        13970        16.00
       4.579     0.943750        14063        17.78
       4.691     0.950000        14155        20.00
       4.835     0.956250        14251        22.86
       4.983     0.962500        14343        26.67
       5.147     0.968750        14439        32.00
       5.231     0.971875        14481        35.56
       5.327     0.975000        14528        40.00
       5.427     0.978125        14576        45.71
       5.515     0.981250        14621        53.33
       5.631     0.984375        14668        64.00
       5.699     0.985938        14692        71.11
       5.767     0.987500        14715        80.00
       5.843     0.989062        14738        91.43
       5.987     0.990625        14761       106.67
       6.111     0.992188        14784       128.00
       6.163     0.992969        14797       142.22
       6.211     0.993750        14807       160.00
       6.311     0.994531        14819       182.86
       6.415     0.995313        14833       213.33
       6.531     0.996094        14843       256.00
       6.567     0.996484        14848       284.44
       6.587     0.996875        14854       320.00
       6.707     0.997266        14860       365.71
       6.803     0.997656        14866       426.67
       6.875     0.998047        14871       512.00
       6.923     0.998242        14874       568.89
       7.003     0.998437        14877       640.00
       7.035     0.998633        14880       731.43
       7.103     0.998828        14883       853.33
       7.223     0.999023        14886      1024.00
       7.299     0.999121        14887      1137.78
       7.451     0.999219        14889      1280.00
       7.459     0.999316        14890      1462.86
       7.587     0.999414        14892      1706.67
       7.603     0.999512        14893      2048.00
       7.735     0.999561        14894      2275.56
       7.811     0.999609        14895      2560.00
       7.811     0.999658        14895      2925.71
       8.303     0.999707        14896      3413.33
       8.703     0.999756        14897      4096.00
       8.703     0.999780        14897      4551.11
       8.919     0.999805        14898      5120.00
       8.919     0.999829        14898      5851.43
       8.919     0.999854        14898      6826.67
      13.359     0.999878        14899      8192.00
      13.359     0.999890        14899      9102.22
      13.359     0.999902        14899     10240.00
      13.359     0.999915        14899     11702.86
      13.359     0.999927        14899     13653.33
      23.199     0.999939        14900     16384.00
      23.199     1.000000        14900          inf
#[Mean    =        2.342, StdDeviation   =        1.188]
#[Max     =       23.184, Total count    =        14900]
#[Buckets =           27, SubBuckets     =         2048]
----------------------------------------------------------
  17855 requests in 1.00m, 0.85GB read
Requests/sec:    297.56
Transfer/sec:     14.57MB

--- metrics ---
requests=17855
duration_s=60.003793
bytes=916729265
rps=297.56
p50_ms=1.965
p95_ms=4.691
p99_ms=5.903
p999_ms=7.159
err_connect=0
err_read=0
err_write=0
err_status=0
err_timeout=0
--- end ---
