Running 1m test @ http://127.0.0.1:8080/json
  2 threads and 100 connections
  Thread calibration: mean lat.: 1.262ms, rate sampling interval: 10ms
  Thread calibration: mean lat.: 1.295ms, rate sampling interval: 10ms
  Thread Stats   Avg      Stdev     Max   +/- Stdev
    Latency     1.28ms  467.98us   3.68ms   67.69%
    Req/Sec     1.05k   137.60     1.67k    76.25%
  Latency Distribution (HdrHistogram - Recorded Latency)
 50.000%    1.22ms
 75.000%    1.57ms
 90.000%    1.93ms
 99.000%    2.57ms
 99.900%    2.89ms
 99.990%    3.28ms
 99.999%    3.56ms
100.000%    3.68ms

  Detailed Percentile spectrum:
       Value   Percentile   TotalCount 1/(1-Percentile)

       0.218     0.000000            1         1.00
       0.730     0.100000         9978         1.11
       0.863     0.200000        19921         1.25
       0.983     0.300000        29882         1.43
       1.100     0.400000        39805         1.67
       1.220     0.500000        49750         2.00
       1.283     0.550000        54786         2.22
       1.346     0.600000        59712         2.50
       1.416     0.650000        64685         2.86
       1.492     0.700000        69665         3.33
       1.571     0.750000        74636         4.00
       1.617     0.775000        77147         4.44
       1.668     0.800000        79602         5.00
       1.719     0.825000        82088         5.71
       1.779     0.850000        84576         6.67
       1.848     0.875000        87082         8.00
       1.887     0.887500        88318         8.89
       1.927     0.900000        89563        10.00
       1.974     0.912500        90823        11.43
       2.024     0.925000        92039        13.33
       2.085     0.937500        93304        16.00
       2.119     0.943750        93923        17.78
       2.153     0.950000        94527        20.00
       2.193     0.956250        95169        22.86
       2.243     0.962500        95792        26.67
       2.301     0.968750        96392        32.00
       2.333     0.971875        96709        35.56
       2.369     0.975000        97014        40.00
       2.415     0.978125        97339        45.71
       2.455     0.981250        97646        53.33
       2.493     0.984375        97962        64.00
       2.513     0.985938        98108        71.11
       2.535     0.987500        98262        80.00
       2.557     0.989062        98418        91.43
       2.581     0.990625        98572       106.67
       2.609     0.992188        98724       128.00
       2.623     0.992969        98810       142.22
       2.639     0.993750        98882       160.00
       2.657     0.994531        98963       182.86
       2.677     0.995313        99034       213.33
       2.695     0.996094        99115       256.00
       2.705     0.996484        99155       284.44
       2.719     0.996875        99194       320.00
       2.733     0.997266        99228       365.71
       2.753     0.997656        99269       426.67
       2.779     0.998047        99309       512.00
       2.795     0.998242        99327       568.89
       2.819     0.998437        99345       640.00
       2.851     0.998633        99367       731.43
       2.869     0.998828        99384       853.33
       2.897     0.999023        99404      1024.00
       2.913     0.999121        99413      1137.78
       2.933     0.999219        99424      1280.00
       2.947     0.999316        99432      1462.86
       2.965     0.999414        99442      1706.67
       3.009     0.999512        99452      2048.00
       3.033     0.999561        99457      2275.56
       3.069     0.999609        99462      2560.00
       3.087     0.999658        99466      2925.71
       3.133     0.999707        99471      3413.33
       3.155     0.999756        99476      4096.00
       3.185     0.999780        99479      4551.11
       3.195     0.999805        99481      5120.00
       3.217     0.999829        99483      5851.43
       3.241     0.999854        99486      6826.67
       3.247     0.999878        99488      8192.00
       3.279     0.999890        99490      9102.22
       3.289     0.999902        99491     10240.00
       3.329     0.999915        99492     11702.86
       3.337     0.999927        99493     13653.33
       3.353     0.999939        99494     16384.00
       3.399     0.999945        99495     18204.44
       3.453     0.999951        99496     20480.00
       3.453     0.999957        99496     23405.71
       3.471     0.999963        99497     27306.67
       3.471     0.999969        99497     32768.00
       3.519     0.999973        99498     36408.89
       3.519     0.999976        99498     40960.00
       3.519     0.999979        99498     46811.43
       3.555     0.999982        99499     54613.33
       3.555     0.999985        99499     65536.00
       3.555     0.999986        99499     72817.78
       3.555     0.999988        99499     81920.00
       3.555     0.999989        99499     93622.86
       3.685     0.999991        99500    109226.67
       3.685     1.000000        99500          inf
#[Mean    =        1.282, StdDeviation   =        0.468]
#[Max     =        3.684, Total count    =        99500]
#[Buckets =           27, SubBuckets     =         2048]
----------------------------------------------------------
  119802 requests in 1.00m, 132.30MB read
Requests/sec:   1996.65
Transfer/sec:      2.21MB

--- metrics ---
requests=119802
duration_s=60.001625
bytes=138730716
rps=1996.65
p50_ms=1.220
p95_ms=2.153
p99_ms=2.573
p999_ms=2.895
err_connect=0
err_read=0
err_write=0
err_status=0
err_timeout=0
--- end ---
