Running 1m test @ http://127.0.0.1:8082/file50k
  2 threads and 100 connections
  Thread calibration: mean lat.: 244.085ms, rate sampling interval: 635ms
  Thread calibration: mean lat.: 243.799ms, rate sampling interval: 636ms
  Thread Stats   Avg      Stdev     Max   +/- Stdev
    Latency   244.92ms   59.62ms 334.34ms   68.71%
    Req/Sec   149.89     12.05   157.00     78.85%
  Latency Distribution (HdrHistogram - Recorded Latency)
 50.000%  247.81ms
 75.000%  291.58ms
 90.000%  317.95ms
 99.000%  333.31ms
 99.900%  334.08ms
 99.990%  334.59ms
 99.999%  334.59ms
100.000%  334.59ms

  Detailed Percentile spectrum:
       Value   Percentile   TotalCount 1/(1-Percentile)

       1.275     0.000000            1         1.00
     179.071     0.100000         1504         1.11
     195.967     0.200000         2981         1.25
     213.247     0.300000         4479         1.43
     230.399     0.400000         5966         1.67
     247.807     0.500000         7459         2.00
     257.407     0.550000         8221         2.22
     265.215     0.600000         8952         2.50
     274.431     0.650000         9699         2.86
     282.879     0.700000        10439         3.33
     291.583     0.750000        11176         4.00
     295.679     0.775000        11564         4.44
     300.287     0.800000        11930         5.00
     304.895     0.825000        12310         5.71
     308.735     0.850000        12670         6.67
     312.575     0.875000        13045         8.00
     315.391     0.887500        13225         8.89
     317.951     0.900000        13412        10.00
     319.231     0.912500        13601        11.43
     322.303     0.925000        13812        13.33
     323.327     0.937500        13978        16.00
     325.631     0.943750        14091        17.78
     326.143     0.950000        14187        20.00
     326.655     0.956250        14277        22.86
     328.959     0.962500        14367        26.67
     329.471     0.968750        14470        32.00
     329.727     0.971875        14523        35.56
     329.983     0.975000        14567        40.00
     330.239     0.978125        14586        45.71
     332.543     0.981250        14626        53.33
     333.055     0.984375        14718        64.00
     333.055     0.985938        14718        71.11
     333.055     0.987500        14718        80.00
     333.311     0.989062        14794        91.43
     333.311     0.990625        14794       106.67
     333.311     0.992188        14794       128.00
     333.567     0.992969        14853       142.22
     333.567     0.993750        14853       160.00
     333.567     0.994531        14853       182.86
     333.567     0.995313        14853       213.33
     333.567     0.996094        14853       256.00
     333.567     0.996484        14853       284.44
     333.823     0.996875        14882       320.00
     333.823     0.997266        14882       365.71
     333.823     0.997656        14882       426.67
     333.823     0.998047        14882       512.00
     333.823     0.998242        14882       568.89
     333.823     0.998437        14882       640.00
     333.823     0.998633        14882       731.43
     334.079     0.998828        14892       853.33
     334.079     0.999023        14892      1024.00
     334.079     0.999121        14892      1137.78
     334.079     0.999219        14892      1280.00
     334.079     0.999316        14892      1462.86
     334.079     0.999414        14892      1706.67
     334.335     0.999512        14898      2048.00
     334.335     0.999561        14898      2275.56
     334.335     0.999609        14898      2560.00
     334.335     0.999658        14898      2925.71
     334.335     0.999707        14898      3413.33
     334.335     0.999756        14898      4096.00
     334.335     0.999780        14898      4551.11
     334.335     0.999805        14898      5120.00
     334.335     0.999829        14898      5851.43
     334.335     0.999854        14898      6826.67
     334.591     0.999878        14900      8192.00
     334.591     1.000000        14900          inf
#[Mean    =      244.921, StdDeviation   =       59.621]
#[Max     =      334.336, Total count    =        14900]
#[Buckets =           27, SubBuckets     =         2048]
----------------------------------------------------------
  17904 requests in 1.00m, 0.86GB read
Requests/sec:    298.38
Transfer/sec:     14.61MB

--- metrics ---
requests=17904
duration_s=60.004372
bytes=919477824
rps=298.38
p50_ms=247.807
p95_ms=326.143
p99_ms=333.311
p999_ms=334.079
err_connect=0
err_read=0
err_write=0
err_status=0
err_timeout=0
--- end ---
