Running 1m test @ http://127.0.0.1:8083/file1m
  2 threads and 50 connections
  Thread calibration: mean lat.: 2.692ms, rate sampling interval: 10ms
  Thread calibration: mean lat.: 2.478ms, rate sampling interval: 10ms
  Thread Stats   Avg      Stdev     Max   +/- Stdev
    Latency     2.61ms  480.75us   4.82ms   69.35%
    Req/Sec    25.82     68.48   300.00     87.21%
  Latency Distribution (HdrHistogram - Recorded Latency)
 50.000%    2.58ms
 75.000%    2.90ms
 90.000%    3.26ms
 99.000%    3.91ms
 99.900%    4.46ms
 99.990%    4.82ms
 99.999%    4.82ms
100.000%    4.82ms

  Detailed Percentile spectrum:
       Value   Percentile   TotalCount 1/(1-Percentile)

       1.204     0.000000            1         1.00
       2.016     0.100000          245         1.11
       2.195     0.200000          490         1.25
       2.331     0.300000          737         1.43
       2.473     0.400000          981         1.67
       2.583     0.500000         1226         2.00
       2.651     0.550000         1352         2.22
       2.705     0.600000         1470         2.50
       2.771     0.650000         1599         2.86
       2.835     0.700000         1716         3.33
       2.901     0.750000         1843         4.00
       2.939     0.775000         1900         4.44
       2.985     0.800000         1963         5.00
       3.029     0.825000         2022         5.71
       3.093     0.850000         2083         6.67
       3.165     0.875000         2144         8.00
       3.199     0.887500         2176         8.89
       3.255     0.900000         2207        10.00
       3.295     0.912500         2236        11.43
       3.357     0.925000         2267        13.33
       3.401     0.937500         2297        16.00
       3.427     0.943750         2313        17.78
       3.465     0.950000         2329        20.00
       3.507     0.956250         2345        22.86
       3.559     0.962500         2359        26.67
       3.593     0.968750         2375        32.00
       3.613     0.971875         2382        35.56
       3.643     0.975000         2390        40.00
       3.693     0.978125         2397        45.71
       3.725     0.981250         2405        53.33
       3.773     0.984375         2412        64.00
       3.813     0.985938         2416        71.11
       3.871     0.987500         2421        80.00
       3.887     0.989062         2424        91.43
       3.923     0.990625         2428       106.67
       3.991     0.992188         2431       128.00
       4.023     0.992969         2433       142.22
       4.047     0.993750         2435       160.00
       4.065     0.994531         2438       182.86
       4.067     0.995313         2439       213.33
       4.135     0.996094         2441       256.00
       4.159     0.996484         2442       284.44
       4.183     0.996875         2443       320.00
       4.203     0.997266         2444       365.71
       4.239     0.997656         2445       426.67
       4.263     0.998047         2446       512.00
       4.263     0.998242         2446       568.89
       4.383     0.998437         2447       640.00
       4.383     0.998633         2447       731.43
       4.463     0.998828         2449       853.33
       4.463     0.999023         2449      1024.00
       4.463     0.999121         2449      1137.78
       4.463     0.999219         2449      1280.00
       4.463     0.999316         2449      1462.86
       4.463     0.999414         2449      1706.67
       4.463     0.999512         2449      2048.00
       4.463     0.999561         2449      2275.56
       4.823     0.999609         2450      2560.00
       4.823     1.000000         2450          inf
#[Mean    =        2.613, StdDeviation   =        0.481]
#[Max     =        4.820, Total count    =         2450]
#[Buckets =           27, SubBuckets     =         2048]
----------------------------------------------------------
  3002 requests in 1.00m, 2.93GB read
Requests/sec:     50.03
Transfer/sec:     50.04MB

--- metrics ---
requests=3002
duration_s=60.003769
bytes=3148632690
rps=50.03
p50_ms=2.583
p95_ms=3.465
p99_ms=3.915
p999_ms=4.463
err_connect=0
err_read=0
err_write=0
err_status=0
err_timeout=0
--- end ---
