Running 1m test @ http://127.0.0.1:18081/json
  2 threads and 100 connections
  Thread calibration: mean lat.: 1.374ms, rate sampling interval: 10ms
  Thread calibration: mean lat.: 1.707ms, rate sampling interval: 10ms
  Thread Stats   Avg      Stdev     Max   +/- Stdev
    Latency     1.54ms  670.84us   7.95ms   71.96%
    Req/Sec     1.06k     1.31k    5.55k    89.44%
  Latency Distribution (HdrHistogram - Recorded Latency)
 50.000%    1.43ms
 75.000%    1.88ms
 90.000%    2.42ms
 99.000%    3.68ms
 99.900%    5.05ms
 99.990%    6.32ms
 99.999%    7.72ms
100.000%    7.95ms

  Detailed Percentile spectrum:
       Value   Percentile   TotalCount 1/(1-Percentile)

       0.196     0.000000            1         1.00
       0.804     0.100000         9994         1.11
       0.974     0.200000        19957         1.25
       1.125     0.300000        29906         1.43
       1.272     0.400000        39860         1.67
       1.426     0.500000        49780         2.00
       1.505     0.550000        54768         2.22
       1.589     0.600000        59720         2.50
       1.679     0.650000        64715         2.86
       1.775     0.700000        69666         3.33
       1.884     0.750000        74668         4.00
       1.947     0.775000        77115         4.44
       2.017     0.800000        79612         5.00
       2.097     0.825000        82119         5.71
       2.189     0.850000        84597         6.67
       2.297     0.875000        87068         8.00
       2.355     0.887500        88319         8.89
       2.421     0.900000        89587        10.00
       2.485     0.912500        90826        11.43
       2.559     0.925000        92048        13.33
       2.641     0.937500        93285        16.00
       2.689     0.943750        93923        17.78
       2.739     0.950000        94530        20.00
       2.809     0.956250        95163        22.86
       2.895     0.962500        95773        26.67
       3.011     0.968750        96398        32.00
       3.081     0.971875        96705        35.56
       3.149     0.975000        97013        40.00
       3.231     0.978125        97330        45.71
       3.323     0.981250        97636        53.33
       3.425     0.984375        97946        64.00
       3.485     0.985938        98107        71.11
       3.543     0.987500        98259        80.00
       3.623     0.989062        98413        91.43
       3.723     0.990625        98570       106.67
       3.845     0.992188        98724       128.00
       3.913     0.992969        98801       142.22
       3.973     0.993750        98880       160.00
       4.063     0.994531        98956       182.86
       4.155     0.995313        99034       213.33
       4.267     0.996094        99114       256.00
       4.323     0.996484        99152       284.44
       4.383     0.996875        99193       320.00
       4.447     0.997266        99228       365.71
       4.551     0.997656        99267       426.67
       4.639     0.998047        99306       512.00
       4.699     0.998242        99326       568.89
       4.755     0.998437        99346       640.00
       4.855     0.998633        99364       731.43
       4.951     0.998828        99385       853.33
       5.051     0.999023        99403      1024.00
       5.107     0.999121        99413      1137.78
       5.159     0.999219        99423      1280.00
       5.271     0.999316        99434      1462.86
       5.315     0.999414        99442      1706.67
       5.455     0.999512        99452      2048.00
       5.575     0.999561        99458      2275.56
       5.631     0.999609        99462      2560.00
       5.735     0.999658        99466      2925.71
       5.883     0.999707        99471      3413.33
       5.991     0.999756        99478      4096.00
       6.007     0.999780        99479      4551.11
       6.067     0.999805        99482      5120.00
       6.083     0.999829        99483      5851.43
       6.207     0.999854        99486      6826.67
       6.279     0.999878        99488      8192.00
       6.315     0.999890        99490      9102.22
       6.403     0.999902        99491     10240.00
       6.447     0.999915        99492     11702.86
       6.603     0.999927        99493     13653.33
       6.663     0.999939        99494     16384.00
       6.779     0.999945        99495     18204.44
       6.967     0.999951        99496     20480.00
       6.967     0.999957        99496     23405.71
       7.075     0.999963        99497     27306.67
       7.075     0.999969        99497     32768.00
       7.367     0.999973        99498     36408.89
       7.367     0.999976        99498     40960.00
       7.367     0.999979        99498     46811.43
       7.723     0.999982        99499     54613.33
       7.723     0.999985        99499     65536.00
       7.723     0.999986        99499     72817.78
       7.723     0.999988        99499     81920.00
       7.723     0.999989        99499     93622.86
       7.955     0.999991        99500    109226.67
       7.955     1.000000        99500          inf
#[Mean    =        1.537, StdDeviation   =        0.671]
#[Max     =        7.952, Total count    =        99500]
#[Buckets =           27, SubBuckets     =         2048]
----------------------------------------------------------
  118904 requests in 1.00m, 131.31MB read
Requests/sec:   1981.65
Transfer/sec:      2.19MB

--- metrics ---
requests=118904
duration_s=60.002382
bytes=137690832
rps=1981.65
p50_ms=1.426
p95_ms=2.739
p99_ms=3.679
p999_ms=5.047
err_connect=0
err_read=0
err_write=0
err_status=0
err_timeout=0
--- end ---
