Running 1m test @ http://127.0.0.1:8081/json
  2 threads and 100 connections
  Thread calibration: mean lat.: 1.263ms, rate sampling interval: 10ms
  Thread calibration: mean lat.: 1.151ms, rate sampling interval: 10ms
  Thread Stats   Avg      Stdev     Max   +/- Stdev
    Latency     1.20ms  516.00us   3.19ms   63.33%
    Req/Sec     1.05k   150.22     1.67k    79.80%
  Latency Distribution (HdrHistogram - Recorded Latency)
 50.000%    1.10ms
 75.000%    1.58ms
 90.000%    1.95ms
 99.000%    2.37ms
 99.900%    2.57ms
 99.990%    2.77ms
 99.999%    3.07ms
100.000%    3.19ms

  Detailed Percentile spectrum:
       Value   Percentile   TotalCount 1/(1-Percentile)

       0.162     0.000000            1         1.00
       0.586     0.100000         9987         1.11
       0.715     0.200000        19953         1.25
       0.833     0.300000        29874         1.43
       0.959     0.400000        39828         1.67
       1.103     0.500000        49788         2.00
       1.187     0.550000        54773         2.22
       1.277     0.600000        59719         2.50
       1.372     0.650000        64679         2.86
       1.475     0.700000        69655         3.33
       1.584     0.750000        74638         4.00
       1.643     0.775000        77124         4.44
       1.704     0.800000        79604         5.00
       1.764     0.825000        82088         5.71
       1.824     0.850000        84588         6.67
       1.888     0.875000        87074         8.00
       1.920     0.887500        88320         8.89
       1.954     0.900000        89551        10.00
       1.990     0.912500        90826        11.43
       2.029     0.925000        92038        13.33
       2.075     0.937500        93321        16.00
       2.099     0.943750        93905        17.78
       2.129     0.950000        94541        20.00
       2.157     0.956250        95158        22.86
       2.191     0.962500        95802        26.67
       2.225     0.968750        96415        32.00
       2.245     0.971875        96740        35.56
       2.261     0.975000        97025        40.00
       2.281     0.978125        97338        45.71
       2.301     0.981250        97637        53.33
       2.327     0.984375        97971        64.00
       2.339     0.985938        98124        71.11
       2.351     0.987500        98262        80.00
       2.365     0.989062        98428        91.43
       2.379     0.990625        98580       106.67
       2.397     0.992188        98725       128.00
       2.407     0.992969        98807       142.22
       2.417     0.993750        98891       160.00
       2.429     0.994531        98969       182.86
       2.443     0.995313        99044       213.33
       2.463     0.996094        99121       256.00
       2.469     0.996484        99151       284.44
       2.481     0.996875        99194       320.00
       2.493     0.997266        99232       365.71
       2.505     0.997656        99273       426.67
       2.517     0.998047        99310       512.00
       2.527     0.998242        99330       568.89
       2.535     0.998437        99349       640.00
       2.545     0.998633        99365       731.43
       2.559     0.998828        99384       853.33
       2.571     0.999023        99405      1024.00
       2.587     0.999121        99415      1137.78
       2.597     0.999219        99425      1280.00
       2.609     0.999316        99433      1462.86
       2.619     0.999414        99444      1706.67
       2.629     0.999512        99452      2048.00
       2.643     0.999561        99457      2275.56
       2.655     0.999609        99463      2560.00
       2.659     0.999658        99466      2925.71
       2.667     0.999707        99471      3413.33
       2.673     0.999756        99476      4096.00
       2.685     0.999780        99479      4551.11
       2.705     0.999805        99482      5120.00
       2.707     0.999829        99483      5851.43
       2.711     0.999854        99486      6826.67
       2.715     0.999878        99488      8192.00
       2.765     0.999890        99490      9102.22
       2.783     0.999902        99491     10240.00
       2.815     0.999915        99492     11702.86
       2.835     0.999927        99493     13653.33
       2.841     0.999939        99494     16384.00
       2.847     0.999945        99495     18204.44
       2.977     0.999951        99496     20480.00
       2.977     0.999957        99496     23405.71
       3.007     0.999963        99497     27306.67
       3.007     0.999969        99497     32768.00
       3.063     0.999973        99498     36408.89
       3.063     0.999976        99498     40960.00
       3.063     0.999979        99498     46811.43
       3.073     0.999982        99499     54613.33
       3.073     0.999985        99499     65536.00
       3.073     0.999986        99499     72817.78
       3.073     0.999988        99499     81920.00
       3.073     0.999989        99499     93622.86
       3.187     0.999991        99500    109226.67
       3.187     1.000000        99500          inf
#[Mean    =        1.196, StdDeviation   =        0.516]
#[Max     =        3.186, Total count    =        99500]
#[Buckets =           27, SubBuckets     =         2048]
----------------------------------------------------------
  119803 requests in 1.00m, 134.02MB read
Requests/sec:   1996.61
Transfer/sec:      2.23MB

--- metrics ---
requests=119803
duration_s=60.003170
bytes=140528919
rps=1996.61
p50_ms=1.103
p95_ms=2.129
p99_ms=2.373
p999_ms=2.569
err_connect=0
err_read=0
err_write=0
err_status=0
err_timeout=0
--- end ---
