Running 1m test @ http://127.0.0.1:8080/file1m
  2 threads and 50 connections
  Thread calibration: mean lat.: 4.465ms, rate sampling interval: 10ms
  Thread calibration: mean lat.: 5.216ms, rate sampling interval: 10ms
  Thread Stats   Avg      Stdev     Max   +/- Stdev
    Latency     4.18ms    5.90ms  45.95ms   97.88%
    Req/Sec    25.94     69.45   400.00     86.93%
  Latency Distribution (HdrHistogram - Recorded Latency)
 50.000%    3.28ms
 75.000%    3.77ms
 90.000%    4.47ms
 99.000%   43.90ms
 99.900%   45.53ms
 99.990%   45.98ms
 99.999%   45.98ms
100.000%   45.98ms

  Detailed Percentile spectrum:
       Value   Percentile   TotalCount 1/(1-Percentile)

       1.592     0.000000            1         1.00
       2.425     0.100000          247         1.11
       2.685     0.200000          492         1.25
       2.907     0.300000          738         1.43
       3.107     0.400000          981         1.67
       3.281     0.500000         1227         2.00
       3.367     0.550000         1356         2.22
       3.449     0.600000         1473         2.50
       3.549     0.650000         1595         2.86
       3.653     0.700000         1719         3.33
       3.773     0.750000         1841         4.00
       3.839     0.775000         1901         4.44
       3.945     0.800000         1963         5.00
       4.057     0.825000         2023         5.71
       4.167     0.850000         2085         6.67
       4.295     0.875000         2147         8.00
       4.359     0.887500         2178         8.89
       4.475     0.900000         2207        10.00
       4.555     0.912500         2239        11.43
       4.695     0.925000         2270        13.33
       4.851     0.937500         2299        16.00
       4.959     0.943750         2316        17.78
       5.023     0.950000         2331        20.00
       5.103     0.956250         2345        22.86
       5.255     0.962500         2361        26.67
       5.427     0.968750         2377        32.00
       5.543     0.971875         2384        35.56
       5.647     0.975000         2391        40.00
       6.147     0.978125         2399        45.71
      43.167     0.981250         2407        53.33
      43.327     0.984375         2414        64.00
      43.423     0.985938         2420        71.11
      43.583     0.987500         2422        80.00
      43.871     0.989062         2426        91.43
      44.063     0.990625         2430       106.67
      44.191     0.992188         2433       128.00
      44.255     0.992969         2435       142.22
      44.319     0.993750         2437       160.00
      44.479     0.994531         2439       182.86
      44.575     0.995313         2441       213.33
      44.607     0.996094         2444       256.00
      44.607     0.996484         2444       284.44
      44.703     0.996875         2445       320.00
      44.767     0.997266         2446       365.71
      44.799     0.997656         2447       426.67
      44.831     0.998047         2448       512.00
      44.831     0.998242         2448       568.89
      45.247     0.998437         2449       640.00
      45.247     0.998633         2449       731.43
      45.535     0.998828         2450       853.33
      45.535     0.999023         2450      1024.00
      45.535     0.999121         2450      1137.78
      45.695     0.999219         2451      1280.00
      45.695     0.999316         2451      1462.86
      45.695     0.999414         2451      1706.67
      45.695     0.999512         2451      2048.00
      45.695     0.999561         2451      2275.56
      45.983     0.999609         2452      2560.00
      45.983     1.000000         2452          inf
#[Mean    =        4.181, StdDeviation   =        5.899]
#[Max     =       45.952, Total count    =         2452]
#[Buckets =           27, SubBuckets     =         2048]
----------------------------------------------------------
  3002 requests in 1.00m, 2.93GB read
Requests/sec:     50.03
Transfer/sec:     50.04MB

--- metrics ---
requests=3002
duration_s=60.006010
bytes=3148260442
rps=50.03
p50_ms=3.281
p95_ms=5.015
p99_ms=43.903
p999_ms=45.535
err_connect=0
err_read=0
err_write=0
err_status=0
err_timeout=0
--- end ---
