Running 1m test @ http://127.0.0.1:8083/json
  2 threads and 100 connections
  Thread calibration: mean lat.: 1.270ms, rate sampling interval: 10ms
  Thread calibration: mean lat.: 1.651ms, rate sampling interval: 10ms
  Thread Stats   Avg      Stdev     Max   +/- Stdev
    Latency     1.49ms  693.29us   8.26ms   71.78%
    Req/Sec     1.05k     1.33k    5.55k    89.49%
  Latency Distribution (HdrHistogram - Recorded Latency)
 50.000%    1.38ms
 75.000%    1.87ms
 90.000%    2.37ms
 99.000%    3.71ms
 99.900%    4.41ms
 99.990%    6.80ms
 99.999%    8.18ms
100.000%    8.27ms

  Detailed Percentile spectrum:
       Value   Percentile   TotalCount 1/(1-Percentile)

       0.156     0.000000            1         1.00
       0.712     0.100000         9964         1.11
       0.889     0.200000        19933         1.25
       1.048     0.300000        29885         1.43
       1.211     0.400000        39861         1.67
       1.377     0.500000        49753         2.00
       1.467     0.550000        54769         2.22
       1.565     0.600000        59714         2.50
       1.663     0.650000        64675         2.86
       1.763     0.700000        69652         3.33
       1.866     0.750000        74630         4.00
       1.922     0.775000        77115         4.44
       1.985     0.800000        79652         5.00
       2.055     0.825000        82112         5.71
       2.143     0.850000        84616         6.67
       2.245     0.875000        87068         8.00
       2.305     0.887500        88316         8.89
       2.367     0.900000        89589        10.00
       2.433     0.912500        90797        11.43
       2.515     0.925000        92057        13.33
       2.617     0.937500        93285        16.00
       2.681     0.943750        93907        17.78
       2.763     0.950000        94526        20.00
       2.857     0.956250        95154        22.86
       2.973     0.962500        95775        26.67
       3.097     0.968750        96392        32.00
       3.167     0.971875        96711        35.56
       3.247     0.975000        97017        40.00
       3.339     0.978125        97332        45.71
       3.423     0.981250        97644        53.33
       3.515     0.984375        97955        64.00
       3.559     0.985938        98102        71.11
       3.613     0.987500        98260        80.00
       3.673     0.989062        98415        91.43
       3.741     0.990625        98571       106.67
       3.815     0.992188        98729       128.00
       3.849     0.992969        98804       142.22
       3.893     0.993750        98882       160.00
       3.945     0.994531        98959       182.86
       4.011     0.995313        99034       213.33
       4.093     0.996094        99113       256.00
       4.127     0.996484        99152       284.44
       4.179     0.996875        99192       320.00
       4.215     0.997266        99230       365.71
       4.255     0.997656        99267       426.67
       4.295     0.998047        99309       512.00
       4.319     0.998242        99326       568.89
       4.339     0.998437        99346       640.00
       4.359     0.998633        99365       731.43
       4.383     0.998828        99385       853.33
       4.411     0.999023        99404      1024.00
       4.435     0.999121        99417      1137.78
       4.447     0.999219        99423      1280.00
       4.455     0.999316        99432      1462.86
       4.499     0.999414        99442      1706.67
       4.543     0.999512        99453      2048.00
       4.571     0.999561        99457      2275.56
       4.599     0.999609        99463      2560.00
       4.619     0.999658        99466      2925.71
       4.683     0.999707        99471      3413.33
       4.783     0.999756        99476      4096.00
       5.423     0.999780        99479      4551.11
       5.455     0.999805        99481      5120.00
       5.703     0.999829        99483      5851.43
       6.291     0.999854        99486      6826.67
       6.559     0.999878        99488      8192.00
       6.795     0.999890        99490      9102.22
       7.187     0.999902        99491     10240.00
       7.223     0.999915        99492     11702.86
       7.243     0.999927        99493     13653.33
       7.335     0.999939        99494     16384.00
       7.511     0.999945        99495     18204.44
       7.543     0.999951        99496     20480.00
       7.543     0.999957        99496     23405.71
       7.815     0.999963        99497     27306.67
       7.815     0.999969        99497     32768.00
       7.847     0.999973        99498     36408.89
       7.847     0.999976        99498     40960.00
       7.847     0.999979        99498     46811.43
       8.179     0.999982        99499     54613.33
       8.179     0.999985        99499     65536.00
       8.179     0.999986        99499     72817.78
       8.179     0.999988        99499     81920.00
       8.179     0.999989        99499     93622.86
       8.271     0.999991        99500    109226.67
       8.271     1.000000        99500          inf
#[Mean    =        1.486, StdDeviation   =        0.693]
#[Max     =        8.264, Total count    =        99500]
#[Buckets =           27, SubBuckets     =         2048]
----------------------------------------------------------
  118902 requests in 1.00m, 145.03MB read
Requests/sec:   1979.64
Transfer/sec:      2.41MB

--- metrics ---
requests=118902
duration_s=60.062309
bytes=152075158
rps=1979.64
p50_ms=1.377
p95_ms=2.763
p99_ms=3.711
p999_ms=4.407
err_connect=0
err_read=0
err_write=0
err_status=0
err_timeout=0
--- end ---
