Running 1m test @ http://127.0.0.1:8082/file1m
  2 threads and 50 connections
  Thread calibration: mean lat.: 949.652ms, rate sampling interval: 2006ms
  Thread calibration: mean lat.: 950.862ms, rate sampling interval: 2008ms
  Thread Stats   Avg      Stdev     Max   +/- Stdev
    Latency   952.99ms  193.53ms   1.01s    96.00%
    Req/Sec    24.00      0.00    24.00    100.00%
  Latency Distribution (HdrHistogram - Recorded Latency)
 50.000%  992.26ms
 75.000%  998.91ms
 90.000%    1.00s 
 99.000%    1.01s 
 99.900%    1.01s 
 99.990%    1.01s 
 99.999%    1.01s 
100.000%    1.01s 

  Detailed Percentile spectrum:
       Value   Percentile   TotalCount 1/(1-Percentile)

       3.139     0.000000            1         1.00
     981.503     0.100000          261         1.11
     984.575     0.200000          522         1.25
     987.135     0.300000          776         1.43
     989.695     0.400000         1015         1.67
     992.255     0.500000         1251         2.00
     993.279     0.550000         1351         2.22
     994.815     0.600000         1490         2.50
     996.351     0.650000         1627         2.86
     997.887     0.700000         1753         3.33
     998.911     0.750000         1854         4.00
     999.935     0.775000         1943         4.44
    1000.447     0.800000         2002         5.00
    1000.959     0.825000         2056         5.71
    1001.471     0.850000         2102         6.67
    1001.983     0.875000         2146         8.00
    1002.495     0.887500         2191         8.89
    1003.007     0.900000         2258        10.00
    1003.007     0.912500         2258        11.43
    1003.519     0.925000         2308        13.33
    1003.519     0.937500         2308        16.00
    1004.031     0.943750         2356        17.78
    1004.031     0.950000         2356        20.00
    1004.031     0.956250         2356        22.86
    1004.543     0.962500         2402        26.67
    1004.543     0.968750         2402        32.00
    1004.543     0.971875         2402        35.56
    1004.543     0.975000         2402        40.00
    1004.543     0.978125         2402        45.71
    1005.055     0.981250         2421        53.33
    1005.055     0.984375         2421        64.00
    1005.055     0.985938         2421        71.11
    1005.055     0.987500         2421        80.00
    1005.567     0.989062         2439        91.43
    1005.567     0.990625         2439       106.67
    1005.567     0.992188         2439       128.00
    1005.567     0.992969         2439       142.22
    1005.567     0.993750         2439       160.00
    1005.567     0.994531         2439       182.86
    1005.567     0.995313         2439       213.33
    1006.079     0.996094         2450       256.00
    1006.079     1.000000         2450          inf
#[Mean    =      952.991, StdDeviation   =      193.526]
#[Max     =     1005.568, Total count    =         2450]
#[Buckets =           27, SubBuckets     =         2048]
----------------------------------------------------------
  2954 requests in 1.00m, 2.89GB read
Requests/sec:     49.23
Transfer/sec:     49.23MB

--- metrics ---
requests=2954
duration_s=60.008307
bytes=3097960236
rps=49.23
p50_ms=992.255
p95_ms=1004.031
p99_ms=1005.567
p999_ms=1006.079
err_connect=0
err_read=0
err_write=0
err_status=0
err_timeout=0
--- end ---
