Running 1m test @ http://127.0.0.1:8082/json
  2 threads and 100 connections
  Thread calibration: mean lat.: 299.420ms, rate sampling interval: 814ms
  Thread calibration: mean lat.: 300.003ms, rate sampling interval: 815ms
  Thread Stats   Avg      Stdev     Max   +/- Stdev
    Latency     1.11s   299.74ms   1.54s    54.27%
    Req/Sec     0.98k    38.08     1.03k    63.93%
  Latency Distribution (HdrHistogram - Recorded Latency)
 50.000%    1.03s 
 75.000%    1.45s 
 90.000%    1.49s 
 99.000%    1.52s 
 99.900%    1.53s 
 99.990%    1.54s 
 99.999%    1.54s 
100.000%    1.54s 

  Detailed Percentile spectrum:
       Value   Percentile   TotalCount 1/(1-Percentile)

     408.063     0.000000            2         1.00
     658.431     0.100000         9774         1.11
     917.503     0.200000        19511         1.25
     955.391     0.300000        29359         1.43
     990.719     0.400000        39013         1.67
    1027.071     0.500000        48831         2.00
    1055.743     0.550000        53646         2.22
    1190.911     0.600000        58522         2.50
    1319.935     0.650000        63429         2.86
    1420.287     0.700000        68297         3.33
    1447.935     0.750000        73295         4.00
    1456.127     0.775000        75736         4.44
    1463.295     0.800000        78272         5.00
    1470.463     0.825000        80775         5.71
    1477.631     0.850000        82911         6.67
    1484.799     0.875000        85376         8.00
    1487.871     0.887500        86563         8.89
    1491.967     0.900000        88065        10.00
    1495.039     0.912500        89085        11.43
    1499.135     0.925000        90380        13.33
    1503.231     0.937500        91777        16.00
    1504.255     0.943750        92135        17.78
    1506.303     0.950000        92861        20.00
    1508.351     0.956250        93513        22.86
    1510.399     0.962500        94074        26.67
    1512.447     0.968750        94566        32.00
    1513.471     0.971875        94798        35.56
    1515.519     0.975000        95246        40.00
    1516.543     0.978125        95468        45.71
    1518.591     0.981250        95855        53.33
    1519.615     0.984375        96059        64.00
    1520.639     0.985938        96207        71.11
    1521.663     0.987500        96358        80.00
    1522.687     0.989062        96514        91.43
    1523.711     0.990625        96648       106.67
    1525.759     0.992188        96887       128.00
    1525.759     0.992969        96887       142.22
    1526.783     0.993750        96996       160.00
    1527.807     0.994531        97102       182.86
    1527.807     0.995313        97102       213.33
    1528.831     0.996094        97195       256.00
    1528.831     0.996484        97195       284.44
    1529.855     0.996875        97272       320.00
    1529.855     0.997266        97272       365.71
    1530.879     0.997656        97338       426.67
    1531.903     0.998047        97392       512.00
    1531.903     0.998242        97392       568.89
    1531.903     0.998437        97392       640.00
    1532.927     0.998633        97428       731.43
    1532.927     0.998828        97428       853.33
    1533.951     0.999023        97454      1024.00
    1533.951     0.999121        97454      1137.78
    1533.951     0.999219        97454      1280.00
    1534.975     0.999316        97480      1462.86
    1534.975     0.999414        97480      1706.67
    1535.999     0.999512        97492      2048.00
    1535.999     0.999561        97492      2275.56
    1535.999     0.999609        97492      2560.00
    1537.023     0.999658        97500      2925.71
    1538.047     0.999707        97512      3413.33
    1538.047     0.999756        97512      4096.00
    1538.047     0.999780        97512      4551.11
    1538.047     0.999805        97512      5120.00
    1539.071     0.999829        97519      5851.43
    1539.071     0.999854        97519      6826.67
    1539.071     0.999878        97519      8192.00
    1540.095     0.999890        97524      9102.22
    1540.095     0.999902        97524     10240.00
    1540.095     0.999915        97524     11702.86
    1540.095     0.999927        97524     13653.33
    1541.119     0.999939        97528     16384.00
    1541.119     0.999945        97528     18204.44
    1541.119     0.999951        97528     20480.00
    1541.119     0.999957        97528     23405.71
    1541.119     0.999963        97528     27306.67
    1541.119     0.999969        97528     32768.00
    1541.119     0.999973        97528     36408.89
    1541.119     0.999976        97528     40960.00
    1541.119     0.999979        97528     46811.43
    1542.143     0.999982        97530     54613.33
    1542.143     1.000000        97530          inf
#[Mean    =     1110.889, StdDeviation   =      299.735]
#[Max     =     1541.120, Total count    =        97530]
#[Buckets =           27, SubBuckets     =         2048]
----------------------------------------------------------
  116930 requests in 1.00m, 130.58MB read
Requests/sec:   1948.81
Transfer/sec:      2.18MB

--- metrics ---
requests=116930
duration_s=60.000617
bytes=136925030
rps=1948.81
p50_ms=1027.071
p95_ms=1506.303
p99_ms=1523.711
p999_ms=1533.951
err_connect=0
err_read=0
err_write=0
err_status=0
err_timeout=0
--- end ---
