Running 1m test @ http://127.0.0.1:8084/json
  2 threads and 100 connections
  Thread calibration: mean lat.: 1.249ms, rate sampling interval: 10ms
  Thread calibration: mean lat.: 1.930ms, rate sampling interval: 10ms
  Thread Stats   Avg      Stdev     Max   +/- Stdev
    Latency     1.57ms  792.81us  17.26ms   74.11%
    Req/Sec     1.05k     1.38k    5.55k    89.79%
  Latency Distribution (HdrHistogram - Recorded Latency)
 50.000%    1.46ms
 75.000%    1.95ms
 90.000%    2.51ms
 99.000%    4.05ms
 99.900%    6.52ms
 99.990%    9.49ms
 99.999%   17.22ms
100.000%   17.28ms

  Detailed Percentile spectrum:
       Value   Percentile   TotalCount 1/(1-Percentile)

       0.078     0.000000            1         1.00
       0.698     0.100000         9955         1.11
       0.915     0.200000        19907         1.25
       1.107     0.300000        29885         1.43
       1.287     0.400000        39840         1.67
       1.463     0.500000        49807         2.00
       1.551     0.550000        54773         2.22
       1.641     0.600000        59716         2.50
       1.736     0.650000        64706         2.86
       1.837     0.700000        69663         3.33
       1.954     0.750000        74635         4.00
       2.018     0.775000        77123         4.44
       2.089     0.800000        79612         5.00
       2.169     0.825000        82094         5.71
       2.261     0.850000        84597         6.67
       2.369     0.875000        87087         8.00
       2.433     0.887500        88307         8.89
       2.513     0.900000        89581        10.00
       2.607     0.912500        90822        11.43
       2.717     0.925000        92047        13.33
       2.851     0.937500        93284        16.00
       2.927     0.943750        93913        17.78
       3.005     0.950000        94533        20.00
       3.091     0.956250        95149        22.86
       3.187     0.962500        95773        26.67
       3.309     0.968750        96395        32.00
       3.383     0.971875        96703        35.56
       3.461     0.975000        97019        40.00
       3.543     0.978125        97330        45.71
       3.643     0.981250        97635        53.33
       3.769     0.984375        97950        64.00
       3.837     0.985938        98104        71.11
       3.911     0.987500        98257        80.00
       4.003     0.989062        98413        91.43
       4.099     0.990625        98571       106.67
       4.231     0.992188        98727       128.00
       4.303     0.992969        98804       142.22
       4.395     0.993750        98882       160.00
       4.479     0.994531        98957       182.86
       4.607     0.995313        99035       213.33
       4.743     0.996094        99113       256.00
       4.823     0.996484        99151       284.44
       4.927     0.996875        99191       320.00
       5.123     0.997266        99228       365.71
       5.335     0.997656        99268       426.67
       5.663     0.998047        99306       512.00
       5.787     0.998242        99326       568.89
       5.939     0.998437        99348       640.00
       6.095     0.998633        99364       731.43
       6.323     0.998828        99384       853.33
       6.563     0.999023        99403      1024.00
       6.807     0.999121        99413      1137.78
       6.919     0.999219        99423      1280.00
       7.031     0.999316        99432      1462.86
       7.191     0.999414        99442      1706.67
       7.307     0.999512        99452      2048.00
       7.383     0.999561        99457      2275.56
       7.443     0.999609        99462      2560.00
       7.511     0.999658        99466      2925.71
       7.559     0.999707        99471      3413.33
       7.699     0.999756        99476      4096.00
       7.803     0.999780        99479      4551.11
       7.939     0.999805        99481      5120.00
       8.083     0.999829        99483      5851.43
       8.415     0.999854        99486      6826.67
       9.247     0.999878        99488      8192.00
       9.495     0.999890        99490      9102.22
      10.359     0.999902        99491     10240.00
      10.711     0.999915        99492     11702.86
      11.239     0.999927        99493     13653.33
      11.903     0.999939        99494     16384.00
      12.431     0.999945        99495     18204.44
      16.863     0.999951        99496     20480.00
      16.863     0.999957        99496     23405.71
      17.039     0.999963        99497     27306.67
      17.039     0.999969        99497     32768.00
      17.151     0.999973        99498     36408.89
      17.151     0.999976        99498     40960.00
      17.151     0.999979        99498     46811.43
      17.215     0.999982        99499     54613.33
      17.215     0.999985        99499     65536.00
      17.215     0.999986        99499     72817.78
      17.215     0.999988        99499     81920.00
      17.215     0.999989        99499     93622.86
      17.279     0.999991        99500    109226.67
      17.279     1.000000        99500          inf
#[Mean    =        1.567, StdDeviation   =        0.793]
#[Max     =       17.264, Total count    =        99500]
#[Buckets =           27, SubBuckets     =         2048]
----------------------------------------------------------
  118904 requests in 1.00m, 128.59MB read
Requests/sec:   1975.57
Transfer/sec:      2.14MB

--- metrics ---
requests=118904
duration_s=60.187334
bytes=134837136
rps=1975.57
p50_ms=1.463
p95_ms=3.005
p99_ms=4.051
p999_ms=6.523
err_connect=0
err_read=0
err_write=0
err_status=0
err_timeout=0
--- end ---
