Running 1m test @ http://127.0.0.1:8083/file1m
  2 threads and 50 connections
  Thread calibration: mean lat.: 2.795ms, rate sampling interval: 10ms
  Thread calibration: mean lat.: 2.764ms, rate sampling interval: 10ms
  Thread Stats   Avg      Stdev     Max   +/- Stdev
    Latency     2.84ms  576.10us   4.62ms   64.61%
    Req/Sec    25.83     68.83   333.00     87.29%
  Latency Distribution (HdrHistogram - Recorded Latency)
 50.000%    2.79ms
 75.000%    3.26ms
 90.000%    3.63ms
 99.000%    4.22ms
 99.900%    4.61ms
 99.990%    4.63ms
 99.999%    4.63ms
100.000%    4.63ms

  Detailed Percentile spectrum:
       Value   Percentile   TotalCount 1/(1-Percentile)

       1.080     0.000000            1         1.00
       2.093     0.100000          245         1.11
       2.317     0.200000          491         1.25
       2.495     0.300000          735         1.43
       2.649     0.400000          985         1.67
       2.791     0.500000         1227         2.00
       2.869     0.550000         1352         2.22
       2.935     0.600000         1472         2.50
       3.025     0.650000         1594         2.86
       3.129     0.700000         1718         3.33
       3.259     0.750000         1840         4.00
       3.309     0.775000         1901         4.44
       3.361     0.800000         1963         5.00
       3.415     0.825000         2022         5.71
       3.479     0.850000         2083         6.67
       3.549     0.875000         2145         8.00
       3.589     0.887500         2175         8.89
       3.635     0.900000         2205        10.00
       3.683     0.912500         2236        11.43
       3.733     0.925000         2267        13.33
       3.795     0.937500         2298        16.00
       3.829     0.943750         2314        17.78
       3.845     0.950000         2328        20.00
       3.891     0.956250         2343        22.86
       3.927     0.962500         2359        26.67
       3.991     0.968750         2374        32.00
       4.025     0.971875         2382        35.56
       4.043     0.975000         2390        40.00
       4.069     0.978125         2397        45.71
       4.119     0.981250         2405        53.33
       4.155     0.984375         2412        64.00
       4.175     0.985938         2416        71.11
       4.183     0.987500         2421        80.00
       4.195     0.989062         2425        91.43
       4.235     0.990625         2428       106.67
       4.263     0.992188         2431       128.00
       4.279     0.992969         2433       142.22
       4.303     0.993750         2435       160.00
       4.319     0.994531         2437       182.86
       4.355     0.995313         2439       213.33
       4.375     0.996094         2441       256.00
       4.415     0.996484         2442       284.44
       4.419     0.996875         2444       320.00
       4.419     0.997266         2444       365.71
       4.439     0.997656         2445       426.67
       4.455     0.998047         2446       512.00
       4.455     0.998242         2446       568.89
       4.515     0.998437         2447       640.00
       4.515     0.998633         2447       731.43
       4.615     0.998828         2449       853.33
       4.615     0.999023         2449      1024.00
       4.615     0.999121         2449      1137.78
       4.615     0.999219         2449      1280.00
       4.615     0.999316         2449      1462.86
       4.615     0.999414         2449      1706.67
       4.615     0.999512         2449      2048.00
       4.615     0.999561         2449      2275.56
       4.627     0.999609         2450      2560.00
       4.627     1.000000         2450          inf
#[Mean    =        2.839, StdDeviation   =        0.576]
#[Max     =        4.624, Total count    =         2450]
#[Buckets =           27, SubBuckets     =         2048]
----------------------------------------------------------
  3002 requests in 1.00m, 2.93GB read
Requests/sec:     50.03
Transfer/sec:     50.04MB

--- metrics ---
requests=3002
duration_s=60.004451
bytes=3148632690
rps=50.03
p50_ms=2.791
p95_ms=3.845
p99_ms=4.223
p999_ms=4.615
err_connect=0
err_read=0
err_write=0
err_status=0
err_timeout=0
--- end ---
