Running 1m test @ http://127.0.0.1:8081/file1m
  2 threads and 50 connections
  Thread calibration: mean lat.: 2.862ms, rate sampling interval: 10ms
  Thread calibration: mean lat.: 3.025ms, rate sampling interval: 10ms
  Thread Stats   Avg      Stdev     Max   +/- Stdev
    Latency     2.90ms  571.83us   5.91ms   69.02%
    Req/Sec    26.02     69.43   333.00     87.13%
  Latency Distribution (HdrHistogram - Recorded Latency)
 50.000%    2.88ms
 75.000%    3.25ms
 90.000%    3.66ms
 99.000%    4.31ms
 99.900%    5.28ms
 99.990%    5.91ms
 99.999%    5.91ms
100.000%    5.91ms

  Detailed Percentile spectrum:
       Value   Percentile   TotalCount 1/(1-Percentile)

       1.321     0.000000            1         1.00
       2.203     0.100000          245         1.11
       2.415     0.200000          492         1.25
       2.593     0.300000          735         1.43
       2.745     0.400000          981         1.67
       2.879     0.500000         1225         2.00
       2.939     0.550000         1352         2.22
       3.013     0.600000         1474         2.50
       3.081     0.650000         1595         2.86
       3.165     0.700000         1718         3.33
       3.251     0.750000         1839         4.00
       3.287     0.775000         1899         4.44
       3.339     0.800000         1961         5.00
       3.411     0.825000         2022         5.71
       3.499     0.850000         2087         6.67
       3.565     0.875000         2144         8.00
       3.619     0.887500         2175         8.89
       3.661     0.900000         2205        10.00
       3.715     0.912500         2237        11.43
       3.765     0.925000         2268        13.33
       3.829     0.937500         2297        16.00
       3.871     0.943750         2313        17.78
       3.891     0.950000         2328        20.00
       3.921     0.956250         2344        22.86
       3.967     0.962500         2359        26.67
       4.029     0.968750         2374        32.00
       4.061     0.971875         2382        35.56
       4.107     0.975000         2389        40.00
       4.135     0.978125         2397        45.71
       4.179     0.981250         2405        53.33
       4.223     0.984375         2412        64.00
       4.239     0.985938         2416        71.11
       4.259     0.987500         2420        80.00
       4.303     0.989062         2424        91.43
       4.323     0.990625         2428       106.67
       4.363     0.992188         2431       128.00
       4.427     0.992969         2434       142.22
       4.431     0.993750         2435       160.00
       4.443     0.994531         2437       182.86
       4.507     0.995313         2439       213.33
       4.715     0.996094         2441       256.00
       4.735     0.996484         2442       284.44
       4.875     0.996875         2443       320.00
       4.903     0.997266         2444       365.71
       4.963     0.997656         2445       426.67
       4.987     0.998047         2446       512.00
       4.987     0.998242         2446       568.89
       5.143     0.998437         2447       640.00
       5.143     0.998633         2447       731.43
       5.283     0.998828         2448       853.33
       5.283     0.999023         2448      1024.00
       5.283     0.999121         2448      1137.78
       5.331     0.999219         2449      1280.00
       5.331     0.999316         2449      1462.86
       5.331     0.999414         2449      1706.67
       5.331     0.999512         2449      2048.00
       5.331     0.999561         2449      2275.56
       5.911     0.999609         2450      2560.00
       5.911     1.000000         2450          inf
#[Mean    =        2.902, StdDeviation   =        0.572]
#[Max     =        5.908, Total count    =         2450]
#[Buckets =           27, SubBuckets     =         2048]
----------------------------------------------------------
  3002 requests in 1.00m, 2.93GB read
Requests/sec:     50.03
Transfer/sec:     50.04MB

--- metrics ---
requests=3002
duration_s=60.004721
bytes=3148302470
rps=50.03
p50_ms=2.879
p95_ms=3.891
p99_ms=4.311
p999_ms=5.283
err_connect=0
err_read=0
err_write=0
err_status=0
err_timeout=0
--- end ---
