Running 1m test @ http://127.0.0.1:8083/json
  2 threads and 100 connections
  Thread calibration: mean lat.: 1.218ms, rate sampling interval: 10ms
  Thread calibration: mean lat.: 1.135ms, rate sampling interval: 10ms
  Thread Stats   Avg      Stdev     Max   +/- Stdev
    Latency     1.18ms  505.89us   3.13ms   65.56%
    Req/Sec     1.05k   160.41     1.67k    82.68%
  Latency Distribution (HdrHistogram - Recorded Latency)
 50.000%    1.10ms
 75.000%    1.54ms
 90.000%    1.90ms
 99.000%    2.44ms
 99.900%    2.69ms
 99.990%    2.91ms
 99.999%    3.05ms
100.000%    3.13ms

  Detailed Percentile spectrum:
       Value   Percentile   TotalCount 1/(1-Percentile)

       0.153     0.000000            1         1.00
       0.579     0.100000         9980         1.11
       0.723     0.200000        19970         1.25
       0.844     0.300000        29877         1.43
       0.964     0.400000        39876         1.67
       1.096     0.500000        49811         2.00
       1.167     0.550000        54744         2.22
       1.246     0.600000        59728         2.50
       1.336     0.650000        64714         2.86
       1.435     0.700000        69666         3.33
       1.539     0.750000        74650         4.00
       1.592     0.775000        77113         4.44
       1.648     0.800000        79634         5.00
       1.704     0.825000        82119         5.71
       1.762     0.850000        84581         6.67
       1.825     0.875000        87073         8.00
       1.860     0.887500        88329         8.89
       1.896     0.900000        89568        10.00
       1.937     0.912500        90812        11.43
       1.981     0.925000        92047        13.33
       2.035     0.937500        93293        16.00
       2.067     0.943750        93945        17.78
       2.097     0.950000        94533        20.00
       2.139     0.956250        95163        22.86
       2.179     0.962500        95785        26.67
       2.229     0.968750        96399        32.00
       2.255     0.971875        96718        35.56
       2.283     0.975000        97022        40.00
       2.309     0.978125        97325        45.71
       2.339     0.981250        97645        53.33
       2.373     0.984375        97954        64.00
       2.391     0.985938        98108        71.11
       2.413     0.987500        98275        80.00
       2.431     0.989062        98418        91.43
       2.453     0.990625        98572       106.67
       2.477     0.992188        98726       128.00
       2.491     0.992969        98805       142.22
       2.507     0.993750        98879       160.00
       2.525     0.994531        98963       182.86
       2.541     0.995313        99037       213.33
       2.565     0.996094        99115       256.00
       2.573     0.996484        99151       284.44
       2.585     0.996875        99192       320.00
       2.595     0.997266        99234       365.71
       2.609     0.997656        99268       426.67
       2.623     0.998047        99307       512.00
       2.635     0.998242        99329       568.89
       2.649     0.998437        99345       640.00
       2.663     0.998633        99365       731.43
       2.679     0.998828        99386       853.33
       2.695     0.999023        99406      1024.00
       2.703     0.999121        99413      1137.78
       2.715     0.999219        99424      1280.00
       2.729     0.999316        99435      1462.86
       2.739     0.999414        99444      1706.67
       2.753     0.999512        99452      2048.00
       2.761     0.999561        99458      2275.56
       2.771     0.999609        99462      2560.00
       2.777     0.999658        99466      2925.71
       2.787     0.999707        99472      3413.33
       2.809     0.999756        99476      4096.00
       2.829     0.999780        99479      4551.11
       2.845     0.999805        99481      5120.00
       2.859     0.999829        99483      5851.43
       2.877     0.999854        99486      6826.67
       2.903     0.999878        99489      8192.00
       2.915     0.999890        99490      9102.22
       2.939     0.999902        99491     10240.00
       2.977     0.999915        99492     11702.86
       2.983     0.999927        99493     13653.33
       2.987     0.999939        99494     16384.00
       2.991     0.999945        99495     18204.44
       2.995     0.999951        99496     20480.00
       2.995     0.999957        99496     23405.71
       3.011     0.999963        99497     27306.67
       3.011     0.999969        99497     32768.00
       3.031     0.999973        99498     36408.89
       3.031     0.999976        99498     40960.00
       3.031     0.999979        99498     46811.43
       3.053     0.999982        99499     54613.33
       3.053     0.999985        99499     65536.00
       3.053     0.999986        99499     72817.78
       3.053     0.999988        99499     81920.00
       3.053     0.999989        99499     93622.86
       3.133     0.999991        99500    109226.67
       3.133     1.000000        99500          inf
#[Mean    =        1.179, StdDeviation   =        0.506]
#[Max     =        3.132, Total count    =        99500]
#[Buckets =           27, SubBuckets     =         2048]
----------------------------------------------------------
  119802 requests in 1.00m, 146.13MB read
Requests/sec:   1996.64
Transfer/sec:      2.44MB

--- metrics ---
requests=119802
duration_s=60.001857
bytes=153226258
rps=1996.64
p50_ms=1.096
p95_ms=2.097
p99_ms=2.445
p999_ms=2.693
err_connect=0
err_read=0
err_write=0
err_status=0
err_timeout=0
--- end ---
