Running 1m test @ http://127.0.0.1:8082/file50k
  2 threads and 100 connections
  Thread calibration: mean lat.: 246.226ms, rate sampling interval: 636ms
  Thread calibration: mean lat.: 246.063ms, rate sampling interval: 637ms
  Thread Stats   Avg      Stdev     Max   +/- Stdev
    Latency   246.26ms   59.28ms 334.34ms   69.43%
    Req/Sec   149.61     11.52   157.00     78.85%
  Latency Distribution (HdrHistogram - Recorded Latency)
 50.000%  249.34ms
 75.000%  292.86ms
 90.000%  318.46ms
 99.000%  333.57ms
 99.900%  334.33ms
 99.990%  334.59ms
 99.999%  334.59ms
100.000%  334.59ms

  Detailed Percentile spectrum:
       Value   Percentile   TotalCount 1/(1-Percentile)

       1.244     0.000000            1         1.00
     181.247     0.100000         1498         1.11
     198.271     0.200000         2983         1.25
     215.167     0.300000         4479         1.43
     232.447     0.400000         5966         1.67
     249.343     0.500000         7458         2.00
     258.175     0.550000         8198         2.22
     266.751     0.600000         8946         2.50
     275.199     0.650000         9697         2.86
     283.903     0.700000        10438         3.33
     292.863     0.750000        11176         4.00
     296.703     0.775000        11569         4.44
     300.799     0.800000        11922         5.00
     305.151     0.825000        12316         5.71
     309.759     0.850000        12684         6.67
     313.343     0.875000        13046         8.00
     316.415     0.887500        13225         8.89
     318.463     0.900000        13423        10.00
     319.999     0.912500        13623        11.43
     323.071     0.925000        13796        13.33
     324.351     0.937500        13975        16.00
     325.887     0.943750        14082        17.78
     326.399     0.950000        14182        20.00
     327.167     0.956250        14275        22.86
     329.471     0.962500        14351        26.67
     330.239     0.968750        14478        32.00
     330.495     0.971875        14513        35.56
     330.751     0.975000        14553        40.00
     331.007     0.978125        14579        45.71
     332.799     0.981250        14646        53.33
     333.055     0.984375        14698        64.00
     333.055     0.985938        14698        71.11
     333.311     0.987500        14745        80.00
     333.311     0.989062        14745        91.43
     333.567     0.990625        14810       106.67
     333.567     0.992188        14810       128.00
     333.567     0.992969        14810       142.22
     333.567     0.993750        14810       160.00
     333.823     0.994531        14862       182.86
     333.823     0.995313        14862       213.33
     333.823     0.996094        14862       256.00
     333.823     0.996484        14862       284.44
     333.823     0.996875        14862       320.00
     333.823     0.997266        14862       365.71
     334.079     0.997656        14882       426.67
     334.079     0.998047        14882       512.00
     334.079     0.998242        14882       568.89
     334.079     0.998437        14882       640.00
     334.079     0.998633        14882       731.43
     334.335     0.998828        14898       853.33
     334.335     0.999023        14898      1024.00
     334.335     0.999121        14898      1137.78
     334.335     0.999219        14898      1280.00
     334.335     0.999316        14898      1462.86
     334.335     0.999414        14898      1706.67
     334.335     0.999512        14898      2048.00
     334.335     0.999561        14898      2275.56
     334.335     0.999609        14898      2560.00
     334.335     0.999658        14898      2925.71
     334.335     0.999707        14898      3413.33
     334.335     0.999756        14898      4096.00
     334.335     0.999780        14898      4551.11
     334.335     0.999805        14898      5120.00
     334.335     0.999829        14898      5851.43
     334.335     0.999854        14898      6826.67
     334.591     0.999878        14900      8192.00
     334.591     1.000000        14900          inf
#[Mean    =      246.262, StdDeviation   =       59.284]
#[Max     =      334.336, Total count    =        14900]
#[Buckets =           27, SubBuckets     =         2048]
----------------------------------------------------------
  17904 requests in 1.00m, 0.86GB read
Requests/sec:    298.38
Transfer/sec:     14.61MB

--- metrics ---
requests=17904
duration_s=60.004219
bytes=919477824
rps=298.38
p50_ms=249.343
p95_ms=326.399
p99_ms=333.567
p999_ms=334.335
err_connect=0
err_read=0
err_write=0
err_status=0
err_timeout=0
--- end ---
