Running 1m test @ http://127.0.0.1:8082/file50k
  2 threads and 100 connections
  Thread calibration: mean lat.: 246.284ms, rate sampling interval: 636ms
  Thread calibration: mean lat.: 246.225ms, rate sampling interval: 636ms
  Thread Stats   Avg      Stdev     Max   +/- Stdev
    Latency   246.35ms   59.27ms 334.85ms   69.68%
    Req/Sec   149.87     11.75   157.00     78.21%
  Latency Distribution (HdrHistogram - Recorded Latency)
 50.000%  249.34ms
 75.000%  292.86ms
 90.000%  318.46ms
 99.000%  333.05ms
 99.900%  334.33ms
 99.990%  335.10ms
 99.999%  335.10ms
100.000%  335.10ms

  Detailed Percentile spectrum:
       Value   Percentile   TotalCount 1/(1-Percentile)

       1.118     0.000000            1         1.00
     181.247     0.100000         1504         1.11
     198.143     0.200000         2994         1.25
     215.679     0.300000         4478         1.43
     232.447     0.400000         5969         1.67
     249.343     0.500000         7452         2.00
     258.303     0.550000         8202         2.22
     267.007     0.600000         8960         2.50
     275.967     0.650000         9697         2.86
     283.903     0.700000        10438         3.33
     292.863     0.750000        11191         4.00
     296.447     0.775000        11553         4.44
     301.311     0.800000        11931         5.00
     305.151     0.825000        12312         5.71
     309.503     0.850000        12670         6.67
     313.087     0.875000        13042         8.00
     316.159     0.887500        13245         8.89
     318.463     0.900000        13410        10.00
     319.999     0.912500        13629        11.43
     322.559     0.925000        13788        13.33
     324.095     0.937500        13982        16.00
     326.399     0.943750        14085        17.78
     326.911     0.950000        14189        20.00
     327.423     0.956250        14250        22.86
     329.471     0.962500        14355        26.67
     329.983     0.968750        14452        32.00
     330.239     0.971875        14499        35.56
     330.495     0.975000        14540        40.00
     331.007     0.978125        14581        45.71
     332.287     0.981250        14635        53.33
     332.799     0.984375        14701        64.00
     332.799     0.985938        14701        71.11
     333.055     0.987500        14760        80.00
     333.055     0.989062        14760        91.43
     333.311     0.990625        14802       106.67
     333.311     0.992188        14802       128.00
     333.311     0.992969        14802       142.22
     333.567     0.993750        14837       160.00
     333.567     0.994531        14837       182.86
     333.567     0.995313        14837       213.33
     333.823     0.996094        14865       256.00
     333.823     0.996484        14865       284.44
     333.823     0.996875        14865       320.00
     333.823     0.997266        14865       365.71
     334.079     0.997656        14880       426.67
     334.079     0.998047        14880       512.00
     334.079     0.998242        14880       568.89
     334.079     0.998437        14880       640.00
     334.079     0.998633        14880       731.43
     334.335     0.998828        14888       853.33
     334.335     0.999023        14888      1024.00
     334.335     0.999121        14888      1137.78
     334.591     0.999219        14894      1280.00
     334.591     0.999316        14894      1462.86
     334.591     0.999414        14894      1706.67
     334.591     0.999512        14894      2048.00
     334.591     0.999561        14894      2275.56
     334.847     0.999609        14896      2560.00
     334.847     0.999658        14896      2925.71
     334.847     0.999707        14896      3413.33
     335.103     0.999756        14900      4096.00
     335.103     1.000000        14900          inf
#[Mean    =      246.349, StdDeviation   =       59.266]
#[Max     =      334.848, Total count    =        14900]
#[Buckets =           27, SubBuckets     =         2048]
----------------------------------------------------------
  17904 requests in 1.00m, 0.86GB read
Requests/sec:    298.38
Transfer/sec:     14.61MB

--- metrics ---
requests=17904
duration_s=60.004250
bytes=919477824
rps=298.38
p50_ms=249.343
p95_ms=326.911
p99_ms=333.055
p999_ms=334.335
err_connect=0
err_read=0
err_write=0
err_status=0
err_timeout=0
--- end ---
