Running 30s test @ http://127.0.0.1:18083/json
  2 threads and 100 connections
  Thread calibration: mean lat.: 5.434ms, rate sampling interval: 18ms
  Thread calibration: mean lat.: 5.572ms, rate sampling interval: 18ms
  Thread Stats   Avg      Stdev     Max   +/- Stdev
    Latency     5.08ms    2.69ms  19.06ms   66.01%
    Req/Sec     1.03k     1.12k    2.94k    75.23%
  Latency Distribution (HdrHistogram - Recorded Latency)
 50.000%    4.75ms
 75.000%    6.84ms
 90.000%    8.69ms
 99.000%   12.43ms
 99.900%   15.91ms
 99.990%   18.53ms
 99.999%   19.07ms
100.000%   19.07ms

  Detailed Percentile spectrum:
       Value   Percentile   TotalCount 1/(1-Percentile)

       0.361     0.000000            1         1.00
       1.827     0.100000         3956         1.11
       2.573     0.200000         7907         1.25
       3.295     0.300000        11850         1.43
       4.001     0.400000        15804         1.67
       4.747     0.500000        19750         2.00
       5.135     0.550000        21725         2.22
       5.543     0.600000        23725         2.50
       5.935     0.650000        25681         2.86
       6.367     0.700000        27658         3.33
       6.835     0.750000        29629         4.00
       7.083     0.775000        30613         4.44
       7.359     0.800000        31607         5.00
       7.651     0.825000        32609         5.71
       7.955     0.850000        33576         6.67
       8.295     0.875000        34571         8.00
       8.479     0.887500        35057         8.89
       8.695     0.900000        35560        10.00
       8.935     0.912500        36048        11.43
       9.191     0.925000        36538        13.33
       9.511     0.937500        37041        16.00
       9.703     0.943750        37287        17.78
       9.919     0.950000        37526        20.00
      10.143     0.956250        37779        22.86
      10.375     0.962500        38020        26.67
      10.655     0.968750        38267        32.00
      10.847     0.971875        38391        35.56
      11.039     0.975000        38518        40.00
      11.231     0.978125        38637        45.71
      11.495     0.981250        38761        53.33
      11.791     0.984375        38886        64.00
      11.927     0.985938        38947        71.11
      12.095     0.987500        39007        80.00
      12.279     0.989062        39069        91.43
      12.535     0.990625        39132       106.67
      12.799     0.992188        39195       128.00
      12.959     0.992969        39224       142.22
      13.095     0.993750        39256       160.00
      13.271     0.994531        39284       182.86
      13.503     0.995313        39315       213.33
      13.735     0.996094        39346       256.00
      13.863     0.996484        39363       284.44
      13.991     0.996875        39377       320.00
      14.143     0.997266        39392       365.71
      14.375     0.997656        39408       426.67
      14.639     0.998047        39424       512.00
      14.791     0.998242        39431       568.89
      14.983     0.998437        39439       640.00
      15.127     0.998633        39446       731.43
      15.551     0.998828        39454       853.33
      15.927     0.999023        39463      1024.00
      16.191     0.999121        39466      1137.78
      16.575     0.999219        39470      1280.00
      16.911     0.999316        39473      1462.86
      17.087     0.999414        39477      1706.67
      17.279     0.999512        39482      2048.00
      17.295     0.999561        39483      2275.56
      17.439     0.999609        39485      2560.00
      17.583     0.999658        39487      2925.71
      17.679     0.999707        39489      3413.33
      17.839     0.999756        39491      4096.00
      18.063     0.999780        39492      4551.11
      18.255     0.999805        39493      5120.00
      18.367     0.999829        39494      5851.43
      18.511     0.999854        39495      6826.67
      18.527     0.999878        39496      8192.00
      18.527     0.999890        39496      9102.22
      18.703     0.999902        39497     10240.00
      18.703     0.999915        39497     11702.86
      18.959     0.999927        39498     13653.33
      18.959     0.999939        39498     16384.00
      18.959     0.999945        39498     18204.44
      19.071     0.999951        39500     20480.00
      19.071     1.000000        39500          inf
#[Mean    =        5.078, StdDeviation   =        2.689]
#[Max     =       19.056, Total count    =        39500]
#[Buckets =           27, SubBuckets     =         2048]
----------------------------------------------------------
  58007 requests in 30.00s, 64.06MB read
Requests/sec:   1933.37
Transfer/sec:      2.14MB

--- metrics ---
requests=58007
duration_s=30.003019
bytes=67172106
rps=1933.37
p50_ms=4.747
p95_ms=9.919
p99_ms=12.431
p999_ms=15.911
err_connect=0
err_read=0
err_write=0
err_status=0
err_timeout=0
--- end ---
