Running 1m test @ http://127.0.0.1:8081/json
  2 threads and 100 connections
  Thread calibration: mean lat.: 1.157ms, rate sampling interval: 10ms
  Thread calibration: mean lat.: 1.165ms, rate sampling interval: 10ms
  Thread Stats   Avg      Stdev     Max   +/- Stdev
    Latency     1.17ms  472.26us   3.10ms   66.00%
    Req/Sec     1.05k   151.66     1.67k    77.88%
  Latency Distribution (HdrHistogram - Recorded Latency)
 50.000%    1.11ms
 75.000%    1.49ms
 90.000%    1.82ms
 99.000%    2.37ms
 99.900%    2.57ms
 99.990%    2.70ms
 99.999%    3.07ms
100.000%    3.10ms

  Detailed Percentile spectrum:
       Value   Percentile   TotalCount 1/(1-Percentile)

       0.170     0.000000            1         1.00
       0.603     0.100000         9968         1.11
       0.732     0.200000        19945         1.25
       0.850     0.300000        29893         1.43
       0.974     0.400000        39860         1.67
       1.106     0.500000        49773         2.00
       1.176     0.550000        54758         2.22
       1.249     0.600000        59710         2.50
       1.326     0.650000        64733         2.86
       1.404     0.700000        69666         3.33
       1.489     0.750000        74667         4.00
       1.534     0.775000        77118         4.44
       1.583     0.800000        79655         5.00
       1.632     0.825000        82104         5.71
       1.686     0.850000        84609         6.67
       1.748     0.875000        87081         8.00
       1.782     0.887500        88313         8.89
       1.819     0.900000        89571        10.00
       1.864     0.912500        90797        11.43
       1.914     0.925000        92038        13.33
       1.971     0.937500        93296        16.00
       2.004     0.943750        93913        17.78
       2.040     0.950000        94531        20.00
       2.085     0.956250        95175        22.86
       2.137     0.962500        95789        26.67
       2.189     0.968750        96407        32.00
       2.215     0.971875        96703        35.56
       2.241     0.975000        97021        40.00
       2.267     0.978125        97338        45.71
       2.291     0.981250        97660        53.33
       2.315     0.984375        97963        64.00
       2.327     0.985938        98103        71.11
       2.341     0.987500        98263        80.00
       2.357     0.989062        98419        91.43
       2.373     0.990625        98571       106.67
       2.391     0.992188        98729       128.00
       2.403     0.992969        98809       142.22
       2.413     0.993750        98886       160.00
       2.425     0.994531        98957       182.86
       2.439     0.995313        99045       213.33
       2.453     0.996094        99113       256.00
       2.461     0.996484        99151       284.44
       2.473     0.996875        99198       320.00
       2.483     0.997266        99232       365.71
       2.493     0.997656        99269       426.67
       2.513     0.998047        99312       512.00
       2.519     0.998242        99326       568.89
       2.533     0.998437        99346       640.00
       2.543     0.998633        99365       731.43
       2.553     0.998828        99387       853.33
       2.565     0.999023        99403      1024.00
       2.573     0.999121        99416      1137.78
       2.583     0.999219        99425      1280.00
       2.593     0.999316        99433      1462.86
       2.609     0.999414        99443      1706.67
       2.625     0.999512        99452      2048.00
       2.639     0.999561        99458      2275.56
       2.645     0.999609        99462      2560.00
       2.649     0.999658        99466      2925.71
       2.657     0.999707        99471      3413.33
       2.673     0.999756        99476      4096.00
       2.677     0.999780        99480      4551.11
       2.679     0.999805        99482      5120.00
       2.681     0.999829        99483      5851.43
       2.689     0.999854        99486      6826.67
       2.695     0.999878        99488      8192.00
       2.705     0.999890        99490      9102.22
       2.707     0.999902        99491     10240.00
       2.711     0.999915        99492     11702.86
       2.737     0.999927        99493     13653.33
       2.747     0.999939        99494     16384.00
       2.753     0.999945        99495     18204.44
       2.859     0.999951        99496     20480.00
       2.859     0.999957        99496     23405.71
       2.947     0.999963        99497     27306.67
       2.947     0.999969        99497     32768.00
       2.979     0.999973        99498     36408.89
       2.979     0.999976        99498     40960.00
       2.979     0.999979        99498     46811.43
       3.067     0.999982        99499     54613.33
       3.067     0.999985        99499     65536.00
       3.067     0.999986        99499     72817.78
       3.067     0.999988        99499     81920.00
       3.067     0.999989        99499     93622.86
       3.103     0.999991        99500    109226.67
       3.103     1.000000        99500          inf
#[Mean    =        1.167, StdDeviation   =        0.472]
#[Max     =        3.102, Total count    =        99500]
#[Buckets =           27, SubBuckets     =         2048]
----------------------------------------------------------
  119804 requests in 1.00m, 134.02MB read
Requests/sec:   1996.66
Transfer/sec:      2.23MB

--- metrics ---
requests=119804
duration_s=60.002151
bytes=140530092
rps=1996.66
p50_ms=1.106
p95_ms=2.040
p99_ms=2.367
p999_ms=2.565
err_connect=0
err_read=0
err_write=0
err_status=0
err_timeout=0
--- end ---
