Running 1m test @ http://127.0.0.1:8084/file50k
  2 threads and 100 connections
  Thread calibration: mean lat.: 1.402ms, rate sampling interval: 10ms
  Thread calibration: mean lat.: 1.225ms, rate sampling interval: 10ms
  Thread Stats   Avg      Stdev     Max   +/- Stdev
    Latency     1.32ms  435.52us   3.54ms   65.34%
    Req/Sec   158.42     95.34   333.00     70.59%
  Latency Distribution (HdrHistogram - Recorded Latency)
 50.000%    1.31ms
 75.000%    1.62ms
 90.000%    1.89ms
 99.000%    2.36ms
 99.900%    2.61ms
 99.990%    3.38ms
 99.999%    3.54ms
100.000%    3.54ms

  Detailed Percentile spectrum:
       Value   Percentile   TotalCount 1/(1-Percentile)

       0.325     0.000000            1         1.00
       0.750     0.100000         1493         1.11
       0.907     0.200000         2983         1.25
       1.049     0.300000         4477         1.43
       1.181     0.400000         5972         1.67
       1.309     0.500000         7453         2.00
       1.367     0.550000         8205         2.22
       1.428     0.600000         8944         2.50
       1.488     0.650000         9687         2.86
       1.552     0.700000        10444         3.33
       1.618     0.750000        11176         4.00
       1.655     0.775000        11549         4.44
       1.694     0.800000        11920         5.00
       1.735     0.825000        12301         5.71
       1.783     0.850000        12674         6.67
       1.833     0.875000        13039         8.00
       1.862     0.887500        13230         8.89
       1.894     0.900000        13412        10.00
       1.927     0.912500        13600        11.43
       1.967     0.925000        13785        13.33
       2.017     0.937500        13972        16.00
       2.042     0.943750        14066        17.78
       2.067     0.950000        14157        20.00
       2.103     0.956250        14249        22.86
       2.137     0.962500        14342        26.67
       2.175     0.968750        14438        32.00
       2.199     0.971875        14483        35.56
       2.217     0.975000        14529        40.00
       2.247     0.978125        14576        45.71
       2.275     0.981250        14622        53.33
       2.303     0.984375        14669        64.00
       2.317     0.985938        14692        71.11
       2.337     0.987500        14717        80.00
       2.353     0.989062        14739        91.43
       2.373     0.990625        14763       106.67
       2.399     0.992188        14785       128.00
       2.409     0.992969        14796       142.22
       2.427     0.993750        14809       160.00
       2.437     0.994531        14819       182.86
       2.455     0.995313        14832       213.33
       2.479     0.996094        14844       256.00
       2.489     0.996484        14848       284.44
       2.503     0.996875        14854       320.00
       2.523     0.997266        14861       365.71
       2.535     0.997656        14867       426.67
       2.551     0.998047        14872       512.00
       2.557     0.998242        14875       568.89
       2.561     0.998437        14877       640.00
       2.569     0.998633        14880       731.43
       2.593     0.998828        14883       853.33
       2.611     0.999023        14886      1024.00
       2.619     0.999121        14887      1137.78
       2.639     0.999219        14889      1280.00
       2.641     0.999316        14891      1462.86
       2.643     0.999414        14892      1706.67
       2.653     0.999512        14893      2048.00
       2.683     0.999561        14894      2275.56
       2.761     0.999609        14895      2560.00
       2.761     0.999658        14895      2925.71
       2.791     0.999707        14896      3413.33
       2.909     0.999756        14897      4096.00
       2.909     0.999780        14897      4551.11
       2.971     0.999805        14898      5120.00
       2.971     0.999829        14898      5851.43
       2.971     0.999854        14898      6826.67
       3.375     0.999878        14899      8192.00
       3.375     0.999890        14899      9102.22
       3.375     0.999902        14899     10240.00
       3.375     0.999915        14899     11702.86
       3.375     0.999927        14899     13653.33
       3.537     0.999939        14900     16384.00
       3.537     1.000000        14900          inf
#[Mean    =        1.318, StdDeviation   =        0.436]
#[Max     =        3.536, Total count    =        14900]
#[Buckets =           27, SubBuckets     =         2048]
----------------------------------------------------------
  18002 requests in 1.00m, 0.86GB read
Requests/sec:    300.02
Transfer/sec:     14.69MB

--- metrics ---
requests=18002
duration_s=60.003571
bytes=924168674
rps=300.02
p50_ms=1.309
p95_ms=2.067
p99_ms=2.361
p999_ms=2.611
err_connect=0
err_read=0
err_write=0
err_status=0
err_timeout=0
--- end ---
