Running 1m test @ http://127.0.0.1:8082/file1m
  2 threads and 50 connections
  Thread calibration: mean lat.: 951.472ms, rate sampling interval: 2010ms
  Thread calibration: mean lat.: 951.961ms, rate sampling interval: 2009ms
  Thread Stats   Avg      Stdev     Max   +/- Stdev
    Latency   953.56ms  193.62ms   1.01s    96.00%
    Req/Sec    24.00      0.00    24.00    100.00%
  Latency Distribution (HdrHistogram - Recorded Latency)
 50.000%  992.77ms
 75.000%  999.42ms
 90.000%    1.00s 
 99.000%    1.01s 
 99.900%    1.01s 
 99.990%    1.01s 
 99.999%    1.01s 
100.000%    1.01s 

  Detailed Percentile spectrum:
       Value   Percentile   TotalCount 1/(1-Percentile)

       3.509     0.000000            1         1.00
     982.015     0.100000          275         1.11
     985.087     0.200000          527         1.25
     987.647     0.300000          751         1.43
     990.207     0.400000          988         1.67
     992.767     0.500000         1227         2.00
     994.303     0.550000         1376         2.22
     995.327     0.600000         1484         2.50
     996.863     0.650000         1617         2.86
     997.887     0.700000         1716         3.33
     999.423     0.750000         1862         4.00
     999.935     0.775000         1919         4.44
    1000.447     0.800000         1960         5.00
    1001.471     0.825000         2069         5.71
    1001.983     0.850000         2106         6.67
    1002.495     0.875000         2167         8.00
    1003.007     0.887500         2207         8.89
    1003.007     0.900000         2207        10.00
    1003.519     0.912500         2260        11.43
    1004.031     0.925000         2313        13.33
    1004.031     0.937500         2313        16.00
    1004.031     0.943750         2313        17.78
    1004.543     0.950000         2350        20.00
    1004.543     0.956250         2350        22.86
    1005.055     0.962500         2393        26.67
    1005.055     0.968750         2393        32.00
    1005.055     0.971875         2393        35.56
    1005.055     0.975000         2393        40.00
    1005.567     0.978125         2415        45.71
    1005.567     0.981250         2415        53.33
    1005.567     0.984375         2415        64.00
    1006.079     0.985938         2434        71.11
    1006.079     0.987500         2434        80.00
    1006.079     0.989062         2434        91.43
    1006.079     0.990625         2434       106.67
    1006.079     0.992188         2434       128.00
    1006.079     0.992969         2434       142.22
    1006.591     0.993750         2446       160.00
    1006.591     0.994531         2446       182.86
    1006.591     0.995313         2446       213.33
    1006.591     0.996094         2446       256.00
    1006.591     0.996484         2446       284.44
    1006.591     0.996875         2446       320.00
    1006.591     0.997266         2446       365.71
    1006.591     0.997656         2446       426.67
    1006.591     0.998047         2446       512.00
    1006.591     0.998242         2446       568.89
    1007.103     0.998437         2449       640.00
    1007.103     0.998633         2449       731.43
    1007.103     0.998828         2449       853.33
    1007.103     0.999023         2449      1024.00
    1007.103     0.999121         2449      1137.78
    1007.103     0.999219         2449      1280.00
    1007.103     0.999316         2449      1462.86
    1007.103     0.999414         2449      1706.67
    1007.103     0.999512         2449      2048.00
    1007.103     0.999561         2449      2275.56
    1007.615     0.999609         2450      2560.00
    1007.615     1.000000         2450          inf
#[Mean    =      953.564, StdDeviation   =      193.618]
#[Max     =     1007.104, Total count    =         2450]
#[Buckets =           27, SubBuckets     =         2048]
----------------------------------------------------------
  2954 requests in 1.00m, 2.89GB read
Requests/sec:     49.23
Transfer/sec:     49.23MB

--- metrics ---
requests=2954
duration_s=60.007914
bytes=3097960236
rps=49.23
p50_ms=992.767
p95_ms=1004.543
p99_ms=1006.079
p999_ms=1007.103
err_connect=0
err_read=0
err_write=0
err_status=0
err_timeout=0
--- end ---
