Running 1m test @ http://127.0.0.1:8083/json
  2 threads and 100 connections
  Thread calibration: mean lat.: 4.423ms, rate sampling interval: 16ms
  Thread calibration: mean lat.: 5.193ms, rate sampling interval: 17ms
  Thread Stats   Avg      Stdev     Max   +/- Stdev
    Latency     5.03ms    2.68ms  25.09ms   63.52%
    Req/Sec     1.03k     1.07k    3.33k    77.35%
  Latency Distribution (HdrHistogram - Recorded Latency)
 50.000%    4.70ms
 75.000%    6.98ms
 90.000%    8.81ms
 99.000%   11.27ms
 99.900%   15.59ms
 99.990%   22.33ms
 99.999%   24.74ms
100.000%   25.10ms

  Detailed Percentile spectrum:
       Value   Percentile   TotalCount 1/(1-Percentile)

       0.132     0.000000            1         1.00
       1.739     0.100000         9954         1.11
       2.493     0.200000        19906         1.25
       3.259     0.300000        29873         1.43
       3.967     0.400000        39806         1.67
       4.699     0.500000        49793         2.00
       5.063     0.550000        54735         2.22
       5.471     0.600000        59740         2.50
       5.947     0.650000        64707         2.86
       6.467     0.700000        69677         3.33
       6.983     0.750000        74628         4.00
       7.247     0.775000        77118         4.44
       7.535     0.800000        79632         5.00
       7.819     0.825000        82093         5.71
       8.135     0.850000        84599         6.67
       8.471     0.875000        87106         8.00
       8.647     0.887500        88355         8.89
       8.815     0.900000        89575        10.00
       8.999     0.912500        90830        11.43
       9.183     0.925000        92056        13.33
       9.391     0.937500        93292        16.00
       9.503     0.943750        93918        17.78
       9.631     0.950000        94562        20.00
       9.759     0.956250        95177        22.86
       9.903     0.962500        95776        26.67
      10.079     0.968750        96399        32.00
      10.191     0.971875        96707        35.56
      10.311     0.975000        97029        40.00
      10.439     0.978125        97328        45.71
      10.583     0.981250        97636        53.33
      10.791     0.984375        97951        64.00
      10.895     0.985938        98104        71.11
      11.023     0.987500        98263        80.00
      11.183     0.989062        98412        91.43
      11.351     0.990625        98569       106.67
      11.567     0.992188        98725       128.00
      11.711     0.992969        98804       142.22
      11.863     0.993750        98880       160.00
      12.095     0.994531        98957       182.86
      12.319     0.995313        99034       213.33
      12.639     0.996094        99114       256.00
      12.807     0.996484        99151       284.44
      12.967     0.996875        99190       320.00
      13.151     0.997266        99228       365.71
      13.415     0.997656        99267       426.67
      13.703     0.998047        99306       512.00
      13.975     0.998242        99327       568.89
      14.199     0.998437        99345       640.00
      14.599     0.998633        99365       731.43
      14.911     0.998828        99384       853.33
      15.663     0.999023        99403      1024.00
      15.935     0.999121        99413      1137.78
      16.399     0.999219        99423      1280.00
      16.911     0.999316        99433      1462.86
      17.791     0.999414        99442      1706.67
      18.399     0.999512        99452      2048.00
      18.911     0.999561        99457      2275.56
      19.535     0.999609        99462      2560.00
      20.383     0.999658        99466      2925.71
      20.783     0.999707        99471      3413.33
      21.215     0.999756        99476      4096.00
      21.311     0.999780        99479      4551.11
      21.615     0.999805        99481      5120.00
      21.791     0.999829        99483      5851.43
      21.903     0.999854        99486      6826.67
      22.095     0.999878        99488      8192.00
      22.335     0.999890        99490      9102.22
      22.351     0.999902        99491     10240.00
      22.527     0.999915        99492     11702.86
      22.735     0.999927        99493     13653.33
      23.007     0.999939        99494     16384.00
      23.343     0.999945        99495     18204.44
      23.567     0.999951        99496     20480.00
      23.567     0.999957        99496     23405.71
      23.903     0.999963        99497     27306.67
      23.903     0.999969        99497     32768.00
      24.095     0.999973        99498     36408.89
      24.095     0.999976        99498     40960.00
      24.095     0.999979        99498     46811.43
      24.735     0.999982        99499     54613.33
      24.735     0.999985        99499     65536.00
      24.735     0.999986        99499     72817.78
      24.735     0.999988        99499     81920.00
      24.735     0.999989        99499     93622.86
      25.103     0.999991        99500    109226.67
      25.103     1.000000        99500          inf
#[Mean    =        5.030, StdDeviation   =        2.677]
#[Max     =       25.088, Total count    =        99500]
#[Buckets =           27, SubBuckets     =         2048]
----------------------------------------------------------
  118002 requests in 1.00m, 143.93MB read
Requests/sec:   1966.58
Transfer/sec:      2.40MB

--- metrics ---
requests=118002
duration_s=60.003714
bytes=150924058
rps=1966.58
p50_ms=4.699
p95_ms=9.631
p99_ms=11.271
p999_ms=15.591
err_connect=0
err_read=0
err_write=0
err_status=0
err_timeout=0
--- end ---
