Running 1m test @ http://127.0.0.1:8084/file50k
  2 threads and 100 connections
  Thread calibration: mean lat.: 1.403ms, rate sampling interval: 10ms
  Thread calibration: mean lat.: 1.397ms, rate sampling interval: 10ms
  Thread Stats   Avg      Stdev     Max   +/- Stdev
    Latency     1.39ms  381.49us   2.92ms   67.10%
    Req/Sec   158.96     96.01   333.00     70.39%
  Latency Distribution (HdrHistogram - Recorded Latency)
 50.000%    1.38ms
 75.000%    1.64ms
 90.000%    1.88ms
 99.000%    2.36ms
 99.900%    2.68ms
 99.990%    2.89ms
 99.999%    2.92ms
100.000%    2.92ms

  Detailed Percentile spectrum:
       Value   Percentile   TotalCount 1/(1-Percentile)

       0.409     0.000000            1         1.00
       0.892     0.100000         1492         1.11
       1.044     0.200000         2988         1.25
       1.169     0.300000         4472         1.43
       1.274     0.400000         5960         1.67
       1.378     0.500000         7457         2.00
       1.429     0.550000         8204         2.22
       1.477     0.600000         8943         2.50
       1.530     0.650000         9688         2.86
       1.586     0.700000        10440         3.33
       1.645     0.750000        11175         4.00
       1.678     0.775000        11553         4.44
       1.708     0.800000        11925         5.00
       1.744     0.825000        12304         5.71
       1.781     0.850000        12666         6.67
       1.827     0.875000        13041         8.00
       1.852     0.887500        13227         8.89
       1.880     0.900000        13414        10.00
       1.913     0.912500        13603        11.43
       1.951     0.925000        13783        13.33
       1.992     0.937500        13970        16.00
       2.017     0.943750        14068        17.78
       2.047     0.950000        14156        20.00
       2.079     0.956250        14258        22.86
       2.109     0.962500        14343        26.67
       2.151     0.968750        14438        32.00
       2.173     0.971875        14481        35.56
       2.193     0.975000        14531        40.00
       2.225     0.978125        14576        45.71
       2.251     0.981250        14622        53.33
       2.283     0.984375        14670        64.00
       2.305     0.985938        14692        71.11
       2.325     0.987500        14715        80.00
       2.343     0.989062        14739        91.43
       2.371     0.990625        14764       106.67
       2.397     0.992188        14786       128.00
       2.413     0.992969        14796       142.22
       2.423     0.993750        14808       160.00
       2.439     0.994531        14820       182.86
       2.469     0.995313        14834       213.33
       2.481     0.996094        14843       256.00
       2.493     0.996484        14848       284.44
       2.511     0.996875        14854       320.00
       2.537     0.997266        14861       365.71
       2.559     0.997656        14866       426.67
       2.595     0.998047        14873       512.00
       2.599     0.998242        14874       568.89
       2.609     0.998437        14877       640.00
       2.629     0.998633        14880       731.43
       2.653     0.998828        14883       853.33
       2.681     0.999023        14886      1024.00
       2.693     0.999121        14887      1137.78
       2.701     0.999219        14889      1280.00
       2.703     0.999316        14890      1462.86
       2.723     0.999414        14892      1706.67
       2.757     0.999512        14893      2048.00
       2.767     0.999561        14894      2275.56
       2.771     0.999609        14895      2560.00
       2.771     0.999658        14895      2925.71
       2.793     0.999707        14896      3413.33
       2.837     0.999756        14897      4096.00
       2.837     0.999780        14897      4551.11
       2.857     0.999805        14898      5120.00
       2.857     0.999829        14898      5851.43
       2.857     0.999854        14898      6826.67
       2.895     0.999878        14899      8192.00
       2.895     0.999890        14899      9102.22
       2.895     0.999902        14899     10240.00
       2.895     0.999915        14899     11702.86
       2.895     0.999927        14899     13653.33
       2.919     0.999939        14900     16384.00
       2.919     1.000000        14900          inf
#[Mean    =        1.389, StdDeviation   =        0.381]
#[Max     =        2.918, Total count    =        14900]
#[Buckets =           27, SubBuckets     =         2048]
----------------------------------------------------------
  18002 requests in 1.00m, 0.86GB read
Requests/sec:    300.02
Transfer/sec:     14.69MB

--- metrics ---
requests=18002
duration_s=60.003624
bytes=924168674
rps=300.02
p50_ms=1.378
p95_ms=2.047
p99_ms=2.361
p999_ms=2.679
err_connect=0
err_read=0
err_write=0
err_status=0
err_timeout=0
--- end ---
