Running 1m test @ http://127.0.0.1:8081/file50k
  2 threads and 100 connections
  Thread calibration: mean lat.: 1.356ms, rate sampling interval: 10ms
  Thread calibration: mean lat.: 1.218ms, rate sampling interval: 10ms
  Thread Stats   Avg      Stdev     Max   +/- Stdev
    Latency     1.30ms  424.31us   2.81ms   65.55%
    Req/Sec   158.30     95.93   333.00     70.00%
  Latency Distribution (HdrHistogram - Recorded Latency)
 50.000%    1.29ms
 75.000%    1.60ms
 90.000%    1.87ms
 99.000%    2.33ms
 99.900%    2.57ms
 99.990%    2.77ms
 99.999%    2.81ms
100.000%    2.81ms

  Detailed Percentile spectrum:
       Value   Percentile   TotalCount 1/(1-Percentile)

       0.311     0.000000            1         1.00
       0.751     0.100000         1494         1.11
       0.906     0.200000         2990         1.25
       1.040     0.300000         4477         1.43
       1.171     0.400000         5966         1.67
       1.290     0.500000         7467         2.00
       1.348     0.550000         8203         2.22
       1.408     0.600000         8949         2.50
       1.466     0.650000         9687         2.86
       1.530     0.700000        10439         3.33
       1.598     0.750000        11183         4.00
       1.633     0.775000        11552         4.44
       1.667     0.800000        11921         5.00
       1.704     0.825000        12293         5.71
       1.750     0.850000        12669         6.67
       1.803     0.875000        13038         8.00
       1.834     0.887500        13229         8.89
       1.866     0.900000        13410        10.00
       1.900     0.912500        13600        11.43
       1.941     0.925000        13783        13.33
       1.991     0.937500        13970        16.00
       2.018     0.943750        14063        17.78
       2.043     0.950000        14157        20.00
       2.071     0.956250        14250        22.86
       2.103     0.962500        14347        26.67
       2.135     0.968750        14436        32.00
       2.157     0.971875        14481        35.56
       2.173     0.975000        14528        40.00
       2.201     0.978125        14580        45.71
       2.227     0.981250        14621        53.33
       2.255     0.984375        14668        64.00
       2.273     0.985938        14692        71.11
       2.297     0.987500        14715        80.00
       2.319     0.989062        14738        91.43
       2.337     0.990625        14762       106.67
       2.365     0.992188        14784       128.00
       2.369     0.992969        14796       142.22
       2.377     0.993750        14807       160.00
       2.399     0.994531        14819       182.86
       2.417     0.995313        14831       213.33
       2.435     0.996094        14842       256.00
       2.443     0.996484        14848       284.44
       2.461     0.996875        14854       320.00
       2.467     0.997266        14861       365.71
       2.487     0.997656        14866       426.67
       2.509     0.998047        14871       512.00
       2.513     0.998242        14875       568.89
       2.527     0.998437        14877       640.00
       2.547     0.998633        14881       731.43
       2.551     0.998828        14883       853.33
       2.571     0.999023        14886      1024.00
       2.579     0.999121        14887      1137.78
       2.601     0.999219        14889      1280.00
       2.605     0.999316        14890      1462.86
       2.633     0.999414        14893      1706.67
       2.633     0.999512        14893      2048.00
       2.635     0.999561        14894      2275.56
       2.639     0.999609        14895      2560.00
       2.639     0.999658        14895      2925.71
       2.653     0.999707        14896      3413.33
       2.679     0.999756        14897      4096.00
       2.679     0.999780        14897      4551.11
       2.703     0.999805        14898      5120.00
       2.703     0.999829        14898      5851.43
       2.703     0.999854        14898      6826.67
       2.773     0.999878        14899      8192.00
       2.773     0.999890        14899      9102.22
       2.773     0.999902        14899     10240.00
       2.773     0.999915        14899     11702.86
       2.773     0.999927        14899     13653.33
       2.809     0.999939        14900     16384.00
       2.809     1.000000        14900          inf
#[Mean    =        1.302, StdDeviation   =        0.424]
#[Max     =        2.808, Total count    =        14900]
#[Buckets =           27, SubBuckets     =         2048]
----------------------------------------------------------
  18002 requests in 1.00m, 0.86GB read
Requests/sec:    300.02
Transfer/sec:     14.69MB

--- metrics ---
requests=18002
duration_s=60.002841
bytes=924528714
rps=300.02
p50_ms=1.290
p95_ms=2.043
p99_ms=2.331
p999_ms=2.569
err_connect=0
err_read=0
err_write=0
err_status=0
err_timeout=0
--- end ---
