Running 1m test @ http://127.0.0.1:8083/file1m
  2 threads and 50 connections
  Thread calibration: mean lat.: 3.026ms, rate sampling interval: 10ms
  Thread calibration: mean lat.: 17.791ms, rate sampling interval: 57ms
  Thread Stats   Avg      Stdev     Max   +/- Stdev
    Latency     9.17ms    7.58ms  28.54ms   78.53%
    Req/Sec    25.57     78.95   666.00     89.92%
  Latency Distribution (HdrHistogram - Recorded Latency)
 50.000%    5.80ms
 75.000%   15.31ms
 90.000%   21.45ms
 99.000%   26.16ms
 99.900%   27.82ms
 99.990%   28.56ms
 99.999%   28.56ms
100.000%   28.56ms

  Detailed Percentile spectrum:
       Value   Percentile   TotalCount 1/(1-Percentile)

       1.494     0.000000            1         1.00
       2.201     0.100000          248         1.11
       2.489     0.200000          491         1.25
       2.789     0.300000          737         1.43
       3.211     0.400000          980         1.67
       5.795     0.500000         1225         2.00
       7.951     0.550000         1348         2.22
       9.391     0.600000         1470         2.50
      11.431     0.650000         1593         2.86
      13.167     0.700000         1715         3.33
      15.311     0.750000         1838         4.00
      16.335     0.775000         1900         4.44
      17.391     0.800000         1960         5.00
      18.383     0.825000         2022         5.71
      19.407     0.850000         2083         6.67
      20.431     0.875000         2144         8.00
      20.879     0.887500         2175         8.89
      21.455     0.900000         2205        10.00
      21.983     0.912500         2236        11.43
      22.431     0.925000         2268        13.33
      22.991     0.937500         2297        16.00
      23.247     0.943750         2313        17.78
      23.535     0.950000         2328        20.00
      23.855     0.956250         2343        22.86
      24.143     0.962500         2359        26.67
      24.527     0.968750         2374        32.00
      24.703     0.971875         2382        35.56
      24.863     0.975000         2389        40.00
      25.071     0.978125         2397        45.71
      25.311     0.981250         2405        53.33
      25.567     0.984375         2412        64.00
      25.711     0.985938         2416        71.11
      25.791     0.987500         2420        80.00
      25.903     0.989062         2424        91.43
      26.207     0.990625         2428       106.67
      26.287     0.992188         2432       128.00
      26.303     0.992969         2433       142.22
      26.367     0.993750         2435       160.00
      26.479     0.994531         2437       182.86
      26.751     0.995313         2439       213.33
      26.959     0.996094         2441       256.00
      27.039     0.996484         2442       284.44
      27.167     0.996875         2443       320.00
      27.615     0.997266         2444       365.71
      27.679     0.997656         2445       426.67
      27.743     0.998047         2446       512.00
      27.743     0.998242         2446       568.89
      27.791     0.998437         2447       640.00
      27.791     0.998633         2447       731.43
      27.823     0.998828         2448       853.33
      27.823     0.999023         2448      1024.00
      27.823     0.999121         2448      1137.78
      28.383     0.999219         2449      1280.00
      28.383     0.999316         2449      1462.86
      28.383     0.999414         2449      1706.67
      28.383     0.999512         2449      2048.00
      28.383     0.999561         2449      2275.56
      28.559     0.999609         2450      2560.00
      28.559     1.000000         2450          inf
#[Mean    =        9.166, StdDeviation   =        7.581]
#[Max     =       28.544, Total count    =         2450]
#[Buckets =           27, SubBuckets     =         2048]
----------------------------------------------------------
  2977 requests in 1.00m, 2.91GB read
Requests/sec:     49.61
Transfer/sec:     49.63MB

--- metrics ---
requests=2977
duration_s=60.003654
bytes=3122411565
rps=49.61
p50_ms=5.795
p95_ms=23.535
p99_ms=26.159
p999_ms=27.823
err_connect=0
err_read=0
err_write=0
err_status=0
err_timeout=0
--- end ---
