Running 1m test @ http://127.0.0.1:8080/file50k
  2 threads and 100 connections
  Thread calibration: mean lat.: 1.517ms, rate sampling interval: 10ms
  Thread calibration: mean lat.: 1.507ms, rate sampling interval: 10ms
  Thread Stats   Avg      Stdev     Max   +/- Stdev
    Latency     1.53ms  390.23us   4.20ms   67.08%
    Req/Sec   157.88     94.52   333.00     71.42%
  Latency Distribution (HdrHistogram - Recorded Latency)
 50.000%    1.52ms
 75.000%    1.78ms
 90.000%    2.03ms
 99.000%    2.50ms
 99.900%    2.93ms
 99.990%    3.51ms
 99.999%    4.21ms
100.000%    4.21ms

  Detailed Percentile spectrum:
       Value   Percentile   TotalCount 1/(1-Percentile)

       0.338     0.000000            1         1.00
       1.020     0.100000         1492         1.11
       1.175     0.200000         2983         1.25
       1.302     0.300000         4473         1.43
       1.414     0.400000         5963         1.67
       1.519     0.500000         7463         2.00
       1.567     0.550000         8197         2.22
       1.618     0.600000         8948         2.50
       1.668     0.650000         9695         2.86
       1.723     0.700000        10437         3.33
       1.783     0.750000        11184         4.00
       1.814     0.775000        11552         4.44
       1.847     0.800000        11921         5.00
       1.888     0.825000        12299         5.71
       1.929     0.850000        12677         6.67
       1.973     0.875000        13042         8.00
       2.003     0.887500        13226         8.89
       2.034     0.900000        13415        10.00
       2.069     0.912500        13602        11.43
       2.103     0.925000        13786        13.33
       2.151     0.937500        13969        16.00
       2.179     0.943750        14067        17.78
       2.207     0.950000        14164        20.00
       2.235     0.956250        14250        22.86
       2.269     0.962500        14344        26.67
       2.311     0.968750        14438        32.00
       2.329     0.971875        14483        35.56
       2.347     0.975000        14529        40.00
       2.373     0.978125        14579        45.71
       2.393     0.981250        14621        53.33
       2.421     0.984375        14669        64.00
       2.441     0.985938        14691        71.11
       2.463     0.987500        14715        80.00
       2.485     0.989062        14738        91.43
       2.507     0.990625        14762       106.67
       2.543     0.992188        14785       128.00
       2.567     0.992969        14798       142.22
       2.595     0.993750        14808       160.00
       2.621     0.994531        14819       182.86
       2.641     0.995313        14833       213.33
       2.653     0.996094        14843       256.00
       2.677     0.996484        14849       284.44
       2.695     0.996875        14854       320.00
       2.717     0.997266        14860       365.71
       2.749     0.997656        14866       426.67
       2.787     0.998047        14871       512.00
       2.809     0.998242        14874       568.89
       2.831     0.998437        14877       640.00
       2.837     0.998633        14881       731.43
       2.867     0.998828        14883       853.33
       2.931     0.999023        14886      1024.00
       2.951     0.999121        14887      1137.78
       2.963     0.999219        14889      1280.00
       2.999     0.999316        14890      1462.86
       3.063     0.999414        14892      1706.67
       3.095     0.999512        14893      2048.00
       3.111     0.999561        14894      2275.56
       3.119     0.999609        14895      2560.00
       3.119     0.999658        14895      2925.71
       3.345     0.999707        14896      3413.33
       3.375     0.999756        14897      4096.00
       3.375     0.999780        14897      4551.11
       3.411     0.999805        14898      5120.00
       3.411     0.999829        14898      5851.43
       3.411     0.999854        14898      6826.67
       3.507     0.999878        14899      8192.00
       3.507     0.999890        14899      9102.22
       3.507     0.999902        14899     10240.00
       3.507     0.999915        14899     11702.86
       3.507     0.999927        14899     13653.33
       4.207     0.999939        14900     16384.00
       4.207     1.000000        14900          inf
#[Mean    =        1.528, StdDeviation   =        0.390]
#[Max     =        4.204, Total count    =        14900]
#[Buckets =           27, SubBuckets     =         2048]
----------------------------------------------------------
  18002 requests in 1.00m, 0.86GB read
Requests/sec:    300.02
Transfer/sec:     14.69MB

--- metrics ---
requests=18002
duration_s=60.002719
bytes=924276686
rps=300.02
p50_ms=1.519
p95_ms=2.207
p99_ms=2.499
p999_ms=2.931
err_connect=0
err_read=0
err_write=0
err_status=0
err_timeout=0
--- end ---
