Running 1m test @ http://127.0.0.1:18081/json
  2 threads and 100 connections
  Thread calibration: mean lat.: 1.399ms, rate sampling interval: 10ms
  Thread calibration: mean lat.: 1.518ms, rate sampling interval: 10ms
  Thread Stats   Avg      Stdev     Max   +/- Stdev
    Latency     1.48ms  567.98us   6.36ms   70.33%
    Req/Sec     1.05k     1.29k    5.55k    89.04%
  Latency Distribution (HdrHistogram - Recorded Latency)
 50.000%    1.40ms
 75.000%    1.79ms
 90.000%    2.24ms
 99.000%    3.18ms
 99.900%    4.14ms
 99.990%    5.15ms
 99.999%    6.14ms
100.000%    6.37ms

  Detailed Percentile spectrum:
       Value   Percentile   TotalCount 1/(1-Percentile)

       0.259     0.000000            1         1.00
       0.821     0.100000         9954         1.11
       0.987     0.200000        19908         1.25
       1.133     0.300000        29907         1.43
       1.262     0.400000        39808         1.67
       1.396     0.500000        49812         2.00
       1.466     0.550000        54808         2.22
       1.538     0.600000        59728         2.50
       1.619     0.650000        64699         2.86
       1.704     0.700000        69677         3.33
       1.794     0.750000        74635         4.00
       1.845     0.775000        77113         4.44
       1.901     0.800000        79631         5.00
       1.966     0.825000        82119         5.71
       2.038     0.850000        84580         6.67
       2.129     0.875000        87097         8.00
       2.183     0.887500        88337         8.89
       2.243     0.900000        89566        10.00
       2.307     0.912500        90822        11.43
       2.377     0.925000        92064        13.33
       2.449     0.937500        93321        16.00
       2.483     0.943750        93909        17.78
       2.519     0.950000        94537        20.00
       2.557     0.956250        95162        22.86
       2.599     0.962500        95782        26.67
       2.655     0.968750        96399        32.00
       2.691     0.971875        96708        35.56
       2.737     0.975000        97026        40.00
       2.791     0.978125        97332        45.71
       2.863     0.981250        97635        53.33
       2.957     0.984375        97952        64.00
       3.009     0.985938        98104        71.11
       3.065     0.987500        98257        80.00
       3.137     0.989062        98413        91.43
       3.217     0.990625        98573       106.67
       3.313     0.992188        98727       128.00
       3.355     0.992969        98802       142.22
       3.403     0.993750        98882       160.00
       3.463     0.994531        98956       182.86
       3.525     0.995313        99034       213.33
       3.595     0.996094        99114       256.00
       3.623     0.996484        99152       284.44
       3.665     0.996875        99191       320.00
       3.727     0.997266        99229       365.71
       3.783     0.997656        99267       426.67
       3.855     0.998047        99307       512.00
       3.899     0.998242        99327       568.89
       3.925     0.998437        99345       640.00
       3.999     0.998633        99364       731.43
       4.073     0.998828        99384       853.33
       4.151     0.999023        99403      1024.00
       4.183     0.999121        99413      1137.78
       4.259     0.999219        99423      1280.00
       4.307     0.999316        99432      1462.86
       4.391     0.999414        99442      1706.67
       4.463     0.999512        99452      2048.00
       4.503     0.999561        99457      2275.56
       4.539     0.999609        99462      2560.00
       4.635     0.999658        99466      2925.71
       4.671     0.999707        99471      3413.33
       4.727     0.999756        99476      4096.00
       4.811     0.999780        99479      4551.11
       4.875     0.999805        99481      5120.00
       4.915     0.999829        99483      5851.43
       4.991     0.999854        99486      6826.67
       5.059     0.999878        99488      8192.00
       5.147     0.999890        99490      9102.22
       5.155     0.999902        99491     10240.00
       5.171     0.999915        99492     11702.86
       5.291     0.999927        99493     13653.33
       5.307     0.999939        99494     16384.00
       5.443     0.999945        99495     18204.44
       5.511     0.999951        99496     20480.00
       5.511     0.999957        99496     23405.71
       5.659     0.999963        99497     27306.67
       5.659     0.999969        99497     32768.00
       6.131     0.999973        99498     36408.89
       6.131     0.999976        99498     40960.00
       6.131     0.999979        99498     46811.43
       6.143     0.999982        99499     54613.33
       6.143     0.999985        99499     65536.00
       6.143     0.999986        99499     72817.78
       6.143     0.999988        99499     81920.00
       6.143     0.999989        99499     93622.86
       6.367     0.999991        99500    109226.67
       6.367     1.000000        99500          inf
#[Mean    =        1.475, StdDeviation   =        0.568]
#[Max     =        6.364, Total count    =        99500]
#[Buckets =           27, SubBuckets     =         2048]
----------------------------------------------------------
  118908 requests in 1.00m, 131.32MB read
Requests/sec:   1981.70
Transfer/sec:      2.19MB

--- metrics ---
requests=118908
duration_s=60.003140
bytes=137695464
rps=1981.70
p50_ms=1.396
p95_ms=2.519
p99_ms=3.185
p999_ms=4.135
err_connect=0
err_read=0
err_write=0
err_status=0
err_timeout=0
--- end ---
