Running 1m test @ http://127.0.0.1:8081/file50k
  2 threads and 100 connections
  Thread calibration: mean lat.: 1.450ms, rate sampling interval: 10ms
  Thread calibration: mean lat.: 1.319ms, rate sampling interval: 10ms
  Thread Stats   Avg      Stdev     Max   +/- Stdev
    Latency     1.39ms  815.32us  32.77ms   95.29%
    Req/Sec   158.86     96.22   777.00     70.36%
  Latency Distribution (HdrHistogram - Recorded Latency)
 50.000%    1.35ms
 75.000%    1.67ms
 90.000%    1.94ms
 99.000%    2.42ms
 99.900%   12.01ms
 99.990%   31.97ms
 99.999%   32.80ms
100.000%   32.80ms

  Detailed Percentile spectrum:
       Value   Percentile   TotalCount 1/(1-Percentile)

       0.275     0.000000            1         1.00
       0.809     0.100000         1492         1.11
       0.964     0.200000         2988         1.25
       1.102     0.300000         4470         1.43
       1.230     0.400000         5963         1.67
       1.354     0.500000         7456         2.00
       1.417     0.550000         8204         2.22
       1.477     0.600000         8946         2.50
       1.539     0.650000         9701         2.86
       1.598     0.700000        10430         3.33
       1.668     0.750000        11177         4.00
       1.701     0.775000        11557         4.44
       1.739     0.800000        11924         5.00
       1.782     0.825000        12299         5.71
       1.825     0.850000        12672         6.67
       1.872     0.875000        13043         8.00
       1.901     0.887500        13231         8.89
       1.936     0.900000        13411        10.00
       1.969     0.912500        13599        11.43
       2.009     0.925000        13784        13.33
       2.053     0.937500        13974        16.00
       2.081     0.943750        14062        17.78
       2.109     0.950000        14159        20.00
       2.139     0.956250        14255        22.86
       2.173     0.962500        14342        26.67
       2.209     0.968750        14439        32.00
       2.227     0.971875        14482        35.56
       2.255     0.975000        14533        40.00
       2.273     0.978125        14576        45.71
       2.301     0.981250        14624        53.33
       2.333     0.984375        14668        64.00
       2.349     0.985938        14692        71.11
       2.377     0.987500        14714        80.00
       2.405     0.989062        14738        91.43
       2.431     0.990625        14762       106.67
       2.469     0.992188        14784       128.00
       2.491     0.992969        14797       142.22
       2.503     0.993750        14807       160.00
       2.523     0.994531        14819       182.86
       2.565     0.995313        14831       213.33
       2.599     0.996094        14842       256.00
       2.625     0.996484        14848       284.44
       2.669     0.996875        14855       320.00
       2.741     0.997266        14860       365.71
       2.801     0.997656        14866       426.67
       3.521     0.998047        14871       512.00
       5.239     0.998242        14874       568.89
       6.791     0.998437        14877       640.00
       9.615     0.998633        14880       731.43
      10.631     0.998828        14883       853.33
      12.071     0.999023        14886      1024.00
      14.735     0.999121        14887      1137.78
      16.895     0.999219        14889      1280.00
      17.135     0.999316        14890      1462.86
      18.895     0.999414        14892      1706.67
      20.639     0.999512        14893      2048.00
      20.991     0.999561        14894      2275.56
      22.191     0.999609        14895      2560.00
      22.191     0.999658        14895      2925.71
      23.999     0.999707        14896      3413.33
      25.935     0.999756        14897      4096.00
      25.935     0.999780        14897      4551.11
      27.135     0.999805        14898      5120.00
      27.135     0.999829        14898      5851.43
      27.135     0.999854        14898      6826.67
      31.967     0.999878        14899      8192.00
      31.967     0.999890        14899      9102.22
      31.967     0.999902        14899     10240.00
      31.967     0.999915        14899     11702.86
      31.967     0.999927        14899     13653.33
      32.799     0.999939        14900     16384.00
      32.799     1.000000        14900          inf
#[Mean    =        1.391, StdDeviation   =        0.815]
#[Max     =       32.768, Total count    =        14900]
#[Buckets =           27, SubBuckets     =         2048]
----------------------------------------------------------
  18002 requests in 1.00m, 0.86GB read
Requests/sec:    299.60
Transfer/sec:     14.67MB

--- metrics ---
requests=18002
duration_s=60.087442
bytes=924528714
rps=299.60
p50_ms=1.354
p95_ms=2.109
p99_ms=2.421
p999_ms=12.007
err_connect=0
err_read=0
err_write=0
err_status=0
err_timeout=0
--- end ---
