Running 30s test @ http://127.0.0.1:8080/file1m
  2 threads and 50 connections
  Thread calibration: mean lat.: 9.061ms, rate sampling interval: 87ms
  Thread calibration: mean lat.: 9.089ms, rate sampling interval: 87ms
  Thread Stats   Avg      Stdev     Max   +/- Stdev
    Latency    10.05ms   14.70ms  51.97ms   84.91%
    Req/Sec    24.05     54.49   209.00     85.96%
  Latency Distribution (HdrHistogram - Recorded Latency)
 50.000%    3.86ms
 75.000%    5.32ms
 90.000%   44.06ms
 99.000%   46.59ms
 99.900%   51.01ms
 99.990%   52.00ms
 99.999%   52.00ms
100.000%   52.00ms

  Detailed Percentile spectrum:
       Value   Percentile   TotalCount 1/(1-Percentile)

       1.613     0.000000            1         1.00
       2.539     0.100000           96         1.11
       2.897     0.200000          191         1.25
       3.213     0.300000          287         1.43
       3.523     0.400000          382         1.67
       3.861     0.500000          477         2.00
       4.083     0.550000          525         2.22
       4.251     0.600000          573         2.50
       4.527     0.650000          623         2.86
       4.871     0.700000          668         3.33
       5.319     0.750000          716         4.00
       5.771     0.775000          740         4.44
       6.235     0.800000          764         5.00
       7.511     0.825000          788         5.71
      42.399     0.850000          811         6.67
      43.423     0.875000          835         8.00
      43.775     0.887500          848         8.89
      44.063     0.900000          861        10.00
      44.351     0.912500          873        11.43
      44.511     0.925000          883        13.33
      44.799     0.937500          895        16.00
      44.959     0.943750          902        17.78
      45.183     0.950000          909        20.00
      45.279     0.956250          913        22.86
      45.535     0.962500          919        26.67
      45.759     0.968750          925        32.00
      45.887     0.971875          928        35.56
      45.983     0.975000          931        40.00
      46.079     0.978125          934        45.71
      46.175     0.981250          937        53.33
      46.367     0.984375          940        64.00
      46.399     0.985938          941        71.11
      46.591     0.987500          944        80.00
      46.591     0.989062          944        91.43
      47.103     0.990625          946       106.67
      47.199     0.992188          947       128.00
      47.359     0.992969          948       142.22
      47.583     0.993750          949       160.00
      47.583     0.994531          949       182.86
      47.775     0.995313          950       213.33
      48.863     0.996094          951       256.00
      48.863     0.996484          951       284.44
      49.439     0.996875          952       320.00
      49.439     0.997266          952       365.71
      49.439     0.997656          952       426.67
      51.007     0.998047          953       512.00
      51.007     0.998242          953       568.89
      51.007     0.998437          953       640.00
      51.007     0.998633          953       731.43
      51.007     0.998828          953       853.33
      51.999     0.999023          954      1024.00
      51.999     1.000000          954          inf
#[Mean    =       10.048, StdDeviation   =       14.705]
#[Max     =       51.968, Total count    =          954]
#[Buckets =           27, SubBuckets     =         2048]
----------------------------------------------------------
  1502 requests in 30.01s, 1.47GB read
Requests/sec:     50.06
Transfer/sec:     50.06MB

--- metrics ---
requests=1502
duration_s=30.005208
bytes=1575178942
rps=50.06
p50_ms=3.861
p95_ms=45.119
p99_ms=46.591
p999_ms=51.007
err_connect=0
err_read=0
err_write=0
err_status=0
err_timeout=0
--- end ---
