Running 1m test @ http://127.0.0.1:8082/json
  2 threads and 100 connections
  Thread calibration: mean lat.: 1346.480ms, rate sampling interval: 4878ms
  Thread calibration: mean lat.: 1347.020ms, rate sampling interval: 4874ms
  Thread Stats   Avg      Stdev     Max   +/- Stdev
    Latency     9.62s     4.28s   17.65s    58.19%
    Req/Sec   700.40     33.63   740.00     60.00%
  Latency Distribution (HdrHistogram - Recorded Latency)
 50.000%    9.31s 
 75.000%   13.33s 
 90.000%   15.93s 
 99.000%   17.47s 
 99.900%   17.65s 
 99.990%   17.66s 
 99.999%   17.66s 
100.000%   17.66s 

  Detailed Percentile spectrum:
       Value   Percentile   TotalCount 1/(1-Percentile)

    2662.399     0.000000            1         1.00
    3962.879     0.100000         6971         1.11
    5234.687     0.200000        13929         1.25
    6643.711     0.300000        20887         1.43
    8065.023     0.400000        27850         1.67
    9306.111     0.500000        34847         2.00
    9895.935     0.550000        38309         2.22
   10518.527     0.600000        41790         2.50
   11378.687     0.650000        45277         2.86
   12312.575     0.700000        48763         3.33
   13328.383     0.750000        52274         4.00
   13647.871     0.775000        53987         4.44
   14032.895     0.800000        55708         5.00
   14508.031     0.825000        57469         5.71
   14991.359     0.850000        59187         6.67
   15450.111     0.875000        60931         8.00
   15630.335     0.887500        61841         8.89
   15925.247     0.900000        62674        10.00
   16187.391     0.912500        63577        11.43
   16359.423     0.925000        64410        13.33
   16547.839     0.937500        65290        16.00
   16629.759     0.943750        65759        17.78
   16728.063     0.950000        66176        20.00
   16842.751     0.956250        66603        22.86
   16973.823     0.962500        67081        26.67
   17072.127     0.968750        67486        32.00
   17104.895     0.971875        67692        35.56
   17137.663     0.975000        67883        40.00
   17186.815     0.978125        68105        45.71
   17285.119     0.981250        68356        53.33
   17367.039     0.984375        68587        64.00
   17383.423     0.985938        68654        71.11
   17416.191     0.987500        68778        80.00
   17448.959     0.989062        68886        91.43
   17481.727     0.990625        68977       106.67
   17530.879     0.992188        69116       128.00
   17547.263     0.992969        69178       142.22
   17563.647     0.993750        69211       160.00
   17580.031     0.994531        69290       182.86
   17596.415     0.995313        69372       213.33
   17596.415     0.996094        69372       256.00
   17612.799     0.996484        69445       284.44
   17612.799     0.996875        69445       320.00
   17612.799     0.997266        69445       365.71
   17629.183     0.997656        69532       426.67
   17629.183     0.998047        69532       512.00
   17629.183     0.998242        69532       568.89
   17629.183     0.998437        69532       640.00
   17629.183     0.998633        69532       731.43
   17645.567     0.998828        69609       853.33
   17645.567     0.999023        69609      1024.00
   17645.567     0.999121        69609      1137.78
   17645.567     0.999219        69609      1280.00
   17645.567     0.999316        69609      1462.86
   17645.567     0.999414        69609      1706.67
   17645.567     0.999512        69609      2048.00
   17645.567     0.999561        69609      2275.56
   17645.567     0.999609        69609      2560.00
   17645.567     0.999658        69609      2925.71
   17645.567     0.999707        69609      3413.33
   17645.567     0.999756        69609      4096.00
   17645.567     0.999780        69609      4551.11
   17645.567     0.999805        69609      5120.00
   17661.951     0.999829        69622      5851.43
   17661.951     1.000000        69622          inf
#[Mean    =     9621.130, StdDeviation   =     4276.005]
#[Max     =    17645.568, Total count    =        69622]
#[Buckets =           27, SubBuckets     =         2048]
----------------------------------------------------------
  84516 requests in 1.00m, 94.38MB read
Requests/sec:   1408.58
Transfer/sec:      1.57MB

--- metrics ---
requests=84516
duration_s=60.000732
bytes=98968236
rps=1408.58
p50_ms=9306.111
p95_ms=16728.063
p99_ms=17465.343
p999_ms=17645.567
err_connect=0
err_read=0
err_write=0
err_status=0
err_timeout=0
--- end ---
