Running 1m test @ http://127.0.0.1:8080/json
  2 threads and 100 connections
  Thread calibration: mean lat.: 1.390ms, rate sampling interval: 10ms
  Thread calibration: mean lat.: 1.739ms, rate sampling interval: 10ms
  Thread Stats   Avg      Stdev     Max   +/- Stdev
    Latency     1.57ms  718.98us   7.64ms   73.94%
    Req/Sec     1.05k     1.30k    5.55k    89.30%
  Latency Distribution (HdrHistogram - Recorded Latency)
 50.000%    1.44ms
 75.000%    1.91ms
 90.000%    2.48ms
 99.000%    3.98ms
 99.900%    5.38ms
 99.990%    6.24ms
 99.999%    7.48ms
100.000%    7.64ms

  Detailed Percentile spectrum:
       Value   Percentile   TotalCount 1/(1-Percentile)

       0.181     0.000000            1         1.00
       0.804     0.100000         9957         1.11
       0.979     0.200000        19922         1.25
       1.135     0.300000        29886         1.43
       1.292     0.400000        39839         1.67
       1.444     0.500000        49825         2.00
       1.522     0.550000        54739         2.22
       1.607     0.600000        59732         2.50
       1.698     0.650000        64684         2.86
       1.798     0.700000        69684         3.33
       1.913     0.750000        74665         4.00
       1.974     0.775000        77121         4.44
       2.045     0.800000        79620         5.00
       2.129     0.825000        82103         5.71
       2.233     0.850000        84594         6.67
       2.349     0.875000        87065         8.00
       2.415     0.887500        88312         8.89
       2.485     0.900000        89575        10.00
       2.561     0.912500        90825        11.43
       2.649     0.925000        92039        13.33
       2.767     0.937500        93284        16.00
       2.839     0.943750        93919        17.78
       2.923     0.950000        94531        20.00
       3.021     0.956250        95149        22.86
       3.135     0.962500        95772        26.67
       3.253     0.968750        96394        32.00
       3.327     0.971875        96705        35.56
       3.397     0.975000        97021        40.00
       3.475     0.978125        97327        45.71
       3.565     0.981250        97638        53.33
       3.669     0.984375        97946        64.00
       3.733     0.985938        98105        71.11
       3.817     0.987500        98260        80.00
       3.919     0.989062        98413        91.43
       4.021     0.990625        98569       106.67
       4.155     0.992188        98724       128.00
       4.223     0.992969        98801       142.22
       4.331     0.993750        98882       160.00
       4.419     0.994531        98958       182.86
       4.503     0.995313        99036       213.33
       4.623     0.996094        99112       256.00
       4.683     0.996484        99152       284.44
       4.747     0.996875        99192       320.00
       4.843     0.997266        99229       365.71
       4.923     0.997656        99267       426.67
       5.011     0.998047        99307       512.00
       5.075     0.998242        99326       568.89
       5.147     0.998437        99345       640.00
       5.219     0.998633        99365       731.43
       5.275     0.998828        99385       853.33
       5.383     0.999023        99404      1024.00
       5.447     0.999121        99414      1137.78
       5.475     0.999219        99423      1280.00
       5.523     0.999316        99433      1462.86
       5.607     0.999414        99442      1706.67
       5.719     0.999512        99452      2048.00
       5.751     0.999561        99457      2275.56
       5.795     0.999609        99462      2560.00
       5.819     0.999658        99466      2925.71
       5.891     0.999707        99471      3413.33
       5.975     0.999756        99476      4096.00
       6.003     0.999780        99479      4551.11
       6.015     0.999805        99481      5120.00
       6.051     0.999829        99483      5851.43
       6.127     0.999854        99486      6826.67
       6.143     0.999878        99488      8192.00
       6.235     0.999890        99490      9102.22
       6.363     0.999902        99491     10240.00
       6.427     0.999915        99492     11702.86
       6.463     0.999927        99493     13653.33
       6.671     0.999939        99494     16384.00
       6.791     0.999945        99495     18204.44
       7.143     0.999951        99496     20480.00
       7.143     0.999957        99496     23405.71
       7.387     0.999963        99497     27306.67
       7.387     0.999969        99497     32768.00
       7.395     0.999973        99498     36408.89
       7.395     0.999976        99498     40960.00
       7.395     0.999979        99498     46811.43
       7.479     0.999982        99499     54613.33
       7.479     0.999985        99499     65536.00
       7.479     0.999986        99499     72817.78
       7.479     0.999988        99499     81920.00
       7.479     0.999989        99499     93622.86
       7.639     0.999991        99500    109226.67
       7.639     1.000000        99500          inf
#[Mean    =        1.570, StdDeviation   =        0.719]
#[Max     =        7.636, Total count    =        99500]
#[Buckets =           27, SubBuckets     =         2048]
----------------------------------------------------------
  118903 requests in 1.00m, 131.31MB read
Requests/sec:   1981.64
Transfer/sec:      2.19MB

--- metrics ---
requests=118903
duration_s=60.002257
bytes=137689674
rps=1981.64
p50_ms=1.444
p95_ms=2.923
p99_ms=3.977
p999_ms=5.375
err_connect=0
err_read=0
err_write=0
err_status=0
err_timeout=0
--- end ---
