Running 1m test @ http://127.0.0.1:8082/json
  2 threads and 100 connections
  Thread calibration: mean lat.: 366.011ms, rate sampling interval: 1227ms
  Thread calibration: mean lat.: 333.641ms, rate sampling interval: 1188ms
  Thread Stats   Avg      Stdev     Max   +/- Stdev
    Latency     1.98s   745.20ms   3.20s    56.17%
    Req/Sec     0.95k    20.70     1.00k    71.60%
  Latency Distribution (HdrHistogram - Recorded Latency)
 50.000%    1.99s 
 75.000%    2.67s 
 90.000%    2.99s 
 99.000%    3.17s 
 99.900%    3.19s 
 99.990%    3.20s 
 99.999%    3.20s 
100.000%    3.20s 

  Detailed Percentile spectrum:
       Value   Percentile   TotalCount 1/(1-Percentile)

     645.119     0.000000            1         1.00
     945.151     0.100000         9467         1.11
    1204.223     0.200000        18936         1.25
    1437.695     0.300000        28408         1.43
    1703.935     0.400000        37818         1.67
    1988.607     0.500000        47262         2.00
    2125.823     0.550000        52023         2.22
    2265.087     0.600000        56770         2.50
    2402.303     0.650000        61431         2.86
    2529.279     0.700000        66192         3.33
    2672.639     0.750000        71023         4.00
    2734.079     0.775000        73244         4.44
    2789.375     0.800000        75621         5.00
    2838.527     0.825000        78085         5.71
    2869.247     0.850000        80412         6.67
    2914.303     0.875000        82768         8.00
    2940.927     0.887500        83901         8.89
    2992.127     0.900000        85090        10.00
    3022.847     0.912500        86274        11.43
    3047.423     0.925000        87481        13.33
    3061.759     0.937500        88792        16.00
    3065.855     0.943750        89201        17.78
    3074.047     0.950000        89792        20.00
    3090.431     0.956250        90380        22.86
    3106.815     0.962500        91011        26.67
    3117.055     0.968750        91555        32.00
    3123.199     0.971875        91935        35.56
    3127.295     0.975000        92147        40.00
    3137.535     0.978125        92458        45.71
    3149.823     0.981250        92784        53.33
    3158.015     0.984375        93055        64.00
    3162.111     0.985938        93194        71.11
    3166.207     0.987500        93357        80.00
    3170.303     0.989062        93540        91.43
    3172.351     0.990625        93628       106.67
    3176.447     0.992188        93796       128.00
    3178.495     0.992969        93888       142.22
    3180.543     0.993750        93988       160.00
    3182.591     0.994531        94083       182.86
    3182.591     0.995313        94083       213.33
    3184.639     0.996094        94178       256.00
    3184.639     0.996484        94178       284.44
    3186.687     0.996875        94243       320.00
    3188.735     0.997266        94301       365.71
    3188.735     0.997656        94301       426.67
    3190.783     0.998047        94360       512.00
    3190.783     0.998242        94360       568.89
    3192.831     0.998437        94421       640.00
    3192.831     0.998633        94421       731.43
    3192.831     0.998828        94421       853.33
    3192.831     0.999023        94421      1024.00
    3194.879     0.999121        94475      1137.78
    3194.879     0.999219        94475      1280.00
    3194.879     0.999316        94475      1462.86
    3194.879     0.999414        94475      1706.67
    3194.879     0.999512        94475      2048.00
    3194.879     0.999561        94475      2275.56
    3194.879     0.999609        94475      2560.00
    3196.927     0.999658        94501      2925.71
    3196.927     0.999707        94501      3413.33
    3196.927     0.999756        94501      4096.00
    3196.927     0.999780        94501      4551.11
    3196.927     0.999805        94501      5120.00
    3196.927     0.999829        94501      5851.43
    3196.927     0.999854        94501      6826.67
    3196.927     0.999878        94501      8192.00
    3196.927     0.999890        94501      9102.22
    3196.927     0.999902        94501     10240.00
    3196.927     0.999915        94501     11702.86
    3198.975     0.999927        94508     13653.33
    3198.975     1.000000        94508          inf
#[Mean    =     1978.759, StdDeviation   =      745.198]
#[Max     =     3196.928, Total count    =        94508]
#[Buckets =           27, SubBuckets     =         2048]
----------------------------------------------------------
  112557 requests in 1.00m, 125.70MB read
Requests/sec:   1875.94
Transfer/sec:      2.09MB

--- metrics ---
requests=112557
duration_s=60.000352
bytes=131804247
rps=1875.94
p50_ms=1988.607
p95_ms=3074.047
p99_ms=3172.351
p999_ms=3192.831
err_connect=0
err_read=0
err_write=0
err_status=0
err_timeout=0
--- end ---
