Running 1m test @ http://127.0.0.1:8080/file50k
  2 threads and 100 connections
  Thread calibration: mean lat.: 1.577ms, rate sampling interval: 10ms
  Thread calibration: mean lat.: 3.203ms, rate sampling interval: 10ms
  Thread Stats   Avg      Stdev     Max   +/- Stdev
    Latency     2.36ms    1.24ms   8.09ms   72.12%
    Req/Sec   157.34    559.17     5.55k    97.78%
  Latency Distribution (HdrHistogram - Recorded Latency)
 50.000%    1.93ms
 75.000%    3.13ms
 90.000%    4.24ms
 99.000%    5.97ms
 99.900%    7.05ms
 99.990%    7.89ms
 99.999%    8.10ms
100.000%    8.10ms

  Detailed Percentile spectrum:
       Value   Percentile   TotalCount 1/(1-Percentile)

       0.412     0.000000            1         1.00
       1.114     0.100000         1490         1.11
       1.347     0.200000         2989         1.25
       1.550     0.300000         4473         1.43
       1.731     0.400000         5963         1.67
       1.929     0.500000         7453         2.00
       2.067     0.550000         8201         2.22
       2.243     0.600000         8945         2.50
       2.483     0.650000         9687         2.86
       2.803     0.700000        10431         3.33
       3.127     0.750000        11176         4.00
       3.277     0.775000        11549         4.44
       3.443     0.800000        11921         5.00
       3.607     0.825000        12295         5.71
       3.817     0.850000        12666         6.67
       4.013     0.875000        13038         8.00
       4.123     0.887500        13232         8.89
       4.239     0.900000        13413        10.00
       4.359     0.912500        13598        11.43
       4.503     0.925000        13783        13.33
       4.655     0.937500        13973        16.00
       4.739     0.943750        14066        17.78
       4.823     0.950000        14156        20.00
       4.919     0.956250        14250        22.86
       5.055     0.962500        14346        26.67
       5.211     0.968750        14436        32.00
       5.279     0.971875        14482        35.56
       5.367     0.975000        14528        40.00
       5.471     0.978125        14576        45.71
       5.587     0.981250        14621        53.33
       5.691     0.984375        14668        64.00
       5.763     0.985938        14693        71.11
       5.819     0.987500        14715        80.00
       5.915     0.989062        14738        91.43
       6.019     0.990625        14761       106.67
       6.159     0.992188        14784       128.00
       6.203     0.992969        14796       142.22
       6.263     0.993750        14807       160.00
       6.331     0.994531        14819       182.86
       6.415     0.995313        14831       213.33
       6.519     0.996094        14842       256.00
       6.539     0.996484        14849       284.44
       6.579     0.996875        14855       320.00
       6.623     0.997266        14860       365.71
       6.767     0.997656        14866       426.67
       6.855     0.998047        14871       512.00
       6.951     0.998242        14874       568.89
       7.007     0.998437        14877       640.00
       7.027     0.998633        14881       731.43
       7.043     0.998828        14883       853.33
       7.087     0.999023        14886      1024.00
       7.095     0.999121        14887      1137.78
       7.135     0.999219        14889      1280.00
       7.195     0.999316        14890      1462.86
       7.207     0.999414        14892      1706.67
       7.263     0.999512        14893      2048.00
       7.315     0.999561        14894      2275.56
       7.343     0.999609        14895      2560.00
       7.343     0.999658        14895      2925.71
       7.371     0.999707        14896      3413.33
       7.395     0.999756        14897      4096.00
       7.395     0.999780        14897      4551.11
       7.615     0.999805        14898      5120.00
       7.615     0.999829        14898      5851.43
       7.615     0.999854        14898      6826.67
       7.895     0.999878        14899      8192.00
       7.895     0.999890        14899      9102.22
       7.895     0.999902        14899     10240.00
       7.895     0.999915        14899     11702.86
       7.895     0.999927        14899     13653.33
       8.095     0.999939        14900     16384.00
       8.095     1.000000        14900          inf
#[Mean    =        2.363, StdDeviation   =        1.238]
#[Max     =        8.092, Total count    =        14900]
#[Buckets =           27, SubBuckets     =         2048]
----------------------------------------------------------
  17853 requests in 1.00m, 0.85GB read
Requests/sec:    297.53
Transfer/sec:     14.57MB

--- metrics ---
requests=17853
duration_s=60.003657
bytes=916626579
rps=297.53
p50_ms=1.929
p95_ms=4.823
p99_ms=5.971
p999_ms=7.055
err_connect=0
err_read=0
err_write=0
err_status=0
err_timeout=0
--- end ---
