Running 1m test @ http://127.0.0.1:8081/json
  2 threads and 100 connections
  Thread calibration: mean lat.: 1.355ms, rate sampling interval: 10ms
  Thread calibration: mean lat.: 1.348ms, rate sampling interval: 10ms
  Thread Stats   Avg      Stdev     Max   +/- Stdev
    Latency     1.32ms  482.41us   5.18ms   64.78%
    Req/Sec     1.05k   156.12     1.67k    80.99%
  Latency Distribution (HdrHistogram - Recorded Latency)
 50.000%    1.29ms
 75.000%    1.66ms
 90.000%    1.98ms
 99.000%    2.44ms
 99.900%    2.89ms
 99.990%    4.01ms
 99.999%    4.82ms
100.000%    5.18ms

  Detailed Percentile spectrum:
       Value   Percentile   TotalCount 1/(1-Percentile)

       0.151     0.000000            1         1.00
       0.703     0.100000        10008         1.11
       0.873     0.200000        19941         1.25
       1.017     0.300000        29903         1.43
       1.157     0.400000        39859         1.67
       1.295     0.500000        49817         2.00
       1.364     0.550000        54763         2.22
       1.435     0.600000        59706         2.50
       1.508     0.650000        64720         2.86
       1.584     0.700000        69710         3.33
       1.665     0.750000        74640         4.00
       1.708     0.775000        77161         4.44
       1.753     0.800000        79602         5.00
       1.801     0.825000        82097         5.71
       1.855     0.850000        84593         6.67
       1.916     0.875000        87082         8.00
       1.947     0.887500        88331         8.89
       1.980     0.900000        89573        10.00
       2.015     0.912500        90810        11.43
       2.055     0.925000        92056        13.33
       2.103     0.937500        93333        16.00
       2.129     0.943750        93951        17.78
       2.157     0.950000        94554        20.00
       2.187     0.956250        95185        22.86
       2.221     0.962500        95776        26.67
       2.265     0.968750        96399        32.00
       2.283     0.971875        96723        35.56
       2.303     0.975000        97021        40.00
       2.327     0.978125        97345        45.71
       2.353     0.981250        97653        53.33
       2.379     0.984375        97951        64.00
       2.393     0.985938        98116        71.11
       2.409     0.987500        98266        80.00
       2.429     0.989062        98425        91.43
       2.449     0.990625        98575       106.67
       2.477     0.992188        98730       128.00
       2.495     0.992969        98801       142.22
       2.517     0.993750        98884       160.00
       2.539     0.994531        98956       182.86
       2.567     0.995313        99036       213.33
       2.603     0.996094        99116       256.00
       2.617     0.996484        99152       284.44
       2.643     0.996875        99193       320.00
       2.665     0.997266        99231       365.71
       2.695     0.997656        99268       426.67
       2.729     0.998047        99306       512.00
       2.747     0.998242        99326       568.89
       2.767     0.998437        99345       640.00
       2.811     0.998633        99364       731.43
       2.853     0.998828        99384       853.33
       2.891     0.999023        99403      1024.00
       2.915     0.999121        99414      1137.78
       2.935     0.999219        99423      1280.00
       2.971     0.999316        99433      1462.86
       3.009     0.999414        99443      1706.67
       3.071     0.999512        99452      2048.00
       3.103     0.999561        99457      2275.56
       3.171     0.999609        99462      2560.00
       3.205     0.999658        99466      2925.71
       3.271     0.999707        99471      3413.33
       3.381     0.999756        99476      4096.00
       3.465     0.999780        99480      4551.11
       3.487     0.999805        99481      5120.00
       3.595     0.999829        99483      5851.43
       3.823     0.999854        99486      6826.67
       3.953     0.999878        99488      8192.00
       4.013     0.999890        99490      9102.22
       4.071     0.999902        99491     10240.00
       4.079     0.999915        99492     11702.86
       4.131     0.999927        99493     13653.33
       4.139     0.999939        99494     16384.00
       4.283     0.999945        99495     18204.44
       4.555     0.999951        99496     20480.00
       4.555     0.999957        99496     23405.71
       4.563     0.999963        99497     27306.67
       4.563     0.999969        99497     32768.00
       4.595     0.999973        99498     36408.89
       4.595     0.999976        99498     40960.00
       4.595     0.999979        99498     46811.43
       4.823     0.999982        99499     54613.33
       4.823     0.999985        99499     65536.00
       4.823     0.999986        99499     72817.78
       4.823     0.999988        99499     81920.00
       4.823     0.999989        99499     93622.86
       5.183     0.999991        99500    109226.67
       5.183     1.000000        99500          inf
#[Mean    =        1.323, StdDeviation   =        0.482]
#[Max     =        5.180, Total count    =        99500]
#[Buckets =           27, SubBuckets     =         2048]
----------------------------------------------------------
  119805 requests in 1.00m, 134.02MB read
Requests/sec:   1996.67
Transfer/sec:      2.23MB

--- metrics ---
requests=119805
duration_s=60.002313
bytes=140531265
rps=1996.67
p50_ms=1.295
p95_ms=2.157
p99_ms=2.439
p999_ms=2.889
err_connect=0
err_read=0
err_write=0
err_status=0
err_timeout=0
--- end ---
